   Γöé                 localStorage.getItem('symfony/profiler/theme') || (matchMedia('(prefers-color-scheme: dark)').matches ? 'theme-dark' : 'theme-light')\n
   Γöé <li><code><span style="color: var(--highlight-comment)">&nbsp;&nbsp;&nbsp;&nbsp;</span><span style="color: var(--highlight-keyword)">protected&nbsp;function&nbsp;</span><span style="color: var(--highlight-default)">isCsrfTokenValid</span><span style="color: var(--highlight-keyword)">(</span><span style="color: var(--highlight-default)">string&nbsp;$id</span><span style="color: var(--highlight-keyword)">,&nbsp;#[</span><span style="color: var(--highlight-default)">\SensitiveParameter</span><span style="color: var(--highlight-keyword)">]&nbsp;?</span><span style="color: var(--highlight-default)">string&nbsp;$token</span><span style="color: var(--highlight-keyword)">):&nbsp;</span><span style="color: var(--highlight-default)">bool</span></code></li>\n
   Γöé         var toggleClass = function(el, cssClass) { hasClass(el, cssClass) ? removeClass(el, cssClass) : addClass(el, cssClass); };\n
   Γöé                 toggle.innerHTML = currentContent !== altContent ? altContent : originalContent;\n
   Γöé                     label = i in labels ? labels[i] : value,\n
   Γöé                 option.setAttribute('title', 1 === (matches = filters.querySelectorAll('[data-filter-'+name+'="'+value+'"]').length) ? 'Matches 1 row' : 'Matches '+matches+' rows');\n
   Γöé                 localStorage.getItem('symfony/profiler/theme') || (matchMedia('(prefers-color-scheme: dark)').matches ? 'theme-dark' : 'theme-light')
   Γöé                         <script> Sfdump = window.Sfdump || (function (doc) { doc.documentElement.classList.add('sf-js-enabled'); var rxEsc = /([.*+?^${}()|\[\]\/\\])/g, idRx = /\bsf-dump-\d+-ref[012]\w+\b/, keyHint = 0 <= navigator.platform.toUpperCase().indexOf('MAC') ? 'Cmd' : 'Ctrl', addEventListener = function (e, n, cb) { e.addEventListener(n, cb, false); }; if (!doc.addEventListener) { addEventListener = function (element, eventName, callback) { element.attachEvent('on' + eventName, function (e) { e.preventDefault = function () {e.returnValue = false;}; e.target = e.srcElement; callback(e); }); }; } function toggle(a, recursive) { var s = a.nextSibling || {}, oldClass = s.className, arrow, newClass; if (/\bsf-dump-compact\b/.test(oldClass)) { arrow = '&#9660;'; newClass = 'sf-dump-expanded'; } else if (/\bsf-dump-expanded\b/.test(oldClass)) { arrow = '&#9654;'; newClass = 'sf-dump-compact'; } else { return false; } if (doc.createEvent && s.dispatchEvent) { var event = doc.createEvent('Event'); event.initEvent('sf-dump-expanded' === newClass ? 'sfbeforedumpexpand' : 'sfbeforedumpcollapse', true, false); s.dispatchEvent(event); } a.lastChild.innerHTML = arrow; s.className = s.className.replace(/\bsf-dump-(compact|expanded)\b/, newClass); if (recursive) { try { a = s.querySelectorAll('.'+oldClass); for (s = 0; s < a.length; ++s) { if (-1 == a[s].className.indexOf(newClass)) { a[s].className = newClass; a[s].previousSibling.lastChild.innerHTML = arrow; } } } catch (e) { } } return true; }; function collapse(a, recursive) { var s = a.nextSibling || {}, oldClass = s.className; if (/\bsf-dump-expanded\b/.test(oldClass)) { toggle(a, recursive); return true; } return false; }; function expand(a, recursive) { var s = a.nextSibling || {}, oldClass = s.className; if (/\bsf-dump-compact\b/.test(oldClass)) { toggle(a, recursive); return true; } return false; }; function collapseAll(root) { var a = root.querySelector('a.sf-dump-toggle'); if (a) { collapse(a, true); expand(a); return true; } return false; } function reveal(node) { var previous, parents = []; while ((node = node.parentNode || {}) && (previous = node.previousSibling) && 'A' === previous.tagName) { parents.push(previous); } if (0 !== parents.length) { parents.forEach(function (parent) { expand(parent); }); return true; } return false; } function highlight(root, activeNode, nodes) { resetHighlightedNodes(root); Array.from(nodes||[]).forEach(function (node) { if (!/\bsf-dump-highlight\b/.test(node.className)) { node.className = node.className + ' sf-dump-highlight'; } }); if (!/\bsf-dump-highlight-active\b/.test(activeNode.className)) { activeNode.className = activeNode.className + ' sf-dump-highlight-active'; } } function resetHighlightedNodes(root) { Array.from(root.querySelectorAll('.sf-dump-str, .sf-dump-key, .sf-dump-public, .sf-dump-protected, .sf-dump-private')).forEach(function (strNode) { strNode.className = strNode.className.replace(/\bsf-dump-highlight\b/, ''); strNode.className = strNode.className.replace(/\bsf-dump-highlight-active\b/, ''); }); } return function (root, x) { root = doc.getElementById(root); var indentRx = new RegExp('^('+(root.getAttribute('data-indent-pad') || ' ').replace(rxEsc, '\\$1')+')+', 'm'), options = {"maxDepth":1,"maxStringLength":160,"fileLinkFormat":false}, elt = root.getElementsByTagName('A'), len = elt.length, i = 0, s, h, t = []; while (i < len) t.push(elt[i++]); for (i in x) { options[i] = x[i]; } function a(e, f) { addEventListener(root, e, function (e, n) { if ('A' == e.target.tagName) { f(e.target, e); } else if ('A' == e.target.parentNode.tagName) { f(e.target.parentNode, e); } else { n = /\bsf-dump-ellipsis\b/.test(e.target.className) ? e.target.parentNode : e.target; if ((n = n.nextElementSibling) && 'A' == n.tagName) { if (!/\bsf-dump-toggle\b/.test(n.className)) { n = n.nextElementSibling || n; } f(n, e, true); } } }); }; function isCtrlKey(e) { return e.ctrlKey || e.metaKey; } function xpathString(str) { var parts = str.match(/[^'"]+|['"]/g).map(function (part) { if ("'" == part) { return '"\'"'; } if ('"' == part) { return "'\"'"; } return "'" + part + "'"; }); return "concat(" + parts.join(",") + ", '')"; } function xpathHasClass(className) { return "contains(concat(' ', normalize-space(@class), ' '), ' " + className +" ')"; } a('mouseover', function (a, e, c) { if (c) { e.target.style.cursor = "pointer"; } }); a('click', function (a, e, c) { if (/\bsf-dump-toggle\b/.test(a.className)) { e.preventDefault(); if (!toggle(a, isCtrlKey(e))) { var r = doc.getElementById(a.getAttribute('href').slice(1)), s = r.previousSibling, f = r.parentNode, t = a.parentNode; t.replaceChild(r, a); f.replaceChild(a, s); t.insertBefore(s, r); f = f.firstChild.nodeValue.match(indentRx); t = t.firstChild.nodeValue.match(indentRx); if (f && t && f[0] !== t[0]) { r.innerHTML = r.innerHTML.replace(new RegExp('^'+f[0].replace(rxEsc, '\\$1'), 'mg'), t[0]); } if (/\bsf-dump-compact\b/.test(r.className)) { toggle(s, isCtrlKey(e)); } } if (c) { } else if (doc.getSelection) { try { doc.getSelection().removeAllRanges(); } catch (e) { doc.getSelection().empty(); } } else { doc.selection.empty(); } } else if (/\bsf-dump-str-toggle\b/.test(a.className)) { e.preventDefault(); e = a.parentNode.parentNode; e.className = e.className.replace(/\bsf-dump-str-(expand|collapse)\b/, a.parentNode.className); } }); elt = root.getElementsByTagName('SAMP'); len = elt.length; i = 0; while (i < len) t.push(elt[i++]); len = t.length; for (i = 0; i < len; ++i) { elt = t[i]; if ('SAMP' == elt.tagName) { a = elt.previousSibling || {}; if ('A' != a.tagName) { a = doc.createElement('A'); a.className = 'sf-dump-ref'; elt.parentNode.insertBefore(a, elt); } else { a.innerHTML += ' '; } a.title = (a.title ? a.title+'\n[' : '[')+keyHint+'+click] Expand all children'; a.innerHTML += elt.className == 'sf-dump-compact' ? '<span>&#9654;</span>' : '<span>&#9660;</span>'; a.className += ' sf-dump-toggle'; x = 1; if ('sf-dump' != elt.parentNode.className) { x += elt.parentNode.getAttribute('data-depth')/1; } } else if (/\bsf-dump-ref\b/.test(elt.className) && (a = elt.getAttribute('href'))) { a = a.slice(1); elt.className += ' sf-dump-hover'; elt.className += ' '+a; if (/[\[{]$/.test(elt.previousSibling.nodeValue)) { a = a != elt.nextSibling.id && doc.getElementById(a); try { s = a.nextSibling; elt.appendChild(a); s.parentNode.insertBefore(a, s); if (/^[@#]/.test(elt.innerHTML)) { elt.innerHTML += ' <span>&#9654;</span>'; } else { elt.innerHTML = '<span>&#9654;</span>'; elt.className = 'sf-dump-ref'; } elt.className += ' sf-dump-toggle'; } catch (e) { if ('&' == elt.innerHTML.charAt(0)) { elt.innerHTML = '&#8230;'; elt.className = 'sf-dump-ref'; } } } } } if (doc.evaluate && Array.from && root.children.length > 1) { root.setAttribute('tabindex', 0); SearchState = function () { this.nodes = []; this.idx = 0; }; SearchState.prototype = { next: function () { if (this.isEmpty()) { return this.current(); } this.idx = this.idx < (this.nodes.length - 1) ? this.idx + 1 : 0; return this.current(); }, previous: function () { if (this.isEmpty()) { return this.current(); } this.idx = this.idx > 0 ? this.idx - 1 : (this.nodes.length - 1); return this.current(); }, isEmpty: function () { return 0 === this.count(); }, current: function () { if (this.isEmpty()) { return null; } return this.nodes[this.idx]; }, reset: function () { this.nodes = []; this.idx = 0; }, count: function () { return this.nodes.length; }, }; function showCurrent(state) { var currentNode = state.current(), currentRect, searchRect; if (currentNode) { reveal(currentNode); highlight(root, currentNode, state.nodes); if ('scrollIntoView' in currentNode) { currentNode.scrollIntoView(true); currentRect = currentNode.getBoundingClientRect(); searchRect = search.getBoundingClientRect(); if (currentRect.top < (searchRect.top + searchRect.height)) { window.scrollBy(0, -(searchRect.top + searchRect.height + 5)); } } } counter.textContent = (state.isEmpty() ? 0 : state.idx + 1) + ' of ' + state.count(); } var search = doc.createElement('div'); search.className = 'sf-dump-search-wrapper sf-dump-search-hidden'; search.innerHTML = ' <input type="text" class="sf-dump-search-input"> <span class="sf-dump-search-count">0 of 0<\/span> <button type="button" class="sf-dump-search-input-previous" tabindex="-1"> <svg viewBox="0 0 1792 1792" xmlns="http://www.w3.org/2000/svg"><path d="M1683 1331l-166 165q-19 19-45 19t-45-19L896 965l-531 531q-19 19-45 19t-45-19l-166-165q-19-19-19-45.5t19-45.5l742-741q19-19 45-19t45 19l742 741q19 19 19 45.5t-19 45.5z"\/><\/svg> <\/button> <button type="button" class="sf-dump-search-input-next" tabindex="-1"> <svg viewBox="0 0 1792 1792" xmlns="http://www.w3.org/2000/svg"><path d="M1683 808l-742 741q-19 19-45 19t-45-19L109 808q-19-19-19-45.5t19-45.5l166-165q19-19 45-19t45 19l531 531 531-531q19-19 45-19t45 19l166 165q19 19 19 45.5t-19 45.5z"\/><\/svg> <\/button> '; root.insertBefore(search, root.firstChild); var state = new SearchState(); var searchInput = search.querySelector('.sf-dump-search-input'); var counter = search.querySelector('.sf-dump-search-count'); var searchInputTimer = 0; var previousSearchQuery = ''; addEventListener(searchInput, 'keyup', function (e) { var searchQuery = e.target.value; /* Don't perform anything if the pressed key didn't change the query */ if (searchQuery === previousSearchQuery) { return; } previousSearchQuery = searchQuery; clearTimeout(searchInputTimer); searchInputTimer = setTimeout(function () { state.reset(); collapseAll(root); resetHighlightedNodes(root); if ('' === searchQuery) { counter.textContent = '0 of 0'; return; } var classMatches = [ "sf-dump-str", "sf-dump-key", "sf-dump-public", "sf-dump-protected", "sf-dump-private", ].map(xpathHasClass).join(' or '); var xpathResult = doc.evaluate('.//span[' + classMatches + '][contains(translate(child::text(), ' + xpathString(searchQuery.toUpperCase()) + ', ' + xpathString(searchQuery.toLowerCase()) + '), ' + xpathString(searchQuery.toLowerCase()) + ')]', root, null, XPathResult.ORDERED_NODE_ITERATOR_TYPE, null); while (node = xpathResult.iterateNext()) state.nodes.push(node); showCurrent(state); }, 400); }); Array.from(search.querySelectorAll('.sf-dump-search-input-next, .sf-dump-search-input-previous')).forEach(function (btn) { addEventListener(btn, 'click', function (e) { e.preventDefault(); -1 !== e.target.className.indexOf('next') ? state.next() : state.previous(); searchInput.focus(); collapseAll(root); showCurrent(state); }) }); addEventListener(root, 'keydown', function (e) { var isSearchActive = !/\bsf-dump-search-hidden\b/.test(search.className); if ((114 === e.keyCode && !isSearchActive) || (isCtrlKey(e) && 70 === e.keyCode)) { /* F3 or CMD/CTRL + F */ if (70 === e.keyCode && document.activeElement === searchInput) { /* * If CMD/CTRL + F is hit while having focus on search input, * the user probably meant to trigger browser search instead. * Let the browser execute its behavior: */ return; } e.preventDefault(); search.className = search.className.replace(/\bsf-dump-search-hidden\b/, ''); searchInput.focus(); } else if (isSearchActive) { if (27 === e.keyCode) { /* ESC key */ search.className += ' sf-dump-search-hidden'; e.preventDefault(); resetHighlightedNodes(root); searchInput.value = ''; } else if ( (isCtrlKey(e) && 71 === e.keyCode) /* CMD/CTRL + G */ || 13 === e.keyCode /* Enter */ || 114 === e.keyCode /* F3 */ ) { e.preventDefault(); e.shiftKey ? state.previous() : state.next(); collapseAll(root); showCurrent(state); } } }); } if (0 >= options.maxStringLength) { return; } try { elt = root.querySelectorAll('.sf-dump-str'); len = elt.length; i = 0; t = []; while (i < len) t.push(elt[i++]); len = t.length; for (i = 0; i < len; ++i) { elt = t[i]; s = elt.innerText || elt.textContent; x = s.length - options.maxStringLength; if (0 < x) { h = elt.innerHTML; elt[elt.innerText ? 'innerText' : 'textContent'] = s.substring(0, options.maxStringLength); elt.className += ' sf-dump-str-collapse'; elt.innerHTML = '<span class=sf-dump-str-collapse>'+h+'<a class="sf-dump-ref sf-dump-str-toggle" title="Collapse"> &#9664;</a></span>'+ '<span class=sf-dump-str-expand>'+elt.innerHTML+'<a class="sf-dump-ref sf-dump-str-toggle" title="'+x+' remaining characters"> &#9654;</a></span>'; } } } catch (e) { } }; })(document); </script><style> .sf-js-enabled pre.sf-dump .sf-dump-compact, .sf-js-enabled .sf-dump-str-collapse .sf-dump-str-collapse, .sf-js-enabled .sf-dump-str-expand .sf-dump-str-expand { display: none; } .sf-dump-hover:hover { background-color: #B729D9; color: #FFF !important; border-radius: 2px; } pre.sf-dump { display: block; white-space: pre; padding: 5px; overflow: initial !important; } pre.sf-dump:after { content: ""; visibility: hidden; display: block; height: 0; clear: both; } pre.sf-dump .sf-dump-ellipsization { display: inline-flex; } pre.sf-dump a { text-decoration: none; cursor: pointer; border: 0; outline: none; color: inherit; } pre.sf-dump img { max-width: 50em; max-height: 50em; margin: .5em 0 0 0; padding: 0; background: url(data:image/png;base64,iVBORw0KGgoAAAANSUhEUgAAABAAAAAQCAAAAAA6mKC9AAAAHUlEQVQY02O8zAABilCaiQEN0EeA8QuUcX9g3QEAAjcC5piyhyEAAAAASUVORK5CYII=) #D3D3D3; } pre.sf-dump .sf-dump-ellipsis { text-overflow: ellipsis; white-space: nowrap; overflow: hidden; } pre.sf-dump .sf-dump-ellipsis-tail { flex-shrink: 0; } pre.sf-dump code { display:inline; padding:0; background:none; } .sf-dump-public.sf-dump-highlight, .sf-dump-protected.sf-dump-highlight, .sf-dump-private.sf-dump-highlight, .sf-dump-str.sf-dump-highlight, .sf-dump-key.sf-dump-highlight { background: rgba(111, 172, 204, 0.3); border: 1px solid #7DA0B1; border-radius: 3px; } .sf-dump-public.sf-dump-highlight-active, .sf-dump-protected.sf-dump-highlight-active, .sf-dump-private.sf-dump-highlight-active, .sf-dump-str.sf-dump-highlight-active, .sf-dump-key.sf-dump-highlight-active { background: rgba(253, 175, 0, 0.4); border: 1px solid #ffa500; border-radius: 3px; } pre.sf-dump .sf-dump-search-hidden { display: none !important; } pre.sf-dump .sf-dump-search-wrapper { font-size: 0; white-space: nowrap; margin-bottom: 5px; display: flex; position: -webkit-sticky; position: sticky; top: 5px; } pre.sf-dump .sf-dump-search-wrapper > * { vertical-align: top; box-sizing: border-box; height: 21px; font-weight: normal; border-radius: 0; background: #FFF; color: #757575; border: 1px solid #BBB; } pre.sf-dump .sf-dump-search-wrapper > input.sf-dump-search-input { padding: 3px; height: 21px; font-size: 12px; border-right: none; border-top-left-radius: 3px; border-bottom-left-radius: 3px; color: #000; min-width: 15px; width: 100%; } pre.sf-dump .sf-dump-search-wrapper > .sf-dump-search-input-next, pre.sf-dump .sf-dump-search-wrapper > .sf-dump-search-input-previous { background: #F2F2F2; outline: none; border-left: none; font-size: 0; line-height: 0; } pre.sf-dump .sf-dump-search-wrapper > .sf-dump-search-input-next { border-top-right-radius: 3px; border-bottom-right-radius: 3px; } pre.sf-dump .sf-dump-search-wrapper > .sf-dump-search-input-next > svg, pre.sf-dump .sf-dump-search-wrapper > .sf-dump-search-input-previous > svg { pointer-events: none; width: 12px; height: 12px; } pre.sf-dump .sf-dump-search-wrapper > .sf-dump-search-count { display: inline-block; padding: 0 5px; margin: 0; border-left: none; line-height: 21px; font-size: 12px; }pre.sf-dump, pre.sf-dump .sf-dump-default{background:none; color:#CC7832; line-height:1.2em; font:12px Menlo, Monaco, Consolas, monospace; word-wrap: break-word; white-space: pre-wrap; position:relative; z-index:99999; word-break: break-all}pre.sf-dump .sf-dump-num{font-weight:bold; color:#1299DA}pre.sf-dump .sf-dump-const{font-weight:bold}pre.sf-dump .sf-dump-str{font-weight:bold; color:#629755;}pre.sf-dump .sf-dump-note{color:#6897BB}pre.sf-dump .sf-dump-ref{color:#6E6E6E}pre.sf-dump .sf-dump-public{color:#262626}pre.sf-dump .sf-dump-protected{color:#262626}pre.sf-dump .sf-dump-private{color:#262626}pre.sf-dump .sf-dump-meta{color:#B729D9}pre.sf-dump .sf-dump-key{color:#789339}pre.sf-dump .sf-dump-index{color:#1299DA}pre.sf-dump .sf-dump-ellipsis{color:#CC7832}pre.sf-dump .sf-dump-ns{user-select:none;}pre.sf-dump .sf-dump-ellipsis-note{color:#6897BB}</style><pre class=sf-dump id=sf-dump-1616002298 data-indent-pad="  "><span class=sf-dump-note>Twig\Error\RuntimeError</span> {<a class=sf-dump-ref>#13990</a><samp data-depth=1 class=sf-dump-expanded>
   Γöé       <span class=sf-dump-str title="16855 characters">                &lt;i class=&quot;fa-solid {{ animal_edit ? &#039;fa-pen-to-square&#039; : &#039;fa-plus-circle&#039; }}&quot; style=&quot;color: #2d7a36;&quot;&gt;&lt;/i&gt;<span class="sf-dump-default sf-dump-ns">\r\n</span></span>
   Γöé       <span class=sf-dump-str title="16855 characters">                {{ animal_edit ? &#039;Modifier l\&#039;animal&#039; : &#039;Nouvelle Fiche&#039; }}<span class="sf-dump-default sf-dump-ns">\r\n</span></span>
   Γöé       <span class=sf-dump-str title="16855 characters">            {% set action_url = animal_edit ? path(&#039;app_animal_update&#039;, {&#039;id_animal&#039;: animal_edit.idAnimal}) : path(&#039;app_animal_new&#039;) %}<span class="sf-dump-default sf-dump-ns">\r\n</span></span>
   Γöé       <span class=sf-dump-str title="16855 characters">                    &lt;input type=&quot;text&quot; name=&quot;espece&quot; value=&quot;{{ animal_edit ? animal_edit.espece : &#039;&#039; }}&quot; placeholder=&quot;Ex: Bovin&quot; style=&quot;width: 100%; padding: 12px; border: 1px solid {{ errors.espece is defined ? &#039;#dc2626&#039; : &#039;#e2e8f0&#039; }}; border-radius: 10px; outline-color: #2d7a36;&quot;&gt;<span class="sf-dump-default sf-dump-ns">\r\n</span></span>
   Γöé       <span class=sf-dump-str title="16855 characters">                    &lt;input type=&quot;text&quot; name=&quot;etat_sante&quot; value=&quot;{{ animal_edit ? animal_edit.etatSante : &#039;&#039; }}&quot; placeholder=&quot;Ex: Excellente&quot; style=&quot;width: 100%; padding: 12px; border: 1px solid {{ errors.etat_sante is defined ? &#039;#dc2626&#039; : &#039;#e2e8f0&#039; }}; border-radius: 10px; outline-color: #2d7a36;&quot;&gt;<span class="sf-dump-default sf-dump-ns">\r\n</span></span>
   Γöé       <span class=sf-dump-str title="16855 characters">                    &lt;input type=&quot;date&quot; name=&quot;date_naissance&quot; value=&quot;{{ animal_edit and animal_edit.dateNaissance ? animal_edit.dateNaissance|date(&#039;Y-m-d&#039;) : &#039;&#039; }}&quot; style=&quot;width: 100%; padding: 12px; border: 1px solid {{ errors.date_naissance is defined ? &#039;#dc2626&#039; : &#039;#e2e8f0&#039; }}; border-radius: 10px; outline-color: #2d7a36;&quot;&gt;<span class="sf-dump-default sf-dump-ns">\r\n</span></span>
   Γöé       <span class=sf-dump-str title="16855 characters">                    &lt;select name=&quot;id_ferme&quot; style=&quot;width: 100%; padding: 12px; border: 1px solid {{ errors.id_ferme is defined ? &#039;#dc2626&#039; : &#039;#e2e8f0&#039; }}; border-radius: 10px; background-color: white; outline-color: #2d7a36;&quot;&gt;<span class="sf-dump-default sf-dump-ns">\r\n</span></span>
   Γöé       <span class=sf-dump-str title="16855 characters">                            &lt;option value=&quot;{{ ferme.idFerme }}&quot; {{ animal_edit and animal_edit.ferme and animal_edit.ferme.idFerme == ferme.idFerme ? &#039;selected&#039; : &#039;&#039; }}&gt;<span class="sf-dump-default sf-dump-ns">\r\n</span></span>
   Γöé       <span class=sf-dump-str title="16855 characters">                    {{ animal_edit ? &#039;Mettre &#224; jour l\&#039;animal&#039; : &#039;Enregistrer l\&#039;animal&#039; }}<span class="sf-dump-default sf-dump-ns">\r\n</span></span>
   Γöé       <span class=sf-dump-str title="16855 characters">                                    {{ animal.dateNaissance ? animal.dateNaissance|date(&#039;d/m/Y&#039;) : &#039;-&#039; }}<span class="sf-dump-default sf-dump-ns">\r\n</span></span>
   Γöé       <span class=sf-dump-str title="16855 characters">                                        {{ animal.ferme ? animal.ferme.nomFerme : &#039;Non affect&#233;&#039; }}<span class="sf-dump-default sf-dump-ns">\r\n</span></span>
   Γöé       <span class=sf-dump-str title="16855 characters">                                        &lt;form method=&quot;post&quot; action=&quot;{{ path(&#039;app_animal_delete&#039;, {&#039;id_animal&#039;: animal.idAnimal}) }}&quot; onsubmit=&quot;return confirm(&#039;Supprimer cet animal ?&#039;);&quot; style=&quot;margin: 0;&quot;&gt;<span class="sf-dump-default sf-dump-ns">\r\n</span></span>
   Γöé <li><code>&nbsp;&nbsp;&nbsp;&nbsp;&nbsp;&nbsp;&nbsp;&nbsp;&nbsp;&nbsp;&nbsp;&nbsp;&nbsp;&nbsp;&nbsp;&nbsp;&nbsp;&nbsp;&nbsp;&nbsp;&nbsp;&nbsp;&nbsp;&nbsp;&nbsp;&nbsp;&nbsp;&nbsp;&nbsp;&nbsp;&nbsp;&nbsp;&nbsp;&nbsp;&nbsp;&nbsp;&nbsp;&nbsp;&nbsp;&nbsp;&lt;form&nbsp;method="post"&nbsp;action="{{&nbsp;path('app_animal_delete',&nbsp;{'id_animal':&nbsp;animal.idAnimal})&nbsp;}}"&nbsp;onsubmit="return&nbsp;confirm('Supprimer&nbsp;cet&nbsp;animal&nbsp;?');"&nbsp;style="margin:&nbsp;0;"&gt;</code></li>
   Γöé <li><code><span style="color: var(--highlight-keyword)">&nbsp;&nbsp;&nbsp;&nbsp;private&nbsp;function&nbsp;</span><span style="color: var(--highlight-default)">doRender</span><span style="color: var(--highlight-keyword)">(</span><span style="color: var(--highlight-default)">string&nbsp;$view</span><span style="color: var(--highlight-keyword)">,&nbsp;?</span><span style="color: var(--highlight-default)">string&nbsp;$block</span><span style="color: var(--highlight-keyword)">,&nbsp;array&nbsp;</span><span style="color: var(--highlight-default)">$parameters</span><span style="color: var(--highlight-keyword)">,&nbsp;?</span><span style="color: var(--highlight-default)">Response&nbsp;$response</span><span style="color: var(--highlight-keyword)">,&nbsp;</span><span style="color: var(--highlight-default)">string&nbsp;$method</span><span style="color: var(--highlight-keyword)">):&nbsp;</span><span style="color: var(--highlight-default)">Response</span></code></li>
   Γöé <li><code><span style="color: var(--highlight-keyword)">&nbsp;&nbsp;&nbsp;&nbsp;private&nbsp;function&nbsp;</span><span style="color: var(--highlight-default)">doRender</span><span style="color: var(--highlight-keyword)">(</span><span style="color: var(--highlight-default)">string&nbsp;$view</span><span style="color: var(--highlight-keyword)">,&nbsp;?</span><span style="color: var(--highlight-default)">string&nbsp;$block</span><span style="color: var(--highlight-keyword)">,&nbsp;array&nbsp;</span><span style="color: var(--highlight-default)">$parameters</span><span style="color: var(--highlight-keyword)">,&nbsp;?</span><span style="color: var(--highlight-default)">Response&nbsp;$response</span><span style="color: var(--highlight-keyword)">,&nbsp;</span><span style="color: var(--highlight-default)">string&nbsp;$method</span><span style="color: var(--highlight-keyword)">):&nbsp;</span><span style="color: var(--highlight-default)">Response</span></code></li>
   Γöé <li><code><span style="color: var(--highlight-keyword)">&nbsp;&nbsp;&nbsp;&nbsp;&nbsp;&nbsp;&nbsp;&nbsp;</span><span style="color: var(--highlight-default)">$response&nbsp;</span><span style="color: var(--highlight-keyword)">??=&nbsp;new&nbsp;</span><span style="color: var(--highlight-default)">Response</span><span style="color: var(--highlight-keyword)">();</span></code></li>
   Γöé <li><code><span style="color: var(--highlight-comment)">&nbsp;&nbsp;&nbsp;&nbsp;</span><span style="color: var(--highlight-keyword)">protected&nbsp;function&nbsp;</span><span style="color: var(--highlight-default)">render</span><span style="color: var(--highlight-keyword)">(</span><span style="color: var(--highlight-default)">string&nbsp;$view</span><span style="color: var(--highlight-keyword)">,&nbsp;array&nbsp;</span><span style="color: var(--highlight-default)">$parameters&nbsp;</span><span style="color: var(--highlight-keyword)">=&nbsp;[],&nbsp;?</span><span style="color: var(--highlight-default)">Response&nbsp;$response&nbsp;</span><span style="color: var(--highlight-keyword)">=&nbsp;</span><span style="color: var(--highlight-default)">null</span><span style="color: var(--highlight-keyword)">):&nbsp;</span><span style="color: var(--highlight-default)">Response</span></code></li>
   Γöé <li><code><span style="color: var(--highlight-keyword)">&nbsp;&nbsp;&nbsp;&nbsp;&nbsp;&nbsp;&nbsp;&nbsp;&nbsp;&nbsp;&nbsp;&nbsp;yield&nbsp;</span><span style="color: var(--highlight-string)">"\"&nbsp;onsubmit=\"return&nbsp;confirm('Supprimer&nbsp;cet&nbsp;animal&nbsp;?');\"&nbsp;style=\"margin:&nbsp;0;\"&gt;</span></code></li>
   Γöé <li><code><span style="color: var(--highlight-comment)">&nbsp;&nbsp;&nbsp;&nbsp;&nbsp;&nbsp;&nbsp;&nbsp;&nbsp;&nbsp;&nbsp;&nbsp;</span><span style="color: var(--highlight-keyword)">yield&nbsp;</span><span style="color: var(--highlight-default)">$this</span><span style="color: var(--highlight-keyword)">-&gt;</span><span style="color: var(--highlight-default)">env</span><span style="color: var(--highlight-keyword)">-&gt;</span><span style="color: var(--highlight-default)">getRuntime</span><span style="color: var(--highlight-keyword)">(</span><span style="color: var(--highlight-string)">'Twig\Runtime\EscaperRuntime'</span><span style="color: var(--highlight-keyword)">)-&gt;</span><span style="color: var(--highlight-default)">escape</span><span style="color: var(--highlight-keyword)">((isset(</span><span style="color: var(--highlight-default)">$context</span><span style="color: var(--highlight-keyword)">[</span><span style="color: var(--highlight-string)">"btn_base"</span><span style="color: var(--highlight-keyword)">])&nbsp;||&nbsp;</span><span style="color: var(--highlight-default)">array_key_exists</span><span style="color: var(--highlight-keyword)">(</span><span style="color: var(--highlight-string)">"btn_base"</span><span style="color: var(--highlight-keyword)">,&nbsp;</span><span style="color: var(--highlight-default)">$context</span><span style="color: var(--highlight-keyword)">)&nbsp;?&nbsp;</span><span style="color: var(--highlight-default)">$context</span><span style="color: var(--highlight-keyword)">[</span><span style="color: var(--highlight-string)">"btn_base"</span><span style="color: var(--highlight-keyword)">]&nbsp;:&nbsp;(function&nbsp;()&nbsp;{&nbsp;throw&nbsp;new&nbsp;</span><span style="color: var(--highlight-default)">RuntimeError</span><span style="color: var(--highlight-keyword)">(</span><span style="color: var(--highlight-string)">'Variable&nbsp;"btn_base"&nbsp;does&nbsp;not&nbsp;exist.'</span><span style="color: var(--highlight-keyword)">,&nbsp;</span><span style="color: var(--highlight-default)">211</span><span style="color: var(--highlight-keyword)">,&nbsp;</span><span style="color: var(--highlight-default)">$this</span><span style="color: var(--highlight-keyword)">-&gt;</span><span style="color: var(--highlight-default)">source</span><span style="color: var(--highlight-keyword)">);&nbsp;})()),&nbsp;</span><span style="color: var(--highlight-string)">"html"</span><span style="color: var(--highlight-keyword)">,&nbsp;</span><span style="color: var(--highlight-default)">null</span><span style="color: var(--highlight-keyword)">,&nbsp;</span><span style="color: var(--highlight-default)">true</span><span style="color: var(--highlight-keyword)">);</span></code></li>
   Γöé <li><code><span style="color: var(--highlight-keyword)">&nbsp;&nbsp;&nbsp;&nbsp;private&nbsp;function&nbsp;</span><span style="color: var(--highlight-default)">doRender</span><span style="color: var(--highlight-keyword)">(</span><span style="color: var(--highlight-default)">string&nbsp;$view</span><span style="color: var(--highlight-keyword)">,&nbsp;?</span><span style="color: var(--highlight-default)">string&nbsp;$block</span><span style="color: var(--highlight-keyword)">,&nbsp;array&nbsp;</span><span style="color: var(--highlight-default)">$parameters</span><span style="color: var(--highlight-keyword)">,&nbsp;?</span><span style="color: var(--highlight-default)">Response&nbsp;$response</span><span style="color: var(--highlight-keyword)">,&nbsp;</span><span style="color: var(--highlight-default)">string&nbsp;$method</span><span style="color: var(--highlight-keyword)">):&nbsp;</span><span style="color: var(--highlight-default)">Response</span></code></li>
   Γöé <li><code><span style="color: var(--highlight-keyword)">&nbsp;&nbsp;&nbsp;&nbsp;private&nbsp;function&nbsp;</span><span style="color: var(--highlight-default)">doRender</span><span style="color: var(--highlight-keyword)">(</span><span style="color: var(--highlight-default)">string&nbsp;$view</span><span style="color: var(--highlight-keyword)">,&nbsp;?</span><span style="color: var(--highlight-default)">string&nbsp;$block</span><span style="color: var(--highlight-keyword)">,&nbsp;array&nbsp;</span><span style="color: var(--highlight-default)">$parameters</span><span style="color: var(--highlight-keyword)">,&nbsp;?</span><span style="color: var(--highlight-default)">Response&nbsp;$response</span><span style="color: var(--highlight-keyword)">,&nbsp;</span><span style="color: var(--highlight-default)">string&nbsp;$method</span><span style="color: var(--highlight-keyword)">):&nbsp;</span><span style="color: var(--highlight-default)">Response</span></code></li>
   Γöé <li><code><span style="color: var(--highlight-keyword)">&nbsp;&nbsp;&nbsp;&nbsp;&nbsp;&nbsp;&nbsp;&nbsp;</span><span style="color: var(--highlight-default)">$response&nbsp;</span><span style="color: var(--highlight-keyword)">??=&nbsp;new&nbsp;</span><span style="color: var(--highlight-default)">Response</span><span style="color: var(--highlight-keyword)">();</span></code></li>
   Γöé <li><code><span style="color: var(--highlight-comment)">&nbsp;&nbsp;&nbsp;&nbsp;</span><span style="color: var(--highlight-keyword)">protected&nbsp;function&nbsp;</span><span style="color: var(--highlight-default)">render</span><span style="color: var(--highlight-keyword)">(</span><span style="color: var(--highlight-default)">string&nbsp;$view</span><span style="color: var(--highlight-keyword)">,&nbsp;array&nbsp;</span><span style="color: var(--highlight-default)">$parameters&nbsp;</span><span style="color: var(--highlight-keyword)">=&nbsp;[],&nbsp;?</span><span style="color: var(--highlight-default)">Response&nbsp;$response&nbsp;</span><span style="color: var(--highlight-keyword)">=&nbsp;</span><span style="color: var(--highlight-default)">null</span><span style="color: var(--highlight-keyword)">):&nbsp;</span><span style="color: var(--highlight-default)">Response</span></code></li>
   Γöé         var toggleClass = function(el, cssClass) { hasClass(el, cssClass) ? removeClass(el, cssClass) : addClass(el, cssClass); };
   Γöé                 toggle.innerHTML = currentContent !== altContent ? altContent : originalContent;
   Γöé                     label = i in labels ? labels[i] : value,
   Γöé                 option.setAttribute('title', 1 === (matches = filters.querySelectorAll('[data-filter-'+name+'="'+value+'"]').length) ? 'Matches 1 row' : 'Matches '+matches+' rows');
   Γöé                 localStorage.getItem('symfony/profiler/theme') || (matchMedia('(prefers-color-scheme: dark)').matches ? 'theme-dark' : 'theme-light')\n
   Γöé                         <script> Sfdump = window.Sfdump || (function (doc) { doc.documentElement.classList.add('sf-js-enabled'); var rxEsc = /([.*+?^${}()|\[\]\/\\])/g, idRx = /\bsf-dump-\d+-ref[012]\w+\b/, keyHint = 0 <= navigator.platform.toUpperCase().indexOf('MAC') ? 'Cmd' : 'Ctrl', addEventListener = function (e, n, cb) { e.addEventListener(n, cb, false); }; if (!doc.addEventListener) { addEventListener = function (element, eventName, callback) { element.attachEvent('on' + eventName, function (e) { e.preventDefault = function () {e.returnValue = false;}; e.target = e.srcElement; callback(e); }); }; } function toggle(a, recursive) { var s = a.nextSibling || {}, oldClass = s.className, arrow, newClass; if (/\bsf-dump-compact\b/.test(oldClass)) { arrow = '&#9660;'; newClass = 'sf-dump-expanded'; } else if (/\bsf-dump-expanded\b/.test(oldClass)) { arrow = '&#9654;'; newClass = 'sf-dump-compact'; } else { return false; } if (doc.createEvent && s.dispatchEvent) { var event = doc.createEvent('Event'); event.initEvent('sf-dump-expanded' === newClass ? 'sfbeforedumpexpand' : 'sfbeforedumpcollapse', true, false); s.dispatchEvent(event); } a.lastChild.innerHTML = arrow; s.className = s.className.replace(/\bsf-dump-(compact|expanded)\b/, newClass); if (recursive) { try { a = s.querySelectorAll('.'+oldClass); for (s = 0; s < a.length; ++s) { if (-1 == a[s].className.indexOf(newClass)) { a[s].className = newClass; a[s].previousSibling.lastChild.innerHTML = arrow; } } } catch (e) { } } return true; }; function collapse(a, recursive) { var s = a.nextSibling || {}, oldClass = s.className; if (/\bsf-dump-expanded\b/.test(oldClass)) { toggle(a, recursive); return true; } return false; }; function expand(a, recursive) { var s = a.nextSibling || {}, oldClass = s.className; if (/\bsf-dump-compact\b/.test(oldClass)) { toggle(a, recursive); return true; } return false; }; function collapseAll(root) { var a = root.querySelector('a.sf-dump-toggle'); if (a) { collapse(a, true); expand(a); return true; } return false; } function reveal(node) { var previous, parents = []; while ((node = node.parentNode || {}) && (previous = node.previousSibling) && 'A' === previous.tagName) { parents.push(previous); } if (0 !== parents.length) { parents.forEach(function (parent) { expand(parent); }); return true; } return false; } function highlight(root, activeNode, nodes) { resetHighlightedNodes(root); Array.from(nodes||[]).forEach(function (node) { if (!/\bsf-dump-highlight\b/.test(node.className)) { node.className = node.className + ' sf-dump-highlight'; } }); if (!/\bsf-dump-highlight-active\b/.test(activeNode.className)) { activeNode.className = activeNode.className + ' sf-dump-highlight-active'; } } function resetHighlightedNodes(root) { Array.from(root.querySelectorAll('.sf-dump-str, .sf-dump-key, .sf-dump-public, .sf-dump-protected, .sf-dump-private')).forEach(function (strNode) { strNode.className = strNode.className.replace(/\bsf-dump-highlight\b/, ''); strNode.className = strNode.className.replace(/\bsf-dump-highlight-active\b/, ''); }); } return function (root, x) { root = doc.getElementById(root); var indentRx = new RegExp('^('+(root.getAttribute('data-indent-pad') || ' ').replace(rxEsc, '\\$1')+')+', 'm'), options = {"maxDepth":1,"maxStringLength":160,"fileLinkFormat":false}, elt = root.getElementsByTagName('A'), len = elt.length, i = 0, s, h, t = []; while (i < len) t.push(elt[i++]); for (i in x) { options[i] = x[i]; } function a(e, f) { addEventListener(root, e, function (e, n) { if ('A' == e.target.tagName) { f(e.target, e); } else if ('A' == e.target.parentNode.tagName) { f(e.target.parentNode, e); } else { n = /\bsf-dump-ellipsis\b/.test(e.target.className) ? e.target.parentNode : e.target; if ((n = n.nextElementSibling) && 'A' == n.tagName) { if (!/\bsf-dump-toggle\b/.test(n.className)) { n = n.nextElementSibling || n; } f(n, e, true); } } }); }; function isCtrlKey(e) { return e.ctrlKey || e.metaKey; } function xpathString(str) { var parts = str.match(/[^'"]+|['"]/g).map(function (part) { if ("'" == part) { return '"\'"'; } if ('"' == part) { return "'\"'"; } return "'" + part + "'"; }); return "concat(" + parts.join(",") + ", '')"; } function xpathHasClass(className) { return "contains(concat(' ', normalize-space(@class), ' '), ' " + className +" ')"; } a('mouseover', function (a, e, c) { if (c) { e.target.style.cursor = "pointer"; } }); a('click', function (a, e, c) { if (/\bsf-dump-toggle\b/.test(a.className)) { e.preventDefault(); if (!toggle(a, isCtrlKey(e))) { var r = doc.getElementById(a.getAttribute('href').slice(1)), s = r.previousSibling, f = r.parentNode, t = a.parentNode; t.replaceChild(r, a); f.replaceChild(a, s); t.insertBefore(s, r); f = f.firstChild.nodeValue.match(indentRx); t = t.firstChild.nodeValue.match(indentRx); if (f && t && f[0] !== t[0]) { r.innerHTML = r.innerHTML.replace(new RegExp('^'+f[0].replace(rxEsc, '\\$1'), 'mg'), t[0]); } if (/\bsf-dump-compact\b/.test(r.className)) { toggle(s, isCtrlKey(e)); } } if (c) { } else if (doc.getSelection) { try { doc.getSelection().removeAllRanges(); } catch (e) { doc.getSelection().empty(); } } else { doc.selection.empty(); } } else if (/\bsf-dump-str-toggle\b/.test(a.className)) { e.preventDefault(); e = a.parentNode.parentNode; e.className = e.className.replace(/\bsf-dump-str-(expand|collapse)\b/, a.parentNode.className); } }); elt = root.getElementsByTagName('SAMP'); len = elt.length; i = 0; while (i < len) t.push(elt[i++]); len = t.length; for (i = 0; i < len; ++i) { elt = t[i]; if ('SAMP' == elt.tagName) { a = elt.previousSibling || {}; if ('A' != a.tagName) { a = doc.createElement('A'); a.className = 'sf-dump-ref'; elt.parentNode.insertBefore(a, elt); } else { a.innerHTML += ' '; } a.title = (a.title ? a.title+'\n[' : '[')+keyHint+'+click] Expand all children'; a.innerHTML += elt.className == 'sf-dump-compact' ? '<span>&#9654;</span>' : '<span>&#9660;</span>'; a.className += ' sf-dump-toggle'; x = 1; if ('sf-dump' != elt.parentNode.className) { x += elt.parentNode.getAttribute('data-depth')/1; } } else if (/\bsf-dump-ref\b/.test(elt.className) && (a = elt.getAttribute('href'))) { a = a.slice(1); elt.className += ' sf-dump-hover'; elt.className += ' '+a; if (/[\[{]$/.test(elt.previousSibling.nodeValue)) { a = a != elt.nextSibling.id && doc.getElementById(a); try { s = a.nextSibling; elt.appendChild(a); s.parentNode.insertBefore(a, s); if (/^[@#]/.test(elt.innerHTML)) { elt.innerHTML += ' <span>&#9654;</span>'; } else { elt.innerHTML = '<span>&#9654;</span>'; elt.className = 'sf-dump-ref'; } elt.className += ' sf-dump-toggle'; } catch (e) { if ('&' == elt.innerHTML.charAt(0)) { elt.innerHTML = '&#8230;'; elt.className = 'sf-dump-ref'; } } } } } if (doc.evaluate && Array.from && root.children.length > 1) { root.setAttribute('tabindex', 0); SearchState = function () { this.nodes = []; this.idx = 0; }; SearchState.prototype = { next: function () { if (this.isEmpty()) { return this.current(); } this.idx = this.idx < (this.nodes.length - 1) ? this.idx + 1 : 0; return this.current(); }, previous: function () { if (this.isEmpty()) { return this.current(); } this.idx = this.idx > 0 ? this.idx - 1 : (this.nodes.length - 1); return this.current(); }, isEmpty: function () { return 0 === this.count(); }, current: function () { if (this.isEmpty()) { return null; } return this.nodes[this.idx]; }, reset: function () { this.nodes = []; this.idx = 0; }, count: function () { return this.nodes.length; }, }; function showCurrent(state) { var currentNode = state.current(), currentRect, searchRect; if (currentNode) { reveal(currentNode); highlight(root, currentNode, state.nodes); if ('scrollIntoView' in currentNode) { currentNode.scrollIntoView(true); currentRect = currentNode.getBoundingClientRect(); searchRect = search.getBoundingClientRect(); if (currentRect.top < (searchRect.top + searchRect.height)) { window.scrollBy(0, -(searchRect.top + searchRect.height + 5)); } } } counter.textContent = (state.isEmpty() ? 0 : state.idx + 1) + ' of ' + state.count(); } var search = doc.createElement('div'); search.className = 'sf-dump-search-wrapper sf-dump-search-hidden'; search.innerHTML = ' <input type="text" class="sf-dump-search-input"> <span class="sf-dump-search-count">0 of 0<\/span> <button type="button" class="sf-dump-search-input-previous" tabindex="-1"> <svg viewBox="0 0 1792 1792" xmlns="http://www.w3.org/2000/svg"><path d="M1683 1331l-166 165q-19 19-45 19t-45-19L896 965l-531 531q-19 19-45 19t-45-19l-166-165q-19-19-19-45.5t19-45.5l742-741q19-19 45-19t45 19l742 741q19 19 19 45.5t-19 45.5z"\/><\/svg> <\/button> <button type="button" class="sf-dump-search-input-next" tabindex="-1"> <svg viewBox="0 0 1792 1792" xmlns="http://www.w3.org/2000/svg"><path d="M1683 808l-742 741q-19 19-45 19t-45-19L109 808q-19-19-19-45.5t19-45.5l166-165q19-19 45-19t45 19l531 531 531-531q19-19 45-19t45 19l166 165q19 19 19 45.5t-19 45.5z"\/><\/svg> <\/button> '; root.insertBefore(search, root.firstChild); var state = new SearchState(); var searchInput = search.querySelector('.sf-dump-search-input'); var counter = search.querySelector('.sf-dump-search-count'); var searchInputTimer = 0; var previousSearchQuery = ''; addEventListener(searchInput, 'keyup', function (e) { var searchQuery = e.target.value; /* Don't perform anything if the pressed key didn't change the query */ if (searchQuery === previousSearchQuery) { return; } previousSearchQuery = searchQuery; clearTimeout(searchInputTimer); searchInputTimer = setTimeout(function () { state.reset(); collapseAll(root); resetHighlightedNodes(root); if ('' === searchQuery) { counter.textContent = '0 of 0'; return; } var classMatches = [ "sf-dump-str", "sf-dump-key", "sf-dump-public", "sf-dump-protected", "sf-dump-private", ].map(xpathHasClass).join(' or '); var xpathResult = doc.evaluate('.//span[' + classMatches + '][contains(translate(child::text(), ' + xpathString(searchQuery.toUpperCase()) + ', ' + xpathString(searchQuery.toLowerCase()) + '), ' + xpathString(searchQuery.toLowerCase()) + ')]', root, null, XPathResult.ORDERED_NODE_ITERATOR_TYPE, null); while (node = xpathResult.iterateNext()) state.nodes.push(node); showCurrent(state); }, 400); }); Array.from(search.querySelectorAll('.sf-dump-search-input-next, .sf-dump-search-input-previous')).forEach(function (btn) { addEventListener(btn, 'click', function (e) { e.preventDefault(); -1 !== e.target.className.indexOf('next') ? state.next() : state.previous(); searchInput.focus(); collapseAll(root); showCurrent(state); }) }); addEventListener(root, 'keydown', function (e) { var isSearchActive = !/\bsf-dump-search-hidden\b/.test(search.className); if ((114 === e.keyCode && !isSearchActive) || (isCtrlKey(e) && 70 === e.keyCode)) { /* F3 or CMD/CTRL + F */ if (70 === e.keyCode && document.activeElement === searchInput) { /* * If CMD/CTRL + F is hit while having focus on search input, * the user probably meant to trigger browser search instead. * Let the browser execute its behavior: */ return; } e.preventDefault(); search.className = search.className.replace(/\bsf-dump-search-hidden\b/, ''); searchInput.focus(); } else if (isSearchActive) { if (27 === e.keyCode) { /* ESC key */ search.className += ' sf-dump-search-hidden'; e.preventDefault(); resetHighlightedNodes(root); searchInput.value = ''; } else if ( (isCtrlKey(e) && 71 === e.keyCode) /* CMD/CTRL + G */ || 13 === e.keyCode /* Enter */ || 114 === e.keyCode /* F3 */ ) { e.preventDefault(); e.shiftKey ? state.previous() : state.next(); collapseAll(root); showCurrent(state); } } }); } if (0 >= options.maxStringLength) { return; } try { elt = root.querySelectorAll('.sf-dump-str'); len = elt.length; i = 0; t = []; while (i < len) t.push(elt[i++]); len = t.length; for (i = 0; i < len; ++i) { elt = t[i]; s = elt.innerText || elt.textContent; x = s.length - options.maxStringLength; if (0 < x) { h = elt.innerHTML; elt[elt.innerText ? 'innerText' : 'textContent'] = s.substring(0, options.maxStringLength); elt.className += ' sf-dump-str-collapse'; elt.innerHTML = '<span class=sf-dump-str-collapse>'+h+'<a class="sf-dump-ref sf-dump-str-toggle" title="Collapse"> &#9664;</a></span>'+ '<span class=sf-dump-str-expand>'+elt.innerHTML+'<a class="sf-dump-ref sf-dump-str-toggle" title="'+x+' remaining characters"> &#9654;</a></span>'; } } } catch (e) { } }; })(document); </script><style> .sf-js-enabled pre.sf-dump .sf-dump-compact, .sf-js-enabled .sf-dump-str-collapse .sf-dump-str-collapse, .sf-js-enabled .sf-dump-str-expand .sf-dump-str-expand { display: none; } .sf-dump-hover:hover { background-color: #B729D9; color: #FFF !important; border-radius: 2px; } pre.sf-dump { display: block; white-space: pre; padding: 5px; overflow: initial !important; } pre.sf-dump:after { content: ""; visibility: hidden; display: block; height: 0; clear: both; } pre.sf-dump .sf-dump-ellipsization { display: inline-flex; } pre.sf-dump a { text-decoration: none; cursor: pointer; border: 0; outline: none; color: inherit; } pre.sf-dump img { max-width: 50em; max-height: 50em; margin: .5em 0 0 0; padding: 0; background: url(data:image/png;base64,iVBORw0KGgoAAAANSUhEUgAAABAAAAAQCAAAAAA6mKC9AAAAHUlEQVQY02O8zAABilCaiQEN0EeA8QuUcX9g3QEAAjcC5piyhyEAAAAASUVORK5CYII=) #D3D3D3; } pre.sf-dump .sf-dump-ellipsis { text-overflow: ellipsis; white-space: nowrap; overflow: hidden; } pre.sf-dump .sf-dump-ellipsis-tail { flex-shrink: 0; } pre.sf-dump code { display:inline; padding:0; background:none; } .sf-dump-public.sf-dump-highlight, .sf-dump-protected.sf-dump-highlight, .sf-dump-private.sf-dump-highlight, .sf-dump-str.sf-dump-highlight, .sf-dump-key.sf-dump-highlight { background: rgba(111, 172, 204, 0.3); border: 1px solid #7DA0B1; border-radius: 3px; } .sf-dump-public.sf-dump-highlight-active, .sf-dump-protected.sf-dump-highlight-active, .sf-dump-private.sf-dump-highlight-active, .sf-dump-str.sf-dump-highlight-active, .sf-dump-key.sf-dump-highlight-active { background: rgba(253, 175, 0, 0.4); border: 1px solid #ffa500; border-radius: 3px; } pre.sf-dump .sf-dump-search-hidden { display: none !important; } pre.sf-dump .sf-dump-search-wrapper { font-size: 0; white-space: nowrap; margin-bottom: 5px; display: flex; position: -webkit-sticky; position: sticky; top: 5px; } pre.sf-dump .sf-dump-search-wrapper > * { vertical-align: top; box-sizing: border-box; height: 21px; font-weight: normal; border-radius: 0; background: #FFF; color: #757575; border: 1px solid #BBB; } pre.sf-dump .sf-dump-search-wrapper > input.sf-dump-search-input { padding: 3px; height: 21px; font-size: 12px; border-right: none; border-top-left-radius: 3px; border-bottom-left-radius: 3px; color: #000; min-width: 15px; width: 100%; } pre.sf-dump .sf-dump-search-wrapper > .sf-dump-search-input-next, pre.sf-dump .sf-dump-search-wrapper > .sf-dump-search-input-previous { background: #F2F2F2; outline: none; border-left: none; font-size: 0; line-height: 0; } pre.sf-dump .sf-dump-search-wrapper > .sf-dump-search-input-next { border-top-right-radius: 3px; border-bottom-right-radius: 3px; } pre.sf-dump .sf-dump-search-wrapper > .sf-dump-search-input-next > svg, pre.sf-dump .sf-dump-search-wrapper > .sf-dump-search-input-previous > svg { pointer-events: none; width: 12px; height: 12px; } pre.sf-dump .sf-dump-search-wrapper > .sf-dump-search-count { display: inline-block; padding: 0 5px; margin: 0; border-left: none; line-height: 21px; font-size: 12px; }pre.sf-dump, pre.sf-dump .sf-dump-default{background:none; color:#CC7832; line-height:1.2em; font:12px Menlo, Monaco, Consolas, monospace; word-wrap: break-word; white-space: pre-wrap; position:relative; z-index:99999; word-break: break-all}pre.sf-dump .sf-dump-num{font-weight:bold; color:#1299DA}pre.sf-dump .sf-dump-const{font-weight:bold}pre.sf-dump .sf-dump-str{font-weight:bold; color:#629755;}pre.sf-dump .sf-dump-note{color:#6897BB}pre.sf-dump .sf-dump-ref{color:#6E6E6E}pre.sf-dump .sf-dump-public{color:#262626}pre.sf-dump .sf-dump-protected{color:#262626}pre.sf-dump .sf-dump-private{color:#262626}pre.sf-dump .sf-dump-meta{color:#B729D9}pre.sf-dump .sf-dump-key{color:#789339}pre.sf-dump .sf-dump-index{color:#1299DA}pre.sf-dump .sf-dump-ellipsis{color:#CC7832}pre.sf-dump .sf-dump-ns{user-select:none;}pre.sf-dump .sf-dump-ellipsis-note{color:#6897BB}</style><pre class=sf-dump id=sf-dump-492840714 data-indent-pad="  "><span class=sf-dump-note>Twig\Error\RuntimeError</span> {<a class=sf-dump-ref>#1963</a><samp data-depth=1 class=sf-dump-expanded>\n
   Γöé       <span class=sf-dump-str title="16855 characters">                &lt;i class=&quot;fa-solid {{ animal_edit ? &#039;fa-pen-to-square&#039; : &#039;fa-plus-circle&#039; }}&quot; style=&quot;color: #2d7a36;&quot;&gt;&lt;/i&gt;<span class="sf-dump-default sf-dump-ns">\r\n</span></span>\n
   Γöé       <span class=sf-dump-str title="16855 characters">                {{ animal_edit ? &#039;Modifier l\&#039;animal&#039; : &#039;Nouvelle Fiche&#039; }}<span class="sf-dump-default sf-dump-ns">\r\n</span></span>\n
   Γöé       <span class=sf-dump-str title="16855 characters">            {% set action_url = animal_edit ? path(&#039;app_animal_update&#039;, {&#039;id_animal&#039;: animal_edit.idAnimal}) : path(&#039;app_animal_new&#039;) %}<span class="sf-dump-default sf-dump-ns">\r\n</span></span>\n
   Γöé       <span class=sf-dump-str title="16855 characters">                    &lt;input type=&quot;text&quot; name=&quot;espece&quot; value=&quot;{{ animal_edit ? animal_edit.espece : &#039;&#039; }}&quot; placeholder=&quot;Ex: Bovin&quot; style=&quot;width: 100%; padding: 12px; border: 1px solid {{ errors.espece is defined ? &#039;#dc2626&#039; : &#039;#e2e8f0&#039; }}; border-radius: 10px; outline-color: #2d7a36;&quot;&gt;<span class="sf-dump-default sf-dump-ns">\r\n</span></span>\n
   Γöé       <span class=sf-dump-str title="16855 characters">                    &lt;input type=&quot;text&quot; name=&quot;etat_sante&quot; value=&quot;{{ animal_edit ? animal_edit.etatSante : &#039;&#039; }}&quot; placeholder=&quot;Ex: Excellente&quot; style=&quot;width: 100%; padding: 12px; border: 1px solid {{ errors.etat_sante is defined ? &#039;#dc2626&#039; : &#039;#e2e8f0&#039; }}; border-radius: 10px; outline-color: #2d7a36;&quot;&gt;<span class="sf-dump-default sf-dump-ns">\r\n</span></span>\n
   Γöé       <span class=sf-dump-str title="16855 characters">                    &lt;input type=&quot;date&quot; name=&quot;date_naissance&quot; value=&quot;{{ animal_edit and animal_edit.dateNaissance ? animal_edit.dateNaissance|date(&#039;Y-m-d&#039;) : &#039;&#039; }}&quot; style=&quot;width: 100%; padding: 12px; border: 1px solid {{ errors.date_naissance is defined ? &#039;#dc2626&#039; : &#039;#e2e8f0&#039; }}; border-radius: 10px; outline-color: #2d7a36;&quot;&gt;<span class="sf-dump-default sf-dump-ns">\r\n</span></span>\n
   Γöé       <span class=sf-dump-str title="16855 characters">                    &lt;select name=&quot;id_ferme&quot; style=&quot;width: 100%; padding: 12px; border: 1px solid {{ errors.id_ferme is defined ? &#039;#dc2626&#039; : &#039;#e2e8f0&#039; }}; border-radius: 10px; background-color: white; outline-color: #2d7a36;&quot;&gt;<span class="sf-dump-default sf-dump-ns">\r\n</span></span>\n
   Γöé       <span class=sf-dump-str title="16855 characters">                            &lt;option value=&quot;{{ ferme.idFerme }}&quot; {{ animal_edit and animal_edit.ferme and animal_edit.ferme.idFerme == ferme.idFerme ? &#039;selected&#039; : &#039;&#039; }}&gt;<span class="sf-dump-default sf-dump-ns">\r\n</span></span>\n
   Γöé       <span class=sf-dump-str title="16855 characters">                    {{ animal_edit ? &#039;Mettre &#224; jour l\&#039;animal&#039; : &#039;Enregistrer l\&#039;animal&#039; }}<span class="sf-dump-default sf-dump-ns">\r\n</span></span>\n
   Γöé       <span class=sf-dump-str title="16855 characters">                                    {{ animal.dateNaissance ? animal.dateNaissance|date(&#039;d/m/Y&#039;) : &#039;-&#039; }}<span class="sf-dump-default sf-dump-ns">\r\n</span></span>\n
   Γöé       <span class=sf-dump-str title="16855 characters">                                        {{ animal.ferme ? animal.ferme.nomFerme : &#039;Non affect&#233;&#039; }}<span class="sf-dump-default sf-dump-ns">\r\n</span></span>\n
   Γöé       <span class=sf-dump-str title="16855 characters">                                        &lt;form method=&quot;post&quot; action=&quot;{{ path(&#039;app_animal_delete&#039;, {&#039;id_animal&#039;: animal.idAnimal}) }}&quot; onsubmit=&quot;return confirm(&#039;Supprimer cet animal ?&#039;);&quot; style=&quot;margin: 0;&quot;&gt;<span class="sf-dump-default sf-dump-ns">\r\n</span></span>\n
   Γöé <li><code>&nbsp;&nbsp;&nbsp;&nbsp;&nbsp;&nbsp;&nbsp;&nbsp;&nbsp;&nbsp;&nbsp;&nbsp;&nbsp;&nbsp;&nbsp;&nbsp;&nbsp;&nbsp;&nbsp;&nbsp;&nbsp;&nbsp;&nbsp;&nbsp;&nbsp;&nbsp;&nbsp;&nbsp;&nbsp;&nbsp;&nbsp;&nbsp;&nbsp;&nbsp;&nbsp;&nbsp;&nbsp;&nbsp;&nbsp;&nbsp;&lt;form&nbsp;method="post"&nbsp;action="{{&nbsp;path('app_animal_delete',&nbsp;{'id_animal':&nbsp;animal.idAnimal})&nbsp;}}"&nbsp;onsubmit="return&nbsp;confirm('Supprimer&nbsp;cet&nbsp;animal&nbsp;?');"&nbsp;style="margin:&nbsp;0;"&gt;</code></li>\n
   Γöé <li><code><span style="color: var(--highlight-keyword)">&nbsp;&nbsp;&nbsp;&nbsp;private&nbsp;function&nbsp;</span><span style="color: var(--highlight-default)">doRender</span><span style="color: var(--highlight-keyword)">(</span><span style="color: var(--highlight-default)">string&nbsp;$view</span><span style="color: var(--highlight-keyword)">,&nbsp;?</span><span style="color: var(--highlight-default)">string&nbsp;$block</span><span style="color: var(--highlight-keyword)">,&nbsp;array&nbsp;</span><span style="color: var(--highlight-default)">$parameters</span><span style="color: var(--highlight-keyword)">,&nbsp;?</span><span style="color: var(--highlight-default)">Response&nbsp;$response</span><span style="color: var(--highlight-keyword)">,&nbsp;</span><span style="color: var(--highlight-default)">string&nbsp;$method</span><span style="color: var(--highlight-keyword)">):&nbsp;</span><span style="color: var(--highlight-default)">Response</span></code></li>\n
   Γöé <li><code><span style="color: var(--highlight-keyword)">&nbsp;&nbsp;&nbsp;&nbsp;private&nbsp;function&nbsp;</span><span style="color: var(--highlight-default)">doRender</span><span style="color: var(--highlight-keyword)">(</span><span style="color: var(--highlight-default)">string&nbsp;$view</span><span style="color: var(--highlight-keyword)">,&nbsp;?</span><span style="color: var(--highlight-default)">string&nbsp;$block</span><span style="color: var(--highlight-keyword)">,&nbsp;array&nbsp;</span><span style="color: var(--highlight-default)">$parameters</span><span style="color: var(--highlight-keyword)">,&nbsp;?</span><span style="color: var(--highlight-default)">Response&nbsp;$response</span><span style="color: var(--highlight-keyword)">,&nbsp;</span><span style="color: var(--highlight-default)">string&nbsp;$method</span><span style="color: var(--highlight-keyword)">):&nbsp;</span><span style="color: var(--highlight-default)">Response</span></code></li>\n
   Γöé <li><code><span style="color: var(--highlight-keyword)">&nbsp;&nbsp;&nbsp;&nbsp;&nbsp;&nbsp;&nbsp;&nbsp;</span><span style="color: var(--highlight-default)">$response&nbsp;</span><span style="color: var(--highlight-keyword)">??=&nbsp;new&nbsp;</span><span style="color: var(--highlight-default)">Response</span><span style="color: var(--highlight-keyword)">();</span></code></li>\n
   Γöé <li><code><span style="color: var(--highlight-comment)">&nbsp;&nbsp;&nbsp;&nbsp;</span><span style="color: var(--highlight-keyword)">protected&nbsp;function&nbsp;</span><span style="color: var(--highlight-default)">render</span><span style="color: var(--highlight-keyword)">(</span><span style="color: var(--highlight-default)">string&nbsp;$view</span><span style="color: var(--highlight-keyword)">,&nbsp;array&nbsp;</span><span style="color: var(--highlight-default)">$parameters&nbsp;</span><span style="color: var(--highlight-keyword)">=&nbsp;[],&nbsp;?</span><span style="color: var(--highlight-default)">Response&nbsp;$response&nbsp;</span><span style="color: var(--highlight-keyword)">=&nbsp;</span><span style="color: var(--highlight-default)">null</span><span style="color: var(--highlight-keyword)">):&nbsp;</span><span style="color: var(--highlight-default)">Response</span></code></li>\n
   Γöé <li><code><span style="color: var(--highlight-keyword)">&nbsp;&nbsp;&nbsp;&nbsp;&nbsp;&nbsp;&nbsp;&nbsp;&nbsp;&nbsp;&nbsp;&nbsp;yield&nbsp;</span><span style="color: var(--highlight-string)">"\"&nbsp;onsubmit=\"return&nbsp;confirm('Supprimer&nbsp;cet&nbsp;animal&nbsp;?');\"&nbsp;style=\"margin:&nbsp;0;\"&gt;</span></code></li>\n
   Γöé <li><code><span style="color: var(--highlight-comment)">&nbsp;&nbsp;&nbsp;&nbsp;&nbsp;&nbsp;&nbsp;&nbsp;&nbsp;&nbsp;&nbsp;&nbsp;</span><span style="color: var(--highlight-keyword)">yield&nbsp;</span><span style="color: var(--highlight-default)">$this</span><span style="color: var(--highlight-keyword)">-&gt;</span><span style="color: var(--highlight-default)">env</span><span style="color: var(--highlight-keyword)">-&gt;</span><span style="color: var(--highlight-default)">getRuntime</span><span style="color: var(--highlight-keyword)">(</span><span style="color: var(--highlight-string)">'Twig\Runtime\EscaperRuntime'</span><span style="color: var(--highlight-keyword)">)-&gt;</span><span style="color: var(--highlight-default)">escape</span><span style="color: var(--highlight-keyword)">((isset(</span><span style="color: var(--highlight-default)">$context</span><span style="color: var(--highlight-keyword)">[</span><span style="color: var(--highlight-string)">"btn_base"</span><span style="color: var(--highlight-keyword)">])&nbsp;||&nbsp;</span><span style="color: var(--highlight-default)">array_key_exists</span><span style="color: var(--highlight-keyword)">(</span><span style="color: var(--highlight-string)">"btn_base"</span><span style="color: var(--highlight-keyword)">,&nbsp;</span><span style="color: var(--highlight-default)">$context</span><span style="color: var(--highlight-keyword)">)&nbsp;?&nbsp;</span><span style="color: var(--highlight-default)">$context</span><span style="color: var(--highlight-keyword)">[</span><span style="color: var(--highlight-string)">"btn_base"</span><span style="color: var(--highlight-keyword)">]&nbsp;:&nbsp;(function&nbsp;()&nbsp;{&nbsp;throw&nbsp;new&nbsp;</span><span style="color: var(--highlight-default)">RuntimeError</span><span style="color: var(--highlight-keyword)">(</span><span style="color: var(--highlight-string)">'Variable&nbsp;"btn_base"&nbsp;does&nbsp;not&nbsp;exist.'</span><span style="color: var(--highlight-keyword)">,&nbsp;</span><span style="color: var(--highlight-default)">211</span><span style="color: var(--highlight-keyword)">,&nbsp;</span><span style="color: var(--highlight-default)">$this</span><span style="color: var(--highlight-keyword)">-&gt;</span><span style="color: var(--highlight-default)">source</span><span style="color: var(--highlight-keyword)">);&nbsp;})()),&nbsp;</span><span style="color: var(--highlight-string)">"html"</span><span style="color: var(--highlight-keyword)">,&nbsp;</span><span style="color: var(--highlight-default)">null</span><span style="color: var(--highlight-keyword)">,&nbsp;</span><span style="color: var(--highlight-default)">true</span><span style="color: var(--highlight-keyword)">);</span></code></li>\n
   Γöé <li><code><span style="color: var(--highlight-keyword)">&nbsp;&nbsp;&nbsp;&nbsp;private&nbsp;function&nbsp;</span><span style="color: var(--highlight-default)">doRender</span><span style="color: var(--highlight-keyword)">(</span><span style="color: var(--highlight-default)">string&nbsp;$view</span><span style="color: var(--highlight-keyword)">,&nbsp;?</span><span style="color: var(--highlight-default)">string&nbsp;$block</span><span style="color: var(--highlight-keyword)">,&nbsp;array&nbsp;</span><span style="color: var(--highlight-default)">$parameters</span><span style="color: var(--highlight-keyword)">,&nbsp;?</span><span style="color: var(--highlight-default)">Response&nbsp;$response</span><span style="color: var(--highlight-keyword)">,&nbsp;</span><span style="color: var(--highlight-default)">string&nbsp;$method</span><span style="color: var(--highlight-keyword)">):&nbsp;</span><span style="color: var(--highlight-default)">Response</span></code></li>\n
   Γöé <li><code><span style="color: var(--highlight-keyword)">&nbsp;&nbsp;&nbsp;&nbsp;private&nbsp;function&nbsp;</span><span style="color: var(--highlight-default)">doRender</span><span style="color: var(--highlight-keyword)">(</span><span style="color: var(--highlight-default)">string&nbsp;$view</span><span style="color: var(--highlight-keyword)">,&nbsp;?</span><span style="color: var(--highlight-default)">string&nbsp;$block</span><span style="color: var(--highlight-keyword)">,&nbsp;array&nbsp;</span><span style="color: var(--highlight-default)">$parameters</span><span style="color: var(--highlight-keyword)">,&nbsp;?</span><span style="color: var(--highlight-default)">Response&nbsp;$response</span><span style="color: var(--highlight-keyword)">,&nbsp;</span><span style="color: var(--highlight-default)">string&nbsp;$method</span><span style="color: var(--highlight-keyword)">):&nbsp;</span><span style="color: var(--highlight-default)">Response</span></code></li>\n
   Γöé <li><code><span style="color: var(--highlight-keyword)">&nbsp;&nbsp;&nbsp;&nbsp;&nbsp;&nbsp;&nbsp;&nbsp;</span><span style="color: var(--highlight-default)">$response&nbsp;</span><span style="color: var(--highlight-keyword)">??=&nbsp;new&nbsp;</span><span style="color: var(--highlight-default)">Response</span><span style="color: var(--highlight-keyword)">();</span></code></li>\n
   Γöé <li><code><span style="color: var(--highlight-comment)">&nbsp;&nbsp;&nbsp;&nbsp;</span><span style="color: var(--highlight-keyword)">protected&nbsp;function&nbsp;</span><span style="color: var(--highlight-default)">render</span><span style="color: var(--highlight-keyword)">(</span><span style="color: var(--highlight-default)">string&nbsp;$view</span><span style="color: var(--highlight-keyword)">,&nbsp;array&nbsp;</span><span style="color: var(--highlight-default)">$parameters&nbsp;</span><span style="color: var(--highlight-keyword)">=&nbsp;[],&nbsp;?</span><span style="color: var(--highlight-default)">Response&nbsp;$response&nbsp;</span><span style="color: var(--highlight-keyword)">=&nbsp;</span><span style="color: var(--highlight-default)">null</span><span style="color: var(--highlight-keyword)">):&nbsp;</span><span style="color: var(--highlight-default)">Response</span></code></li>\n
   Γöé         var toggleClass = function(el, cssClass) { hasClass(el, cssClass) ? removeClass(el, cssClass) : addClass(el, cssClass); };\n
   Γöé                 toggle.innerHTML = currentContent !== altContent ? altContent : originalContent;\n
   Γöé                     label = i in labels ? labels[i] : value,\n
   Γöé                 option.setAttribute('title', 1 === (matches = filters.querySelectorAll('[data-filter-'+name+'="'+value+'"]').length) ? 'Matches 1 row' : 'Matches '+matches+' rows');\n
   Γöé                 localStorage.getItem('symfony/profiler/theme') || (matchMedia('(prefers-color-scheme: dark)').matches ? 'theme-dark' : 'theme-light')
   Γöé                         <script> Sfdump = window.Sfdump || (function (doc) { doc.documentElement.classList.add('sf-js-enabled'); var rxEsc = /([.*+?^${}()|\[\]\/\\])/g, idRx = /\bsf-dump-\d+-ref[012]\w+\b/, keyHint = 0 <= navigator.platform.toUpperCase().indexOf('MAC') ? 'Cmd' : 'Ctrl', addEventListener = function (e, n, cb) { e.addEventListener(n, cb, false); }; if (!doc.addEventListener) { addEventListener = function (element, eventName, callback) { element.attachEvent('on' + eventName, function (e) { e.preventDefault = function () {e.returnValue = false;}; e.target = e.srcElement; callback(e); }); }; } function toggle(a, recursive) { var s = a.nextSibling || {}, oldClass = s.className, arrow, newClass; if (/\bsf-dump-compact\b/.test(oldClass)) { arrow = '&#9660;'; newClass = 'sf-dump-expanded'; } else if (/\bsf-dump-expanded\b/.test(oldClass)) { arrow = '&#9654;'; newClass = 'sf-dump-compact'; } else { return false; } if (doc.createEvent && s.dispatchEvent) { var event = doc.createEvent('Event'); event.initEvent('sf-dump-expanded' === newClass ? 'sfbeforedumpexpand' : 'sfbeforedumpcollapse', true, false); s.dispatchEvent(event); } a.lastChild.innerHTML = arrow; s.className = s.className.replace(/\bsf-dump-(compact|expanded)\b/, newClass); if (recursive) { try { a = s.querySelectorAll('.'+oldClass); for (s = 0; s < a.length; ++s) { if (-1 == a[s].className.indexOf(newClass)) { a[s].className = newClass; a[s].previousSibling.lastChild.innerHTML = arrow; } } } catch (e) { } } return true; }; function collapse(a, recursive) { var s = a.nextSibling || {}, oldClass = s.className; if (/\bsf-dump-expanded\b/.test(oldClass)) { toggle(a, recursive); return true; } return false; }; function expand(a, recursive) { var s = a.nextSibling || {}, oldClass = s.className; if (/\bsf-dump-compact\b/.test(oldClass)) { toggle(a, recursive); return true; } return false; }; function collapseAll(root) { var a = root.querySelector('a.sf-dump-toggle'); if (a) { collapse(a, true); expand(a); return true; } return false; } function reveal(node) { var previous, parents = []; while ((node = node.parentNode || {}) && (previous = node.previousSibling) && 'A' === previous.tagName) { parents.push(previous); } if (0 !== parents.length) { parents.forEach(function (parent) { expand(parent); }); return true; } return false; } function highlight(root, activeNode, nodes) { resetHighlightedNodes(root); Array.from(nodes||[]).forEach(function (node) { if (!/\bsf-dump-highlight\b/.test(node.className)) { node.className = node.className + ' sf-dump-highlight'; } }); if (!/\bsf-dump-highlight-active\b/.test(activeNode.className)) { activeNode.className = activeNode.className + ' sf-dump-highlight-active'; } } function resetHighlightedNodes(root) { Array.from(root.querySelectorAll('.sf-dump-str, .sf-dump-key, .sf-dump-public, .sf-dump-protected, .sf-dump-private')).forEach(function (strNode) { strNode.className = strNode.className.replace(/\bsf-dump-highlight\b/, ''); strNode.className = strNode.className.replace(/\bsf-dump-highlight-active\b/, ''); }); } return function (root, x) { root = doc.getElementById(root); var indentRx = new RegExp('^('+(root.getAttribute('data-indent-pad') || ' ').replace(rxEsc, '\\$1')+')+', 'm'), options = {"maxDepth":1,"maxStringLength":160,"fileLinkFormat":false}, elt = root.getElementsByTagName('A'), len = elt.length, i = 0, s, h, t = []; while (i < len) t.push(elt[i++]); for (i in x) { options[i] = x[i]; } function a(e, f) { addEventListener(root, e, function (e, n) { if ('A' == e.target.tagName) { f(e.target, e); } else if ('A' == e.target.parentNode.tagName) { f(e.target.parentNode, e); } else { n = /\bsf-dump-ellipsis\b/.test(e.target.className) ? e.target.parentNode : e.target; if ((n = n.nextElementSibling) && 'A' == n.tagName) { if (!/\bsf-dump-toggle\b/.test(n.className)) { n = n.nextElementSibling || n; } f(n, e, true); } } }); }; function isCtrlKey(e) { return e.ctrlKey || e.metaKey; } function xpathString(str) { var parts = str.match(/[^'"]+|['"]/g).map(function (part) { if ("'" == part) { return '"\'"'; } if ('"' == part) { return "'\"'"; } return "'" + part + "'"; }); return "concat(" + parts.join(",") + ", '')"; } function xpathHasClass(className) { return "contains(concat(' ', normalize-space(@class), ' '), ' " + className +" ')"; } a('mouseover', function (a, e, c) { if (c) { e.target.style.cursor = "pointer"; } }); a('click', function (a, e, c) { if (/\bsf-dump-toggle\b/.test(a.className)) { e.preventDefault(); if (!toggle(a, isCtrlKey(e))) { var r = doc.getElementById(a.getAttribute('href').slice(1)), s = r.previousSibling, f = r.parentNode, t = a.parentNode; t.replaceChild(r, a); f.replaceChild(a, s); t.insertBefore(s, r); f = f.firstChild.nodeValue.match(indentRx); t = t.firstChild.nodeValue.match(indentRx); if (f && t && f[0] !== t[0]) { r.innerHTML = r.innerHTML.replace(new RegExp('^'+f[0].replace(rxEsc, '\\$1'), 'mg'), t[0]); } if (/\bsf-dump-compact\b/.test(r.className)) { toggle(s, isCtrlKey(e)); } } if (c) { } else if (doc.getSelection) { try { doc.getSelection().removeAllRanges(); } catch (e) { doc.getSelection().empty(); } } else { doc.selection.empty(); } } else if (/\bsf-dump-str-toggle\b/.test(a.className)) { e.preventDefault(); e = a.parentNode.parentNode; e.className = e.className.replace(/\bsf-dump-str-(expand|collapse)\b/, a.parentNode.className); } }); elt = root.getElementsByTagName('SAMP'); len = elt.length; i = 0; while (i < len) t.push(elt[i++]); len = t.length; for (i = 0; i < len; ++i) { elt = t[i]; if ('SAMP' == elt.tagName) { a = elt.previousSibling || {}; if ('A' != a.tagName) { a = doc.createElement('A'); a.className = 'sf-dump-ref'; elt.parentNode.insertBefore(a, elt); } else { a.innerHTML += ' '; } a.title = (a.title ? a.title+'\n[' : '[')+keyHint+'+click] Expand all children'; a.innerHTML += elt.className == 'sf-dump-compact' ? '<span>&#9654;</span>' : '<span>&#9660;</span>'; a.className += ' sf-dump-toggle'; x = 1; if ('sf-dump' != elt.parentNode.className) { x += elt.parentNode.getAttribute('data-depth')/1; } } else if (/\bsf-dump-ref\b/.test(elt.className) && (a = elt.getAttribute('href'))) { a = a.slice(1); elt.className += ' sf-dump-hover'; elt.className += ' '+a; if (/[\[{]$/.test(elt.previousSibling.nodeValue)) { a = a != elt.nextSibling.id && doc.getElementById(a); try { s = a.nextSibling; elt.appendChild(a); s.parentNode.insertBefore(a, s); if (/^[@#]/.test(elt.innerHTML)) { elt.innerHTML += ' <span>&#9654;</span>'; } else { elt.innerHTML = '<span>&#9654;</span>'; elt.className = 'sf-dump-ref'; } elt.className += ' sf-dump-toggle'; } catch (e) { if ('&' == elt.innerHTML.charAt(0)) { elt.innerHTML = '&#8230;'; elt.className = 'sf-dump-ref'; } } } } } if (doc.evaluate && Array.from && root.children.length > 1) { root.setAttribute('tabindex', 0); SearchState = function () { this.nodes = []; this.idx = 0; }; SearchState.prototype = { next: function () { if (this.isEmpty()) { return this.current(); } this.idx = this.idx < (this.nodes.length - 1) ? this.idx + 1 : 0; return this.current(); }, previous: function () { if (this.isEmpty()) { return this.current(); } this.idx = this.idx > 0 ? this.idx - 1 : (this.nodes.length - 1); return this.current(); }, isEmpty: function () { return 0 === this.count(); }, current: function () { if (this.isEmpty()) { return null; } return this.nodes[this.idx]; }, reset: function () { this.nodes = []; this.idx = 0; }, count: function () { return this.nodes.length; }, }; function showCurrent(state) { var currentNode = state.current(), currentRect, searchRect; if (currentNode) { reveal(currentNode); highlight(root, currentNode, state.nodes); if ('scrollIntoView' in currentNode) { currentNode.scrollIntoView(true); currentRect = currentNode.getBoundingClientRect(); searchRect = search.getBoundingClientRect(); if (currentRect.top < (searchRect.top + searchRect.height)) { window.scrollBy(0, -(searchRect.top + searchRect.height + 5)); } } } counter.textContent = (state.isEmpty() ? 0 : state.idx + 1) + ' of ' + state.count(); } var search = doc.createElement('div'); search.className = 'sf-dump-search-wrapper sf-dump-search-hidden'; search.innerHTML = ' <input type="text" class="sf-dump-search-input"> <span class="sf-dump-search-count">0 of 0<\/span> <button type="button" class="sf-dump-search-input-previous" tabindex="-1"> <svg viewBox="0 0 1792 1792" xmlns="http://www.w3.org/2000/svg"><path d="M1683 1331l-166 165q-19 19-45 19t-45-19L896 965l-531 531q-19 19-45 19t-45-19l-166-165q-19-19-19-45.5t19-45.5l742-741q19-19 45-19t45 19l742 741q19 19 19 45.5t-19 45.5z"\/><\/svg> <\/button> <button type="button" class="sf-dump-search-input-next" tabindex="-1"> <svg viewBox="0 0 1792 1792" xmlns="http://www.w3.org/2000/svg"><path d="M1683 808l-742 741q-19 19-45 19t-45-19L109 808q-19-19-19-45.5t19-45.5l166-165q19-19 45-19t45 19l531 531 531-531q19-19 45-19t45 19l166 165q19 19 19 45.5t-19 45.5z"\/><\/svg> <\/button> '; root.insertBefore(search, root.firstChild); var state = new SearchState(); var searchInput = search.querySelector('.sf-dump-search-input'); var counter = search.querySelector('.sf-dump-search-count'); var searchInputTimer = 0; var previousSearchQuery = ''; addEventListener(searchInput, 'keyup', function (e) { var searchQuery = e.target.value; /* Don't perform anything if the pressed key didn't change the query */ if (searchQuery === previousSearchQuery) { return; } previousSearchQuery = searchQuery; clearTimeout(searchInputTimer); searchInputTimer = setTimeout(function () { state.reset(); collapseAll(root); resetHighlightedNodes(root); if ('' === searchQuery) { counter.textContent = '0 of 0'; return; } var classMatches = [ "sf-dump-str", "sf-dump-key", "sf-dump-public", "sf-dump-protected", "sf-dump-private", ].map(xpathHasClass).join(' or '); var xpathResult = doc.evaluate('.//span[' + classMatches + '][contains(translate(child::text(), ' + xpathString(searchQuery.toUpperCase()) + ', ' + xpathString(searchQuery.toLowerCase()) + '), ' + xpathString(searchQuery.toLowerCase()) + ')]', root, null, XPathResult.ORDERED_NODE_ITERATOR_TYPE, null); while (node = xpathResult.iterateNext()) state.nodes.push(node); showCurrent(state); }, 400); }); Array.from(search.querySelectorAll('.sf-dump-search-input-next, .sf-dump-search-input-previous')).forEach(function (btn) { addEventListener(btn, 'click', function (e) { e.preventDefault(); -1 !== e.target.className.indexOf('next') ? state.next() : state.previous(); searchInput.focus(); collapseAll(root); showCurrent(state); }) }); addEventListener(root, 'keydown', function (e) { var isSearchActive = !/\bsf-dump-search-hidden\b/.test(search.className); if ((114 === e.keyCode && !isSearchActive) || (isCtrlKey(e) && 70 === e.keyCode)) { /* F3 or CMD/CTRL + F */ if (70 === e.keyCode && document.activeElement === searchInput) { /* * If CMD/CTRL + F is hit while having focus on search input, * the user probably meant to trigger browser search instead. * Let the browser execute its behavior: */ return; } e.preventDefault(); search.className = search.className.replace(/\bsf-dump-search-hidden\b/, ''); searchInput.focus(); } else if (isSearchActive) { if (27 === e.keyCode) { /* ESC key */ search.className += ' sf-dump-search-hidden'; e.preventDefault(); resetHighlightedNodes(root); searchInput.value = ''; } else if ( (isCtrlKey(e) && 71 === e.keyCode) /* CMD/CTRL + G */ || 13 === e.keyCode /* Enter */ || 114 === e.keyCode /* F3 */ ) { e.preventDefault(); e.shiftKey ? state.previous() : state.next(); collapseAll(root); showCurrent(state); } } }); } if (0 >= options.maxStringLength) { return; } try { elt = root.querySelectorAll('.sf-dump-str'); len = elt.length; i = 0; t = []; while (i < len) t.push(elt[i++]); len = t.length; for (i = 0; i < len; ++i) { elt = t[i]; s = elt.innerText || elt.textContent; x = s.length - options.maxStringLength; if (0 < x) { h = elt.innerHTML; elt[elt.innerText ? 'innerText' : 'textContent'] = s.substring(0, options.maxStringLength); elt.className += ' sf-dump-str-collapse'; elt.innerHTML = '<span class=sf-dump-str-collapse>'+h+'<a class="sf-dump-ref sf-dump-str-toggle" title="Collapse"> &#9664;</a></span>'+ '<span class=sf-dump-str-expand>'+elt.innerHTML+'<a class="sf-dump-ref sf-dump-str-toggle" title="'+x+' remaining characters"> &#9654;</a></span>'; } } } catch (e) { } }; })(document); </script><style> .sf-js-enabled pre.sf-dump .sf-dump-compact, .sf-js-enabled .sf-dump-str-collapse .sf-dump-str-collapse, .sf-js-enabled .sf-dump-str-expand .sf-dump-str-expand { display: none; } .sf-dump-hover:hover { background-color: #B729D9; color: #FFF !important; border-radius: 2px; } pre.sf-dump { display: block; white-space: pre; padding: 5px; overflow: initial !important; } pre.sf-dump:after { content: ""; visibility: hidden; display: block; height: 0; clear: both; } pre.sf-dump .sf-dump-ellipsization { display: inline-flex; } pre.sf-dump a { text-decoration: none; cursor: pointer; border: 0; outline: none; color: inherit; } pre.sf-dump img { max-width: 50em; max-height: 50em; margin: .5em 0 0 0; padding: 0; background: url(data:image/png;base64,iVBORw0KGgoAAAANSUhEUgAAABAAAAAQCAAAAAA6mKC9AAAAHUlEQVQY02O8zAABilCaiQEN0EeA8QuUcX9g3QEAAjcC5piyhyEAAAAASUVORK5CYII=) #D3D3D3; } pre.sf-dump .sf-dump-ellipsis { text-overflow: ellipsis; white-space: nowrap; overflow: hidden; } pre.sf-dump .sf-dump-ellipsis-tail { flex-shrink: 0; } pre.sf-dump code { display:inline; padding:0; background:none; } .sf-dump-public.sf-dump-highlight, .sf-dump-protected.sf-dump-highlight, .sf-dump-private.sf-dump-highlight, .sf-dump-str.sf-dump-highlight, .sf-dump-key.sf-dump-highlight { background: rgba(111, 172, 204, 0.3); border: 1px solid #7DA0B1; border-radius: 3px; } .sf-dump-public.sf-dump-highlight-active, .sf-dump-protected.sf-dump-highlight-active, .sf-dump-private.sf-dump-highlight-active, .sf-dump-str.sf-dump-highlight-active, .sf-dump-key.sf-dump-highlight-active { background: rgba(253, 175, 0, 0.4); border: 1px solid #ffa500; border-radius: 3px; } pre.sf-dump .sf-dump-search-hidden { display: none !important; } pre.sf-dump .sf-dump-search-wrapper { font-size: 0; white-space: nowrap; margin-bottom: 5px; display: flex; position: -webkit-sticky; position: sticky; top: 5px; } pre.sf-dump .sf-dump-search-wrapper > * { vertical-align: top; box-sizing: border-box; height: 21px; font-weight: normal; border-radius: 0; background: #FFF; color: #757575; border: 1px solid #BBB; } pre.sf-dump .sf-dump-search-wrapper > input.sf-dump-search-input { padding: 3px; height: 21px; font-size: 12px; border-right: none; border-top-left-radius: 3px; border-bottom-left-radius: 3px; color: #000; min-width: 15px; width: 100%; } pre.sf-dump .sf-dump-search-wrapper > .sf-dump-search-input-next, pre.sf-dump .sf-dump-search-wrapper > .sf-dump-search-input-previous { background: #F2F2F2; outline: none; border-left: none; font-size: 0; line-height: 0; } pre.sf-dump .sf-dump-search-wrapper > .sf-dump-search-input-next { border-top-right-radius: 3px; border-bottom-right-radius: 3px; } pre.sf-dump .sf-dump-search-wrapper > .sf-dump-search-input-next > svg, pre.sf-dump .sf-dump-search-wrapper > .sf-dump-search-input-previous > svg { pointer-events: none; width: 12px; height: 12px; } pre.sf-dump .sf-dump-search-wrapper > .sf-dump-search-count { display: inline-block; padding: 0 5px; margin: 0; border-left: none; line-height: 21px; font-size: 12px; }pre.sf-dump, pre.sf-dump .sf-dump-default{background:none; color:#CC7832; line-height:1.2em; font:12px Menlo, Monaco, Consolas, monospace; word-wrap: break-word; white-space: pre-wrap; position:relative; z-index:99999; word-break: break-all}pre.sf-dump .sf-dump-num{font-weight:bold; color:#1299DA}pre.sf-dump .sf-dump-const{font-weight:bold}pre.sf-dump .sf-dump-str{font-weight:bold; color:#629755;}pre.sf-dump .sf-dump-note{color:#6897BB}pre.sf-dump .sf-dump-ref{color:#6E6E6E}pre.sf-dump .sf-dump-public{color:#262626}pre.sf-dump .sf-dump-protected{color:#262626}pre.sf-dump .sf-dump-private{color:#262626}pre.sf-dump .sf-dump-meta{color:#B729D9}pre.sf-dump .sf-dump-key{color:#789339}pre.sf-dump .sf-dump-index{color:#1299DA}pre.sf-dump .sf-dump-ellipsis{color:#CC7832}pre.sf-dump .sf-dump-ns{user-select:none;}pre.sf-dump .sf-dump-ellipsis-note{color:#6897BB}</style><pre class=sf-dump id=sf-dump-504853650 data-indent-pad="  "><span class=sf-dump-note>Twig\Error\RuntimeError</span> {<a class=sf-dump-ref>#1869</a><samp data-depth=1 class=sf-dump-expanded>
   Γöé <li class="selected"><code><span style="color: var(--highlight-comment)">&nbsp;&nbsp;&nbsp;&nbsp;&nbsp;&nbsp;&nbsp;&nbsp;</span><span style="color: var(--highlight-keyword)">if&nbsp;(((</span><span style="color: var(--highlight-default)">$tmp&nbsp;</span><span style="color: var(--highlight-keyword)">=&nbsp;</span><span style="color: var(--highlight-default)">CoreExtension</span><span style="color: var(--highlight-keyword)">::</span><span style="color: var(--highlight-default)">getAttribute</span><span style="color: var(--highlight-keyword)">(</span><span style="color: var(--highlight-default)">$this</span><span style="color: var(--highlight-keyword)">-&gt;</span><span style="color: var(--highlight-default)">env</span><span style="color: var(--highlight-keyword)">,&nbsp;</span><span style="color: var(--highlight-default)">$this</span><span style="color: var(--highlight-keyword)">-&gt;</span><span style="color: var(--highlight-default)">source</span><span style="color: var(--highlight-keyword)">,&nbsp;(isset(</span><span style="color: var(--highlight-default)">$context</span><span style="color: var(--highlight-keyword)">[</span><span style="color: var(--highlight-string)">"user"</span><span style="color: var(--highlight-keyword)">])&nbsp;||&nbsp;</span><span style="color: var(--highlight-default)">array_key_exists</span><span style="color: var(--highlight-keyword)">(</span><span style="color: var(--highlight-string)">"user"</span><span style="color: var(--highlight-keyword)">,&nbsp;</span><span style="color: var(--highlight-default)">$context</span><span style="color: var(--highlight-keyword)">)&nbsp;?&nbsp;</span><span style="color: var(--highlight-default)">$context</span><span style="color: var(--highlight-keyword)">[</span><span style="color: var(--highlight-string)">"user"</span><span style="color: var(--highlight-keyword)">]&nbsp;:&nbsp;(function&nbsp;()&nbsp;{&nbsp;throw&nbsp;new&nbsp;</span><span style="color: var(--highlight-default)">RuntimeError</span><span style="color: var(--highlight-keyword)">(</span><span style="color: var(--highlight-string)">'Variable&nbsp;"user"&nbsp;does&nbsp;not&nbsp;exist.'</span><span style="color: var(--highlight-keyword)">,&nbsp;</span><span style="color: var(--highlight-default)">20</span><span style="color: var(--highlight-keyword)">,&nbsp;</span><span style="color: var(--highlight-default)">$this</span><span style="color: var(--highlight-keyword)">-&gt;</span><span style="color: var(--highlight-default)">source</span><span style="color: var(--highlight-keyword)">);&nbsp;})()),&nbsp;</span><span style="color: var(--highlight-string)">"imageUrl"</span><span style="color: var(--highlight-keyword)">,&nbsp;[],&nbsp;</span><span style="color: var(--highlight-string)">"any"</span><span style="color: var(--highlight-keyword)">,&nbsp;</span><span style="color: var(--highlight-default)">false</span><span style="color: var(--highlight-keyword)">,&nbsp;</span><span style="color: var(--highlight-default)">false</span><span style="color: var(--highlight-keyword)">,&nbsp;</span><span style="color: var(--highlight-default)">false</span><span style="color: var(--highlight-keyword)">,&nbsp;</span><span style="color: var(--highlight-default)">20</span><span style="color: var(--highlight-keyword)">))&nbsp;&amp;&amp;&nbsp;</span><span style="color: var(--highlight-default)">$tmp&nbsp;</span><span style="color: var(--highlight-keyword)">instanceof&nbsp;</span><span style="color: var(--highlight-default)">Markup&nbsp;</span><span style="color: var(--highlight-keyword)">?&nbsp;(string)&nbsp;</span><span style="color: var(--highlight-default)">$tmp&nbsp;</span><span style="color: var(--highlight-keyword)">:&nbsp;</span><span style="color: var(--highlight-default)">$tmp</span><span style="color: var(--highlight-keyword)">))&nbsp;{</span></code></li>
   Γöé <li><code><span style="color: var(--highlight-keyword)">&nbsp;&nbsp;&nbsp;&nbsp;&nbsp;&nbsp;&nbsp;&nbsp;&nbsp;&nbsp;&nbsp;&nbsp;yield&nbsp;</span><span style="color: var(--highlight-default)">$this</span><span style="color: var(--highlight-keyword)">-&gt;</span><span style="color: var(--highlight-default)">env</span><span style="color: var(--highlight-keyword)">-&gt;</span><span style="color: var(--highlight-default)">getRuntime</span><span style="color: var(--highlight-keyword)">(</span><span style="color: var(--highlight-string)">'Twig\Runtime\EscaperRuntime'</span><span style="color: var(--highlight-keyword)">)-&gt;</span><span style="color: var(--highlight-default)">escape</span><span style="color: var(--highlight-keyword)">(</span><span style="color: var(--highlight-default)">$this</span><span style="color: var(--highlight-keyword)">-&gt;</span><span style="color: var(--highlight-default)">extensions</span><span style="color: var(--highlight-keyword)">[</span><span style="color: var(--highlight-string)">'Symfony\Bridge\Twig\Extension\AssetExtension'</span><span style="color: var(--highlight-keyword)">]-&gt;</span><span style="color: var(--highlight-default)">getAssetUrl</span><span style="color: var(--highlight-keyword)">(</span><span style="color: var(--highlight-default)">CoreExtension</span><span style="color: var(--highlight-keyword)">::</span><span style="color: var(--highlight-default)">getAttribute</span><span style="color: var(--highlight-keyword)">(</span><span style="color: var(--highlight-default)">$this</span><span style="color: var(--highlight-keyword)">-&gt;</span><span style="color: var(--highlight-default)">env</span><span style="color: var(--highlight-keyword)">,&nbsp;</span><span style="color: var(--highlight-default)">$this</span><span style="color: var(--highlight-keyword)">-&gt;</span><span style="color: var(--highlight-default)">source</span><span style="color: var(--highlight-keyword)">,&nbsp;(isset(</span><span style="color: var(--highlight-default)">$context</span><span style="color: var(--highlight-keyword)">[</span><span style="color: var(--highlight-string)">"user"</span><span style="color: var(--highlight-keyword)">])&nbsp;||&nbsp;</span><span style="color: var(--highlight-default)">array_key_exists</span><span style="color: var(--highlight-keyword)">(</span><span style="color: var(--highlight-string)">"user"</span><span style="color: var(--highlight-keyword)">,&nbsp;</span><span style="color: var(--highlight-default)">$context</span><span style="color: var(--highlight-keyword)">)&nbsp;?&nbsp;</span><span style="color: var(--highlight-default)">$context</span><span style="color: var(--highlight-keyword)">[</span><span style="color: var(--highlight-string)">"user"</span><span style="color: var(--highlight-keyword)">]&nbsp;:&nbsp;(function&nbsp;()&nbsp;{&nbsp;throw&nbsp;new&nbsp;</span><span style="color: var(--highlight-default)">RuntimeError</span><span style="color: var(--highlight-keyword)">(</span><span style="color: var(--highlight-string)">'Variable&nbsp;"user"&nbsp;does&nbsp;not&nbsp;exist.'</span><span style="color: var(--highlight-keyword)">,&nbsp;</span><span style="color: var(--highlight-default)">21</span><span style="color: var(--highlight-keyword)">,&nbsp;</span><span style="color: var(--highlight-default)">$this</span><span style="color: var(--highlight-keyword)">-&gt;</span><span style="color: var(--highlight-default)">source</span><span style="color: var(--highlight-keyword)">);&nbsp;})()),&nbsp;</span><span style="color: var(--highlight-string)">"imageUrl"</span><span style="color: var(--highlight-keyword)">,&nbsp;[],&nbsp;</span><span style="color: var(--highlight-string)">"any"</span><span style="color: var(--highlight-keyword)">,&nbsp;</span><span style="color: var(--highlight-default)">false</span><span style="color: var(--highlight-keyword)">,&nbsp;</span><span style="color: var(--highlight-default)">false</span><span style="color: var(--highlight-keyword)">,&nbsp;</span><span style="color: var(--highlight-default)">false</span><span style="color: var(--highlight-keyword)">,&nbsp;</span><span style="color: var(--highlight-default)">21</span><span style="color: var(--highlight-keyword)">)),&nbsp;</span><span style="color: var(--highlight-string)">"html"</span><span style="color: var(--highlight-keyword)">,&nbsp;</span><span style="color: var(--highlight-default)">null</span><span style="color: var(--highlight-keyword)">,&nbsp;</span><span style="color: var(--highlight-default)">true</span><span style="color: var(--highlight-keyword)">);</span></code></li>
   Γöé <li><code><span style="color: var(--highlight-keyword)">&nbsp;&nbsp;&nbsp;&nbsp;&nbsp;&nbsp;&nbsp;&nbsp;&nbsp;&nbsp;&nbsp;&nbsp;yield&nbsp;</span><span style="color: var(--highlight-default)">$this</span><span style="color: var(--highlight-keyword)">-&gt;</span><span style="color: var(--highlight-default)">env</span><span style="color: var(--highlight-keyword)">-&gt;</span><span style="color: var(--highlight-default)">getRuntime</span><span style="color: var(--highlight-keyword)">(</span><span style="color: var(--highlight-string)">'Twig\Runtime\EscaperRuntime'</span><span style="color: var(--highlight-keyword)">)-&gt;</span><span style="color: var(--highlight-default)">escape</span><span style="color: var(--highlight-keyword)">(((</span><span style="color: var(--highlight-default)">array_key_exists</span><span style="color: var(--highlight-keyword)">(</span><span style="color: var(--highlight-string)">"customClass"</span><span style="color: var(--highlight-keyword)">,&nbsp;</span><span style="color: var(--highlight-default)">$context</span><span style="color: var(--highlight-keyword)">))&nbsp;?&nbsp;(</span><span style="color: var(--highlight-default)">Twig\Extension\CoreExtension</span><span style="color: var(--highlight-keyword)">::default((isset(</span><span style="color: var(--highlight-default)">$context</span><span style="color: var(--highlight-keyword)">[</span><span style="color: var(--highlight-string)">"customClass"</span><span style="color: var(--highlight-keyword)">])&nbsp;||&nbsp;</span><span style="color: var(--highlight-default)">array_key_exists</span><span style="color: var(--highlight-keyword)">(</span><span style="color: var(--highlight-string)">"customClass"</span><span style="color: var(--highlight-keyword)">,&nbsp;</span><span style="color: var(--highlight-default)">$context</span><span style="color: var(--highlight-keyword)">)&nbsp;?&nbsp;</span><span style="color: var(--highlight-default)">$context</span><span style="color: var(--highlight-keyword)">[</span><span style="color: var(--highlight-string)">"customClass"</span><span style="color: var(--highlight-keyword)">]&nbsp;:&nbsp;(function&nbsp;()&nbsp;{&nbsp;throw&nbsp;new&nbsp;</span><span style="color: var(--highlight-default)">RuntimeError</span><span style="color: var(--highlight-keyword)">(</span><span style="color: var(--highlight-string)">'Variable&nbsp;"customClass"&nbsp;does&nbsp;not&nbsp;exist.'</span><span style="color: var(--highlight-keyword)">,&nbsp;</span><span style="color: var(--highlight-default)">21</span><span style="color: var(--highlight-keyword)">,&nbsp;</span><span style="color: var(--highlight-default)">$this</span><span style="color: var(--highlight-keyword)">-&gt;</span><span style="color: var(--highlight-default)">source</span><span style="color: var(--highlight-keyword)">);&nbsp;})()),&nbsp;</span><span style="color: var(--highlight-string)">""</span><span style="color: var(--highlight-keyword)">))&nbsp;:&nbsp;(</span><span style="color: var(--highlight-string)">""</span><span style="color: var(--highlight-keyword)">)),&nbsp;</span><span style="color: var(--highlight-string)">"html"</span><span style="color: var(--highlight-keyword)">,&nbsp;</span><span style="color: var(--highlight-default)">null</span><span style="color: var(--highlight-keyword)">,&nbsp;</span><span style="color: var(--highlight-default)">true</span><span style="color: var(--highlight-keyword)">);</span></code></li></ol>    </div>            </div>
   Γöé <li class="selected"><code><span style="color: var(--highlight-comment)">&nbsp;&nbsp;&nbsp;&nbsp;&nbsp;&nbsp;&nbsp;&nbsp;</span><span style="color: var(--highlight-keyword)">yield&nbsp;from&nbsp;</span><span style="color: var(--highlight-default)">$this</span><span style="color: var(--highlight-keyword)">-&gt;</span><span style="color: var(--highlight-default)">load</span><span style="color: var(--highlight-keyword)">(</span><span style="color: var(--highlight-string)">"components/_avatar.html.twig"</span><span style="color: var(--highlight-keyword)">,&nbsp;</span><span style="color: var(--highlight-default)">71</span><span style="color: var(--highlight-keyword)">)-&gt;</span><span style="color: var(--highlight-default)">unwrap</span><span style="color: var(--highlight-keyword)">()-&gt;</span><span style="color: var(--highlight-default)">yield</span><span style="color: var(--highlight-keyword)">(</span><span style="color: var(--highlight-default)">CoreExtension</span><span style="color: var(--highlight-keyword)">::</span><span style="color: var(--highlight-default)">merge</span><span style="color: var(--highlight-keyword)">(</span><span style="color: var(--highlight-default)">$context</span><span style="color: var(--highlight-keyword)">,&nbsp;[</span><span style="color: var(--highlight-string)">"user"&nbsp;</span><span style="color: var(--highlight-keyword)">=&gt;&nbsp;</span><span style="color: var(--highlight-default)">CoreExtension</span><span style="color: var(--highlight-keyword)">::</span><span style="color: var(--highlight-default)">getAttribute</span><span style="color: var(--highlight-keyword)">(</span><span style="color: var(--highlight-default)">$this</span><span style="color: var(--highlight-keyword)">-&gt;</span><span style="color: var(--highlight-default)">env</span><span style="color: var(--highlight-keyword)">,&nbsp;</span><span style="color: var(--highlight-default)">$this</span><span style="color: var(--highlight-keyword)">-&gt;</span><span style="color: var(--highlight-default)">source</span><span style="color: var(--highlight-keyword)">,&nbsp;(isset(</span><span style="color: var(--highlight-default)">$context</span><span style="color: var(--highlight-keyword)">[</span><span style="color: var(--highlight-string)">"app"</span><span style="color: var(--highlight-keyword)">])&nbsp;||&nbsp;</span><span style="color: var(--highlight-default)">array_key_exists</span><span style="color: var(--highlight-keyword)">(</span><span style="color: var(--highlight-string)">"app"</span><span style="color: var(--highlight-keyword)">,&nbsp;</span><span style="color: var(--highlight-default)">$context</span><span style="color: var(--highlight-keyword)">)&nbsp;?&nbsp;</span><span style="color: var(--highlight-default)">$context</span><span style="color: var(--highlight-keyword)">[</span><span style="color: var(--highlight-string)">"app"</span><span style="color: var(--highlight-keyword)">]&nbsp;:&nbsp;(function&nbsp;()&nbsp;{&nbsp;throw&nbsp;new&nbsp;</span><span style="color: var(--highlight-default)">RuntimeError</span><span style="color: var(--highlight-keyword)">(</span><span style="color: var(--highlight-string)">'Variable&nbsp;"app"&nbsp;does&nbsp;not&nbsp;exist.'</span><span style="color: var(--highlight-keyword)">,&nbsp;</span><span style="color: var(--highlight-default)">71</span><span style="color: var(--highlight-keyword)">,&nbsp;</span><span style="color: var(--highlight-default)">$this</span><span style="color: var(--highlight-keyword)">-&gt;</span><span style="color: var(--highlight-default)">source</span><span style="color: var(--highlight-keyword)">);&nbsp;})()),&nbsp;</span><span style="color: var(--highlight-string)">"user"</span><span style="color: var(--highlight-keyword)">,&nbsp;[],&nbsp;</span><span style="color: var(--highlight-string)">"any"</span><span style="color: var(--highlight-keyword)">,&nbsp;</span><span style="color: var(--highlight-default)">false</span><span style="color: var(--highlight-keyword)">,&nbsp;</span><span style="color: var(--highlight-default)">false</span><span style="color: var(--highlight-keyword)">,&nbsp;</span><span style="color: var(--highlight-default)">false</span><span style="color: var(--highlight-keyword)">,&nbsp;</span><span style="color: var(--highlight-default)">71</span><span style="color: var(--highlight-keyword)">),&nbsp;</span><span style="color: var(--highlight-string)">"size"&nbsp;</span><span style="color: var(--highlight-keyword)">=&gt;&nbsp;</span><span style="color: var(--highlight-string)">"100%"</span><span style="color: var(--highlight-keyword)">,&nbsp;</span><span style="color: var(--highlight-string)">"fontSize"&nbsp;</span><span style="color: var(--highlight-keyword)">=&gt;&nbsp;</span><span style="color: var(--highlight-string)">"1.2rem"</span><span style="color: var(--highlight-keyword)">]));</span></code></li>
   Γöé <li><code><span style="color: var(--highlight-keyword)">&nbsp;&nbsp;&nbsp;&nbsp;private&nbsp;function&nbsp;</span><span style="color: var(--highlight-default)">doRender</span><span style="color: var(--highlight-keyword)">(</span><span style="color: var(--highlight-default)">string&nbsp;$view</span><span style="color: var(--highlight-keyword)">,&nbsp;?</span><span style="color: var(--highlight-default)">string&nbsp;$block</span><span style="color: var(--highlight-keyword)">,&nbsp;array&nbsp;</span><span style="color: var(--highlight-default)">$parameters</span><span style="color: var(--highlight-keyword)">,&nbsp;?</span><span style="color: var(--highlight-default)">Response&nbsp;$response</span><span style="color: var(--highlight-keyword)">,&nbsp;</span><span style="color: var(--highlight-default)">string&nbsp;$method</span><span style="color: var(--highlight-keyword)">):&nbsp;</span><span style="color: var(--highlight-default)">Response</span></code></li>
   Γöé <li><code><span style="color: var(--highlight-keyword)">&nbsp;&nbsp;&nbsp;&nbsp;private&nbsp;function&nbsp;</span><span style="color: var(--highlight-default)">doRender</span><span style="color: var(--highlight-keyword)">(</span><span style="color: var(--highlight-default)">string&nbsp;$view</span><span style="color: var(--highlight-keyword)">,&nbsp;?</span><span style="color: var(--highlight-default)">string&nbsp;$block</span><span style="color: var(--highlight-keyword)">,&nbsp;array&nbsp;</span><span style="color: var(--highlight-default)">$parameters</span><span style="color: var(--highlight-keyword)">,&nbsp;?</span><span style="color: var(--highlight-default)">Response&nbsp;$response</span><span style="color: var(--highlight-keyword)">,&nbsp;</span><span style="color: var(--highlight-default)">string&nbsp;$method</span><span style="color: var(--highlight-keyword)">):&nbsp;</span><span style="color: var(--highlight-default)">Response</span></code></li>
   Γöé <li><code><span style="color: var(--highlight-keyword)">&nbsp;&nbsp;&nbsp;&nbsp;&nbsp;&nbsp;&nbsp;&nbsp;</span><span style="color: var(--highlight-default)">$response&nbsp;</span><span style="color: var(--highlight-keyword)">??=&nbsp;new&nbsp;</span><span style="color: var(--highlight-default)">Response</span><span style="color: var(--highlight-keyword)">();</span></code></li>
   Γöé <li><code><span style="color: var(--highlight-comment)">&nbsp;&nbsp;&nbsp;&nbsp;</span><span style="color: var(--highlight-keyword)">protected&nbsp;function&nbsp;</span><span style="color: var(--highlight-default)">render</span><span style="color: var(--highlight-keyword)">(</span><span style="color: var(--highlight-default)">string&nbsp;$view</span><span style="color: var(--highlight-keyword)">,&nbsp;array&nbsp;</span><span style="color: var(--highlight-default)">$parameters&nbsp;</span><span style="color: var(--highlight-keyword)">=&nbsp;[],&nbsp;?</span><span style="color: var(--highlight-default)">Response&nbsp;$response&nbsp;</span><span style="color: var(--highlight-keyword)">=&nbsp;</span><span style="color: var(--highlight-default)">null</span><span style="color: var(--highlight-keyword)">):&nbsp;</span><span style="color: var(--highlight-default)">Response</span></code></li>
   Γöé         var toggleClass = function(el, cssClass) { hasClass(el, cssClass) ? removeClass(el, cssClass) : addClass(el, cssClass); };
   Γöé                 toggle.innerHTML = currentContent !== altContent ? altContent : originalContent;
   Γöé                     label = i in labels ? labels[i] : value,
   Γöé                 option.setAttribute('title', 1 === (matches = filters.querySelectorAll('[data-filter-'+name+'="'+value+'"]').length) ? 'Matches 1 row' : 'Matches '+matches+' rows');
   Γöé                 localStorage.getItem('symfony/profiler/theme') || (matchMedia('(prefers-color-scheme: dark)').matches ? 'theme-dark' : 'theme-light')
   Γöé                         <script> Sfdump = window.Sfdump || (function (doc) { doc.documentElement.classList.add('sf-js-enabled'); var rxEsc = /([.*+?^${}()|\[\]\/\\])/g, idRx = /\bsf-dump-\d+-ref[012]\w+\b/, keyHint = 0 <= navigator.platform.toUpperCase().indexOf('MAC') ? 'Cmd' : 'Ctrl', addEventListener = function (e, n, cb) { e.addEventListener(n, cb, false); }; if (!doc.addEventListener) { addEventListener = function (element, eventName, callback) { element.attachEvent('on' + eventName, function (e) { e.preventDefault = function () {e.returnValue = false;}; e.target = e.srcElement; callback(e); }); }; } function toggle(a, recursive) { var s = a.nextSibling || {}, oldClass = s.className, arrow, newClass; if (/\bsf-dump-compact\b/.test(oldClass)) { arrow = '&#9660;'; newClass = 'sf-dump-expanded'; } else if (/\bsf-dump-expanded\b/.test(oldClass)) { arrow = '&#9654;'; newClass = 'sf-dump-compact'; } else { return false; } if (doc.createEvent && s.dispatchEvent) { var event = doc.createEvent('Event'); event.initEvent('sf-dump-expanded' === newClass ? 'sfbeforedumpexpand' : 'sfbeforedumpcollapse', true, false); s.dispatchEvent(event); } a.lastChild.innerHTML = arrow; s.className = s.className.replace(/\bsf-dump-(compact|expanded)\b/, newClass); if (recursive) { try { a = s.querySelectorAll('.'+oldClass); for (s = 0; s < a.length; ++s) { if (-1 == a[s].className.indexOf(newClass)) { a[s].className = newClass; a[s].previousSibling.lastChild.innerHTML = arrow; } } } catch (e) { } } return true; }; function collapse(a, recursive) { var s = a.nextSibling || {}, oldClass = s.className; if (/\bsf-dump-expanded\b/.test(oldClass)) { toggle(a, recursive); return true; } return false; }; function expand(a, recursive) { var s = a.nextSibling || {}, oldClass = s.className; if (/\bsf-dump-compact\b/.test(oldClass)) { toggle(a, recursive); return true; } return false; }; function collapseAll(root) { var a = root.querySelector('a.sf-dump-toggle'); if (a) { collapse(a, true); expand(a); return true; } return false; } function reveal(node) { var previous, parents = []; while ((node = node.parentNode || {}) && (previous = node.previousSibling) && 'A' === previous.tagName) { parents.push(previous); } if (0 !== parents.length) { parents.forEach(function (parent) { expand(parent); }); return true; } return false; } function highlight(root, activeNode, nodes) { resetHighlightedNodes(root); Array.from(nodes||[]).forEach(function (node) { if (!/\bsf-dump-highlight\b/.test(node.className)) { node.className = node.className + ' sf-dump-highlight'; } }); if (!/\bsf-dump-highlight-active\b/.test(activeNode.className)) { activeNode.className = activeNode.className + ' sf-dump-highlight-active'; } } function resetHighlightedNodes(root) { Array.from(root.querySelectorAll('.sf-dump-str, .sf-dump-key, .sf-dump-public, .sf-dump-protected, .sf-dump-private')).forEach(function (strNode) { strNode.className = strNode.className.replace(/\bsf-dump-highlight\b/, ''); strNode.className = strNode.className.replace(/\bsf-dump-highlight-active\b/, ''); }); } return function (root, x) { root = doc.getElementById(root); var indentRx = new RegExp('^('+(root.getAttribute('data-indent-pad') || ' ').replace(rxEsc, '\\$1')+')+', 'm'), options = {"maxDepth":1,"maxStringLength":160,"fileLinkFormat":false}, elt = root.getElementsByTagName('A'), len = elt.length, i = 0, s, h, t = []; while (i < len) t.push(elt[i++]); for (i in x) { options[i] = x[i]; } function a(e, f) { addEventListener(root, e, function (e, n) { if ('A' == e.target.tagName) { f(e.target, e); } else if ('A' == e.target.parentNode.tagName) { f(e.target.parentNode, e); } else { n = /\bsf-dump-ellipsis\b/.test(e.target.className) ? e.target.parentNode : e.target; if ((n = n.nextElementSibling) && 'A' == n.tagName) { if (!/\bsf-dump-toggle\b/.test(n.className)) { n = n.nextElementSibling || n; } f(n, e, true); } } }); }; function isCtrlKey(e) { return e.ctrlKey || e.metaKey; } function xpathString(str) { var parts = str.match(/[^'"]+|['"]/g).map(function (part) { if ("'" == part) { return '"\'"'; } if ('"' == part) { return "'\"'"; } return "'" + part + "'"; }); return "concat(" + parts.join(",") + ", '')"; } function xpathHasClass(className) { return "contains(concat(' ', normalize-space(@class), ' '), ' " + className +" ')"; } a('mouseover', function (a, e, c) { if (c) { e.target.style.cursor = "pointer"; } }); a('click', function (a, e, c) { if (/\bsf-dump-toggle\b/.test(a.className)) { e.preventDefault(); if (!toggle(a, isCtrlKey(e))) { var r = doc.getElementById(a.getAttribute('href').slice(1)), s = r.previousSibling, f = r.parentNode, t = a.parentNode; t.replaceChild(r, a); f.replaceChild(a, s); t.insertBefore(s, r); f = f.firstChild.nodeValue.match(indentRx); t = t.firstChild.nodeValue.match(indentRx); if (f && t && f[0] !== t[0]) { r.innerHTML = r.innerHTML.replace(new RegExp('^'+f[0].replace(rxEsc, '\\$1'), 'mg'), t[0]); } if (/\bsf-dump-compact\b/.test(r.className)) { toggle(s, isCtrlKey(e)); } } if (c) { } else if (doc.getSelection) { try { doc.getSelection().removeAllRanges(); } catch (e) { doc.getSelection().empty(); } } else { doc.selection.empty(); } } else if (/\bsf-dump-str-toggle\b/.test(a.className)) { e.preventDefault(); e = a.parentNode.parentNode; e.className = e.className.replace(/\bsf-dump-str-(expand|collapse)\b/, a.parentNode.className); } }); elt = root.getElementsByTagName('SAMP'); len = elt.length; i = 0; while (i < len) t.push(elt[i++]); len = t.length; for (i = 0; i < len; ++i) { elt = t[i]; if ('SAMP' == elt.tagName) { a = elt.previousSibling || {}; if ('A' != a.tagName) { a = doc.createElement('A'); a.className = 'sf-dump-ref'; elt.parentNode.insertBefore(a, elt); } else { a.innerHTML += ' '; } a.title = (a.title ? a.title+'\n[' : '[')+keyHint+'+click] Expand all children'; a.innerHTML += elt.className == 'sf-dump-compact' ? '<span>&#9654;</span>' : '<span>&#9660;</span>'; a.className += ' sf-dump-toggle'; x = 1; if ('sf-dump' != elt.parentNode.className) { x += elt.parentNode.getAttribute('data-depth')/1; } } else if (/\bsf-dump-ref\b/.test(elt.className) && (a = elt.getAttribute('href'))) { a = a.slice(1); elt.className += ' sf-dump-hover'; elt.className += ' '+a; if (/[\[{]$/.test(elt.previousSibling.nodeValue)) { a = a != elt.nextSibling.id && doc.getElementById(a); try { s = a.nextSibling; elt.appendChild(a); s.parentNode.insertBefore(a, s); if (/^[@#]/.test(elt.innerHTML)) { elt.innerHTML += ' <span>&#9654;</span>'; } else { elt.innerHTML = '<span>&#9654;</span>'; elt.className = 'sf-dump-ref'; } elt.className += ' sf-dump-toggle'; } catch (e) { if ('&' == elt.innerHTML.charAt(0)) { elt.innerHTML = '&#8230;'; elt.className = 'sf-dump-ref'; } } } } } if (doc.evaluate && Array.from && root.children.length > 1) { root.setAttribute('tabindex', 0); SearchState = function () { this.nodes = []; this.idx = 0; }; SearchState.prototype = { next: function () { if (this.isEmpty()) { return this.current(); } this.idx = this.idx < (this.nodes.length - 1) ? this.idx + 1 : 0; return this.current(); }, previous: function () { if (this.isEmpty()) { return this.current(); } this.idx = this.idx > 0 ? this.idx - 1 : (this.nodes.length - 1); return this.current(); }, isEmpty: function () { return 0 === this.count(); }, current: function () { if (this.isEmpty()) { return null; } return this.nodes[this.idx]; }, reset: function () { this.nodes = []; this.idx = 0; }, count: function () { return this.nodes.length; }, }; function showCurrent(state) { var currentNode = state.current(), currentRect, searchRect; if (currentNode) { reveal(currentNode); highlight(root, currentNode, state.nodes); if ('scrollIntoView' in currentNode) { currentNode.scrollIntoView(true); currentRect = currentNode.getBoundingClientRect(); searchRect = search.getBoundingClientRect(); if (currentRect.top < (searchRect.top + searchRect.height)) { window.scrollBy(0, -(searchRect.top + searchRect.height + 5)); } } } counter.textContent = (state.isEmpty() ? 0 : state.idx + 1) + ' of ' + state.count(); } var search = doc.createElement('div'); search.className = 'sf-dump-search-wrapper sf-dump-search-hidden'; search.innerHTML = ' <input type="text" class="sf-dump-search-input"> <span class="sf-dump-search-count">0 of 0<\/span> <button type="button" class="sf-dump-search-input-previous" tabindex="-1"> <svg viewBox="0 0 1792 1792" xmlns="http://www.w3.org/2000/svg"><path d="M1683 1331l-166 165q-19 19-45 19t-45-19L896 965l-531 531q-19 19-45 19t-45-19l-166-165q-19-19-19-45.5t19-45.5l742-741q19-19 45-19t45 19l742 741q19 19 19 45.5t-19 45.5z"\/><\/svg> <\/button> <button type="button" class="sf-dump-search-input-next" tabindex="-1"> <svg viewBox="0 0 1792 1792" xmlns="http://www.w3.org/2000/svg"><path d="M1683 808l-742 741q-19 19-45 19t-45-19L109 808q-19-19-19-45.5t19-45.5l166-165q19-19 45-19t45 19l531 531 531-531q19-19 45-19t45 19l166 165q19 19 19 45.5t-19 45.5z"\/><\/svg> <\/button> '; root.insertBefore(search, root.firstChild); var state = new SearchState(); var searchInput = search.querySelector('.sf-dump-search-input'); var counter = search.querySelector('.sf-dump-search-count'); var searchInputTimer = 0; var previousSearchQuery = ''; addEventListener(searchInput, 'keyup', function (e) { var searchQuery = e.target.value; /* Don't perform anything if the pressed key didn't change the query */ if (searchQuery === previousSearchQuery) { return; } previousSearchQuery = searchQuery; clearTimeout(searchInputTimer); searchInputTimer = setTimeout(function () { state.reset(); collapseAll(root); resetHighlightedNodes(root); if ('' === searchQuery) { counter.textContent = '0 of 0'; return; } var classMatches = [ "sf-dump-str", "sf-dump-key", "sf-dump-public", "sf-dump-protected", "sf-dump-private", ].map(xpathHasClass).join(' or '); var xpathResult = doc.evaluate('.//span[' + classMatches + '][contains(translate(child::text(), ' + xpathString(searchQuery.toUpperCase()) + ', ' + xpathString(searchQuery.toLowerCase()) + '), ' + xpathString(searchQuery.toLowerCase()) + ')]', root, null, XPathResult.ORDERED_NODE_ITERATOR_TYPE, null); while (node = xpathResult.iterateNext()) state.nodes.push(node); showCurrent(state); }, 400); }); Array.from(search.querySelectorAll('.sf-dump-search-input-next, .sf-dump-search-input-previous')).forEach(function (btn) { addEventListener(btn, 'click', function (e) { e.preventDefault(); -1 !== e.target.className.indexOf('next') ? state.next() : state.previous(); searchInput.focus(); collapseAll(root); showCurrent(state); }) }); addEventListener(root, 'keydown', function (e) { var isSearchActive = !/\bsf-dump-search-hidden\b/.test(search.className); if ((114 === e.keyCode && !isSearchActive) || (isCtrlKey(e) && 70 === e.keyCode)) { /* F3 or CMD/CTRL + F */ if (70 === e.keyCode && document.activeElement === searchInput) { /* * If CMD/CTRL + F is hit while having focus on search input, * the user probably meant to trigger browser search instead. * Let the browser execute its behavior: */ return; } e.preventDefault(); search.className = search.className.replace(/\bsf-dump-search-hidden\b/, ''); searchInput.focus(); } else if (isSearchActive) { if (27 === e.keyCode) { /* ESC key */ search.className += ' sf-dump-search-hidden'; e.preventDefault(); resetHighlightedNodes(root); searchInput.value = ''; } else if ( (isCtrlKey(e) && 71 === e.keyCode) /* CMD/CTRL + G */ || 13 === e.keyCode /* Enter */ || 114 === e.keyCode /* F3 */ ) { e.preventDefault(); e.shiftKey ? state.previous() : state.next(); collapseAll(root); showCurrent(state); } } }); } if (0 >= options.maxStringLength) { return; } try { elt = root.querySelectorAll('.sf-dump-str'); len = elt.length; i = 0; t = []; while (i < len) t.push(elt[i++]); len = t.length; for (i = 0; i < len; ++i) { elt = t[i]; s = elt.innerText || elt.textContent; x = s.length - options.maxStringLength; if (0 < x) { h = elt.innerHTML; elt[elt.innerText ? 'innerText' : 'textContent'] = s.substring(0, options.maxStringLength); elt.className += ' sf-dump-str-collapse'; elt.innerHTML = '<span class=sf-dump-str-collapse>'+h+'<a class="sf-dump-ref sf-dump-str-toggle" title="Collapse"> &#9664;</a></span>'+ '<span class=sf-dump-str-expand>'+elt.innerHTML+'<a class="sf-dump-ref sf-dump-str-toggle" title="'+x+' remaining characters"> &#9654;</a></span>'; } } } catch (e) { } }; })(document); </script><style> .sf-js-enabled pre.sf-dump .sf-dump-compact, .sf-js-enabled .sf-dump-str-collapse .sf-dump-str-collapse, .sf-js-enabled .sf-dump-str-expand .sf-dump-str-expand { display: none; } .sf-dump-hover:hover { background-color: #B729D9; color: #FFF !important; border-radius: 2px; } pre.sf-dump { display: block; white-space: pre; padding: 5px; overflow: initial !important; } pre.sf-dump:after { content: ""; visibility: hidden; display: block; height: 0; clear: both; } pre.sf-dump .sf-dump-ellipsization { display: inline-flex; } pre.sf-dump a { text-decoration: none; cursor: pointer; border: 0; outline: none; color: inherit; } pre.sf-dump img { max-width: 50em; max-height: 50em; margin: .5em 0 0 0; padding: 0; background: url(data:image/png;base64,iVBORw0KGgoAAAANSUhEUgAAABAAAAAQCAAAAAA6mKC9AAAAHUlEQVQY02O8zAABilCaiQEN0EeA8QuUcX9g3QEAAjcC5piyhyEAAAAASUVORK5CYII=) #D3D3D3; } pre.sf-dump .sf-dump-ellipsis { text-overflow: ellipsis; white-space: nowrap; overflow: hidden; } pre.sf-dump .sf-dump-ellipsis-tail { flex-shrink: 0; } pre.sf-dump code { display:inline; padding:0; background:none; } .sf-dump-public.sf-dump-highlight, .sf-dump-protected.sf-dump-highlight, .sf-dump-private.sf-dump-highlight, .sf-dump-str.sf-dump-highlight, .sf-dump-key.sf-dump-highlight { background: rgba(111, 172, 204, 0.3); border: 1px solid #7DA0B1; border-radius: 3px; } .sf-dump-public.sf-dump-highlight-active, .sf-dump-protected.sf-dump-highlight-active, .sf-dump-private.sf-dump-highlight-active, .sf-dump-str.sf-dump-highlight-active, .sf-dump-key.sf-dump-highlight-active { background: rgba(253, 175, 0, 0.4); border: 1px solid #ffa500; border-radius: 3px; } pre.sf-dump .sf-dump-search-hidden { display: none !important; } pre.sf-dump .sf-dump-search-wrapper { font-size: 0; white-space: nowrap; margin-bottom: 5px; display: flex; position: -webkit-sticky; position: sticky; top: 5px; } pre.sf-dump .sf-dump-search-wrapper > * { vertical-align: top; box-sizing: border-box; height: 21px; font-weight: normal; border-radius: 0; background: #FFF; color: #757575; border: 1px solid #BBB; } pre.sf-dump .sf-dump-search-wrapper > input.sf-dump-search-input { padding: 3px; height: 21px; font-size: 12px; border-right: none; border-top-left-radius: 3px; border-bottom-left-radius: 3px; color: #000; min-width: 15px; width: 100%; } pre.sf-dump .sf-dump-search-wrapper > .sf-dump-search-input-next, pre.sf-dump .sf-dump-search-wrapper > .sf-dump-search-input-previous { background: #F2F2F2; outline: none; border-left: none; font-size: 0; line-height: 0; } pre.sf-dump .sf-dump-search-wrapper > .sf-dump-search-input-next { border-top-right-radius: 3px; border-bottom-right-radius: 3px; } pre.sf-dump .sf-dump-search-wrapper > .sf-dump-search-input-next > svg, pre.sf-dump .sf-dump-search-wrapper > .sf-dump-search-input-previous > svg { pointer-events: none; width: 12px; height: 12px; } pre.sf-dump .sf-dump-search-wrapper > .sf-dump-search-count { display: inline-block; padding: 0 5px; margin: 0; border-left: none; line-height: 21px; font-size: 12px; }pre.sf-dump, pre.sf-dump .sf-dump-default{background:none; color:#CC7832; line-height:1.2em; font:12px Menlo, Monaco, Consolas, monospace; word-wrap: break-word; white-space: pre-wrap; position:relative; z-index:99999; word-break: break-all}pre.sf-dump .sf-dump-num{font-weight:bold; color:#1299DA}pre.sf-dump .sf-dump-const{font-weight:bold}pre.sf-dump .sf-dump-str{font-weight:bold; color:#629755;}pre.sf-dump .sf-dump-note{color:#6897BB}pre.sf-dump .sf-dump-ref{color:#6E6E6E}pre.sf-dump .sf-dump-public{color:#262626}pre.sf-dump .sf-dump-protected{color:#262626}pre.sf-dump .sf-dump-private{color:#262626}pre.sf-dump .sf-dump-meta{color:#B729D9}pre.sf-dump .sf-dump-key{color:#789339}pre.sf-dump .sf-dump-index{color:#1299DA}pre.sf-dump .sf-dump-ellipsis{color:#CC7832}pre.sf-dump .sf-dump-ns{user-select:none;}pre.sf-dump .sf-dump-ellipsis-note{color:#6897BB}</style><pre class=sf-dump id=sf-dump-340257694 data-indent-pad="  "><span class=sf-dump-note>Twig\Error\RuntimeError</span> {<a class=sf-dump-ref>#11195</a><samp data-depth=1 class=sf-dump-expanded>
   Γöé <li class="selected"><code><span style="color: var(--highlight-comment)">&nbsp;&nbsp;&nbsp;&nbsp;&nbsp;&nbsp;&nbsp;&nbsp;</span><span style="color: var(--highlight-keyword)">yield&nbsp;</span><span style="color: var(--highlight-default)">$this</span><span style="color: var(--highlight-keyword)">-&gt;</span><span style="color: var(--highlight-default)">env</span><span style="color: var(--highlight-keyword)">-&gt;</span><span style="color: var(--highlight-default)">getRuntime</span><span style="color: var(--highlight-keyword)">(</span><span style="color: var(--highlight-string)">'Twig\Runtime\EscaperRuntime'</span><span style="color: var(--highlight-keyword)">)-&gt;</span><span style="color: var(--highlight-default)">escape</span><span style="color: var(--highlight-keyword)">(</span><span style="color: var(--highlight-default)">CoreExtension</span><span style="color: var(--highlight-keyword)">::</span><span style="color: var(--highlight-default)">getAttribute</span><span style="color: var(--highlight-keyword)">(</span><span style="color: var(--highlight-default)">$this</span><span style="color: var(--highlight-keyword)">-&gt;</span><span style="color: var(--highlight-default)">env</span><span style="color: var(--highlight-keyword)">,&nbsp;</span><span style="color: var(--highlight-default)">$this</span><span style="color: var(--highlight-keyword)">-&gt;</span><span style="color: var(--highlight-default)">source</span><span style="color: var(--highlight-keyword)">,&nbsp;(isset(</span><span style="color: var(--highlight-default)">$context</span><span style="color: var(--highlight-keyword)">[</span><span style="color: var(--highlight-string)">"stats"</span><span style="color: var(--highlight-keyword)">])&nbsp;||&nbsp;</span><span style="color: var(--highlight-default)">array_key_exists</span><span style="color: var(--highlight-keyword)">(</span><span style="color: var(--highlight-string)">"stats"</span><span style="color: var(--highlight-keyword)">,&nbsp;</span><span style="color: var(--highlight-default)">$context</span><span style="color: var(--highlight-keyword)">)&nbsp;?&nbsp;</span><span style="color: var(--highlight-default)">$context</span><span style="color: var(--highlight-keyword)">[</span><span style="color: var(--highlight-string)">"stats"</span><span style="color: var(--highlight-keyword)">]&nbsp;:&nbsp;(function&nbsp;()&nbsp;{&nbsp;throw&nbsp;new&nbsp;</span><span style="color: var(--highlight-default)">RuntimeError</span><span style="color: var(--highlight-keyword)">(</span><span style="color: var(--highlight-string)">'Variable&nbsp;"stats"&nbsp;does&nbsp;not&nbsp;exist.'</span><span style="color: var(--highlight-keyword)">,&nbsp;</span><span style="color: var(--highlight-default)">14</span><span style="color: var(--highlight-keyword)">,&nbsp;</span><span style="color: var(--highlight-default)">$this</span><span style="color: var(--highlight-keyword)">-&gt;</span><span style="color: var(--highlight-default)">source</span><span style="color: var(--highlight-keyword)">);&nbsp;})()),&nbsp;</span><span style="color: var(--highlight-string)">"analysesThisMonth"</span><span style="color: var(--highlight-keyword)">,&nbsp;[],&nbsp;</span><span style="color: var(--highlight-string)">"any"</span><span style="color: var(--highlight-keyword)">,&nbsp;</span><span style="color: var(--highlight-default)">false</span><span style="color: var(--highlight-keyword)">,&nbsp;</span><span style="color: var(--highlight-default)">false</span><span style="color: var(--highlight-keyword)">,&nbsp;</span><span style="color: var(--highlight-default)">false</span><span style="color: var(--highlight-keyword)">,&nbsp;</span><span style="color: var(--highlight-default)">14</span><span style="color: var(--highlight-keyword)">),&nbsp;</span><span style="color: var(--highlight-string)">"html"</span><span style="color: var(--highlight-keyword)">,&nbsp;</span><span style="color: var(--highlight-default)">null</span><span style="color: var(--highlight-keyword)">,&nbsp;</span><span style="color: var(--highlight-default)">true</span><span style="color: var(--highlight-keyword)">);</span></code></li>
   Γöé <li><code><span style="color: var(--highlight-keyword)">&nbsp;&nbsp;&nbsp;&nbsp;private&nbsp;function&nbsp;</span><span style="color: var(--highlight-default)">doRender</span><span style="color: var(--highlight-keyword)">(</span><span style="color: var(--highlight-default)">string&nbsp;$view</span><span style="color: var(--highlight-keyword)">,&nbsp;?</span><span style="color: var(--highlight-default)">string&nbsp;$block</span><span style="color: var(--highlight-keyword)">,&nbsp;array&nbsp;</span><span style="color: var(--highlight-default)">$parameters</span><span style="color: var(--highlight-keyword)">,&nbsp;?</span><span style="color: var(--highlight-default)">Response&nbsp;$response</span><span style="color: var(--highlight-keyword)">,&nbsp;</span><span style="color: var(--highlight-default)">string&nbsp;$method</span><span style="color: var(--highlight-keyword)">):&nbsp;</span><span style="color: var(--highlight-default)">Response</span></code></li>
   Γöé <li><code><span style="color: var(--highlight-keyword)">&nbsp;&nbsp;&nbsp;&nbsp;private&nbsp;function&nbsp;</span><span style="color: var(--highlight-default)">doRender</span><span style="color: var(--highlight-keyword)">(</span><span style="color: var(--highlight-default)">string&nbsp;$view</span><span style="color: var(--highlight-keyword)">,&nbsp;?</span><span style="color: var(--highlight-default)">string&nbsp;$block</span><span style="color: var(--highlight-keyword)">,&nbsp;array&nbsp;</span><span style="color: var(--highlight-default)">$parameters</span><span style="color: var(--highlight-keyword)">,&nbsp;?</span><span style="color: var(--highlight-default)">Response&nbsp;$response</span><span style="color: var(--highlight-keyword)">,&nbsp;</span><span style="color: var(--highlight-default)">string&nbsp;$method</span><span style="color: var(--highlight-keyword)">):&nbsp;</span><span style="color: var(--highlight-default)">Response</span></code></li>
   Γöé <li><code><span style="color: var(--highlight-keyword)">&nbsp;&nbsp;&nbsp;&nbsp;&nbsp;&nbsp;&nbsp;&nbsp;</span><span style="color: var(--highlight-default)">$response&nbsp;</span><span style="color: var(--highlight-keyword)">??=&nbsp;new&nbsp;</span><span style="color: var(--highlight-default)">Response</span><span style="color: var(--highlight-keyword)">();</span></code></li>
   Γöé <li><code><span style="color: var(--highlight-comment)">&nbsp;&nbsp;&nbsp;&nbsp;</span><span style="color: var(--highlight-keyword)">protected&nbsp;function&nbsp;</span><span style="color: var(--highlight-default)">render</span><span style="color: var(--highlight-keyword)">(</span><span style="color: var(--highlight-default)">string&nbsp;$view</span><span style="color: var(--highlight-keyword)">,&nbsp;array&nbsp;</span><span style="color: var(--highlight-default)">$parameters&nbsp;</span><span style="color: var(--highlight-keyword)">=&nbsp;[],&nbsp;?</span><span style="color: var(--highlight-default)">Response&nbsp;$response&nbsp;</span><span style="color: var(--highlight-keyword)">=&nbsp;</span><span style="color: var(--highlight-default)">null</span><span style="color: var(--highlight-keyword)">):&nbsp;</span><span style="color: var(--highlight-default)">Response</span></code></li>
   Γöé         var toggleClass = function(el, cssClass) { hasClass(el, cssClass) ? removeClass(el, cssClass) : addClass(el, cssClass); };
   Γöé                 toggle.innerHTML = currentContent !== altContent ? altContent : originalContent;
   Γöé                     label = i in labels ? labels[i] : value,
   Γöé                 option.setAttribute('title', 1 === (matches = filters.querySelectorAll('[data-filter-'+name+'="'+value+'"]').length) ? 'Matches 1 row' : 'Matches '+matches+' rows');
   Γöé                                     'doctrine.ulid_generator' => '?'
   Γöé                                     'doctrine.uuid_generator' => '?'
   Γöé                                                                     'App\EventListener\CaptchaLoginListener' => '?'
   Γöé                                                                     'App\Form\AnalyseAdminType' => '?'
   Γöé                                                                     'App\Form\AnalyseType' => '?'
   Γöé                                                                     'App\Form\AnimalType' => '?'
   Γöé                                                                     'App\Form\ConseilAdminType' => '?'
   Γöé                                                                     'App\Form\ConseilType' => '?'
   Γöé                                                                     'App\Form\FermeType' => '?'
   Γöé                                                                     'App\Form\PlanteType' => '?'
   Γöé                                                                     'App\Form\RegistrationFormType' => '?'
   Γöé                                                                     'App\Form\UserAdminType' => '?'
   Γöé                                                                     'App\Repository\AnalyseRepository' => '?'
   Γöé                                                                     'App\Repository\AnimalRepository' => '?'
   Γöé                                                                     'App\Repository\AnimalSanteRepository' => '?'
   Γöé                                                                     'App\Repository\ArrosageRepository' => '?'
   Γöé                                                                     'App\Repository\ConseilRepository' => '?'
   Γöé                                                                     'App\Repository\FermeRepository' => '?'
   Γöé                                                                     'App\Repository\PlanteRepository' => '?'
   Γöé                                                                     'App\Repository\SuiviSanteRepository' => '?'
   Γöé                                                                     'App\Repository\UserFaceRepository' => '?'
   Γöé                                                                     'App\Repository\UserLogRepository' => '?'
   Γöé                                                                     'App\Repository\UserRepository' => '?'
   Γöé                                                                     'App\Security\LegacyPasswordHasher' => '?'
   Γöé                                                                     'App\Service\AuthService' => '?'
   Γöé                                                                     'App\Service\CaptchaService' => '?'
   Γöé                                                                     'App\Service\FaceEnrollmentService' => '?'
   Γöé                                                                     'App\Service\FarmPredictor' => '?'
   Γöé                                                                     'App\Service\GroqChatService' => '?'
   Γöé                                                                     'App\Service\GroqService' => '?'
   Γöé                                                                     'App\Service\PerenualService' => '?'
   Γöé                                                                     'App\Service\PlantService' => '?'
   Γöé                                                                     'App\Service\PythonFaceRecognitionService' => '?'
   Γöé                                                                     'App\Service\ReportService' => '?'
   Γöé                                                                     'App\Service\UserLogService' => '?'
   Γöé                                                                     'App\Service\UserService' => '?'
   Γöé                                                                     'App\Service\WeatherService' => '?'
   Γöé                                                                     'App\Twig\JsonDecodeExtension' => '?'
   Γöé                                                                     'argument_metadata_factory' => '?'
   Γöé                                                                     'argument_resolver.backed_enum_resolver' => '?'
   Γöé                                                                     'argument_resolver.datetime' => '?'
   Γöé                                                                     'argument_resolver.request_payload' => '?'
   Γöé                                                                     'argument_resolver.request_attribute' => '?'
   Γöé                                                                     'argument_resolver.request' => '?'
   Γöé                                                                     'argument_resolver.session' => '?'
   Γöé                                                                     'argument_resolver.service' => '?'
   Γöé                                                                     'argument_resolver.default' => '?'
   Γöé                                                                     'argument_resolver.variadic' => '?'
   Γöé                                                                     'argument_resolver.query_parameter_value_resolver' => '?'
   Γöé                                                                     'response_listener' => '?'
   Γöé                                                                     'locale_listener' => '?'
   Γöé                                                                     'validate_request_listener' => '?'
   Γöé                                                                     'disallow_search_engine_index_response_listener' => '?'
   Γöé                                                                     'exception_listener' => '?'
   Γöé                                                                     'controller.cache_attribute_listener' => '?'
   Γöé                                                                     'parameter_bag' => '?'
   Γöé                                                                     'url_helper' => '?'
   Γöé                                                                     'cache_clearer' => '?'
   Γöé                                                                     'filesystem' => '?'
   Γöé                                                                     'file_locator' => '?'
   Γöé                                                                     'uri_signer' => '?'
   Γöé                                                                     'config_cache_factory' => '?'
   Γöé                                                                     'dependency_injection.config.container_parameters_resource_checker' => '?'
   Γöé                                                                     'config.resource.self_checking_resource_checker' => '?'
   Γöé                                                                     'locale_aware_listener' => '?'
   Γöé                                                                     'container.env_var_processor' => '?'
   Γöé                                                                     'slugger' => '?'
   Γöé                                                                     'container.getenv' => '?'
   Γöé                                                                     'config_builder.warmer' => '?'
   Γöé                                                                     'clock' => '?'
   Γöé                                                                     'fragment.handler' => '?'
   Γöé                                                                     'fragment.uri_generator' => '?'
   Γöé                                                                     'fragment.renderer.inline' => '?'
   Γöé                                                                     'error_handler.error_renderer.html' => '?'
   Γöé                                                                     'process.messenger.process_message_handler' => '?'
   Γöé                                                                     'console.error_listener' => '?'
   Γöé                                                                     'console.suggest_missing_package_subscriber' => '?'
   Γöé                                                                     'console.command.about' => '?'
   Γöé                                                                     'console.command.assets_install' => '?'
   Γöé                                                                     'console.command.cache_clear' => '?'
   Γöé                                                                     'console.command.cache_pool_clear' => '?'
   Γöé                                                                     'console.command.cache_pool_prune' => '?'
   Γöé                                                                     'console.command.cache_pool_invalidate_tags' => '?'
   Γöé                                                                     'console.command.cache_pool_delete' => '?'
   Γöé                                                                     'console.command.cache_pool_list' => '?'
   Γöé                                                                     'console.command.cache_warmup' => '?'
   Γöé                                                                     'console.command.config_debug' => '?'
   Γöé                                                                     'console.command.config_dump_reference' => '?'
   Γöé                                                                     'console.command.container_debug' => '?'
   Γöé                                                                     'console.command.container_lint' => '?'
   Γöé                                                                     'console.command.debug_autowiring' => '?'
   Γöé                                                                     'console.command.dotenv_debug' => '?'
   Γöé                                                                     'console.command.event_dispatcher_debug' => '?'
   Γöé                                                                     'console.command.messenger_consume_messages' => '?'
   Γöé                                                                     'console.command.messenger_setup_transports' => '?'
   Γöé                                                                     'console.command.messenger_debug' => '?'
   Γöé                                                                     'console.command.messenger_stop_workers' => '?'
   Γöé                                                                     'console.command.messenger_failed_messages_retry' => '?'
   Γöé                                                                     'console.command.messenger_failed_messages_show' => '?'
   Γöé                                                                     'console.command.messenger_failed_messages_remove' => '?'
   Γöé                                                                     'console.command.messenger_stats' => '?'
   Γöé                                                                     'console.command.router_debug' => '?'
   Γöé                                                                     'console.command.router_match' => '?'
   Γöé                                                                     'console.command.serializer_debug' => '?'
   Γöé                                                                     'console.command.translation_debug' => '?'
   Γöé                                                                     'console.command.translation_extract' => '?'
   Γöé                                                                     'console.command.validator_debug' => '?'
   Γöé                                                                     'console.command.translation_pull' => '?'
   Γöé                                                                     'console.command.translation_push' => '?'
   Γöé                                                                     'console.command.xliff_lint' => '?'
   Γöé                                                                     'console.command.yaml_lint' => '?'
   Γöé                                                                     'console.command.form_debug' => '?'
   Γöé                                                                     'console.command.secrets_set' => '?'
   Γöé                                                                     'console.command.secrets_remove' => '?'
   Γöé                                                                     'console.command.secrets_generate_key' => '?'
   Γöé                                                                     'console.command.secrets_list' => '?'
   Γöé                                                                     'console.command.secrets_decrypt_to_local' => '?'
   Γöé                                                                     'console.command.secrets_encrypt_from_local' => '?'
   Γöé                                                                     'console.messenger.application' => '?'
   Γöé                                                                     'console.messenger.execute_command_handler' => '?'
   Γöé                                                                     'cache.app.taggable' => '?'
   Γöé                                                                     'cache.validator' => '?'
   Γöé                                                                     'cache.serializer' => '?'
   Γöé                                                                     'cache.annotations' => '?'
   Γöé                                                                     'cache.property_info' => '?'
   Γöé                                                                     'cache.asset_mapper' => '?'
   Γöé                                                                     'cache.messenger.restart_workers_signal' => '?'
   Γöé                                                                     'cache.default_marshaller' => '?'
   Γöé                                                                     'cache.default_clearer' => '?'
   Γöé                                                                     'identity_translator' => '?'
   Γöé                                                                     'test.client.history' => '?'
   Γöé                                                                     'test.client.cookiejar' => '?'
   Γöé                                                                     'test.session.listener' => '?'
   Γöé                                                                     'assets.packages' => '?'
   Γöé                                                                     'assets.context' => '?'
   Γöé                                                                     'assets.empty_version_strategy' => '?'
   Γöé                                                                     'asset_mapper' => '?'
   Γöé                                                                     'asset_mapper.cached_mapped_asset_factory.inner' => '?'
   Γöé                                                                     'asset_mapper.cached_mapped_asset_factory' => '?'
   Γöé                                                                     'asset_mapper.repository' => '?'
   Γöé                                                                     'asset_mapper.public_assets_path_resolver' => '?'
   Γöé                                                                     'asset_mapper.local_public_assets_filesystem' => '?'
   Γöé                                                                     'asset_mapper.compiled_asset_mapper_config_reader' => '?'
   Γöé                                                                     'asset_mapper.asset_package.inner' => '?'
   Γöé                                                                     'asset_mapper.asset_package' => '?'
   Γöé                                                                     'asset_mapper.dev_server_subscriber' => '?'
   Γöé                                                                     'asset_mapper.command.compile' => '?'
   Γöé                                                                     'asset_mapper.command.debug' => '?'
   Γöé                                                                     'asset_mapper_compiler' => '?'
   Γöé                                                                     'asset_mapper.compiler.css_asset_url_compiler' => '?'
   Γöé                                                                     'asset_mapper.compiler.source_mapping_urls_compiler' => '?'
   Γöé                                                                     'asset_mapper.compiler.javascript_import_path_compiler' => '?'
   Γöé                                                                     'asset_mapper.importmap.config_reader' => '?'
   Γöé                                                                     'asset_mapper.importmap.manager' => '?'
   Γöé                                                                     'asset_mapper.importmap.generator' => '?'
   Γöé                                                                     'asset_mapper.importmap.remote_package_storage' => '?'
   Γöé                                                                     'asset_mapper.importmap.remote_package_downloader' => '?'
   Γöé                                                                     'asset_mapper.importmap.version_checker' => '?'
   Γöé                                                                     'asset_mapper.importmap.resolver' => '?'
   Γöé                                                                     'asset_mapper.importmap.renderer' => '?'
   Γöé                                                                     'asset_mapper.importmap.auditor' => '?'
   Γöé                                                                     'asset_mapper.importmap.update_checker' => '?'
   Γöé                                                                     'asset_mapper.importmap.command.require' => '?'
   Γöé                                                                     'asset_mapper.importmap.command.remove' => '?'
   Γöé                                                                     'asset_mapper.importmap.command.update' => '?'
   Γöé                                                                     'asset_mapper.importmap.command.install' => '?'
   Γöé                                                                     'asset_mapper.importmap.command.audit' => '?'
   Γöé                                                                     'asset_mapper.importmap.command.outdated' => '?'
   Γöé                                                                     'http_client.transport' => '?'
   Γöé                                                                     'http_client.uri_template' => '?'
   Γöé                                                                     'http_client.messenger.ping_webhook_handler' => '?'
   Γöé                                                                     'mailer.mailer' => '?'
   Γöé                                                                     'mailer.transports' => '?'
   Γöé                                                                     'mailer.transport_factory' => '?'
   Γöé                                                                     'mailer.messenger.message_handler' => '?'
   Γöé                                                                     'mailer.envelope_listener' => '?'
   Γöé                                                                     'mailer.message_logger_listener' => '?'
   Γöé                                                                     'mailer.messenger_transport_listener' => '?'
   Γöé                                                                     'console.command.mailer_test' => '?'
   Γöé                                                                     'mailer.transport_factory.null' => '?'
   Γöé                                                                     'mailer.transport_factory.sendmail' => '?'
   Γöé                                                                     'mailer.transport_factory.smtp' => '?'
   Γöé                                                                     'mailer.transport_factory.native' => '?'
   Γöé                                                                     'translator.default' => '?'
   Γöé                                                                     'translator.formatter.default' => '?'
   Γöé                                                                     'translation.loader.php' => '?'
   Γöé                                                                     'translation.loader.yml' => '?'
   Γöé                                                                     'translation.loader.xliff' => '?'
   Γöé                                                                     'translation.loader.po' => '?'
   Γöé                                                                     'translation.loader.mo' => '?'
   Γöé                                                                     'translation.loader.qt' => '?'
   Γöé                                                                     'translation.loader.csv' => '?'
   Γöé                                                                     'translation.loader.res' => '?'
   Γöé                                                                     'translation.loader.dat' => '?'
   Γöé                                                                     'translation.loader.ini' => '?'
   Γöé                                                                     'translation.loader.json' => '?'
   Γöé                                                                     'translation.dumper.php' => '?'
   Γöé                                                                     'translation.dumper.xliff' => '?'
   Γöé                                                                     'translation.dumper.xliff.xliff' => '?'
   Γöé                                                                     'translation.dumper.po' => '?'
   Γöé                                                                     'translation.dumper.mo' => '?'
   Γöé                                                                     'translation.dumper.yml' => '?'
   Γöé                                                                     'translation.dumper.yaml' => '?'
   Γöé                                                                     'translation.dumper.qt' => '?'
   Γöé                                                                     'translation.dumper.csv' => '?'
   Γöé                                                                     'translation.dumper.ini' => '?'
   Γöé                                                                     'translation.dumper.json' => '?'
   Γöé                                                                     'translation.dumper.res' => '?'
   Γöé                                                                     'translation.extractor.php_ast' => '?'
   Γöé                                                                     'translation.extractor.visitor.trans_method' => '?'
   Γöé                                                                     'translation.extractor.visitor.translatable_message' => '?'
   Γöé                                                                     'translation.extractor.visitor.constraint' => '?'
   Γöé                                                                     'translation.reader' => '?'
   Γöé                                                                     'translation.extractor' => '?'
   Γöé                                                                     'translation.writer' => '?'
   Γöé                                                                     'translation.warmer' => '?'
   Γöé                                                                     'translation.locale_switcher' => '?'
   Γöé                                                                     'translation.provider_collection' => '?'
   Γöé                                                                     'translation.provider_collection_factory' => '?'
   Γöé                                                                     'translation.provider_factory.null' => '?'
   Γöé                                                                     'debug.debug_handlers_listener' => '?'
   Γöé                                                                     'debug.file_link_formatter' => '?'
   Γöé                                                                     'debug.event_dispatcher.inner' => '?'
   Γöé                                                                     'debug.event_dispatcher' => '?'
   Γöé                                                                     'debug.controller_resolver.inner' => '?'
   Γöé                                                                     'debug.controller_resolver' => '?'
   Γöé                                                                     'debug.argument_resolver.inner' => '?'
   Γöé                                                                     'debug.argument_resolver' => '?'
   Γöé                                                                     'argument_resolver.not_tagged_controller' => '?'
   Γöé                                                                     'debug.log_processor' => '?'
   Γöé                                                                     'debug.debug_logger_configurator' => '?'
   Γöé                                                                     'routing.resolver' => '?'
   Γöé                                                                     'routing.loader.xml' => '?'
   Γöé                                                                     'routing.loader.yml' => '?'
   Γöé                                                                     'routing.loader.php' => '?'
   Γöé                                                                     'routing.loader.glob' => '?'
   Γöé                                                                     'routing.loader.directory' => '?'
   Γöé                                                                     'routing.loader.container' => '?'
   Γöé                                                                     'routing.loader.attribute' => '?'
   Γöé                                                                     'routing.loader.attribute.directory' => '?'
   Γöé                                                                     'routing.loader.attribute.file' => '?'
   Γöé                                                                     'routing.loader.psr4' => '?'
   Γöé                                                                     'router.default' => '?'
   Γöé                                                                     'router.request_context' => '?'
   Γöé                                                                     'router.expression_language_provider' => '?'
   Γöé                                                                     'router.cache_warmer' => '?'
   Γöé                                                                     'router_listener' => '?'
   Γöé                                                                     'property_accessor' => '?'
   Γöé                                                                     'secrets.vault' => '?'
   Γöé                                                                     'secrets.decryption_key' => '?'
   Γöé                                                                     'secrets.local_vault' => '?'
   Γöé                                                                     'serializer' => '?'
   Γöé                                                                     'serializer.mapping.class_discriminator_resolver' => '?'
   Γöé                                                                     'serializer.normalizer.constraint_violation_list' => '?'
   Γöé                                                                     'serializer.normalizer.mime_message' => '?'
   Γöé                                                                     'serializer.normalizer.datetimezone' => '?'
   Γöé                                                                     'serializer.normalizer.dateinterval' => '?'
   Γöé                                                                     'serializer.normalizer.data_uri' => '?'
   Γöé                                                                     'serializer.normalizer.datetime' => '?'
   Γöé                                                                     'serializer.normalizer.json_serializable' => '?'
   Γöé                                                                     'serializer.normalizer.problem' => '?'
   Γöé                                                                     'serializer.denormalizer.unwrapping' => '?'
   Γöé                                                                     'serializer.normalizer.uid' => '?'
   Γöé                                                                     'serializer.normalizer.translatable' => '?'
   Γöé                                                                     'serializer.normalizer.form_error' => '?'
   Γöé                                                                     'serializer.normalizer.object' => '?'
   Γöé                                                                     'serializer.normalizer.property' => '?'
   Γöé                                                                     'serializer.denormalizer.array' => '?'
   Γöé                                                                     'serializer.mapping.chain_loader' => '?'
   Γöé                                                                     'serializer.mapping.class_metadata_factory' => '?'
   Γöé                                                                     'serializer.mapping.cache_warmer' => '?'
   Γöé                                                                     'serializer.encoder.xml' => '?'
   Γöé                                                                     'serializer.encoder.json' => '?'
   Γöé                                                                     'serializer.encoder.yaml' => '?'
   Γöé                                                                     'serializer.encoder.csv' => '?'
   Γöé                                                                     'serializer.name_converter.metadata_aware' => '?'
   Γöé                                                                     'property_info.serializer_extractor' => '?'
   Γöé                                                                     'error_handler.error_renderer.serializer' => '?'
   Γöé                                                                     'serializer.normalizer.backed_enum' => '?'
   Γöé                                                                     'property_info' => '?'
   Γöé                                                                     'property_info.reflection_extractor' => '?'
   Γöé                                                                     'property_info.phpstan_extractor' => '?'
   Γöé                                                                     'property_info.php_doc_extractor' => '?'
   Γöé                                                                     'web_link.http_header_serializer' => '?'
   Γöé                                                                     'web_link.add_link_header_listener' => '?'
   Γöé                                                                     'cache.property_access' => '?'
   Γöé                                                                     'session.factory' => '?'
   Γöé                                                                     'session.storage.factory.mock_file' => '?'
   Γöé                                                                     'session.handler.native' => '?'
   Γöé                                                                     'form.resolved_type_factory' => '?'
   Γöé                                                                     'form.registry' => '?'
   Γöé                                                                     'form.factory' => '?'
   Γöé                                                                     'form.extension' => '?'
   Γöé                                                                     'form.type_guesser.validator' => '?'
   Γöé                                                                     'form.choice_list_factory.default' => '?'
   Γöé                                                                     'form.choice_list_factory.property_access' => '?'
   Γöé                                                                     'form.choice_list_factory.cached' => '?'
   Γöé                                                                     'form.type.form' => '?'
   Γöé                                                                     'form.type.choice' => '?'
   Γöé                                                                     'form.type.file' => '?'
   Γöé                                                                     'form.type.color' => '?'
   Γöé                                                                     'form.type_extension.form.transformation_failure_handling' => '?'
   Γöé                                                                     'form.type_extension.form.http_foundation' => '?'
   Γöé                                                                     'form.type_extension.form.request_handler' => '?'
   Γöé                                                                     'form.server_params' => '?'
   Γöé                                                                     'form.type_extension.form.validator' => '?'
   Γöé                                                                     'form.type_extension.repeated.validator' => '?'
   Γöé                                                                     'form.type_extension.submit.validator' => '?'
   Γöé                                                                     'form.type_extension.upload.validator' => '?'
   Γöé                                                                     'validator.builder' => '?'
   Γöé                                                                     'validator.mapping.cache_warmer' => '?'
   Γöé                                                                     'validator.validator_factory' => '?'
   Γöé                                                                     'validator.expression' => '?'
   Γöé                                                                     'validator.expression_language' => '?'
   Γöé                                                                     'validator.expression_language_provider' => '?'
   Γöé                                                                     'validator.email' => '?'
   Γöé                                                                     'validator.not_compromised_password' => '?'
   Γöé                                                                     'validator.when' => '?'
   Γöé                                                                     'validator.no_suspicious_characters' => '?'
   Γöé                                                                     'validator.property_info_loader' => '?'
   Γöé                                                                     'messenger.senders_locator' => '?'
   Γöé                                                                     'serializer.normalizer.flatten_exception' => '?'
   Γöé                                                                     'messenger.transport.native_php_serializer' => '?'
   Γöé                                                                     'messenger.middleware.dispatch_after_current_bus' => '?'
   Γöé                                                                     'messenger.middleware.reject_redelivered_message_middleware' => '?'
   Γöé                                                                     'messenger.middleware.failed_message_processing_middleware' => '?'
   Γöé                                                                     'messenger.receiver_locator' => '?'
   Γöé                                                                     'messenger.transport_factory' => '?'
   Γöé                                                                     'messenger.transport.sync.factory' => '?'
   Γöé                                                                     'messenger.transport.in_memory.factory' => '?'
   Γöé                                                                     'messenger.retry_strategy_locator' => '?'
   Γöé                                                                     'messenger.retry.send_failed_message_for_retry_listener' => '?'
   Γöé                                                                     'messenger.failure.add_error_details_stamp_listener' => '?'
   Γöé                                                                     'messenger.failure.send_failed_message_to_failure_transport_listener' => '?'
   Γöé                                                                     'messenger.listener.stop_worker_on_restart_signal_listener' => '?'
   Γöé                                                                     'messenger.listener.stop_worker_on_stop_exception_listener' => '?'
   Γöé                                                                     'messenger.listener.reset_services' => '?'
   Γöé                                                                     'messenger.routable_message_bus' => '?'
   Γöé                                                                     'messenger.redispatch_message_handler' => '?'
   Γöé                                                                     'messenger.transport.async' => '?'
   Γöé                                                                     'messenger.retry.multiplier_retry_strategy.async' => '?'
   Γöé                                                                     'messenger.transport.failed' => '?'
   Γöé                                                                     'messenger.retry.multiplier_retry_strategy.failed' => '?'
   Γöé                                                                     'messenger.transport.sync' => '?'
   Γöé                                                                     'messenger.retry.multiplier_retry_strategy.sync' => '?'
   Γöé                                                                     'chatter.transports' => '?'
   Γöé                                                                     'chatter.transport_factory' => '?'
   Γöé                                                                     'chatter.messenger.chat_handler' => '?'
   Γöé                                                                     'texter.transports' => '?'
   Γöé                                                                     'texter.transport_factory' => '?'
   Γöé                                                                     'texter.messenger.sms_handler' => '?'
   Γöé                                                                     'texter.messenger.push_handler' => '?'
   Γöé                                                                     'notifier.notification_logger_listener' => '?'
   Γöé                                                                     'notifier.transport_factory.null' => '?'
   Γöé                                                                     'profiler' => '?'
   Γöé                                                                     'profiler.storage' => '?'
   Γöé                                                                     'profiler_listener' => '?'
   Γöé                                                                     'console_profiler_listener' => '?'
   Γöé                                                                     'data_collector.config' => '?'
   Γöé                                                                     'data_collector.request' => '?'
   Γöé                                                                     'data_collector.ajax' => '?'
   Γöé                                                                     'data_collector.exception' => '?'
   Γöé                                                                     'data_collector.events' => '?'
   Γöé                                                                     'data_collector.logger' => '?'
   Γöé                                                                     'data_collector.time' => '?'
   Γöé                                                                     'data_collector.memory' => '?'
   Γöé                                                                     'data_collector.router' => '?'
   Γöé                                                                     'cache_pool_clearer.cache_warmer' => '?'
   Γöé                                                                     'form.type_extension.form.data_collector' => '?'
   Γöé                                                                     'data_collector.form.extractor' => '?'
   Γöé                                                                     'data_collector.form' => '?'
   Γöé                                                                     'debug.validator.inner' => '?'
   Γöé                                                                     'debug.validator' => '?'
   Γöé                                                                     'data_collector.validator' => '?'
   Γöé                                                                     'translator.data_collector' => '?'
   Γöé                                                                     'data_collector.translation' => '?'
   Γöé                                                                     'data_collector.messenger' => '?'
   Γöé                                                                     'mailer.data_collector' => '?'
   Γöé                                                                     'data_collector.http_client' => '?'
   Γöé                                                                     'notifier.data_collector' => '?'
   Γöé                                                                     'mime_types' => '?'
   Γöé                                                                     'data_collector.doctrine' => '?'
   Γöé                                                                     'doctrine.dbal.connection_factory' => '?'
   Γöé                                                                     'doctrine.dbal.connection_factory.dsn_parser' => '?'
   Γöé                                                                     'doctrine.twig.doctrine_extension' => '?'
   Γöé                                                                     'doctrine.database_create_command' => '?'
   Γöé                                                                     'doctrine.database_drop_command' => '?'
   Γöé                                                                     'doctrine.query_sql_command' => '?'
   Γöé                                                                     'Doctrine\DBAL\Tools\Console\Command\RunSqlCommand' => '?'
   Γöé                                                                     'doctrine.dbal.default_schema_manager_factory' => '?'
   Γöé                                                                     'doctrine.dbal.default_connection.configuration' => '?'
   Γöé                                                                     'doctrine.dbal.default_connection.event_manager' => '?'
   Γöé                                                                     'Doctrine\Bundle\DoctrineBundle\Dbal\ManagerRegistryAwareConnectionProvider' => '?'
   Γöé                                                                     'doctrine.debug_data_holder' => '?'
   Γöé                                                                     'doctrine.orm.messenger.event_subscriber.doctrine_clear_entity_manager' => '?'
   Γöé                                                                     'messenger.transport.doctrine.factory' => '?'
   Γöé                                                                     'doctrine.orm.messenger.doctrine_schema_listener' => '?'
   Γöé                                                                     'doctrine.orm.proxy_cache_warmer' => '?'
   Γöé                                                                     'form.type_guesser.doctrine' => '?'
   Γöé                                                                     'form.type.entity' => '?'
   Γöé                                                                     'doctrine.orm.container_repository_factory' => '?'
   Γöé                                                                     'doctrine.orm.validator.unique' => '?'
   Γöé                                                                     'doctrine.orm.validator_initializer' => '?'
   Γöé                                                                     'doctrine.orm.listeners.doctrine_dbal_cache_adapter_schema_listener' => '?'
   Γöé                                                                     'doctrine.orm.listeners.doctrine_token_provider_schema_listener' => '?'
   Γöé                                                                     'doctrine.orm.listeners.pdo_session_handler_schema_listener' => '?'
   Γöé                                                                     'doctrine.orm.listeners.lock_store_schema_listener' => '?'
   Γöé                                                                     'doctrine.orm.naming_strategy.underscore_number_aware' => '?'
   Γöé                                                                     'doctrine.orm.quote_strategy.default' => '?'
   Γöé                                                                     'doctrine.orm.typed_field_mapper.default' => '?'
   Γöé                                                                     'doctrine.ulid_generator' => '?'
   Γöé                                                                     'doctrine.uuid_generator' => '?'
   Γöé                                                                     'doctrine.orm.command.entity_manager_provider' => '?'
   Γöé                                                                     'doctrine.orm.entity_value_resolver' => '?'
   Γöé                                                                     'doctrine.orm.entity_value_resolver.expression_language' => '?'
   Γöé                                                                     'doctrine.cache_clear_metadata_command' => '?'
   Γöé                                                                     'doctrine.cache_clear_query_cache_command' => '?'
   Γöé                                                                     'doctrine.cache_clear_result_command' => '?'
   Γöé                                                                     'doctrine.cache_collection_region_command' => '?'
   Γöé                                                                     'doctrine.schema_create_command' => '?'
   Γöé                                                                     'doctrine.schema_drop_command' => '?'
   Γöé                                                                     'doctrine.clear_entity_region_command' => '?'
   Γöé                                                                     'doctrine.mapping_info_command' => '?'
   Γöé                                                                     'doctrine.mapping_describe_command' => '?'
   Γöé                                                                     'doctrine.clear_query_region_command' => '?'
   Γöé                                                                     'doctrine.query_dql_command' => '?'
   Γöé                                                                     'doctrine.schema_update_command' => '?'
   Γöé                                                                     'doctrine.schema_validate_command' => '?'
   Γöé                                                                     'doctrine.orm.default_configuration' => '?'
   Γöé                                                                     'doctrine.orm.default_attribute_metadata_driver' => '?'
   Γöé                                                                     'cache.doctrine.orm.default.metadata' => '?'
   Γöé                                                                     'cache.doctrine.orm.default.result' => '?'
   Γöé                                                                     'cache.doctrine.orm.default.query' => '?'
   Γöé                                                                     'doctrine.orm.default_entity_listener_resolver' => '?'
   Γöé                                                                     'doctrine.orm.default_listeners.attach_entity_listeners' => '?'
   Γöé                                                                     'doctrine.orm.default_manager_configurator' => '?'
   Γöé                                                                     'doctrine.orm.default_entity_manager.property_info_extractor' => '?'
   Γöé                                                                     'doctrine.orm.default_entity_manager.validator_loader' => '?'
   Γöé                                                                     'doctrine.migrations.dependency_factory' => '?'
   Γöé                                                                     'doctrine.migrations.configuration_loader' => '?'
   Γöé                                                                     'doctrine.migrations.entity_manager_registry_loader' => '?'
   Γöé                                                                     'doctrine.migrations.configuration' => '?'
   Γöé                                                                     'doctrine.migrations.container_aware_migrations_factory.inner' => '?'
   Γöé                                                                     'doctrine.migrations.container_aware_migrations_factory' => '?'
   Γöé                                                                     'doctrine_migrations.diff_command' => '?'
   Γöé                                                                     'doctrine_migrations.sync_metadata_command' => '?'
   Γöé                                                                     'doctrine_migrations.versions_command' => '?'
   Γöé                                                                     'doctrine_migrations.current_command' => '?'
   Γöé                                                                     'doctrine_migrations.dump_schema_command' => '?'
   Γöé                                                                     'doctrine_migrations.execute_command' => '?'
   Γöé                                                                     'doctrine_migrations.generate_command' => '?'
   Γöé                                                                     'doctrine_migrations.latest_command' => '?'
   Γöé                                                                     'doctrine_migrations.migrate_command' => '?'
   Γöé                                                                     'doctrine_migrations.rollup_command' => '?'
   Γöé                                                                     'doctrine_migrations.status_command' => '?'
   Γöé                                                                     'doctrine_migrations.up_to_date_command' => '?'
   Γöé                                                                     'doctrine_migrations.version_command' => '?'
   Γöé                                                                     'doctrine_migrations.schema_filter_listener' => '?'
   Γöé                                                                     'doctrine.migrations.storage.table_storage' => '?'
   Γöé                                                                     'twig' => '?'
   Γöé                                                                     'twig.app_variable' => '?'
   Γöé                                                                     'twig.template_iterator' => '?'
   Γöé                                                                     'twig.template_cache_warmer' => '?'
   Γöé                                                                     'twig.loader.native_filesystem' => '?'
   Γöé                                                                     'twig.extension.profiler' => '?'
   Γöé                                                                     'twig.profile' => '?'
   Γöé                                                                     'data_collector.twig' => '?'
   Γöé                                                                     'twig.extension.trans' => '?'
   Γöé                                                                     'twig.extension.assets' => '?'
   Γöé                                                                     'twig.extension.code' => '?'
   Γöé                                                                     'twig.extension.routing' => '?'
   Γöé                                                                     'twig.extension.yaml' => '?'
   Γöé                                                                     'twig.extension.debug.stopwatch' => '?'
   Γöé                                                                     'twig.extension.expression' => '?'
   Γöé                                                                     'twig.extension.httpkernel' => '?'
   Γöé                                                                     'twig.runtime.httpkernel' => '?'
   Γöé                                                                     'twig.extension.httpfoundation' => '?'
   Γöé                                                                     'twig.extension.debug' => '?'
   Γöé                                                                     'twig.extension.weblink' => '?'
   Γöé                                                                     'twig.translation.extractor' => '?'
   Γöé                                                                     'twig.configurator.environment' => '?'
   Γöé                                                                     'twig.runtime_loader' => '?'
   Γöé                                                                     'twig.error_renderer.html' => '?'
   Γöé                                                                     'twig.runtime.serializer' => '?'
   Γöé                                                                     'twig.extension.serializer' => '?'
   Γöé                                                                     'controller.template_attribute_listener' => '?'
   Γöé                                                                     'twig.extension.form' => '?'
   Γöé                                                                     'twig.form.engine' => '?'
   Γöé                                                                     'twig.form.renderer' => '?'
   Γöé                                                                     'twig.command.debug' => '?'
   Γöé                                                                     'twig.command.lint' => '?'
   Γöé                                                                     'twig.mailer.message_listener' => '?'
   Γöé                                                                     'twig.mime_body_renderer' => '?'
   Γöé                                                                     'twig.runtime.importmap' => '?'
   Γöé                                                                     'twig.extension.importmap' => '?'
   Γöé                                                                     'web_profiler.csp.handler' => '?'
   Γöé                                                                     'twig.extension.webprofiler' => '?'
   Γöé                                                                     'debug.file_link_formatter.url_format' => '?'
   Γöé                                                                     'stimulus.helper' => '?'
   Γöé                                                                     'stimulus.twig_extension' => '?'
   Γöé                                                                     'stimulus.asset_mapper.ux_package_reader' => '?'
   Γöé                                                                     'stimulus.ux_controllers_twig_extension' => '?'
   Γöé                                                                     'stimulus.ux_controllers_twig_runtime' => '?'
   Γöé                                                                     'stimulus.asset_mapper.controllers_map_generator' => '?'
   Γöé                                                                     'stimulus.asset_mapper.auto_import_locator' => '?'
   Γöé                                                                     'stimulus.asset_mapper.loader_javascript_compiler' => '?'
   Γöé                                                                     'turbo.id_accessor' => '?'
   Γöé                                                                     'turbo.broadcaster.action_renderer.inner' => '?'
   Γöé                                                                     'turbo.broadcaster.action_renderer' => '?'
   Γöé                                                                     'turbo.twig.extension' => '?'
   Γöé                                                                     'turbo.twig.runtime' => '?'
   Γöé                                                                     'turbo.doctrine.event_listener' => '?'
   Γöé                                                                     'turbo.kernel.request_listener' => '?'
   Γöé                                                                     'twig.missing_extension_suggestor' => '?'
   Γöé                                                                     'security.authorization_checker' => '?'
   Γöé                                                                     'security.token_storage' => '?'
   Γöé                                                                     'security.untracked_token_storage' => '?'
   Γöé                                                                     'security.helper' => '?'
   Γöé                                                                     'security.user_value_resolver' => '?'
   Γöé                                                                     'security.security_token_value_resolver' => '?'
   Γöé                                                                     'security.authentication.trust_resolver' => '?'
   Γöé                                                                     'security.authentication.session_strategy' => '?'
   Γöé                                                                     'security.user_checker' => '?'
   Γöé                                                                     'security.user_checker_locator' => '?'
   Γöé                                                                     'security.expression_language' => '?'
   Γöé                                                                     'security.authentication_utils' => '?'
   Γöé                                                                     'security.role_hierarchy' => '?'
   Γöé                                                                     'security.access.simple_role_voter' => '?'
   Γöé                                                                     'security.access.authenticated_voter' => '?'
   Γöé                                                                     'security.access.expression_voter' => '?'
   Γöé                                                                     'security.impersonate_url_generator' => '?'
   Γöé                                                                     'security.firewall.map' => '?'
   Γöé                                                                     'security.logout_url_generator' => '?'
   Γöé                                                                     'security.route_loader.logout' => '?'
   Γöé                                                                     'security.http_utils' => '?'
   Γöé                                                                     'security.validator.user_password' => '?'
   Γöé                                                                     'cache.security_expression_language' => '?'
   Γöé                                                                     'controller.is_granted_attribute_listener' => '?'
   Γöé                                                                     'security.is_granted_attribute_expression_language' => '?'
   Γöé                                                                     'security.password_hasher_factory' => '?'
   Γöé                                                                     'security.user_password_hasher' => '?'
   Γöé                                                                     'form.listener.password_hasher' => '?'
   Γöé                                                                     'form.type_extension.form.password_hasher' => '?'
   Γöé                                                                     'form.type_extension.password.password_hasher' => '?'
   Γöé                                                                     'security.channel_listener' => '?'
   Γöé                                                                     'security.access_map' => '?'
   Γöé                                                                     'security.access_listener' => '?'
   Γöé                                                                     'security.firewall.event_dispatcher_locator' => '?'
   Γöé                                                                     'security.authenticator.managers_locator' => '?'
   Γöé                                                                     'security.listener.check_authenticator_credentials' => '?'
   Γöé                                                                     'security.listener.user_provider' => '?'
   Γöé                                                                     'security.listener.password_migrating' => '?'
   Γöé                                                                     'twig.extension.logout_url' => '?'
   Γöé                                                                     'twig.extension.security' => '?'
   Γöé                                                                     'data_collector.security' => '?'
   Γöé                                                                     'debug.security.access.decision_manager.inner' => '?'
   Γöé                                                                     'debug.security.access.decision_manager' => '?'
   Γöé                                                                     'debug.security.voter.vote_listener' => '?'
   Γöé                                                                     'debug.security.firewall' => '?'
   Γöé                                                                     'security.command.debug_firewall' => '?'
   Γöé                                                                     'security.user.provider.concrete.app_user_provider' => '?'
   Γöé                                                                     'security.firewall.map.config.dev' => '?'
   Γöé                                                                     'security.firewall.map.context.dev' => '?'
   Γöé                                                                     'security.firewall.map.config.api' => '?'
   Γöé                                                                     'security.listener.api.user_provider' => '?'
   Γöé                                                                     'security.authenticator.manager.api' => '?'
   Γöé                                                                     'debug.security.firewall.authenticator.api.inner' => '?'
   Γöé                                                                     'debug.security.firewall.authenticator.api' => '?'
   Γöé                                                                     'security.listener.user_checker.api' => '?'
   Γöé                                                                     'security.exception_listener.api' => '?'
   Γöé                                                                     'security.firewall.map.context.api' => '?'
   Γöé                                                                     'security.firewall.map.config.main' => '?'
   Γöé                                                                     'security.listener.main.user_provider' => '?'
   Γöé                                                                     'security.context_listener.0' => '?'
   Γöé                                                                     'security.listener.session.main' => '?'
   Γöé                                                                     'security.logout_listener.main' => '?'
   Γöé                                                                     'security.logout.listener.default.main' => '?'
   Γöé                                                                     'security.logout.listener.session.main' => '?'
   Γöé                                                                     'security.authenticator.form_login.main' => '?'
   Γöé                                                                     'security.authentication.success_handler.main.form_login' => '?'
   Γöé                                                                     'security.authentication.failure_handler.main.form_login' => '?'
   Γöé                                                                     'security.authenticator.manager.main' => '?'
   Γöé                                                                     'debug.security.firewall.authenticator.main.inner' => '?'
   Γöé                                                                     'debug.security.firewall.authenticator.main' => '?'
   Γöé                                                                     'security.listener.user_checker.main' => '?'
   Γöé                                                                     'security.exception_listener.main' => '?'
   Γöé                                                                     'security.firewall.map.context.main' => '?'
   Γöé                                                                     'security.command.user_password_hash' => '?'
   Γöé                                                                     'monolog.logger' => '?'
   Γöé                                                                     'monolog.handler.main.http_code_strategy' => '?'
   Γöé                                                                     'monolog.handler.main' => '?'
   Γöé                                                                     'monolog.processor.psr_log_message' => '?'
   Γöé                                                                     'monolog.handler.nested' => '?'
   Γöé                                                                     'messenger.bus.default.middleware.traceable' => '?'
   Γöé                                                                     'messenger.bus.default.middleware.add_bus_name_stamp_middleware' => '?'
   Γöé                                                                     'messenger.bus.default.middleware.send_message' => '?'
   Γöé                                                                     'messenger.bus.default.middleware.handle_message' => '?'
   Γöé                                                                     'debug.traced.messenger.bus.default.inner' => '?'
   Γöé                                                                     'debug.traced.messenger.bus.default' => '?'
   Γöé                                                                     'messenger.bus.default.messenger.handlers_locator' => '?'
   Γöé                                                                     'http_client.uri_template.inner' => '?'
   Γöé                                                                     '.doctrine.orm.default_metadata_driver.inner' => '?'
   Γöé                                                                     'doctrine.dbal.default_schema_asset_filter_manager' => '?'
   Γöé                                                                     'doctrine.dbal.logging_middleware.default' => '?'
   Γöé                                                                     'doctrine.dbal.debug_middleware.default' => '?'
   Γöé                                                                     'monolog.logger.request' => '?'
   Γöé                                                                     'monolog.logger.console' => '?'
   Γöé                                                                     'monolog.logger.messenger' => '?'
   Γöé                                                                     'monolog.logger.cache' => '?'
   Γöé                                                                     'monolog.logger.asset_mapper' => '?'
   Γöé                                                                     'monolog.logger.http_client' => '?'
   Γöé                                                                     'monolog.logger.mailer' => '?'
   Γöé                                                                     'monolog.logger.php' => '?'
   Γöé                                                                     'monolog.logger.event' => '?'
   Γöé                                                                     'monolog.logger.router' => '?'
   Γöé                                                                     'monolog.logger.profiler' => '?'
   Γöé                                                                     'monolog.logger.doctrine' => '?'
   Γöé                                                                     'monolog.logger.security' => '?'
   Γöé                                                                     'monolog.handler.null_internal' => '?'
   Γöé                                                                     'debug.security.event_dispatcher.api.inner' => '?'
   Γöé                                                                     'debug.security.event_dispatcher.api' => '?'
   Γöé                                                                     'debug.security.event_dispatcher.main.inner' => '?'
   Γöé                                                                     'debug.security.event_dispatcher.main' => '?'
   Γöé                                                                     'cache.app.recorder_inner' => '?'
   Γöé                                                                     'cache.system.recorder_inner' => '?'
   Γöé                                                                     'cache.validator.recorder_inner' => '?'
   Γöé                                                                     'cache.serializer.recorder_inner' => '?'
   Γöé                                                                     'cache.annotations.recorder_inner' => '?'
   Γöé                                                                     'cache.property_info.recorder_inner' => '?'
   Γöé                                                                     'cache.asset_mapper.recorder_inner' => '?'
   Γöé                                                                     'cache.messenger.restart_workers_signal.recorder_inner' => '?'
   Γöé                                                                     'cache.validator_expression_language.recorder_inner' => '?'
   Γöé                                                                     'cache.doctrine.orm.default.result.recorder_inner' => '?'
   Γöé                                                                     'cache.doctrine.orm.default.query.recorder_inner' => '?'
   Γöé                                                                     'cache.security_expression_language.recorder_inner' => '?'
   Γöé                                                                     'cache.security_is_granted_attribute_expression_language.recorder_inner' => '?'
   Γöé                                                                     'Symfony\Component\DependencyInjection\ParameterBag\ContainerBagInterface' => '?'
   Γöé                                                                     'Symfony\Component\DependencyInjection\ParameterBag\ParameterBagInterface' => '?'
   Γöé                                                                     'Symfony\Component\EventDispatcher\EventDispatcherInterface' => '?'
   Γöé                                                                     'Symfony\Contracts\EventDispatcher\EventDispatcherInterface' => '?'
   Γöé                                                                     'Psr\EventDispatcher\EventDispatcherInterface' => '?'
   Γöé                                                                     'Symfony\Component\HttpKernel\HttpKernelInterface' => '?'
   Γöé                                                                     'Symfony\Component\HttpFoundation\RequestStack' => '?'
   Γöé                                                                     'Symfony\Component\HttpFoundation\UrlHelper' => '?'
   Γöé                                                                     'Symfony\Component\HttpKernel\KernelInterface' => '?'
   Γöé                                                                     'Symfony\Component\Filesystem\Filesystem' => '?'
   Γöé                                                                     'Symfony\Component\HttpKernel\Config\FileLocator' => '?'
   Γöé                                                                     'Symfony\Component\HttpFoundation\UriSigner' => '?'
   Γöé                                                                     'Symfony\Component\HttpKernel\UriSigner' => '?'
   Γöé                                                                     'Symfony\Component\String\Slugger\SluggerInterface' => '?'
   Γöé                                                                     'Symfony\Component\Clock\ClockInterface' => '?'
   Γöé                                                                     'Psr\Clock\ClockInterface' => '?'
   Γöé                                                                     'Symfony\Component\HttpKernel\Fragment\FragmentUriGeneratorInterface' => '?'
   Γöé                                                                     'error_renderer.html' => '?'
   Γöé                                                                     'error_renderer' => '?'
   Γöé                                                                     'Psr\Container\ContainerInterface $parameterBag' => '?'
   Γöé                                                                     'Psr\Cache\CacheItemPoolInterface' => '?'
   Γöé                                                                     'Symfony\Contracts\Cache\CacheInterface' => '?'
   Γöé                                                                     'Symfony\Contracts\Cache\TagAwareCacheInterface' => '?'
   Γöé                                                                     'Symfony\Contracts\Translation\TranslatorInterface' => '?'
   Γöé                                                                     'Symfony\Component\Asset\Packages' => '?'
   Γöé                                                                     'Symfony\Component\AssetMapper\AssetMapperInterface' => '?'
   Γöé                                                                     'asset_mapper.http_client' => '?'
   Γöé                                                                     'Symfony\Component\AssetMapper\ImportMap\ImportMapManager' => '?'
   Γöé                                                                     'Symfony\Contracts\HttpClient\HttpClientInterface' => '?'
   Γöé                                                                     'mailer' => '?'
   Γöé                                                                     'Symfony\Component\Mailer\MailerInterface' => '?'
   Γöé                                                                     'mailer.default_transport' => '?'
   Γöé                                                                     'Symfony\Component\Mailer\Transport\TransportInterface' => '?'
   Γöé                                                                     'Symfony\Component\Translation\Reader\TranslationReaderInterface' => '?'
   Γöé                                                                     'Symfony\Component\Translation\Extractor\ExtractorInterface' => '?'
   Γöé                                                                     'Symfony\Component\Translation\Writer\TranslationWriterInterface' => '?'
   Γöé                                                                     'Symfony\Contracts\Translation\LocaleAwareInterface' => '?'
   Γöé                                                                     'Symfony\Component\Translation\LocaleSwitcher' => '?'
   Γöé                                                                     'translator.formatter' => '?'
   Γöé                                                                     'Symfony\Component\ErrorHandler\ErrorRenderer\FileLinkFormatter' => '?'
   Γöé                                                                     'Symfony\Component\Stopwatch\Stopwatch' => '?'
   Γöé                                                                     'routing.loader.annotation' => '?'
   Γöé                                                                     'routing.loader.annotation.directory' => '?'
   Γöé                                                                     'routing.loader.annotation.file' => '?'
   Γöé                                                                     'Symfony\Component\Routing\RouterInterface' => '?'
   Γöé                                                                     'Symfony\Component\Routing\Generator\UrlGeneratorInterface' => '?'
   Γöé                                                                     'Symfony\Component\Routing\Matcher\UrlMatcherInterface' => '?'
   Γöé                                                                     'Symfony\Component\Routing\RequestContextAwareInterface' => '?'
   Γöé                                                                     'Symfony\Component\Routing\RequestContext' => '?'
   Γöé                                                                     'Symfony\Component\PropertyAccess\PropertyAccessorInterface' => '?'
   Γöé                                                                     'Symfony\Component\Serializer\SerializerInterface' => '?'
   Γöé                                                                     'Symfony\Component\Serializer\Normalizer\NormalizerInterface' => '?'
   Γöé                                                                     'Symfony\Component\Serializer\Normalizer\DenormalizerInterface' => '?'
   Γöé                                                                     'Symfony\Component\Serializer\Encoder\EncoderInterface' => '?'
   Γöé                                                                     'Symfony\Component\Serializer\Encoder\DecoderInterface' => '?'
   Γöé                                                                     'serializer.property_accessor' => '?'
   Γöé                                                                     'Symfony\Component\Serializer\Mapping\ClassDiscriminatorResolverInterface' => '?'
   Γöé                                                                     'Symfony\Component\Serializer\Normalizer\ObjectNormalizer' => '?'
   Γöé                                                                     'Symfony\Component\Serializer\Normalizer\PropertyNormalizer' => '?'
   Γöé                                                                     'Symfony\Component\Serializer\Mapping\Factory\ClassMetadataFactoryInterface' => '?'
   Γöé                                                                     'error_renderer.serializer' => '?'
   Γöé                                                                     'Symfony\Component\PropertyInfo\PropertyAccessExtractorInterface' => '?'
   Γöé                                                                     'Symfony\Component\PropertyInfo\PropertyDescriptionExtractorInterface' => '?'
   Γöé                                                                     'Symfony\Component\PropertyInfo\PropertyInfoExtractorInterface' => '?'
   Γöé                                                                     'Symfony\Component\PropertyInfo\PropertyTypeExtractorInterface' => '?'
   Γöé                                                                     'Symfony\Component\PropertyInfo\PropertyListExtractorInterface' => '?'
   Γöé                                                                     'Symfony\Component\PropertyInfo\PropertyInitializableExtractorInterface' => '?'
   Γöé                                                                     'Symfony\Component\PropertyInfo\PropertyReadInfoExtractorInterface' => '?'
   Γöé                                                                     'Symfony\Component\PropertyInfo\PropertyWriteInfoExtractorInterface' => '?'
   Γöé                                                                     'Symfony\Component\WebLink\HttpHeaderSerializer' => '?'
   Γöé                                                                     'cache.default_doctrine_dbal_provider' => '?'
   Γöé                                                                     'SessionHandlerInterface' => '?'
   Γöé                                                                     'session.storage.factory' => '?'
   Γöé                                                                     'session.handler' => '?'
   Γöé                                                                     'session_listener' => '?'
   Γöé                                                                     'Symfony\Component\Form\ResolvedFormTypeFactoryInterface' => '?'
   Γöé                                                                     'Symfony\Component\Form\FormRegistryInterface' => '?'
   Γöé                                                                     'Symfony\Component\Form\FormFactoryInterface' => '?'
   Γöé                                                                     'form.property_accessor' => '?'
   Γöé                                                                     'form.choice_list_factory' => '?'
   Γöé                                                                     'Symfony\Component\Validator\Validator\ValidatorInterface' => '?'
   Γöé                                                                     'validator.mapping.class_metadata_factory' => '?'
   Γöé                                                                     'Symfony\Component\Messenger\Transport\Serialization\SerializerInterface' => '?'
   Γöé                                                                     'messenger.default_serializer' => '?'
   Γöé                                                                     'Symfony\Component\Messenger\MessageBusInterface' => '?'
   Γöé                                                                     'messenger.failure_transports.default' => '?'
   Γöé                                                                     'notifier.logger_notification_listener' => '?'
   Γöé                                                                     'Symfony\Component\Mime\MimeTypesInterface' => '?'
   Γöé                                                                     'Symfony\Component\Mime\MimeTypeGuesserInterface' => '?'
   Γöé                                                                     'Doctrine\DBAL\Connection' => '?'
   Γöé                                                                     'Doctrine\Persistence\ManagerRegistry' => '?'
   Γöé                                                                     'Doctrine\Common\Persistence\ManagerRegistry' => '?'
   Γöé                                                                     'doctrine.dbal.event_manager' => '?'
   Γöé                                                                     'Doctrine\DBAL\Connection $defaultConnection' => '?'
   Γöé                                                                     'Doctrine\ORM\EntityManagerInterface' => '?'
   Γöé                                                                     'doctrine.orm.default_metadata_cache' => '?'
   Γöé                                                                     'doctrine.orm.default_result_cache' => '?'
   Γöé                                                                     'doctrine.orm.default_query_cache' => '?'
   Γöé                                                                     'Doctrine\ORM\EntityManagerInterface $defaultEntityManager' => '?'
   Γöé                                                                     'doctrine.orm.default_entity_manager.event_manager' => '?'
   Γöé                                                                     'doctrine.migrations.metadata_storage' => '?'
   Γöé                                                                     'Twig_Environment' => '?'
   Γöé                                                                     'Twig\Environment' => '?'
   Γöé                                                                     'Symfony\Component\Mime\BodyRendererInterface' => '?'
   Γöé                                                                     'Symfony\UX\Turbo\Broadcaster\BroadcasterInterface' => '?'
   Γöé                                                                     'Symfony\Component\Security\Core\Authorization\AuthorizationCheckerInterface' => '?'
   Γöé                                                                     'Symfony\Component\Security\Core\Authentication\Token\Storage\TokenStorageInterface' => '?'
   Γöé                                                                     'Symfony\Bundle\SecurityBundle\Security' => '?'
   Γöé                                                                     'Symfony\Component\Security\Core\Security' => '?'
   Γöé                                                                     'Symfony\Component\Security\Http\Session\SessionAuthenticationStrategyInterface' => '?'
   Γöé                                                                     'Symfony\Component\Security\Http\Authentication\AuthenticationUtils' => '?'
   Γöé                                                                     'Symfony\Component\Security\Core\Authorization\AccessDecisionManagerInterface' => '?'
   Γöé                                                                     'Symfony\Component\Security\Core\Role\RoleHierarchyInterface' => '?'
   Γöé                                                                     'Symfony\Component\Security\Http\Firewall' => '?'
   Γöé                                                                     'Symfony\Component\Security\Http\FirewallMapInterface' => '?'
   Γöé                                                                     'Symfony\Component\Security\Http\HttpUtils' => '?'
   Γöé                                                                     'Symfony\Component\PasswordHasher\Hasher\PasswordHasherFactoryInterface' => '?'
   Γöé                                                                     'security.password_hasher' => '?'
   Γöé                                                                     'Symfony\Component\PasswordHasher\Hasher\UserPasswordHasherInterface' => '?'
   Γöé                                                                     'security.firewall' => '?'
   Γöé                                                                     'security.user_providers' => '?'
   Γöé                                                                     'Symfony\Component\Security\Core\User\UserProviderInterface' => '?'
   Γöé                                                                     'security.user_checker.api' => '?'
   Γöé                                                                     'security.authentication.session_strategy.main' => '?'
   Γöé                                                                     'security.user_checker.main' => '?'
   Γöé                                                                     'security.firewall.context_locator' => '?'
   Γöé                                                                     'Symfony\Component\Security\Core\User\UserCheckerInterface' => '?'
   Γöé                                                                     'logger' => '?'
   Γöé                                                                     'Psr\Log\LoggerInterface' => '?'
   Γöé                                                                     'twig.loader.filesystem' => '?'
   Γöé                                                                     'argument_resolver.controller_locator' => '?'
   Γöé                                                                     'doctrine.id_generator_locator' => '?'
   Γöé                                                                     'twig.loader' => '?'
   Γöé                                                                     'Psr\Log\LoggerInterface $requestLogger' => '?'
   Γöé                                                                     'Psr\Log\LoggerInterface $consoleLogger' => '?'
   Γöé                                                                     'Psr\Log\LoggerInterface $messengerLogger' => '?'
   Γöé                                                                     'Psr\Log\LoggerInterface $cacheLogger' => '?'
   Γöé                                                                     'Psr\Log\LoggerInterface $assetMapperLogger' => '?'
   Γöé                                                                     'Psr\Log\LoggerInterface $httpClientLogger' => '?'
   Γöé                                                                     'Psr\Log\LoggerInterface $mailerLogger' => '?'
   Γöé                                                                     'Psr\Log\LoggerInterface $phpLogger' => '?'
   Γöé                                                                     'Psr\Log\LoggerInterface $eventLogger' => '?'
   Γöé                                                                     'Psr\Log\LoggerInterface $routerLogger' => '?'
   Γöé                                                                     'Psr\Log\LoggerInterface $profilerLogger' => '?'
   Γöé                                                                     'Psr\Log\LoggerInterface $doctrineLogger' => '?'
   Γöé                                                                     'Psr\Log\LoggerInterface $securityLogger' => '?'
   Γöé                                                                     'Psr\Log\LoggerInterface $deprecationLogger' => '?'
   Γöé                                                                     'validator' => '?'
   Γöé                                                                     'http_client' => '?'
   Γöé                                                                     'asset_mapper.mapped_asset_factory' => '?'
   Γöé                                                                     'assets._default_package' => '?'
   Γöé                                                                     'controller_resolver' => '?'
   Γöé                                                                     'argument_resolver' => '?'
   Γöé                                                                     'translator.data_collector.inner' => '?'
   Γöé                                                                     'doctrine.migrations.migrations_factory' => '?'
   Γöé                                                                     'twig.error_renderer.html.inner' => '?'
   Γöé                                                                     'turbo.broadcaster.imux' => '?'
   Γöé                                                                     'security.access.decision_manager' => '?'
   Γöé                                                                     'security.firewall.authenticator.api' => '?'
   Γöé                                                                     'security.firewall.authenticator.main' => '?'
   Γöé                                                                     'messenger.bus.default' => '?'
   Γöé                                                                     'doctrine.orm.default_metadata_driver' => '?'
   Γöé                                                                     'security.event_dispatcher.api' => '?'
   Γöé                                                                     'security.event_dispatcher.main' => '?'
   Γöé                                                                     'base64' => '?'
   Γöé                                                                     'bool' => '?'
   Γöé                                                                     'const' => '?'
   Γöé                                                                     'csv' => '?'
   Γöé                                                                     'default' => '?'
   Γöé                                                                     'defined' => '?'
   Γöé                                                                     'enum' => '?'
   Γöé                                                                     'file' => '?'
   Γöé                                                                     'float' => '?'
   Γöé                                                                     'int' => '?'
   Γöé                                                                     'json' => '?'
   Γöé                                                                     'key' => '?'
   Γöé                                                                     'not' => '?'
   Γöé                                                                     'query_string' => '?'
   Γöé                                                                     'require' => '?'
   Γöé                                                                     'resolve' => '?'
   Γöé                                                                     'shuffle' => '?'
   Γöé                                                                     'string' => '?'
   Γöé                                                                     'trim' => '?'
   Γöé                                                                     'url' => '?'
   Γöé AND name = ?'
   Γöé AND name = ?'
   Γöé AND name = ?'
   Γöé AND name = ?'
   Γöé AND name = ?'
   Γöé AND name = ?'
   Γöé AND name = ?'
   Γöé AND name = ?'
   Γöé AND name = ?'
   Γöé AND name = ?'
   Γöé AND name = ?'
   Γöé AND name = ?'
   Γöé AND name = ?'
   Γöé AND name = ?'
   Γöé AND name = ?'
   Γöé AND name = ?'
   Γöé AND name = ?'
   Γöé AND name = ?'
   Γöé AND name = ?'
   Γöé AND name = ?'
   Γöé AND name = ?'
   Γöé                                                                                                 'sql' => 'SELECT * FROM PRAGMA_TABLE_INFO (?)'
   Γöé                                                                                                 'sql' => 'SELECT * FROM PRAGMA_INDEX_INFO (?)'
   Γöé                                                                                                 'sql' => 'SELECT * FROM PRAGMA_INDEX_INFO (?)'
   Γöé                                                                                                 'sql' => 'SELECT * FROM PRAGMA_INDEX_INFO (?)'
   Γöé                                                                                                 'sql' => 'SELECT * FROM PRAGMA_INDEX_INFO (?)'
   Γöé                                                                                                 'sql' => 'SELECT * FROM PRAGMA_INDEX_INFO (?)'
   Γöé AND name = ?'
   Γöé                                                                                                 'sql' => 'SELECT * FROM PRAGMA_TABLE_INFO (?)'
   Γöé                                                                                                 'sql' => 'SELECT * FROM PRAGMA_INDEX_INFO (?)'
   Γöé AND name = ?'
   Γöé                                                                                                 'sql' => 'SELECT * FROM PRAGMA_TABLE_INFO (?)'
   Γöé                                                                                                 'sql' => 'SELECT * FROM PRAGMA_INDEX_INFO (?)'
   Γöé AND name = ?'
   Γöé                                                                                                 'sql' => 'SELECT * FROM PRAGMA_TABLE_INFO (?)'
   Γöé                                                                                                 'sql' => 'SELECT * FROM PRAGMA_INDEX_INFO (?)'
   Γöé AND name = ?'
   Γöé                                                                                                 'sql' => 'SELECT * FROM PRAGMA_TABLE_INFO (?)'
   Γöé                                                                                                 'sql' => 'SELECT * FROM PRAGMA_INDEX_INFO (?)'
   Γöé AND name = ?'
   Γöé                                                                                                 'sql' => 'SELECT * FROM PRAGMA_TABLE_INFO (?)'
   Γöé                                                                                                 'sql' => 'SELECT * FROM PRAGMA_INDEX_INFO (?)'
   Γöé AND name = ?'
   Γöé                                                                                                 'sql' => 'SELECT * FROM PRAGMA_TABLE_INFO (?)'
   Γöé                                                                                                 'sql' => 'SELECT * FROM PRAGMA_INDEX_INFO (?)'
   Γöé AND name = ?'
   Γöé                                                                                                 'sql' => 'SELECT * FROM PRAGMA_TABLE_INFO (?)'
   Γöé                                                                                                 'sql' => 'SELECT * FROM PRAGMA_INDEX_INFO (?)'
   Γöé AND name = ?'
   Γöé                                                                                                 'sql' => 'SELECT * FROM PRAGMA_TABLE_INFO (?)'
   Γöé                                                                                                 'sql' => 'SELECT * FROM PRAGMA_INDEX_INFO (?)'
   Γöé                                                                                                 'sql' => 'SELECT * FROM PRAGMA_INDEX_INFO (?)'
   Γöé AND name = ?'
   Γöé                                                                                                 'sql' => 'SELECT * FROM PRAGMA_TABLE_INFO (?)'
   Γöé                                                                                                 'sql' => 'SELECT * FROM PRAGMA_INDEX_INFO (?)'
   Γöé AND name = ?'
   Γöé                                                                                                 'sql' => 'SELECT * FROM PRAGMA_TABLE_INFO (?)'
   Γöé                                                                                                 'sql' => 'SELECT * FROM PRAGMA_INDEX_INFO (?)'
   Γöé                                                                                                 'sql' => 'SELECT * FROM PRAGMA_INDEX_INFO (?)'
   Γöé                                                                                                 'sql' => 'INSERT INTO user (nom, prenom, email, password, cin, adresse, telephone, image_url, role, created_at, updated_at) VALUES (?, ?, ?, ?, ?, ?, ?, ?, ?, ?, ?)'
   Γöé                                                                                                 'sql' => 'INSERT INTO ferme (nom_ferme, lieu, surface, latitude, longitude, created_at, updated_at, id_user) VALUES (?, ?, ?, ?, ?, ?, ?, ?)'
   Γöé                                                                                                 'sql' => 'INSERT INTO analyse (date_analyse, resultat_technique, image_url, weather_data, weather_fetched_at, statut, description_demande, ai_diagnosis_result, ai_diagnosis_date, ai_confidence_score, id_technicien, id_ferme, id_demandeur, id_animal_cible, id_plante_cible) VALUES (?, ?, ?, ?, ?, ?, ?, ?, ?, ?, ?, ?, ?, ?, ?)'
   Γöé AND name = ?'
   Γöé AND name = ?'
   Γöé AND name = ?'
   Γöé AND name = ?'
   Γöé AND name = ?'
   Γöé AND name = ?'
   Γöé AND name = ?'
   Γöé AND name = ?'
   Γöé AND name = ?'
   Γöé AND name = ?'
   Γöé AND name = ?'
   Γöé AND name = ?'
   Γöé AND name = ?'
   Γöé AND name = ?'
   Γöé AND name = ?'
   Γöé AND name = ?'
   Γöé AND name = ?'
   Γöé AND name = ?'
   Γöé AND name = ?'
   Γöé AND name = ?'
   Γöé AND name = ?'
   Γöé                                                                                     'sql' => 'SELECT * FROM PRAGMA_TABLE_INFO (?)'
   Γöé                                                                                     'sql' => 'SELECT * FROM PRAGMA_INDEX_INFO (?)'
   Γöé                                                                                     'sql' => 'SELECT * FROM PRAGMA_INDEX_INFO (?)'
   Γöé                                                                                     'sql' => 'SELECT * FROM PRAGMA_INDEX_INFO (?)'
   Γöé                                                                                     'sql' => 'SELECT * FROM PRAGMA_INDEX_INFO (?)'
   Γöé                                                                                     'sql' => 'SELECT * FROM PRAGMA_INDEX_INFO (?)'
   Γöé AND name = ?'
   Γöé                                                                                     'sql' => 'SELECT * FROM PRAGMA_TABLE_INFO (?)'
   Γöé                                                                                     'sql' => 'SELECT * FROM PRAGMA_INDEX_INFO (?)'
   Γöé AND name = ?'
   Γöé                                                                                     'sql' => 'SELECT * FROM PRAGMA_TABLE_INFO (?)'
   Γöé                                                                                     'sql' => 'SELECT * FROM PRAGMA_INDEX_INFO (?)'
   Γöé AND name = ?'
   Γöé                                                                                     'sql' => 'SELECT * FROM PRAGMA_TABLE_INFO (?)'
   Γöé                                                                                     'sql' => 'SELECT * FROM PRAGMA_INDEX_INFO (?)'
   Γöé AND name = ?'
   Γöé                                                                                     'sql' => 'SELECT * FROM PRAGMA_TABLE_INFO (?)'
   Γöé                                                                                     'sql' => 'SELECT * FROM PRAGMA_INDEX_INFO (?)'
   Γöé AND name = ?'
   Γöé                                                                                     'sql' => 'SELECT * FROM PRAGMA_TABLE_INFO (?)'
   Γöé                                                                                     'sql' => 'SELECT * FROM PRAGMA_INDEX_INFO (?)'
   Γöé AND name = ?'
   Γöé                                                                                     'sql' => 'SELECT * FROM PRAGMA_TABLE_INFO (?)'
   Γöé                                                                                     'sql' => 'SELECT * FROM PRAGMA_INDEX_INFO (?)'
   Γöé AND name = ?'
   Γöé                                                                                     'sql' => 'SELECT * FROM PRAGMA_TABLE_INFO (?)'
   Γöé                                                                                     'sql' => 'SELECT * FROM PRAGMA_INDEX_INFO (?)'
   Γöé AND name = ?'
   Γöé                                                                                     'sql' => 'SELECT * FROM PRAGMA_TABLE_INFO (?)'
   Γöé                                                                                     'sql' => 'SELECT * FROM PRAGMA_INDEX_INFO (?)'
   Γöé                                                                                     'sql' => 'SELECT * FROM PRAGMA_INDEX_INFO (?)'
   Γöé AND name = ?'
   Γöé                                                                                     'sql' => 'SELECT * FROM PRAGMA_TABLE_INFO (?)'
   Γöé                                                                                     'sql' => 'SELECT * FROM PRAGMA_INDEX_INFO (?)'
   Γöé AND name = ?'
   Γöé                                                                                     'sql' => 'SELECT * FROM PRAGMA_TABLE_INFO (?)'
   Γöé                                                                                     'sql' => 'SELECT * FROM PRAGMA_INDEX_INFO (?)'
   Γöé                                                                                     'sql' => 'SELECT * FROM PRAGMA_INDEX_INFO (?)'
   Γöé                                                                                     'sql' => 'INSERT INTO user (nom, prenom, email, password, cin, adresse, telephone, image_url, role, created_at, updated_at) VALUES (?, ?, ?, ?, ?, ?, ?, ?, ?, ?, ?)'
   Γöé                                                                                     'sql' => 'INSERT INTO ferme (nom_ferme, lieu, surface, latitude, longitude, created_at, updated_at, id_user) VALUES (?, ?, ?, ?, ?, ?, ?, ?)'
   Γöé                                                                                     'sql' => 'INSERT INTO analyse (date_analyse, resultat_technique, image_url, weather_data, weather_fetched_at, statut, description_demande, ai_diagnosis_result, ai_diagnosis_date, ai_confidence_score, id_technicien, id_ferme, id_demandeur, id_animal_cible, id_plante_cible) VALUES (?, ?, ?, ?, ?, ?, ?, ?, ?, ?, ?, ?, ?, ?, ?)'
   Γöé                                                                             'translation.loader.csv' => '?'
   Γöé                                                                             'translation.loader.dat' => '?'
   Γöé                                                                             'translation.loader.ini' => '?'
   Γöé                                                                             'translation.loader.json' => '?'
   Γöé                                                                             'translation.loader.mo' => '?'
   Γöé                                                                             'translation.loader.php' => '?'
   Γöé                                                                             'translation.loader.po' => '?'
   Γöé                                                                             'translation.loader.qt' => '?'
   Γöé                                                                             'translation.loader.res' => '?'
   Γöé                                                                             'translation.loader.xliff' => '?'
   Γöé                                                                             'translation.loader.yml' => '?'
   Γöé                                                                         0 => '{^(?|/a(?|dmin/(?|analyses/([^/]++)(?|(*:40)|/(?|edit(*:55)|delete(*:68)|status(*:81)))|conseils/(?|new/([^/]++)(*:114)|([^/]++)(?|(*:133)|/(?|edit(*:149)|delete(*:163))))|users/(?|delete/([^/]++)(*:198)|agriculteur/([^/]++)/map(*:230)))|n(?|alyse/([^/]++)(?|(*:261)|/(?|edit(*:277)|delete(*:291)))|imal/(?|([^/]++)/(?|c(?|arnet(*:330)|onsultation(*:349))|update(*:364)|edit(*:376))|delete/([^/]++)(*:400)|([^/]++)/(?|map(*:423)|add\-sante(*:441))))|pi/(?|plante/([^/]++)/(?|arrosage/([^/]++)(?|(*:497))|recolte(*:513))|animal/([^/]++)/sante(*:543)|users/(\d+)(?|(*:565))))|/conseil/([^/]++)(?|(*:596)|/(?|edit(*:612)|delete(*:626)))|/ferme/(?|([^/]++)/(?|edit(*:662)|update(*:676))|delete/([^/]++)(*:700)|ferme/([^/]++)/weather(*:730)|([^/]++)/prediction(*:757))|/plante/(?|([^/]++)/(?|edit(*:793)|update(*:807))|de(?|lete/([^/]++)(*:834)|tails/([^/]++)(*:856)))|/expert/(?|analyse/(?|([^/]++)/(?|diagnose(?|(*:911)|/json(*:924))|ai\-result(*:943))|(\d+)(*:957)|([^/]++)/(?|e(?|dit(*:984)|xport/pdf(*:1001))|delete(*:1017)|status/([^/]++)(*:1041)|conseil/new(*:1061)))|demande/(\d+)/prendre\-en\-charge(*:1105)|conseil/(?|(\d+)(*:1130)|([^/]++)/(?|edit(*:1155)|delete(*:1170)))))/?$}sDu'
   Γöé                                                                                             'session_factory' => '?'
   Γöé                                                                                                 0 => '#^(?=[^\.]).*\.d\.ts$#'
   Γöé                                                                                                 1 => '#^(?=[^\.]).*/(?=[^\.])controllers\.json$#'
   Γöé                                                                                                                         'form.factory' => '?'
   Γöé                                                                                                                         'http_kernel' => '?'
   Γöé                                                                                                                         'parameter_bag' => '?'
   Γöé                                                                                                                         'request_stack' => '?'
   Γöé                                                                                                                         'router' => '?'
   Γöé                                                                                                                         'security.authorization_checker' => '?'
   Γöé                                                                                                                         'security.token_storage' => '?'
   Γöé                                                                                                                         'serializer' => '?'
   Γöé                                                                                                                         'twig' => '?'
   Γöé                                                                                                                         'web_link.http_header_serializer' => '?'
   Γöé                                                                                                                                             'request_stack' => '?'
   Γöé                                                                                                                                                     'security.firewall.map.context.api' => '?'
   Γöé                                                                                                                                                     'security.firewall.map.context.dev' => '?'
   Γöé                                                                                                                                                     'security.firewall.map.context.main' => '?'
   Γöé                                                                                                                                         'Symfony\Bridge\Twig\Extension\HttpKernelRuntime' => '?'
   Γöé                                                                                                                                         'Symfony\Bridge\Twig\Extension\SerializerRuntime' => '?'
   Γöé                                                                                                                                         'Symfony\Component\Form\FormRenderer' => '?'
   Γöé                                                                                                                                         'Symfony\Bridge\Twig\Extension\ImportMapRuntime' => '?'
   Γöé                                                                                                                                         'Symfony\UX\StimulusBundle\Twig\UxControllersTwigRuntime' => '?'
   Γöé                                                                                                                                         'Symfony\UX\Turbo\Twig\TurboRuntime' => '?'
   Γöé                                                                                                                         'form.factory' => '?'
   Γöé                                                                                                                         'http_kernel' => '?'
   Γöé                                                                                                                         'parameter_bag' => '?'
   Γöé                                                                                                                         'request_stack' => '?'
   Γöé                                                                                                                         'router' => '?'
   Γöé                                                                                                                         'security.authorization_checker' => '?'
   Γöé                                                                                                                         'security.token_storage' => '?'
   Γöé                                                                                                                         'serializer' => '?'
   Γöé                                                                                                                         'twig' => '?'
   Γöé                                                                                                                         'web_link.http_header_serializer' => '?'
   Γöé                                                                                                                     'Symfony\Bridge\Doctrine\Validator\Constraints\UniqueEntityValidator' => '?'
   Γöé                                                                                                                     'Symfony\Component\Security\Core\Validator\Constraints\UserPasswordValidator' => '?'
   Γöé                                                                                                                     'Symfony\Component\Validator\Constraints\EmailValidator' => '?'
   Γöé                                                                                                                     'Symfony\Component\Validator\Constraints\ExpressionValidator' => '?'
   Γöé                                                                                                                     'Symfony\Component\Validator\Constraints\NoSuspiciousCharactersValidator' => '?'
   Γöé                                                                                                                     'Symfony\Component\Validator\Constraints\NotCompromisedPasswordValidator' => '?'
   Γöé                                                                                                                     'Symfony\Component\Validator\Constraints\WhenValidator' => '?'
   Γöé                                                                                                                     'doctrine.orm.validator.unique' => '?'
   Γöé                                                                                                                     'security.validator.user_password' => '?'
   Γöé                                                                                                                     'validator.expression' => '?'
   Γöé                                                                                                                                 'domainRegexp' => '{^https?://%s$}i'
   Γöé                                                                                                                                                     'request_stack' => '?'
   Γöé                                                                                                                                                     'security.authenticator.managers_locator' => '?'
   Γöé                                                                                                                                                     'security.authorization_checker' => '?'
   Γöé                                                                                                                                                     'security.firewall.event_dispatcher_locator' => '?'
   Γöé                                                                                                                                                     'security.firewall.map' => '?'
   Γöé                                                                                                                                                     'security.token_storage' => '?'
   Γöé                                                                                                                                                     'security.user_checker_locator' => '?'
   Γöé                                                                                                                                                         'security.authenticator.form_login.main' => '?'
   Γöé                                                                                 'Symfony\Bridge\Doctrine\ArgumentResolver\EntityValueResolver' => '?'
   Γöé                                                                                 'Symfony\Component\HttpKernel\Controller\ArgumentResolver\BackedEnumValueResolver' => '?'
   Γöé                                                                                 'Symfony\Component\HttpKernel\Controller\ArgumentResolver\DateTimeValueResolver' => '?'
   Γöé                                                                                 'Symfony\Component\HttpKernel\Controller\ArgumentResolver\DefaultValueResolver' => '?'
   Γöé                                                                                 'Symfony\Component\HttpKernel\Controller\ArgumentResolver\QueryParameterValueResolver' => '?'
   Γöé                                                                                 'Symfony\Component\HttpKernel\Controller\ArgumentResolver\RequestAttributeValueResolver' => '?'
   Γöé                                                                                 'Symfony\Component\HttpKernel\Controller\ArgumentResolver\RequestPayloadValueResolver' => '?'
   Γöé                                                                                 'Symfony\Component\HttpKernel\Controller\ArgumentResolver\RequestValueResolver' => '?'
   Γöé                                                                                 'Symfony\Component\HttpKernel\Controller\ArgumentResolver\ServiceValueResolver' => '?'
   Γöé                                                                                 'Symfony\Component\HttpKernel\Controller\ArgumentResolver\SessionValueResolver' => '?'
   Γöé                                                                                 'Symfony\Component\HttpKernel\Controller\ArgumentResolver\VariadicValueResolver' => '?'
   Γöé                                                                                 'Symfony\Component\Security\Http\Controller\SecurityTokenValueResolver' => '?'
   Γöé                                                                                 'Symfony\Component\Security\Http\Controller\UserValueResolver' => '?'
   Γöé                                                                                 'argument_resolver.not_tagged_controller' => '?'
   Γöé                                                                                 'App\Repository\AnalyseRepository' => '?'
   Γöé                                                                                 'App\Repository\AnimalRepository' => '?'
   Γöé                                                                                 'App\Repository\AnimalSanteRepository' => '?'
   Γöé                                                                                 'App\Repository\ArrosageRepository' => '?'
   Γöé                                                                                 'App\Repository\ConseilRepository' => '?'
   Γöé                                                                                 'App\Repository\FermeRepository' => '?'
   Γöé                                                                                 'App\Repository\PlanteRepository' => '?'
   Γöé                                                                                 'App\Repository\SuiviSanteRepository' => '?'
   Γöé                                                                                 'App\Repository\UserFaceRepository' => '?'
   Γöé                                                                                 'App\Repository\UserLogRepository' => '?'
   Γöé                                                                                 'App\Repository\UserRepository' => '?'
   Γöé                                                                         'messenger.bus.default' => '?'
   Γöé                                                                     'form.factory' => '?'
   Γöé                                                                     'http_kernel' => '?'
   Γöé                                                                     'parameter_bag' => '?'
   Γöé                                                                     'request_stack' => '?'
   Γöé                                                                     'router' => '?'
   Γöé                                                                     'security.authorization_checker' => '?'
   Γöé                                                                     'security.token_storage' => '?'
   Γöé                                                                     'serializer' => '?'
   Γöé                                                                     'twig' => '?'
   Γöé                                                                     'web_link.http_header_serializer' => '?'
   Γöé                                                             'MESSENGER_TRANSPORT_DSN' => 'doctrine://default?auto_setup=0'
   Γöé                                     'doctrine.orm.default_listeners.attach_entity_listeners' => '?'
   Γöé                                     'doctrine.orm.listeners.doctrine_dbal_cache_adapter_schema_listener' => '?'
   Γöé                                     'doctrine.orm.listeners.doctrine_token_provider_schema_listener' => '?'
   Γöé                                     'doctrine.orm.listeners.lock_store_schema_listener' => '?'
   Γöé                                     'doctrine.orm.listeners.pdo_session_handler_schema_listener' => '?'
   Γöé                                     'doctrine.orm.messenger.doctrine_schema_listener' => '?'
   Γöé                                     'turbo.doctrine.event_listener' => '?'
   Γöé                 localStorage.getItem('symfony/profiler/theme') || (matchMedia('(prefers-color-scheme: dark)').matches ? 'theme-dark' : 'theme-light')
   Γöé                         <script> Sfdump = window.Sfdump || (function (doc) { doc.documentElement.classList.add('sf-js-enabled'); var rxEsc = /([.*+?^${}()|\[\]\/\\])/g, idRx = /\bsf-dump-\d+-ref[012]\w+\b/, keyHint = 0 <= navigator.platform.toUpperCase().indexOf('MAC') ? 'Cmd' : 'Ctrl', addEventListener = function (e, n, cb) { e.addEventListener(n, cb, false); }; if (!doc.addEventListener) { addEventListener = function (element, eventName, callback) { element.attachEvent('on' + eventName, function (e) { e.preventDefault = function () {e.returnValue = false;}; e.target = e.srcElement; callback(e); }); }; } function toggle(a, recursive) { var s = a.nextSibling || {}, oldClass = s.className, arrow, newClass; if (/\bsf-dump-compact\b/.test(oldClass)) { arrow = '&#9660;'; newClass = 'sf-dump-expanded'; } else if (/\bsf-dump-expanded\b/.test(oldClass)) { arrow = '&#9654;'; newClass = 'sf-dump-compact'; } else { return false; } if (doc.createEvent && s.dispatchEvent) { var event = doc.createEvent('Event'); event.initEvent('sf-dump-expanded' === newClass ? 'sfbeforedumpexpand' : 'sfbeforedumpcollapse', true, false); s.dispatchEvent(event); } a.lastChild.innerHTML = arrow; s.className = s.className.replace(/\bsf-dump-(compact|expanded)\b/, newClass); if (recursive) { try { a = s.querySelectorAll('.'+oldClass); for (s = 0; s < a.length; ++s) { if (-1 == a[s].className.indexOf(newClass)) { a[s].className = newClass; a[s].previousSibling.lastChild.innerHTML = arrow; } } } catch (e) { } } return true; }; function collapse(a, recursive) { var s = a.nextSibling || {}, oldClass = s.className; if (/\bsf-dump-expanded\b/.test(oldClass)) { toggle(a, recursive); return true; } return false; }; function expand(a, recursive) { var s = a.nextSibling || {}, oldClass = s.className; if (/\bsf-dump-compact\b/.test(oldClass)) { toggle(a, recursive); return true; } return false; }; function collapseAll(root) { var a = root.querySelector('a.sf-dump-toggle'); if (a) { collapse(a, true); expand(a); return true; } return false; } function reveal(node) { var previous, parents = []; while ((node = node.parentNode || {}) && (previous = node.previousSibling) && 'A' === previous.tagName) { parents.push(previous); } if (0 !== parents.length) { parents.forEach(function (parent) { expand(parent); }); return true; } return false; } function highlight(root, activeNode, nodes) { resetHighlightedNodes(root); Array.from(nodes||[]).forEach(function (node) { if (!/\bsf-dump-highlight\b/.test(node.className)) { node.className = node.className + ' sf-dump-highlight'; } }); if (!/\bsf-dump-highlight-active\b/.test(activeNode.className)) { activeNode.className = activeNode.className + ' sf-dump-highlight-active'; } } function resetHighlightedNodes(root) { Array.from(root.querySelectorAll('.sf-dump-str, .sf-dump-key, .sf-dump-public, .sf-dump-protected, .sf-dump-private')).forEach(function (strNode) { strNode.className = strNode.className.replace(/\bsf-dump-highlight\b/, ''); strNode.className = strNode.className.replace(/\bsf-dump-highlight-active\b/, ''); }); } return function (root, x) { root = doc.getElementById(root); var indentRx = new RegExp('^('+(root.getAttribute('data-indent-pad') || ' ').replace(rxEsc, '\\$1')+')+', 'm'), options = {"maxDepth":1,"maxStringLength":160,"fileLinkFormat":false}, elt = root.getElementsByTagName('A'), len = elt.length, i = 0, s, h, t = []; while (i < len) t.push(elt[i++]); for (i in x) { options[i] = x[i]; } function a(e, f) { addEventListener(root, e, function (e, n) { if ('A' == e.target.tagName) { f(e.target, e); } else if ('A' == e.target.parentNode.tagName) { f(e.target.parentNode, e); } else { n = /\bsf-dump-ellipsis\b/.test(e.target.className) ? e.target.parentNode : e.target; if ((n = n.nextElementSibling) && 'A' == n.tagName) { if (!/\bsf-dump-toggle\b/.test(n.className)) { n = n.nextElementSibling || n; } f(n, e, true); } } }); }; function isCtrlKey(e) { return e.ctrlKey || e.metaKey; } function xpathString(str) { var parts = str.match(/[^'"]+|['"]/g).map(function (part) { if ("'" == part) { return '"\'"'; } if ('"' == part) { return "'\"'"; } return "'" + part + "'"; }); return "concat(" + parts.join(",") + ", '')"; } function xpathHasClass(className) { return "contains(concat(' ', normalize-space(@class), ' '), ' " + className +" ')"; } a('mouseover', function (a, e, c) { if (c) { e.target.style.cursor = "pointer"; } }); a('click', function (a, e, c) { if (/\bsf-dump-toggle\b/.test(a.className)) { e.preventDefault(); if (!toggle(a, isCtrlKey(e))) { var r = doc.getElementById(a.getAttribute('href').slice(1)), s = r.previousSibling, f = r.parentNode, t = a.parentNode; t.replaceChild(r, a); f.replaceChild(a, s); t.insertBefore(s, r); f = f.firstChild.nodeValue.match(indentRx); t = t.firstChild.nodeValue.match(indentRx); if (f && t && f[0] !== t[0]) { r.innerHTML = r.innerHTML.replace(new RegExp('^'+f[0].replace(rxEsc, '\\$1'), 'mg'), t[0]); } if (/\bsf-dump-compact\b/.test(r.className)) { toggle(s, isCtrlKey(e)); } } if (c) { } else if (doc.getSelection) { try { doc.getSelection().removeAllRanges(); } catch (e) { doc.getSelection().empty(); } } else { doc.selection.empty(); } } else if (/\bsf-dump-str-toggle\b/.test(a.className)) { e.preventDefault(); e = a.parentNode.parentNode; e.className = e.className.replace(/\bsf-dump-str-(expand|collapse)\b/, a.parentNode.className); } }); elt = root.getElementsByTagName('SAMP'); len = elt.length; i = 0; while (i < len) t.push(elt[i++]); len = t.length; for (i = 0; i < len; ++i) { elt = t[i]; if ('SAMP' == elt.tagName) { a = elt.previousSibling || {}; if ('A' != a.tagName) { a = doc.createElement('A'); a.className = 'sf-dump-ref'; elt.parentNode.insertBefore(a, elt); } else { a.innerHTML += ' '; } a.title = (a.title ? a.title+'\n[' : '[')+keyHint+'+click] Expand all children'; a.innerHTML += elt.className == 'sf-dump-compact' ? '<span>&#9654;</span>' : '<span>&#9660;</span>'; a.className += ' sf-dump-toggle'; x = 1; if ('sf-dump' != elt.parentNode.className) { x += elt.parentNode.getAttribute('data-depth')/1; } } else if (/\bsf-dump-ref\b/.test(elt.className) && (a = elt.getAttribute('href'))) { a = a.slice(1); elt.className += ' sf-dump-hover'; elt.className += ' '+a; if (/[\[{]$/.test(elt.previousSibling.nodeValue)) { a = a != elt.nextSibling.id && doc.getElementById(a); try { s = a.nextSibling; elt.appendChild(a); s.parentNode.insertBefore(a, s); if (/^[@#]/.test(elt.innerHTML)) { elt.innerHTML += ' <span>&#9654;</span>'; } else { elt.innerHTML = '<span>&#9654;</span>'; elt.className = 'sf-dump-ref'; } elt.className += ' sf-dump-toggle'; } catch (e) { if ('&' == elt.innerHTML.charAt(0)) { elt.innerHTML = '&#8230;'; elt.className = 'sf-dump-ref'; } } } } } if (doc.evaluate && Array.from && root.children.length > 1) { root.setAttribute('tabindex', 0); SearchState = function () { this.nodes = []; this.idx = 0; }; SearchState.prototype = { next: function () { if (this.isEmpty()) { return this.current(); } this.idx = this.idx < (this.nodes.length - 1) ? this.idx + 1 : 0; return this.current(); }, previous: function () { if (this.isEmpty()) { return this.current(); } this.idx = this.idx > 0 ? this.idx - 1 : (this.nodes.length - 1); return this.current(); }, isEmpty: function () { return 0 === this.count(); }, current: function () { if (this.isEmpty()) { return null; } return this.nodes[this.idx]; }, reset: function () { this.nodes = []; this.idx = 0; }, count: function () { return this.nodes.length; }, }; function showCurrent(state) { var currentNode = state.current(), currentRect, searchRect; if (currentNode) { reveal(currentNode); highlight(root, currentNode, state.nodes); if ('scrollIntoView' in currentNode) { currentNode.scrollIntoView(true); currentRect = currentNode.getBoundingClientRect(); searchRect = search.getBoundingClientRect(); if (currentRect.top < (searchRect.top + searchRect.height)) { window.scrollBy(0, -(searchRect.top + searchRect.height + 5)); } } } counter.textContent = (state.isEmpty() ? 0 : state.idx + 1) + ' of ' + state.count(); } var search = doc.createElement('div'); search.className = 'sf-dump-search-wrapper sf-dump-search-hidden'; search.innerHTML = ' <input type="text" class="sf-dump-search-input"> <span class="sf-dump-search-count">0 of 0<\/span> <button type="button" class="sf-dump-search-input-previous" tabindex="-1"> <svg viewBox="0 0 1792 1792" xmlns="http://www.w3.org/2000/svg"><path d="M1683 1331l-166 165q-19 19-45 19t-45-19L896 965l-531 531q-19 19-45 19t-45-19l-166-165q-19-19-19-45.5t19-45.5l742-741q19-19 45-19t45 19l742 741q19 19 19 45.5t-19 45.5z"\/><\/svg> <\/button> <button type="button" class="sf-dump-search-input-next" tabindex="-1"> <svg viewBox="0 0 1792 1792" xmlns="http://www.w3.org/2000/svg"><path d="M1683 808l-742 741q-19 19-45 19t-45-19L109 808q-19-19-19-45.5t19-45.5l166-165q19-19 45-19t45 19l531 531 531-531q19-19 45-19t45 19l166 165q19 19 19 45.5t-19 45.5z"\/><\/svg> <\/button> '; root.insertBefore(search, root.firstChild); var state = new SearchState(); var searchInput = search.querySelector('.sf-dump-search-input'); var counter = search.querySelector('.sf-dump-search-count'); var searchInputTimer = 0; var previousSearchQuery = ''; addEventListener(searchInput, 'keyup', function (e) { var searchQuery = e.target.value; /* Don't perform anything if the pressed key didn't change the query */ if (searchQuery === previousSearchQuery) { return; } previousSearchQuery = searchQuery; clearTimeout(searchInputTimer); searchInputTimer = setTimeout(function () { state.reset(); collapseAll(root); resetHighlightedNodes(root); if ('' === searchQuery) { counter.textContent = '0 of 0'; return; } var classMatches = [ "sf-dump-str", "sf-dump-key", "sf-dump-public", "sf-dump-protected", "sf-dump-private", ].map(xpathHasClass).join(' or '); var xpathResult = doc.evaluate('.//span[' + classMatches + '][contains(translate(child::text(), ' + xpathString(searchQuery.toUpperCase()) + ', ' + xpathString(searchQuery.toLowerCase()) + '), ' + xpathString(searchQuery.toLowerCase()) + ')]', root, null, XPathResult.ORDERED_NODE_ITERATOR_TYPE, null); while (node = xpathResult.iterateNext()) state.nodes.push(node); showCurrent(state); }, 400); }); Array.from(search.querySelectorAll('.sf-dump-search-input-next, .sf-dump-search-input-previous')).forEach(function (btn) { addEventListener(btn, 'click', function (e) { e.preventDefault(); -1 !== e.target.className.indexOf('next') ? state.next() : state.previous(); searchInput.focus(); collapseAll(root); showCurrent(state); }) }); addEventListener(root, 'keydown', function (e) { var isSearchActive = !/\bsf-dump-search-hidden\b/.test(search.className); if ((114 === e.keyCode && !isSearchActive) || (isCtrlKey(e) && 70 === e.keyCode)) { /* F3 or CMD/CTRL + F */ if (70 === e.keyCode && document.activeElement === searchInput) { /* * If CMD/CTRL + F is hit while having focus on search input, * the user probably meant to trigger browser search instead. * Let the browser execute its behavior: */ return; } e.preventDefault(); search.className = search.className.replace(/\bsf-dump-search-hidden\b/, ''); searchInput.focus(); } else if (isSearchActive) { if (27 === e.keyCode) { /* ESC key */ search.className += ' sf-dump-search-hidden'; e.preventDefault(); resetHighlightedNodes(root); searchInput.value = ''; } else if ( (isCtrlKey(e) && 71 === e.keyCode) /* CMD/CTRL + G */ || 13 === e.keyCode /* Enter */ || 114 === e.keyCode /* F3 */ ) { e.preventDefault(); e.shiftKey ? state.previous() : state.next(); collapseAll(root); showCurrent(state); } } }); } if (0 >= options.maxStringLength) { return; } try { elt = root.querySelectorAll('.sf-dump-str'); len = elt.length; i = 0; t = []; while (i < len) t.push(elt[i++]); len = t.length; for (i = 0; i < len; ++i) { elt = t[i]; s = elt.innerText || elt.textContent; x = s.length - options.maxStringLength; if (0 < x) { h = elt.innerHTML; elt[elt.innerText ? 'innerText' : 'textContent'] = s.substring(0, options.maxStringLength); elt.className += ' sf-dump-str-collapse'; elt.innerHTML = '<span class=sf-dump-str-collapse>'+h+'<a class="sf-dump-ref sf-dump-str-toggle" title="Collapse"> &#9664;</a></span>'+ '<span class=sf-dump-str-expand>'+elt.innerHTML+'<a class="sf-dump-ref sf-dump-str-toggle" title="'+x+' remaining characters"> &#9654;</a></span>'; } } } catch (e) { } }; })(document); </script><style> .sf-js-enabled pre.sf-dump .sf-dump-compact, .sf-js-enabled .sf-dump-str-collapse .sf-dump-str-collapse, .sf-js-enabled .sf-dump-str-expand .sf-dump-str-expand { display: none; } .sf-dump-hover:hover { background-color: #B729D9; color: #FFF !important; border-radius: 2px; } pre.sf-dump { display: block; white-space: pre; padding: 5px; overflow: initial !important; } pre.sf-dump:after { content: ""; visibility: hidden; display: block; height: 0; clear: both; } pre.sf-dump .sf-dump-ellipsization { display: inline-flex; } pre.sf-dump a { text-decoration: none; cursor: pointer; border: 0; outline: none; color: inherit; } pre.sf-dump img { max-width: 50em; max-height: 50em; margin: .5em 0 0 0; padding: 0; background: url(data:image/png;base64,iVBORw0KGgoAAAANSUhEUgAAABAAAAAQCAAAAAA6mKC9AAAAHUlEQVQY02O8zAABilCaiQEN0EeA8QuUcX9g3QEAAjcC5piyhyEAAAAASUVORK5CYII=) #D3D3D3; } pre.sf-dump .sf-dump-ellipsis { text-overflow: ellipsis; white-space: nowrap; overflow: hidden; } pre.sf-dump .sf-dump-ellipsis-tail { flex-shrink: 0; } pre.sf-dump code { display:inline; padding:0; background:none; } .sf-dump-public.sf-dump-highlight, .sf-dump-protected.sf-dump-highlight, .sf-dump-private.sf-dump-highlight, .sf-dump-str.sf-dump-highlight, .sf-dump-key.sf-dump-highlight { background: rgba(111, 172, 204, 0.3); border: 1px solid #7DA0B1; border-radius: 3px; } .sf-dump-public.sf-dump-highlight-active, .sf-dump-protected.sf-dump-highlight-active, .sf-dump-private.sf-dump-highlight-active, .sf-dump-str.sf-dump-highlight-active, .sf-dump-key.sf-dump-highlight-active { background: rgba(253, 175, 0, 0.4); border: 1px solid #ffa500; border-radius: 3px; } pre.sf-dump .sf-dump-search-hidden { display: none !important; } pre.sf-dump .sf-dump-search-wrapper { font-size: 0; white-space: nowrap; margin-bottom: 5px; display: flex; position: -webkit-sticky; position: sticky; top: 5px; } pre.sf-dump .sf-dump-search-wrapper > * { vertical-align: top; box-sizing: border-box; height: 21px; font-weight: normal; border-radius: 0; background: #FFF; color: #757575; border: 1px solid #BBB; } pre.sf-dump .sf-dump-search-wrapper > input.sf-dump-search-input { padding: 3px; height: 21px; font-size: 12px; border-right: none; border-top-left-radius: 3px; border-bottom-left-radius: 3px; color: #000; min-width: 15px; width: 100%; } pre.sf-dump .sf-dump-search-wrapper > .sf-dump-search-input-next, pre.sf-dump .sf-dump-search-wrapper > .sf-dump-search-input-previous { background: #F2F2F2; outline: none; border-left: none; font-size: 0; line-height: 0; } pre.sf-dump .sf-dump-search-wrapper > .sf-dump-search-input-next { border-top-right-radius: 3px; border-bottom-right-radius: 3px; } pre.sf-dump .sf-dump-search-wrapper > .sf-dump-search-input-next > svg, pre.sf-dump .sf-dump-search-wrapper > .sf-dump-search-input-previous > svg { pointer-events: none; width: 12px; height: 12px; } pre.sf-dump .sf-dump-search-wrapper > .sf-dump-search-count { display: inline-block; padding: 0 5px; margin: 0; border-left: none; line-height: 21px; font-size: 12px; }pre.sf-dump, pre.sf-dump .sf-dump-default{background:none; color:#CC7832; line-height:1.2em; font:12px Menlo, Monaco, Consolas, monospace; word-wrap: break-word; white-space: pre-wrap; position:relative; z-index:99999; word-break: break-all}pre.sf-dump .sf-dump-num{font-weight:bold; color:#1299DA}pre.sf-dump .sf-dump-const{font-weight:bold}pre.sf-dump .sf-dump-str{font-weight:bold; color:#629755;}pre.sf-dump .sf-dump-note{color:#6897BB}pre.sf-dump .sf-dump-ref{color:#6E6E6E}pre.sf-dump .sf-dump-public{color:#262626}pre.sf-dump .sf-dump-protected{color:#262626}pre.sf-dump .sf-dump-private{color:#262626}pre.sf-dump .sf-dump-meta{color:#B729D9}pre.sf-dump .sf-dump-key{color:#789339}pre.sf-dump .sf-dump-index{color:#1299DA}pre.sf-dump .sf-dump-ellipsis{color:#CC7832}pre.sf-dump .sf-dump-ns{user-select:none;}pre.sf-dump .sf-dump-ellipsis-note{color:#6897BB}</style><pre class=sf-dump id=sf-dump-1929794397 data-indent-pad="  "><span class=sf-dump-note>Symfony\Component\HttpKernel\Exception\MethodNotAllowedHttpException</span> {<a class=sf-dump-ref>#10858</a><samp data-depth=1 class=sf-dump-expanded>
   Γöé         <ol start="111"><li><code><span style="color: var(--highlight-keyword)">&nbsp;&nbsp;&nbsp;&nbsp;&nbsp;&nbsp;&nbsp;&nbsp;</span><span style="color: var(--highlight-default)">$this</span><span style="color: var(--highlight-keyword)">-&gt;</span><span style="color: var(--highlight-default)">priority&nbsp;</span><span style="color: var(--highlight-keyword)">??=&nbsp;</span><span style="color: var(--highlight-default)">$dispatcher</span><span style="color: var(--highlight-keyword)">-&gt;</span><span style="color: var(--highlight-default)">getListenerPriority</span><span style="color: var(--highlight-keyword)">(</span><span style="color: var(--highlight-default)">$eventName</span><span style="color: var(--highlight-keyword)">,&nbsp;</span><span style="color: var(--highlight-default)">$this</span><span style="color: var(--highlight-keyword)">-&gt;</span><span style="color: var(--highlight-default)">listener</span><span style="color: var(--highlight-keyword)">);</span></code></li>
   Γöé <li class="selected"><code><span style="color: var(--highlight-keyword)">&nbsp;&nbsp;&nbsp;&nbsp;&nbsp;&nbsp;&nbsp;&nbsp;&nbsp;&nbsp;&nbsp;&nbsp;(</span><span style="color: var(--highlight-default)">$this</span><span style="color: var(--highlight-keyword)">-&gt;</span><span style="color: var(--highlight-default)">optimizedListener&nbsp;</span><span style="color: var(--highlight-keyword)">??&nbsp;</span><span style="color: var(--highlight-default)">$this</span><span style="color: var(--highlight-keyword)">-&gt;</span><span style="color: var(--highlight-default)">listener</span><span style="color: var(--highlight-keyword)">)(</span><span style="color: var(--highlight-default)">$event</span><span style="color: var(--highlight-keyword)">,&nbsp;</span><span style="color: var(--highlight-default)">$eventName</span><span style="color: var(--highlight-keyword)">,&nbsp;</span><span style="color: var(--highlight-default)">$dispatcher</span><span style="color: var(--highlight-keyword)">);</span></code></li>
   Γöé <li><code><span style="color: var(--highlight-keyword)">&nbsp;&nbsp;&nbsp;&nbsp;&nbsp;&nbsp;&nbsp;&nbsp;&nbsp;&nbsp;&nbsp;&nbsp;</span><span style="color: var(--highlight-default)">$this</span><span style="color: var(--highlight-keyword)">-&gt;</span><span style="color: var(--highlight-default)">logger</span><span style="color: var(--highlight-keyword)">?-&gt;</span><span style="color: var(--highlight-default)">info</span><span style="color: var(--highlight-keyword)">(</span><span style="color: var(--highlight-string)">'Matched&nbsp;route&nbsp;"{route}".'</span><span style="color: var(--highlight-keyword)">,&nbsp;[</span></code></li></ol>    </div>            </div>
   Γöé         <ol start="111"><li><code><span style="color: var(--highlight-keyword)">&nbsp;&nbsp;&nbsp;&nbsp;&nbsp;&nbsp;&nbsp;&nbsp;</span><span style="color: var(--highlight-default)">$this</span><span style="color: var(--highlight-keyword)">-&gt;</span><span style="color: var(--highlight-default)">priority&nbsp;</span><span style="color: var(--highlight-keyword)">??=&nbsp;</span><span style="color: var(--highlight-default)">$dispatcher</span><span style="color: var(--highlight-keyword)">-&gt;</span><span style="color: var(--highlight-default)">getListenerPriority</span><span style="color: var(--highlight-keyword)">(</span><span style="color: var(--highlight-default)">$eventName</span><span style="color: var(--highlight-keyword)">,&nbsp;</span><span style="color: var(--highlight-default)">$this</span><span style="color: var(--highlight-keyword)">-&gt;</span><span style="color: var(--highlight-default)">listener</span><span style="color: var(--highlight-keyword)">);</span></code></li>
   Γöé <li class="selected"><code><span style="color: var(--highlight-keyword)">&nbsp;&nbsp;&nbsp;&nbsp;&nbsp;&nbsp;&nbsp;&nbsp;&nbsp;&nbsp;&nbsp;&nbsp;(</span><span style="color: var(--highlight-default)">$this</span><span style="color: var(--highlight-keyword)">-&gt;</span><span style="color: var(--highlight-default)">optimizedListener&nbsp;</span><span style="color: var(--highlight-keyword)">??&nbsp;</span><span style="color: var(--highlight-default)">$this</span><span style="color: var(--highlight-keyword)">-&gt;</span><span style="color: var(--highlight-default)">listener</span><span style="color: var(--highlight-keyword)">)(</span><span style="color: var(--highlight-default)">$event</span><span style="color: var(--highlight-keyword)">,&nbsp;</span><span style="color: var(--highlight-default)">$eventName</span><span style="color: var(--highlight-keyword)">,&nbsp;</span><span style="color: var(--highlight-default)">$dispatcher</span><span style="color: var(--highlight-keyword)">);</span></code></li>
   Γöé         var toggleClass = function(el, cssClass) { hasClass(el, cssClass) ? removeClass(el, cssClass) : addClass(el, cssClass); };
   Γöé                 toggle.innerHTML = currentContent !== altContent ? altContent : originalContent;
   Γöé                     label = i in labels ? labels[i] : value,
   Γöé                 option.setAttribute('title', 1 === (matches = filters.querySelectorAll('[data-filter-'+name+'="'+value+'"]').length) ? 'Matches 1 row' : 'Matches '+matches+' rows');
   Γöé                 localStorage.getItem('symfony/profiler/theme') || (matchMedia('(prefers-color-scheme: dark)').matches ? 'theme-dark' : 'theme-light')
   Γöé                         <script> Sfdump = window.Sfdump || (function (doc) { doc.documentElement.classList.add('sf-js-enabled'); var rxEsc = /([.*+?^${}()|\[\]\/\\])/g, idRx = /\bsf-dump-\d+-ref[012]\w+\b/, keyHint = 0 <= navigator.platform.toUpperCase().indexOf('MAC') ? 'Cmd' : 'Ctrl', addEventListener = function (e, n, cb) { e.addEventListener(n, cb, false); }; if (!doc.addEventListener) { addEventListener = function (element, eventName, callback) { element.attachEvent('on' + eventName, function (e) { e.preventDefault = function () {e.returnValue = false;}; e.target = e.srcElement; callback(e); }); }; } function toggle(a, recursive) { var s = a.nextSibling || {}, oldClass = s.className, arrow, newClass; if (/\bsf-dump-compact\b/.test(oldClass)) { arrow = '&#9660;'; newClass = 'sf-dump-expanded'; } else if (/\bsf-dump-expanded\b/.test(oldClass)) { arrow = '&#9654;'; newClass = 'sf-dump-compact'; } else { return false; } if (doc.createEvent && s.dispatchEvent) { var event = doc.createEvent('Event'); event.initEvent('sf-dump-expanded' === newClass ? 'sfbeforedumpexpand' : 'sfbeforedumpcollapse', true, false); s.dispatchEvent(event); } a.lastChild.innerHTML = arrow; s.className = s.className.replace(/\bsf-dump-(compact|expanded)\b/, newClass); if (recursive) { try { a = s.querySelectorAll('.'+oldClass); for (s = 0; s < a.length; ++s) { if (-1 == a[s].className.indexOf(newClass)) { a[s].className = newClass; a[s].previousSibling.lastChild.innerHTML = arrow; } } } catch (e) { } } return true; }; function collapse(a, recursive) { var s = a.nextSibling || {}, oldClass = s.className; if (/\bsf-dump-expanded\b/.test(oldClass)) { toggle(a, recursive); return true; } return false; }; function expand(a, recursive) { var s = a.nextSibling || {}, oldClass = s.className; if (/\bsf-dump-compact\b/.test(oldClass)) { toggle(a, recursive); return true; } return false; }; function collapseAll(root) { var a = root.querySelector('a.sf-dump-toggle'); if (a) { collapse(a, true); expand(a); return true; } return false; } function reveal(node) { var previous, parents = []; while ((node = node.parentNode || {}) && (previous = node.previousSibling) && 'A' === previous.tagName) { parents.push(previous); } if (0 !== parents.length) { parents.forEach(function (parent) { expand(parent); }); return true; } return false; } function highlight(root, activeNode, nodes) { resetHighlightedNodes(root); Array.from(nodes||[]).forEach(function (node) { if (!/\bsf-dump-highlight\b/.test(node.className)) { node.className = node.className + ' sf-dump-highlight'; } }); if (!/\bsf-dump-highlight-active\b/.test(activeNode.className)) { activeNode.className = activeNode.className + ' sf-dump-highlight-active'; } } function resetHighlightedNodes(root) { Array.from(root.querySelectorAll('.sf-dump-str, .sf-dump-key, .sf-dump-public, .sf-dump-protected, .sf-dump-private')).forEach(function (strNode) { strNode.className = strNode.className.replace(/\bsf-dump-highlight\b/, ''); strNode.className = strNode.className.replace(/\bsf-dump-highlight-active\b/, ''); }); } return function (root, x) { root = doc.getElementById(root); var indentRx = new RegExp('^('+(root.getAttribute('data-indent-pad') || ' ').replace(rxEsc, '\\$1')+')+', 'm'), options = {"maxDepth":1,"maxStringLength":160,"fileLinkFormat":false}, elt = root.getElementsByTagName('A'), len = elt.length, i = 0, s, h, t = []; while (i < len) t.push(elt[i++]); for (i in x) { options[i] = x[i]; } function a(e, f) { addEventListener(root, e, function (e, n) { if ('A' == e.target.tagName) { f(e.target, e); } else if ('A' == e.target.parentNode.tagName) { f(e.target.parentNode, e); } else { n = /\bsf-dump-ellipsis\b/.test(e.target.className) ? e.target.parentNode : e.target; if ((n = n.nextElementSibling) && 'A' == n.tagName) { if (!/\bsf-dump-toggle\b/.test(n.className)) { n = n.nextElementSibling || n; } f(n, e, true); } } }); }; function isCtrlKey(e) { return e.ctrlKey || e.metaKey; } function xpathString(str) { var parts = str.match(/[^'"]+|['"]/g).map(function (part) { if ("'" == part) { return '"\'"'; } if ('"' == part) { return "'\"'"; } return "'" + part + "'"; }); return "concat(" + parts.join(",") + ", '')"; } function xpathHasClass(className) { return "contains(concat(' ', normalize-space(@class), ' '), ' " + className +" ')"; } a('mouseover', function (a, e, c) { if (c) { e.target.style.cursor = "pointer"; } }); a('click', function (a, e, c) { if (/\bsf-dump-toggle\b/.test(a.className)) { e.preventDefault(); if (!toggle(a, isCtrlKey(e))) { var r = doc.getElementById(a.getAttribute('href').slice(1)), s = r.previousSibling, f = r.parentNode, t = a.parentNode; t.replaceChild(r, a); f.replaceChild(a, s); t.insertBefore(s, r); f = f.firstChild.nodeValue.match(indentRx); t = t.firstChild.nodeValue.match(indentRx); if (f && t && f[0] !== t[0]) { r.innerHTML = r.innerHTML.replace(new RegExp('^'+f[0].replace(rxEsc, '\\$1'), 'mg'), t[0]); } if (/\bsf-dump-compact\b/.test(r.className)) { toggle(s, isCtrlKey(e)); } } if (c) { } else if (doc.getSelection) { try { doc.getSelection().removeAllRanges(); } catch (e) { doc.getSelection().empty(); } } else { doc.selection.empty(); } } else if (/\bsf-dump-str-toggle\b/.test(a.className)) { e.preventDefault(); e = a.parentNode.parentNode; e.className = e.className.replace(/\bsf-dump-str-(expand|collapse)\b/, a.parentNode.className); } }); elt = root.getElementsByTagName('SAMP'); len = elt.length; i = 0; while (i < len) t.push(elt[i++]); len = t.length; for (i = 0; i < len; ++i) { elt = t[i]; if ('SAMP' == elt.tagName) { a = elt.previousSibling || {}; if ('A' != a.tagName) { a = doc.createElement('A'); a.className = 'sf-dump-ref'; elt.parentNode.insertBefore(a, elt); } else { a.innerHTML += ' '; } a.title = (a.title ? a.title+'\n[' : '[')+keyHint+'+click] Expand all children'; a.innerHTML += elt.className == 'sf-dump-compact' ? '<span>&#9654;</span>' : '<span>&#9660;</span>'; a.className += ' sf-dump-toggle'; x = 1; if ('sf-dump' != elt.parentNode.className) { x += elt.parentNode.getAttribute('data-depth')/1; } } else if (/\bsf-dump-ref\b/.test(elt.className) && (a = elt.getAttribute('href'))) { a = a.slice(1); elt.className += ' sf-dump-hover'; elt.className += ' '+a; if (/[\[{]$/.test(elt.previousSibling.nodeValue)) { a = a != elt.nextSibling.id && doc.getElementById(a); try { s = a.nextSibling; elt.appendChild(a); s.parentNode.insertBefore(a, s); if (/^[@#]/.test(elt.innerHTML)) { elt.innerHTML += ' <span>&#9654;</span>'; } else { elt.innerHTML = '<span>&#9654;</span>'; elt.className = 'sf-dump-ref'; } elt.className += ' sf-dump-toggle'; } catch (e) { if ('&' == elt.innerHTML.charAt(0)) { elt.innerHTML = '&#8230;'; elt.className = 'sf-dump-ref'; } } } } } if (doc.evaluate && Array.from && root.children.length > 1) { root.setAttribute('tabindex', 0); SearchState = function () { this.nodes = []; this.idx = 0; }; SearchState.prototype = { next: function () { if (this.isEmpty()) { return this.current(); } this.idx = this.idx < (this.nodes.length - 1) ? this.idx + 1 : 0; return this.current(); }, previous: function () { if (this.isEmpty()) { return this.current(); } this.idx = this.idx > 0 ? this.idx - 1 : (this.nodes.length - 1); return this.current(); }, isEmpty: function () { return 0 === this.count(); }, current: function () { if (this.isEmpty()) { return null; } return this.nodes[this.idx]; }, reset: function () { this.nodes = []; this.idx = 0; }, count: function () { return this.nodes.length; }, }; function showCurrent(state) { var currentNode = state.current(), currentRect, searchRect; if (currentNode) { reveal(currentNode); highlight(root, currentNode, state.nodes); if ('scrollIntoView' in currentNode) { currentNode.scrollIntoView(true); currentRect = currentNode.getBoundingClientRect(); searchRect = search.getBoundingClientRect(); if (currentRect.top < (searchRect.top + searchRect.height)) { window.scrollBy(0, -(searchRect.top + searchRect.height + 5)); } } } counter.textContent = (state.isEmpty() ? 0 : state.idx + 1) + ' of ' + state.count(); } var search = doc.createElement('div'); search.className = 'sf-dump-search-wrapper sf-dump-search-hidden'; search.innerHTML = ' <input type="text" class="sf-dump-search-input"> <span class="sf-dump-search-count">0 of 0<\/span> <button type="button" class="sf-dump-search-input-previous" tabindex="-1"> <svg viewBox="0 0 1792 1792" xmlns="http://www.w3.org/2000/svg"><path d="M1683 1331l-166 165q-19 19-45 19t-45-19L896 965l-531 531q-19 19-45 19t-45-19l-166-165q-19-19-19-45.5t19-45.5l742-741q19-19 45-19t45 19l742 741q19 19 19 45.5t-19 45.5z"\/><\/svg> <\/button> <button type="button" class="sf-dump-search-input-next" tabindex="-1"> <svg viewBox="0 0 1792 1792" xmlns="http://www.w3.org/2000/svg"><path d="M1683 808l-742 741q-19 19-45 19t-45-19L109 808q-19-19-19-45.5t19-45.5l166-165q19-19 45-19t45 19l531 531 531-531q19-19 45-19t45 19l166 165q19 19 19 45.5t-19 45.5z"\/><\/svg> <\/button> '; root.insertBefore(search, root.firstChild); var state = new SearchState(); var searchInput = search.querySelector('.sf-dump-search-input'); var counter = search.querySelector('.sf-dump-search-count'); var searchInputTimer = 0; var previousSearchQuery = ''; addEventListener(searchInput, 'keyup', function (e) { var searchQuery = e.target.value; /* Don't perform anything if the pressed key didn't change the query */ if (searchQuery === previousSearchQuery) { return; } previousSearchQuery = searchQuery; clearTimeout(searchInputTimer); searchInputTimer = setTimeout(function () { state.reset(); collapseAll(root); resetHighlightedNodes(root); if ('' === searchQuery) { counter.textContent = '0 of 0'; return; } var classMatches = [ "sf-dump-str", "sf-dump-key", "sf-dump-public", "sf-dump-protected", "sf-dump-private", ].map(xpathHasClass).join(' or '); var xpathResult = doc.evaluate('.//span[' + classMatches + '][contains(translate(child::text(), ' + xpathString(searchQuery.toUpperCase()) + ', ' + xpathString(searchQuery.toLowerCase()) + '), ' + xpathString(searchQuery.toLowerCase()) + ')]', root, null, XPathResult.ORDERED_NODE_ITERATOR_TYPE, null); while (node = xpathResult.iterateNext()) state.nodes.push(node); showCurrent(state); }, 400); }); Array.from(search.querySelectorAll('.sf-dump-search-input-next, .sf-dump-search-input-previous')).forEach(function (btn) { addEventListener(btn, 'click', function (e) { e.preventDefault(); -1 !== e.target.className.indexOf('next') ? state.next() : state.previous(); searchInput.focus(); collapseAll(root); showCurrent(state); }) }); addEventListener(root, 'keydown', function (e) { var isSearchActive = !/\bsf-dump-search-hidden\b/.test(search.className); if ((114 === e.keyCode && !isSearchActive) || (isCtrlKey(e) && 70 === e.keyCode)) { /* F3 or CMD/CTRL + F */ if (70 === e.keyCode && document.activeElement === searchInput) { /* * If CMD/CTRL + F is hit while having focus on search input, * the user probably meant to trigger browser search instead. * Let the browser execute its behavior: */ return; } e.preventDefault(); search.className = search.className.replace(/\bsf-dump-search-hidden\b/, ''); searchInput.focus(); } else if (isSearchActive) { if (27 === e.keyCode) { /* ESC key */ search.className += ' sf-dump-search-hidden'; e.preventDefault(); resetHighlightedNodes(root); searchInput.value = ''; } else if ( (isCtrlKey(e) && 71 === e.keyCode) /* CMD/CTRL + G */ || 13 === e.keyCode /* Enter */ || 114 === e.keyCode /* F3 */ ) { e.preventDefault(); e.shiftKey ? state.previous() : state.next(); collapseAll(root); showCurrent(state); } } }); } if (0 >= options.maxStringLength) { return; } try { elt = root.querySelectorAll('.sf-dump-str'); len = elt.length; i = 0; t = []; while (i < len) t.push(elt[i++]); len = t.length; for (i = 0; i < len; ++i) { elt = t[i]; s = elt.innerText || elt.textContent; x = s.length - options.maxStringLength; if (0 < x) { h = elt.innerHTML; elt[elt.innerText ? 'innerText' : 'textContent'] = s.substring(0, options.maxStringLength); elt.className += ' sf-dump-str-collapse'; elt.innerHTML = '<span class=sf-dump-str-collapse>'+h+'<a class="sf-dump-ref sf-dump-str-toggle" title="Collapse"> &#9664;</a></span>'+ '<span class=sf-dump-str-expand>'+elt.innerHTML+'<a class="sf-dump-ref sf-dump-str-toggle" title="'+x+' remaining characters"> &#9654;</a></span>'; } } } catch (e) { } }; })(document); </script><style> .sf-js-enabled pre.sf-dump .sf-dump-compact, .sf-js-enabled .sf-dump-str-collapse .sf-dump-str-collapse, .sf-js-enabled .sf-dump-str-expand .sf-dump-str-expand { display: none; } .sf-dump-hover:hover { background-color: #B729D9; color: #FFF !important; border-radius: 2px; } pre.sf-dump { display: block; white-space: pre; padding: 5px; overflow: initial !important; } pre.sf-dump:after { content: ""; visibility: hidden; display: block; height: 0; clear: both; } pre.sf-dump .sf-dump-ellipsization { display: inline-flex; } pre.sf-dump a { text-decoration: none; cursor: pointer; border: 0; outline: none; color: inherit; } pre.sf-dump img { max-width: 50em; max-height: 50em; margin: .5em 0 0 0; padding: 0; background: url(data:image/png;base64,iVBORw0KGgoAAAANSUhEUgAAABAAAAAQCAAAAAA6mKC9AAAAHUlEQVQY02O8zAABilCaiQEN0EeA8QuUcX9g3QEAAjcC5piyhyEAAAAASUVORK5CYII=) #D3D3D3; } pre.sf-dump .sf-dump-ellipsis { text-overflow: ellipsis; white-space: nowrap; overflow: hidden; } pre.sf-dump .sf-dump-ellipsis-tail { flex-shrink: 0; } pre.sf-dump code { display:inline; padding:0; background:none; } .sf-dump-public.sf-dump-highlight, .sf-dump-protected.sf-dump-highlight, .sf-dump-private.sf-dump-highlight, .sf-dump-str.sf-dump-highlight, .sf-dump-key.sf-dump-highlight { background: rgba(111, 172, 204, 0.3); border: 1px solid #7DA0B1; border-radius: 3px; } .sf-dump-public.sf-dump-highlight-active, .sf-dump-protected.sf-dump-highlight-active, .sf-dump-private.sf-dump-highlight-active, .sf-dump-str.sf-dump-highlight-active, .sf-dump-key.sf-dump-highlight-active { background: rgba(253, 175, 0, 0.4); border: 1px solid #ffa500; border-radius: 3px; } pre.sf-dump .sf-dump-search-hidden { display: none !important; } pre.sf-dump .sf-dump-search-wrapper { font-size: 0; white-space: nowrap; margin-bottom: 5px; display: flex; position: -webkit-sticky; position: sticky; top: 5px; } pre.sf-dump .sf-dump-search-wrapper > * { vertical-align: top; box-sizing: border-box; height: 21px; font-weight: normal; border-radius: 0; background: #FFF; color: #757575; border: 1px solid #BBB; } pre.sf-dump .sf-dump-search-wrapper > input.sf-dump-search-input { padding: 3px; height: 21px; font-size: 12px; border-right: none; border-top-left-radius: 3px; border-bottom-left-radius: 3px; color: #000; min-width: 15px; width: 100%; } pre.sf-dump .sf-dump-search-wrapper > .sf-dump-search-input-next, pre.sf-dump .sf-dump-search-wrapper > .sf-dump-search-input-previous { background: #F2F2F2; outline: none; border-left: none; font-size: 0; line-height: 0; } pre.sf-dump .sf-dump-search-wrapper > .sf-dump-search-input-next { border-top-right-radius: 3px; border-bottom-right-radius: 3px; } pre.sf-dump .sf-dump-search-wrapper > .sf-dump-search-input-next > svg, pre.sf-dump .sf-dump-search-wrapper > .sf-dump-search-input-previous > svg { pointer-events: none; width: 12px; height: 12px; } pre.sf-dump .sf-dump-search-wrapper > .sf-dump-search-count { display: inline-block; padding: 0 5px; margin: 0; border-left: none; line-height: 21px; font-size: 12px; }pre.sf-dump, pre.sf-dump .sf-dump-default{background:none; color:#CC7832; line-height:1.2em; font:12px Menlo, Monaco, Consolas, monospace; word-wrap: break-word; white-space: pre-wrap; position:relative; z-index:99999; word-break: break-all}pre.sf-dump .sf-dump-num{font-weight:bold; color:#1299DA}pre.sf-dump .sf-dump-const{font-weight:bold}pre.sf-dump .sf-dump-str{font-weight:bold; color:#629755;}pre.sf-dump .sf-dump-note{color:#6897BB}pre.sf-dump .sf-dump-ref{color:#6E6E6E}pre.sf-dump .sf-dump-public{color:#262626}pre.sf-dump .sf-dump-protected{color:#262626}pre.sf-dump .sf-dump-private{color:#262626}pre.sf-dump .sf-dump-meta{color:#B729D9}pre.sf-dump .sf-dump-key{color:#789339}pre.sf-dump .sf-dump-index{color:#1299DA}pre.sf-dump .sf-dump-ellipsis{color:#CC7832}pre.sf-dump .sf-dump-ns{user-select:none;}pre.sf-dump .sf-dump-ellipsis-note{color:#6897BB}</style><pre class=sf-dump id=sf-dump-1987281942 data-indent-pad="  "><span class=sf-dump-note>Symfony\Component\HttpKernel\Exception\NotFoundHttpException</span> {<a class=sf-dump-ref>#6910</a><samp data-depth=1 class=sf-dump-expanded>
   Γöé         <ol start="111"><li><code><span style="color: var(--highlight-keyword)">&nbsp;&nbsp;&nbsp;&nbsp;&nbsp;&nbsp;&nbsp;&nbsp;</span><span style="color: var(--highlight-default)">$this</span><span style="color: var(--highlight-keyword)">-&gt;</span><span style="color: var(--highlight-default)">priority&nbsp;</span><span style="color: var(--highlight-keyword)">??=&nbsp;</span><span style="color: var(--highlight-default)">$dispatcher</span><span style="color: var(--highlight-keyword)">-&gt;</span><span style="color: var(--highlight-default)">getListenerPriority</span><span style="color: var(--highlight-keyword)">(</span><span style="color: var(--highlight-default)">$eventName</span><span style="color: var(--highlight-keyword)">,&nbsp;</span><span style="color: var(--highlight-default)">$this</span><span style="color: var(--highlight-keyword)">-&gt;</span><span style="color: var(--highlight-default)">listener</span><span style="color: var(--highlight-keyword)">);</span></code></li>
   Γöé <li class="selected"><code><span style="color: var(--highlight-keyword)">&nbsp;&nbsp;&nbsp;&nbsp;&nbsp;&nbsp;&nbsp;&nbsp;&nbsp;&nbsp;&nbsp;&nbsp;(</span><span style="color: var(--highlight-default)">$this</span><span style="color: var(--highlight-keyword)">-&gt;</span><span style="color: var(--highlight-default)">optimizedListener&nbsp;</span><span style="color: var(--highlight-keyword)">??&nbsp;</span><span style="color: var(--highlight-default)">$this</span><span style="color: var(--highlight-keyword)">-&gt;</span><span style="color: var(--highlight-default)">listener</span><span style="color: var(--highlight-keyword)">)(</span><span style="color: var(--highlight-default)">$event</span><span style="color: var(--highlight-keyword)">,&nbsp;</span><span style="color: var(--highlight-default)">$eventName</span><span style="color: var(--highlight-keyword)">,&nbsp;</span><span style="color: var(--highlight-default)">$dispatcher</span><span style="color: var(--highlight-keyword)">);</span></code></li>
   Γöé <li><code><span style="color: var(--highlight-keyword)">&nbsp;&nbsp;&nbsp;&nbsp;&nbsp;&nbsp;&nbsp;&nbsp;&nbsp;&nbsp;&nbsp;&nbsp;</span><span style="color: var(--highlight-default)">$this</span><span style="color: var(--highlight-keyword)">-&gt;</span><span style="color: var(--highlight-default)">logger</span><span style="color: var(--highlight-keyword)">?-&gt;</span><span style="color: var(--highlight-default)">info</span><span style="color: var(--highlight-keyword)">(</span><span style="color: var(--highlight-string)">'Matched&nbsp;route&nbsp;"{route}".'</span><span style="color: var(--highlight-keyword)">,&nbsp;[</span></code></li></ol>    </div>            </div>
   Γöé         <ol start="111"><li><code><span style="color: var(--highlight-keyword)">&nbsp;&nbsp;&nbsp;&nbsp;&nbsp;&nbsp;&nbsp;&nbsp;</span><span style="color: var(--highlight-default)">$this</span><span style="color: var(--highlight-keyword)">-&gt;</span><span style="color: var(--highlight-default)">priority&nbsp;</span><span style="color: var(--highlight-keyword)">??=&nbsp;</span><span style="color: var(--highlight-default)">$dispatcher</span><span style="color: var(--highlight-keyword)">-&gt;</span><span style="color: var(--highlight-default)">getListenerPriority</span><span style="color: var(--highlight-keyword)">(</span><span style="color: var(--highlight-default)">$eventName</span><span style="color: var(--highlight-keyword)">,&nbsp;</span><span style="color: var(--highlight-default)">$this</span><span style="color: var(--highlight-keyword)">-&gt;</span><span style="color: var(--highlight-default)">listener</span><span style="color: var(--highlight-keyword)">);</span></code></li>
   Γöé <li class="selected"><code><span style="color: var(--highlight-keyword)">&nbsp;&nbsp;&nbsp;&nbsp;&nbsp;&nbsp;&nbsp;&nbsp;&nbsp;&nbsp;&nbsp;&nbsp;(</span><span style="color: var(--highlight-default)">$this</span><span style="color: var(--highlight-keyword)">-&gt;</span><span style="color: var(--highlight-default)">optimizedListener&nbsp;</span><span style="color: var(--highlight-keyword)">??&nbsp;</span><span style="color: var(--highlight-default)">$this</span><span style="color: var(--highlight-keyword)">-&gt;</span><span style="color: var(--highlight-default)">listener</span><span style="color: var(--highlight-keyword)">)(</span><span style="color: var(--highlight-default)">$event</span><span style="color: var(--highlight-keyword)">,&nbsp;</span><span style="color: var(--highlight-default)">$eventName</span><span style="color: var(--highlight-keyword)">,&nbsp;</span><span style="color: var(--highlight-default)">$dispatcher</span><span style="color: var(--highlight-keyword)">);</span></code></li>
   Γöé         var toggleClass = function(el, cssClass) { hasClass(el, cssClass) ? removeClass(el, cssClass) : addClass(el, cssClass); };
   Γöé                 toggle.innerHTML = currentContent !== altContent ? altContent : originalContent;
   Γöé                     label = i in labels ? labels[i] : value,
   Γöé                 option.setAttribute('title', 1 === (matches = filters.querySelectorAll('[data-filter-'+name+'="'+value+'"]').length) ? 'Matches 1 row' : 'Matches '+matches+' rows');
   Γöé                 localStorage.getItem('symfony/profiler/theme') || (matchMedia('(prefers-color-scheme: dark)').matches ? 'theme-dark' : 'theme-light')
   Γöé                         <script> Sfdump = window.Sfdump || (function (doc) { doc.documentElement.classList.add('sf-js-enabled'); var rxEsc = /([.*+?^${}()|\[\]\/\\])/g, idRx = /\bsf-dump-\d+-ref[012]\w+\b/, keyHint = 0 <= navigator.platform.toUpperCase().indexOf('MAC') ? 'Cmd' : 'Ctrl', addEventListener = function (e, n, cb) { e.addEventListener(n, cb, false); }; if (!doc.addEventListener) { addEventListener = function (element, eventName, callback) { element.attachEvent('on' + eventName, function (e) { e.preventDefault = function () {e.returnValue = false;}; e.target = e.srcElement; callback(e); }); }; } function toggle(a, recursive) { var s = a.nextSibling || {}, oldClass = s.className, arrow, newClass; if (/\bsf-dump-compact\b/.test(oldClass)) { arrow = '&#9660;'; newClass = 'sf-dump-expanded'; } else if (/\bsf-dump-expanded\b/.test(oldClass)) { arrow = '&#9654;'; newClass = 'sf-dump-compact'; } else { return false; } if (doc.createEvent && s.dispatchEvent) { var event = doc.createEvent('Event'); event.initEvent('sf-dump-expanded' === newClass ? 'sfbeforedumpexpand' : 'sfbeforedumpcollapse', true, false); s.dispatchEvent(event); } a.lastChild.innerHTML = arrow; s.className = s.className.replace(/\bsf-dump-(compact|expanded)\b/, newClass); if (recursive) { try { a = s.querySelectorAll('.'+oldClass); for (s = 0; s < a.length; ++s) { if (-1 == a[s].className.indexOf(newClass)) { a[s].className = newClass; a[s].previousSibling.lastChild.innerHTML = arrow; } } } catch (e) { } } return true; }; function collapse(a, recursive) { var s = a.nextSibling || {}, oldClass = s.className; if (/\bsf-dump-expanded\b/.test(oldClass)) { toggle(a, recursive); return true; } return false; }; function expand(a, recursive) { var s = a.nextSibling || {}, oldClass = s.className; if (/\bsf-dump-compact\b/.test(oldClass)) { toggle(a, recursive); return true; } return false; }; function collapseAll(root) { var a = root.querySelector('a.sf-dump-toggle'); if (a) { collapse(a, true); expand(a); return true; } return false; } function reveal(node) { var previous, parents = []; while ((node = node.parentNode || {}) && (previous = node.previousSibling) && 'A' === previous.tagName) { parents.push(previous); } if (0 !== parents.length) { parents.forEach(function (parent) { expand(parent); }); return true; } return false; } function highlight(root, activeNode, nodes) { resetHighlightedNodes(root); Array.from(nodes||[]).forEach(function (node) { if (!/\bsf-dump-highlight\b/.test(node.className)) { node.className = node.className + ' sf-dump-highlight'; } }); if (!/\bsf-dump-highlight-active\b/.test(activeNode.className)) { activeNode.className = activeNode.className + ' sf-dump-highlight-active'; } } function resetHighlightedNodes(root) { Array.from(root.querySelectorAll('.sf-dump-str, .sf-dump-key, .sf-dump-public, .sf-dump-protected, .sf-dump-private')).forEach(function (strNode) { strNode.className = strNode.className.replace(/\bsf-dump-highlight\b/, ''); strNode.className = strNode.className.replace(/\bsf-dump-highlight-active\b/, ''); }); } return function (root, x) { root = doc.getElementById(root); var indentRx = new RegExp('^('+(root.getAttribute('data-indent-pad') || ' ').replace(rxEsc, '\\$1')+')+', 'm'), options = {"maxDepth":1,"maxStringLength":160,"fileLinkFormat":false}, elt = root.getElementsByTagName('A'), len = elt.length, i = 0, s, h, t = []; while (i < len) t.push(elt[i++]); for (i in x) { options[i] = x[i]; } function a(e, f) { addEventListener(root, e, function (e, n) { if ('A' == e.target.tagName) { f(e.target, e); } else if ('A' == e.target.parentNode.tagName) { f(e.target.parentNode, e); } else { n = /\bsf-dump-ellipsis\b/.test(e.target.className) ? e.target.parentNode : e.target; if ((n = n.nextElementSibling) && 'A' == n.tagName) { if (!/\bsf-dump-toggle\b/.test(n.className)) { n = n.nextElementSibling || n; } f(n, e, true); } } }); }; function isCtrlKey(e) { return e.ctrlKey || e.metaKey; } function xpathString(str) { var parts = str.match(/[^'"]+|['"]/g).map(function (part) { if ("'" == part) { return '"\'"'; } if ('"' == part) { return "'\"'"; } return "'" + part + "'"; }); return "concat(" + parts.join(",") + ", '')"; } function xpathHasClass(className) { return "contains(concat(' ', normalize-space(@class), ' '), ' " + className +" ')"; } a('mouseover', function (a, e, c) { if (c) { e.target.style.cursor = "pointer"; } }); a('click', function (a, e, c) { if (/\bsf-dump-toggle\b/.test(a.className)) { e.preventDefault(); if (!toggle(a, isCtrlKey(e))) { var r = doc.getElementById(a.getAttribute('href').slice(1)), s = r.previousSibling, f = r.parentNode, t = a.parentNode; t.replaceChild(r, a); f.replaceChild(a, s); t.insertBefore(s, r); f = f.firstChild.nodeValue.match(indentRx); t = t.firstChild.nodeValue.match(indentRx); if (f && t && f[0] !== t[0]) { r.innerHTML = r.innerHTML.replace(new RegExp('^'+f[0].replace(rxEsc, '\\$1'), 'mg'), t[0]); } if (/\bsf-dump-compact\b/.test(r.className)) { toggle(s, isCtrlKey(e)); } } if (c) { } else if (doc.getSelection) { try { doc.getSelection().removeAllRanges(); } catch (e) { doc.getSelection().empty(); } } else { doc.selection.empty(); } } else if (/\bsf-dump-str-toggle\b/.test(a.className)) { e.preventDefault(); e = a.parentNode.parentNode; e.className = e.className.replace(/\bsf-dump-str-(expand|collapse)\b/, a.parentNode.className); } }); elt = root.getElementsByTagName('SAMP'); len = elt.length; i = 0; while (i < len) t.push(elt[i++]); len = t.length; for (i = 0; i < len; ++i) { elt = t[i]; if ('SAMP' == elt.tagName) { a = elt.previousSibling || {}; if ('A' != a.tagName) { a = doc.createElement('A'); a.className = 'sf-dump-ref'; elt.parentNode.insertBefore(a, elt); } else { a.innerHTML += ' '; } a.title = (a.title ? a.title+'\n[' : '[')+keyHint+'+click] Expand all children'; a.innerHTML += elt.className == 'sf-dump-compact' ? '<span>&#9654;</span>' : '<span>&#9660;</span>'; a.className += ' sf-dump-toggle'; x = 1; if ('sf-dump' != elt.parentNode.className) { x += elt.parentNode.getAttribute('data-depth')/1; } } else if (/\bsf-dump-ref\b/.test(elt.className) && (a = elt.getAttribute('href'))) { a = a.slice(1); elt.className += ' sf-dump-hover'; elt.className += ' '+a; if (/[\[{]$/.test(elt.previousSibling.nodeValue)) { a = a != elt.nextSibling.id && doc.getElementById(a); try { s = a.nextSibling; elt.appendChild(a); s.parentNode.insertBefore(a, s); if (/^[@#]/.test(elt.innerHTML)) { elt.innerHTML += ' <span>&#9654;</span>'; } else { elt.innerHTML = '<span>&#9654;</span>'; elt.className = 'sf-dump-ref'; } elt.className += ' sf-dump-toggle'; } catch (e) { if ('&' == elt.innerHTML.charAt(0)) { elt.innerHTML = '&#8230;'; elt.className = 'sf-dump-ref'; } } } } } if (doc.evaluate && Array.from && root.children.length > 1) { root.setAttribute('tabindex', 0); SearchState = function () { this.nodes = []; this.idx = 0; }; SearchState.prototype = { next: function () { if (this.isEmpty()) { return this.current(); } this.idx = this.idx < (this.nodes.length - 1) ? this.idx + 1 : 0; return this.current(); }, previous: function () { if (this.isEmpty()) { return this.current(); } this.idx = this.idx > 0 ? this.idx - 1 : (this.nodes.length - 1); return this.current(); }, isEmpty: function () { return 0 === this.count(); }, current: function () { if (this.isEmpty()) { return null; } return this.nodes[this.idx]; }, reset: function () { this.nodes = []; this.idx = 0; }, count: function () { return this.nodes.length; }, }; function showCurrent(state) { var currentNode = state.current(), currentRect, searchRect; if (currentNode) { reveal(currentNode); highlight(root, currentNode, state.nodes); if ('scrollIntoView' in currentNode) { currentNode.scrollIntoView(true); currentRect = currentNode.getBoundingClientRect(); searchRect = search.getBoundingClientRect(); if (currentRect.top < (searchRect.top + searchRect.height)) { window.scrollBy(0, -(searchRect.top + searchRect.height + 5)); } } } counter.textContent = (state.isEmpty() ? 0 : state.idx + 1) + ' of ' + state.count(); } var search = doc.createElement('div'); search.className = 'sf-dump-search-wrapper sf-dump-search-hidden'; search.innerHTML = ' <input type="text" class="sf-dump-search-input"> <span class="sf-dump-search-count">0 of 0<\/span> <button type="button" class="sf-dump-search-input-previous" tabindex="-1"> <svg viewBox="0 0 1792 1792" xmlns="http://www.w3.org/2000/svg"><path d="M1683 1331l-166 165q-19 19-45 19t-45-19L896 965l-531 531q-19 19-45 19t-45-19l-166-165q-19-19-19-45.5t19-45.5l742-741q19-19 45-19t45 19l742 741q19 19 19 45.5t-19 45.5z"\/><\/svg> <\/button> <button type="button" class="sf-dump-search-input-next" tabindex="-1"> <svg viewBox="0 0 1792 1792" xmlns="http://www.w3.org/2000/svg"><path d="M1683 808l-742 741q-19 19-45 19t-45-19L109 808q-19-19-19-45.5t19-45.5l166-165q19-19 45-19t45 19l531 531 531-531q19-19 45-19t45 19l166 165q19 19 19 45.5t-19 45.5z"\/><\/svg> <\/button> '; root.insertBefore(search, root.firstChild); var state = new SearchState(); var searchInput = search.querySelector('.sf-dump-search-input'); var counter = search.querySelector('.sf-dump-search-count'); var searchInputTimer = 0; var previousSearchQuery = ''; addEventListener(searchInput, 'keyup', function (e) { var searchQuery = e.target.value; /* Don't perform anything if the pressed key didn't change the query */ if (searchQuery === previousSearchQuery) { return; } previousSearchQuery = searchQuery; clearTimeout(searchInputTimer); searchInputTimer = setTimeout(function () { state.reset(); collapseAll(root); resetHighlightedNodes(root); if ('' === searchQuery) { counter.textContent = '0 of 0'; return; } var classMatches = [ "sf-dump-str", "sf-dump-key", "sf-dump-public", "sf-dump-protected", "sf-dump-private", ].map(xpathHasClass).join(' or '); var xpathResult = doc.evaluate('.//span[' + classMatches + '][contains(translate(child::text(), ' + xpathString(searchQuery.toUpperCase()) + ', ' + xpathString(searchQuery.toLowerCase()) + '), ' + xpathString(searchQuery.toLowerCase()) + ')]', root, null, XPathResult.ORDERED_NODE_ITERATOR_TYPE, null); while (node = xpathResult.iterateNext()) state.nodes.push(node); showCurrent(state); }, 400); }); Array.from(search.querySelectorAll('.sf-dump-search-input-next, .sf-dump-search-input-previous')).forEach(function (btn) { addEventListener(btn, 'click', function (e) { e.preventDefault(); -1 !== e.target.className.indexOf('next') ? state.next() : state.previous(); searchInput.focus(); collapseAll(root); showCurrent(state); }) }); addEventListener(root, 'keydown', function (e) { var isSearchActive = !/\bsf-dump-search-hidden\b/.test(search.className); if ((114 === e.keyCode && !isSearchActive) || (isCtrlKey(e) && 70 === e.keyCode)) { /* F3 or CMD/CTRL + F */ if (70 === e.keyCode && document.activeElement === searchInput) { /* * If CMD/CTRL + F is hit while having focus on search input, * the user probably meant to trigger browser search instead. * Let the browser execute its behavior: */ return; } e.preventDefault(); search.className = search.className.replace(/\bsf-dump-search-hidden\b/, ''); searchInput.focus(); } else if (isSearchActive) { if (27 === e.keyCode) { /* ESC key */ search.className += ' sf-dump-search-hidden'; e.preventDefault(); resetHighlightedNodes(root); searchInput.value = ''; } else if ( (isCtrlKey(e) && 71 === e.keyCode) /* CMD/CTRL + G */ || 13 === e.keyCode /* Enter */ || 114 === e.keyCode /* F3 */ ) { e.preventDefault(); e.shiftKey ? state.previous() : state.next(); collapseAll(root); showCurrent(state); } } }); } if (0 >= options.maxStringLength) { return; } try { elt = root.querySelectorAll('.sf-dump-str'); len = elt.length; i = 0; t = []; while (i < len) t.push(elt[i++]); len = t.length; for (i = 0; i < len; ++i) { elt = t[i]; s = elt.innerText || elt.textContent; x = s.length - options.maxStringLength; if (0 < x) { h = elt.innerHTML; elt[elt.innerText ? 'innerText' : 'textContent'] = s.substring(0, options.maxStringLength); elt.className += ' sf-dump-str-collapse'; elt.innerHTML = '<span class=sf-dump-str-collapse>'+h+'<a class="sf-dump-ref sf-dump-str-toggle" title="Collapse"> &#9664;</a></span>'+ '<span class=sf-dump-str-expand>'+elt.innerHTML+'<a class="sf-dump-ref sf-dump-str-toggle" title="'+x+' remaining characters"> &#9654;</a></span>'; } } } catch (e) { } }; })(document); </script><style> .sf-js-enabled pre.sf-dump .sf-dump-compact, .sf-js-enabled .sf-dump-str-collapse .sf-dump-str-collapse, .sf-js-enabled .sf-dump-str-expand .sf-dump-str-expand { display: none; } .sf-dump-hover:hover { background-color: #B729D9; color: #FFF !important; border-radius: 2px; } pre.sf-dump { display: block; white-space: pre; padding: 5px; overflow: initial !important; } pre.sf-dump:after { content: ""; visibility: hidden; display: block; height: 0; clear: both; } pre.sf-dump .sf-dump-ellipsization { display: inline-flex; } pre.sf-dump a { text-decoration: none; cursor: pointer; border: 0; outline: none; color: inherit; } pre.sf-dump img { max-width: 50em; max-height: 50em; margin: .5em 0 0 0; padding: 0; background: url(data:image/png;base64,iVBORw0KGgoAAAANSUhEUgAAABAAAAAQCAAAAAA6mKC9AAAAHUlEQVQY02O8zAABilCaiQEN0EeA8QuUcX9g3QEAAjcC5piyhyEAAAAASUVORK5CYII=) #D3D3D3; } pre.sf-dump .sf-dump-ellipsis { text-overflow: ellipsis; white-space: nowrap; overflow: hidden; } pre.sf-dump .sf-dump-ellipsis-tail { flex-shrink: 0; } pre.sf-dump code { display:inline; padding:0; background:none; } .sf-dump-public.sf-dump-highlight, .sf-dump-protected.sf-dump-highlight, .sf-dump-private.sf-dump-highlight, .sf-dump-str.sf-dump-highlight, .sf-dump-key.sf-dump-highlight { background: rgba(111, 172, 204, 0.3); border: 1px solid #7DA0B1; border-radius: 3px; } .sf-dump-public.sf-dump-highlight-active, .sf-dump-protected.sf-dump-highlight-active, .sf-dump-private.sf-dump-highlight-active, .sf-dump-str.sf-dump-highlight-active, .sf-dump-key.sf-dump-highlight-active { background: rgba(253, 175, 0, 0.4); border: 1px solid #ffa500; border-radius: 3px; } pre.sf-dump .sf-dump-search-hidden { display: none !important; } pre.sf-dump .sf-dump-search-wrapper { font-size: 0; white-space: nowrap; margin-bottom: 5px; display: flex; position: -webkit-sticky; position: sticky; top: 5px; } pre.sf-dump .sf-dump-search-wrapper > * { vertical-align: top; box-sizing: border-box; height: 21px; font-weight: normal; border-radius: 0; background: #FFF; color: #757575; border: 1px solid #BBB; } pre.sf-dump .sf-dump-search-wrapper > input.sf-dump-search-input { padding: 3px; height: 21px; font-size: 12px; border-right: none; border-top-left-radius: 3px; border-bottom-left-radius: 3px; color: #000; min-width: 15px; width: 100%; } pre.sf-dump .sf-dump-search-wrapper > .sf-dump-search-input-next, pre.sf-dump .sf-dump-search-wrapper > .sf-dump-search-input-previous { background: #F2F2F2; outline: none; border-left: none; font-size: 0; line-height: 0; } pre.sf-dump .sf-dump-search-wrapper > .sf-dump-search-input-next { border-top-right-radius: 3px; border-bottom-right-radius: 3px; } pre.sf-dump .sf-dump-search-wrapper > .sf-dump-search-input-next > svg, pre.sf-dump .sf-dump-search-wrapper > .sf-dump-search-input-previous > svg { pointer-events: none; width: 12px; height: 12px; } pre.sf-dump .sf-dump-search-wrapper > .sf-dump-search-count { display: inline-block; padding: 0 5px; margin: 0; border-left: none; line-height: 21px; font-size: 12px; }pre.sf-dump, pre.sf-dump .sf-dump-default{background:none; color:#CC7832; line-height:1.2em; font:12px Menlo, Monaco, Consolas, monospace; word-wrap: break-word; white-space: pre-wrap; position:relative; z-index:99999; word-break: break-all}pre.sf-dump .sf-dump-num{font-weight:bold; color:#1299DA}pre.sf-dump .sf-dump-const{font-weight:bold}pre.sf-dump .sf-dump-str{font-weight:bold; color:#629755;}pre.sf-dump .sf-dump-note{color:#6897BB}pre.sf-dump .sf-dump-ref{color:#6E6E6E}pre.sf-dump .sf-dump-public{color:#262626}pre.sf-dump .sf-dump-protected{color:#262626}pre.sf-dump .sf-dump-private{color:#262626}pre.sf-dump .sf-dump-meta{color:#B729D9}pre.sf-dump .sf-dump-key{color:#789339}pre.sf-dump .sf-dump-index{color:#1299DA}pre.sf-dump .sf-dump-ellipsis{color:#CC7832}pre.sf-dump .sf-dump-ns{user-select:none;}pre.sf-dump .sf-dump-ellipsis-note{color:#6897BB}</style><pre class=sf-dump id=sf-dump-1751136534 data-indent-pad="  "><span class=sf-dump-note>Symfony\Component\HttpKernel\Exception\NotFoundHttpException</span> {<a class=sf-dump-ref>#11861</a><samp data-depth=1 class=sf-dump-expanded>
   Γöé         <ol start="111"><li><code><span style="color: var(--highlight-keyword)">&nbsp;&nbsp;&nbsp;&nbsp;&nbsp;&nbsp;&nbsp;&nbsp;</span><span style="color: var(--highlight-default)">$this</span><span style="color: var(--highlight-keyword)">-&gt;</span><span style="color: var(--highlight-default)">priority&nbsp;</span><span style="color: var(--highlight-keyword)">??=&nbsp;</span><span style="color: var(--highlight-default)">$dispatcher</span><span style="color: var(--highlight-keyword)">-&gt;</span><span style="color: var(--highlight-default)">getListenerPriority</span><span style="color: var(--highlight-keyword)">(</span><span style="color: var(--highlight-default)">$eventName</span><span style="color: var(--highlight-keyword)">,&nbsp;</span><span style="color: var(--highlight-default)">$this</span><span style="color: var(--highlight-keyword)">-&gt;</span><span style="color: var(--highlight-default)">listener</span><span style="color: var(--highlight-keyword)">);</span></code></li>
   Γöé <li class="selected"><code><span style="color: var(--highlight-keyword)">&nbsp;&nbsp;&nbsp;&nbsp;&nbsp;&nbsp;&nbsp;&nbsp;&nbsp;&nbsp;&nbsp;&nbsp;(</span><span style="color: var(--highlight-default)">$this</span><span style="color: var(--highlight-keyword)">-&gt;</span><span style="color: var(--highlight-default)">optimizedListener&nbsp;</span><span style="color: var(--highlight-keyword)">??&nbsp;</span><span style="color: var(--highlight-default)">$this</span><span style="color: var(--highlight-keyword)">-&gt;</span><span style="color: var(--highlight-default)">listener</span><span style="color: var(--highlight-keyword)">)(</span><span style="color: var(--highlight-default)">$event</span><span style="color: var(--highlight-keyword)">,&nbsp;</span><span style="color: var(--highlight-default)">$eventName</span><span style="color: var(--highlight-keyword)">,&nbsp;</span><span style="color: var(--highlight-default)">$dispatcher</span><span style="color: var(--highlight-keyword)">);</span></code></li>
   Γöé <li><code><span style="color: var(--highlight-keyword)">&nbsp;&nbsp;&nbsp;&nbsp;&nbsp;&nbsp;&nbsp;&nbsp;&nbsp;&nbsp;&nbsp;&nbsp;</span><span style="color: var(--highlight-default)">$this</span><span style="color: var(--highlight-keyword)">-&gt;</span><span style="color: var(--highlight-default)">logger</span><span style="color: var(--highlight-keyword)">?-&gt;</span><span style="color: var(--highlight-default)">info</span><span style="color: var(--highlight-keyword)">(</span><span style="color: var(--highlight-string)">'Matched&nbsp;route&nbsp;"{route}".'</span><span style="color: var(--highlight-keyword)">,&nbsp;[</span></code></li></ol>    </div>            </div>
   Γöé         <ol start="111"><li><code><span style="color: var(--highlight-keyword)">&nbsp;&nbsp;&nbsp;&nbsp;&nbsp;&nbsp;&nbsp;&nbsp;</span><span style="color: var(--highlight-default)">$this</span><span style="color: var(--highlight-keyword)">-&gt;</span><span style="color: var(--highlight-default)">priority&nbsp;</span><span style="color: var(--highlight-keyword)">??=&nbsp;</span><span style="color: var(--highlight-default)">$dispatcher</span><span style="color: var(--highlight-keyword)">-&gt;</span><span style="color: var(--highlight-default)">getListenerPriority</span><span style="color: var(--highlight-keyword)">(</span><span style="color: var(--highlight-default)">$eventName</span><span style="color: var(--highlight-keyword)">,&nbsp;</span><span style="color: var(--highlight-default)">$this</span><span style="color: var(--highlight-keyword)">-&gt;</span><span style="color: var(--highlight-default)">listener</span><span style="color: var(--highlight-keyword)">);</span></code></li>
   Γöé <li class="selected"><code><span style="color: var(--highlight-keyword)">&nbsp;&nbsp;&nbsp;&nbsp;&nbsp;&nbsp;&nbsp;&nbsp;&nbsp;&nbsp;&nbsp;&nbsp;(</span><span style="color: var(--highlight-default)">$this</span><span style="color: var(--highlight-keyword)">-&gt;</span><span style="color: var(--highlight-default)">optimizedListener&nbsp;</span><span style="color: var(--highlight-keyword)">??&nbsp;</span><span style="color: var(--highlight-default)">$this</span><span style="color: var(--highlight-keyword)">-&gt;</span><span style="color: var(--highlight-default)">listener</span><span style="color: var(--highlight-keyword)">)(</span><span style="color: var(--highlight-default)">$event</span><span style="color: var(--highlight-keyword)">,&nbsp;</span><span style="color: var(--highlight-default)">$eventName</span><span style="color: var(--highlight-keyword)">,&nbsp;</span><span style="color: var(--highlight-default)">$dispatcher</span><span style="color: var(--highlight-keyword)">);</span></code></li>
   Γöé         var toggleClass = function(el, cssClass) { hasClass(el, cssClass) ? removeClass(el, cssClass) : addClass(el, cssClass); };
   Γöé                 toggle.innerHTML = currentContent !== altContent ? altContent : originalContent;
   Γöé                     label = i in labels ? labels[i] : value,
   Γöé                 option.setAttribute('title', 1 === (matches = filters.querySelectorAll('[data-filter-'+name+'="'+value+'"]').length) ? 'Matches 1 row' : 'Matches '+matches+' rows');
   Γöé                 localStorage.getItem('symfony/profiler/theme') || (matchMedia('(prefers-color-scheme: dark)').matches ? 'theme-dark' : 'theme-light')
   Γöé                         <script> Sfdump = window.Sfdump || (function (doc) { doc.documentElement.classList.add('sf-js-enabled'); var rxEsc = /([.*+?^${}()|\[\]\/\\])/g, idRx = /\bsf-dump-\d+-ref[012]\w+\b/, keyHint = 0 <= navigator.platform.toUpperCase().indexOf('MAC') ? 'Cmd' : 'Ctrl', addEventListener = function (e, n, cb) { e.addEventListener(n, cb, false); }; if (!doc.addEventListener) { addEventListener = function (element, eventName, callback) { element.attachEvent('on' + eventName, function (e) { e.preventDefault = function () {e.returnValue = false;}; e.target = e.srcElement; callback(e); }); }; } function toggle(a, recursive) { var s = a.nextSibling || {}, oldClass = s.className, arrow, newClass; if (/\bsf-dump-compact\b/.test(oldClass)) { arrow = '&#9660;'; newClass = 'sf-dump-expanded'; } else if (/\bsf-dump-expanded\b/.test(oldClass)) { arrow = '&#9654;'; newClass = 'sf-dump-compact'; } else { return false; } if (doc.createEvent && s.dispatchEvent) { var event = doc.createEvent('Event'); event.initEvent('sf-dump-expanded' === newClass ? 'sfbeforedumpexpand' : 'sfbeforedumpcollapse', true, false); s.dispatchEvent(event); } a.lastChild.innerHTML = arrow; s.className = s.className.replace(/\bsf-dump-(compact|expanded)\b/, newClass); if (recursive) { try { a = s.querySelectorAll('.'+oldClass); for (s = 0; s < a.length; ++s) { if (-1 == a[s].className.indexOf(newClass)) { a[s].className = newClass; a[s].previousSibling.lastChild.innerHTML = arrow; } } } catch (e) { } } return true; }; function collapse(a, recursive) { var s = a.nextSibling || {}, oldClass = s.className; if (/\bsf-dump-expanded\b/.test(oldClass)) { toggle(a, recursive); return true; } return false; }; function expand(a, recursive) { var s = a.nextSibling || {}, oldClass = s.className; if (/\bsf-dump-compact\b/.test(oldClass)) { toggle(a, recursive); return true; } return false; }; function collapseAll(root) { var a = root.querySelector('a.sf-dump-toggle'); if (a) { collapse(a, true); expand(a); return true; } return false; } function reveal(node) { var previous, parents = []; while ((node = node.parentNode || {}) && (previous = node.previousSibling) && 'A' === previous.tagName) { parents.push(previous); } if (0 !== parents.length) { parents.forEach(function (parent) { expand(parent); }); return true; } return false; } function highlight(root, activeNode, nodes) { resetHighlightedNodes(root); Array.from(nodes||[]).forEach(function (node) { if (!/\bsf-dump-highlight\b/.test(node.className)) { node.className = node.className + ' sf-dump-highlight'; } }); if (!/\bsf-dump-highlight-active\b/.test(activeNode.className)) { activeNode.className = activeNode.className + ' sf-dump-highlight-active'; } } function resetHighlightedNodes(root) { Array.from(root.querySelectorAll('.sf-dump-str, .sf-dump-key, .sf-dump-public, .sf-dump-protected, .sf-dump-private')).forEach(function (strNode) { strNode.className = strNode.className.replace(/\bsf-dump-highlight\b/, ''); strNode.className = strNode.className.replace(/\bsf-dump-highlight-active\b/, ''); }); } return function (root, x) { root = doc.getElementById(root); var indentRx = new RegExp('^('+(root.getAttribute('data-indent-pad') || ' ').replace(rxEsc, '\\$1')+')+', 'm'), options = {"maxDepth":1,"maxStringLength":160,"fileLinkFormat":false}, elt = root.getElementsByTagName('A'), len = elt.length, i = 0, s, h, t = []; while (i < len) t.push(elt[i++]); for (i in x) { options[i] = x[i]; } function a(e, f) { addEventListener(root, e, function (e, n) { if ('A' == e.target.tagName) { f(e.target, e); } else if ('A' == e.target.parentNode.tagName) { f(e.target.parentNode, e); } else { n = /\bsf-dump-ellipsis\b/.test(e.target.className) ? e.target.parentNode : e.target; if ((n = n.nextElementSibling) && 'A' == n.tagName) { if (!/\bsf-dump-toggle\b/.test(n.className)) { n = n.nextElementSibling || n; } f(n, e, true); } } }); }; function isCtrlKey(e) { return e.ctrlKey || e.metaKey; } function xpathString(str) { var parts = str.match(/[^'"]+|['"]/g).map(function (part) { if ("'" == part) { return '"\'"'; } if ('"' == part) { return "'\"'"; } return "'" + part + "'"; }); return "concat(" + parts.join(",") + ", '')"; } function xpathHasClass(className) { return "contains(concat(' ', normalize-space(@class), ' '), ' " + className +" ')"; } a('mouseover', function (a, e, c) { if (c) { e.target.style.cursor = "pointer"; } }); a('click', function (a, e, c) { if (/\bsf-dump-toggle\b/.test(a.className)) { e.preventDefault(); if (!toggle(a, isCtrlKey(e))) { var r = doc.getElementById(a.getAttribute('href').slice(1)), s = r.previousSibling, f = r.parentNode, t = a.parentNode; t.replaceChild(r, a); f.replaceChild(a, s); t.insertBefore(s, r); f = f.firstChild.nodeValue.match(indentRx); t = t.firstChild.nodeValue.match(indentRx); if (f && t && f[0] !== t[0]) { r.innerHTML = r.innerHTML.replace(new RegExp('^'+f[0].replace(rxEsc, '\\$1'), 'mg'), t[0]); } if (/\bsf-dump-compact\b/.test(r.className)) { toggle(s, isCtrlKey(e)); } } if (c) { } else if (doc.getSelection) { try { doc.getSelection().removeAllRanges(); } catch (e) { doc.getSelection().empty(); } } else { doc.selection.empty(); } } else if (/\bsf-dump-str-toggle\b/.test(a.className)) { e.preventDefault(); e = a.parentNode.parentNode; e.className = e.className.replace(/\bsf-dump-str-(expand|collapse)\b/, a.parentNode.className); } }); elt = root.getElementsByTagName('SAMP'); len = elt.length; i = 0; while (i < len) t.push(elt[i++]); len = t.length; for (i = 0; i < len; ++i) { elt = t[i]; if ('SAMP' == elt.tagName) { a = elt.previousSibling || {}; if ('A' != a.tagName) { a = doc.createElement('A'); a.className = 'sf-dump-ref'; elt.parentNode.insertBefore(a, elt); } else { a.innerHTML += ' '; } a.title = (a.title ? a.title+'\n[' : '[')+keyHint+'+click] Expand all children'; a.innerHTML += elt.className == 'sf-dump-compact' ? '<span>&#9654;</span>' : '<span>&#9660;</span>'; a.className += ' sf-dump-toggle'; x = 1; if ('sf-dump' != elt.parentNode.className) { x += elt.parentNode.getAttribute('data-depth')/1; } } else if (/\bsf-dump-ref\b/.test(elt.className) && (a = elt.getAttribute('href'))) { a = a.slice(1); elt.className += ' sf-dump-hover'; elt.className += ' '+a; if (/[\[{]$/.test(elt.previousSibling.nodeValue)) { a = a != elt.nextSibling.id && doc.getElementById(a); try { s = a.nextSibling; elt.appendChild(a); s.parentNode.insertBefore(a, s); if (/^[@#]/.test(elt.innerHTML)) { elt.innerHTML += ' <span>&#9654;</span>'; } else { elt.innerHTML = '<span>&#9654;</span>'; elt.className = 'sf-dump-ref'; } elt.className += ' sf-dump-toggle'; } catch (e) { if ('&' == elt.innerHTML.charAt(0)) { elt.innerHTML = '&#8230;'; elt.className = 'sf-dump-ref'; } } } } } if (doc.evaluate && Array.from && root.children.length > 1) { root.setAttribute('tabindex', 0); SearchState = function () { this.nodes = []; this.idx = 0; }; SearchState.prototype = { next: function () { if (this.isEmpty()) { return this.current(); } this.idx = this.idx < (this.nodes.length - 1) ? this.idx + 1 : 0; return this.current(); }, previous: function () { if (this.isEmpty()) { return this.current(); } this.idx = this.idx > 0 ? this.idx - 1 : (this.nodes.length - 1); return this.current(); }, isEmpty: function () { return 0 === this.count(); }, current: function () { if (this.isEmpty()) { return null; } return this.nodes[this.idx]; }, reset: function () { this.nodes = []; this.idx = 0; }, count: function () { return this.nodes.length; }, }; function showCurrent(state) { var currentNode = state.current(), currentRect, searchRect; if (currentNode) { reveal(currentNode); highlight(root, currentNode, state.nodes); if ('scrollIntoView' in currentNode) { currentNode.scrollIntoView(true); currentRect = currentNode.getBoundingClientRect(); searchRect = search.getBoundingClientRect(); if (currentRect.top < (searchRect.top + searchRect.height)) { window.scrollBy(0, -(searchRect.top + searchRect.height + 5)); } } } counter.textContent = (state.isEmpty() ? 0 : state.idx + 1) + ' of ' + state.count(); } var search = doc.createElement('div'); search.className = 'sf-dump-search-wrapper sf-dump-search-hidden'; search.innerHTML = ' <input type="text" class="sf-dump-search-input"> <span class="sf-dump-search-count">0 of 0<\/span> <button type="button" class="sf-dump-search-input-previous" tabindex="-1"> <svg viewBox="0 0 1792 1792" xmlns="http://www.w3.org/2000/svg"><path d="M1683 1331l-166 165q-19 19-45 19t-45-19L896 965l-531 531q-19 19-45 19t-45-19l-166-165q-19-19-19-45.5t19-45.5l742-741q19-19 45-19t45 19l742 741q19 19 19 45.5t-19 45.5z"\/><\/svg> <\/button> <button type="button" class="sf-dump-search-input-next" tabindex="-1"> <svg viewBox="0 0 1792 1792" xmlns="http://www.w3.org/2000/svg"><path d="M1683 808l-742 741q-19 19-45 19t-45-19L109 808q-19-19-19-45.5t19-45.5l166-165q19-19 45-19t45 19l531 531 531-531q19-19 45-19t45 19l166 165q19 19 19 45.5t-19 45.5z"\/><\/svg> <\/button> '; root.insertBefore(search, root.firstChild); var state = new SearchState(); var searchInput = search.querySelector('.sf-dump-search-input'); var counter = search.querySelector('.sf-dump-search-count'); var searchInputTimer = 0; var previousSearchQuery = ''; addEventListener(searchInput, 'keyup', function (e) { var searchQuery = e.target.value; /* Don't perform anything if the pressed key didn't change the query */ if (searchQuery === previousSearchQuery) { return; } previousSearchQuery = searchQuery; clearTimeout(searchInputTimer); searchInputTimer = setTimeout(function () { state.reset(); collapseAll(root); resetHighlightedNodes(root); if ('' === searchQuery) { counter.textContent = '0 of 0'; return; } var classMatches = [ "sf-dump-str", "sf-dump-key", "sf-dump-public", "sf-dump-protected", "sf-dump-private", ].map(xpathHasClass).join(' or '); var xpathResult = doc.evaluate('.//span[' + classMatches + '][contains(translate(child::text(), ' + xpathString(searchQuery.toUpperCase()) + ', ' + xpathString(searchQuery.toLowerCase()) + '), ' + xpathString(searchQuery.toLowerCase()) + ')]', root, null, XPathResult.ORDERED_NODE_ITERATOR_TYPE, null); while (node = xpathResult.iterateNext()) state.nodes.push(node); showCurrent(state); }, 400); }); Array.from(search.querySelectorAll('.sf-dump-search-input-next, .sf-dump-search-input-previous')).forEach(function (btn) { addEventListener(btn, 'click', function (e) { e.preventDefault(); -1 !== e.target.className.indexOf('next') ? state.next() : state.previous(); searchInput.focus(); collapseAll(root); showCurrent(state); }) }); addEventListener(root, 'keydown', function (e) { var isSearchActive = !/\bsf-dump-search-hidden\b/.test(search.className); if ((114 === e.keyCode && !isSearchActive) || (isCtrlKey(e) && 70 === e.keyCode)) { /* F3 or CMD/CTRL + F */ if (70 === e.keyCode && document.activeElement === searchInput) { /* * If CMD/CTRL + F is hit while having focus on search input, * the user probably meant to trigger browser search instead. * Let the browser execute its behavior: */ return; } e.preventDefault(); search.className = search.className.replace(/\bsf-dump-search-hidden\b/, ''); searchInput.focus(); } else if (isSearchActive) { if (27 === e.keyCode) { /* ESC key */ search.className += ' sf-dump-search-hidden'; e.preventDefault(); resetHighlightedNodes(root); searchInput.value = ''; } else if ( (isCtrlKey(e) && 71 === e.keyCode) /* CMD/CTRL + G */ || 13 === e.keyCode /* Enter */ || 114 === e.keyCode /* F3 */ ) { e.preventDefault(); e.shiftKey ? state.previous() : state.next(); collapseAll(root); showCurrent(state); } } }); } if (0 >= options.maxStringLength) { return; } try { elt = root.querySelectorAll('.sf-dump-str'); len = elt.length; i = 0; t = []; while (i < len) t.push(elt[i++]); len = t.length; for (i = 0; i < len; ++i) { elt = t[i]; s = elt.innerText || elt.textContent; x = s.length - options.maxStringLength; if (0 < x) { h = elt.innerHTML; elt[elt.innerText ? 'innerText' : 'textContent'] = s.substring(0, options.maxStringLength); elt.className += ' sf-dump-str-collapse'; elt.innerHTML = '<span class=sf-dump-str-collapse>'+h+'<a class="sf-dump-ref sf-dump-str-toggle" title="Collapse"> &#9664;</a></span>'+ '<span class=sf-dump-str-expand>'+elt.innerHTML+'<a class="sf-dump-ref sf-dump-str-toggle" title="'+x+' remaining characters"> &#9654;</a></span>'; } } } catch (e) { } }; })(document); </script><style> .sf-js-enabled pre.sf-dump .sf-dump-compact, .sf-js-enabled .sf-dump-str-collapse .sf-dump-str-collapse, .sf-js-enabled .sf-dump-str-expand .sf-dump-str-expand { display: none; } .sf-dump-hover:hover { background-color: #B729D9; color: #FFF !important; border-radius: 2px; } pre.sf-dump { display: block; white-space: pre; padding: 5px; overflow: initial !important; } pre.sf-dump:after { content: ""; visibility: hidden; display: block; height: 0; clear: both; } pre.sf-dump .sf-dump-ellipsization { display: inline-flex; } pre.sf-dump a { text-decoration: none; cursor: pointer; border: 0; outline: none; color: inherit; } pre.sf-dump img { max-width: 50em; max-height: 50em; margin: .5em 0 0 0; padding: 0; background: url(data:image/png;base64,iVBORw0KGgoAAAANSUhEUgAAABAAAAAQCAAAAAA6mKC9AAAAHUlEQVQY02O8zAABilCaiQEN0EeA8QuUcX9g3QEAAjcC5piyhyEAAAAASUVORK5CYII=) #D3D3D3; } pre.sf-dump .sf-dump-ellipsis { text-overflow: ellipsis; white-space: nowrap; overflow: hidden; } pre.sf-dump .sf-dump-ellipsis-tail { flex-shrink: 0; } pre.sf-dump code { display:inline; padding:0; background:none; } .sf-dump-public.sf-dump-highlight, .sf-dump-protected.sf-dump-highlight, .sf-dump-private.sf-dump-highlight, .sf-dump-str.sf-dump-highlight, .sf-dump-key.sf-dump-highlight { background: rgba(111, 172, 204, 0.3); border: 1px solid #7DA0B1; border-radius: 3px; } .sf-dump-public.sf-dump-highlight-active, .sf-dump-protected.sf-dump-highlight-active, .sf-dump-private.sf-dump-highlight-active, .sf-dump-str.sf-dump-highlight-active, .sf-dump-key.sf-dump-highlight-active { background: rgba(253, 175, 0, 0.4); border: 1px solid #ffa500; border-radius: 3px; } pre.sf-dump .sf-dump-search-hidden { display: none !important; } pre.sf-dump .sf-dump-search-wrapper { font-size: 0; white-space: nowrap; margin-bottom: 5px; display: flex; position: -webkit-sticky; position: sticky; top: 5px; } pre.sf-dump .sf-dump-search-wrapper > * { vertical-align: top; box-sizing: border-box; height: 21px; font-weight: normal; border-radius: 0; background: #FFF; color: #757575; border: 1px solid #BBB; } pre.sf-dump .sf-dump-search-wrapper > input.sf-dump-search-input { padding: 3px; height: 21px; font-size: 12px; border-right: none; border-top-left-radius: 3px; border-bottom-left-radius: 3px; color: #000; min-width: 15px; width: 100%; } pre.sf-dump .sf-dump-search-wrapper > .sf-dump-search-input-next, pre.sf-dump .sf-dump-search-wrapper > .sf-dump-search-input-previous { background: #F2F2F2; outline: none; border-left: none; font-size: 0; line-height: 0; } pre.sf-dump .sf-dump-search-wrapper > .sf-dump-search-input-next { border-top-right-radius: 3px; border-bottom-right-radius: 3px; } pre.sf-dump .sf-dump-search-wrapper > .sf-dump-search-input-next > svg, pre.sf-dump .sf-dump-search-wrapper > .sf-dump-search-input-previous > svg { pointer-events: none; width: 12px; height: 12px; } pre.sf-dump .sf-dump-search-wrapper > .sf-dump-search-count { display: inline-block; padding: 0 5px; margin: 0; border-left: none; line-height: 21px; font-size: 12px; }pre.sf-dump, pre.sf-dump .sf-dump-default{background:none; color:#CC7832; line-height:1.2em; font:12px Menlo, Monaco, Consolas, monospace; word-wrap: break-word; white-space: pre-wrap; position:relative; z-index:99999; word-break: break-all}pre.sf-dump .sf-dump-num{font-weight:bold; color:#1299DA}pre.sf-dump .sf-dump-const{font-weight:bold}pre.sf-dump .sf-dump-str{font-weight:bold; color:#629755;}pre.sf-dump .sf-dump-note{color:#6897BB}pre.sf-dump .sf-dump-ref{color:#6E6E6E}pre.sf-dump .sf-dump-public{color:#262626}pre.sf-dump .sf-dump-protected{color:#262626}pre.sf-dump .sf-dump-private{color:#262626}pre.sf-dump .sf-dump-meta{color:#B729D9}pre.sf-dump .sf-dump-key{color:#789339}pre.sf-dump .sf-dump-index{color:#1299DA}pre.sf-dump .sf-dump-ellipsis{color:#CC7832}pre.sf-dump .sf-dump-ns{user-select:none;}pre.sf-dump .sf-dump-ellipsis-note{color:#6897BB}</style><pre class=sf-dump id=sf-dump-1259990295 data-indent-pad="  "><span class=sf-dump-note>Symfony\Component\HttpKernel\Exception\NotFoundHttpException</span> {<a class=sf-dump-ref>#5806</a><samp data-depth=1 class=sf-dump-expanded>
   Γöé         <ol start="111"><li><code><span style="color: var(--highlight-keyword)">&nbsp;&nbsp;&nbsp;&nbsp;&nbsp;&nbsp;&nbsp;&nbsp;</span><span style="color: var(--highlight-default)">$this</span><span style="color: var(--highlight-keyword)">-&gt;</span><span style="color: var(--highlight-default)">priority&nbsp;</span><span style="color: var(--highlight-keyword)">??=&nbsp;</span><span style="color: var(--highlight-default)">$dispatcher</span><span style="color: var(--highlight-keyword)">-&gt;</span><span style="color: var(--highlight-default)">getListenerPriority</span><span style="color: var(--highlight-keyword)">(</span><span style="color: var(--highlight-default)">$eventName</span><span style="color: var(--highlight-keyword)">,&nbsp;</span><span style="color: var(--highlight-default)">$this</span><span style="color: var(--highlight-keyword)">-&gt;</span><span style="color: var(--highlight-default)">listener</span><span style="color: var(--highlight-keyword)">);</span></code></li>
   Γöé <li class="selected"><code><span style="color: var(--highlight-keyword)">&nbsp;&nbsp;&nbsp;&nbsp;&nbsp;&nbsp;&nbsp;&nbsp;&nbsp;&nbsp;&nbsp;&nbsp;(</span><span style="color: var(--highlight-default)">$this</span><span style="color: var(--highlight-keyword)">-&gt;</span><span style="color: var(--highlight-default)">optimizedListener&nbsp;</span><span style="color: var(--highlight-keyword)">??&nbsp;</span><span style="color: var(--highlight-default)">$this</span><span style="color: var(--highlight-keyword)">-&gt;</span><span style="color: var(--highlight-default)">listener</span><span style="color: var(--highlight-keyword)">)(</span><span style="color: var(--highlight-default)">$event</span><span style="color: var(--highlight-keyword)">,&nbsp;</span><span style="color: var(--highlight-default)">$eventName</span><span style="color: var(--highlight-keyword)">,&nbsp;</span><span style="color: var(--highlight-default)">$dispatcher</span><span style="color: var(--highlight-keyword)">);</span></code></li>
   Γöé <li><code><span style="color: var(--highlight-keyword)">&nbsp;&nbsp;&nbsp;&nbsp;&nbsp;&nbsp;&nbsp;&nbsp;&nbsp;&nbsp;&nbsp;&nbsp;</span><span style="color: var(--highlight-default)">$this</span><span style="color: var(--highlight-keyword)">-&gt;</span><span style="color: var(--highlight-default)">logger</span><span style="color: var(--highlight-keyword)">?-&gt;</span><span style="color: var(--highlight-default)">info</span><span style="color: var(--highlight-keyword)">(</span><span style="color: var(--highlight-string)">'Matched&nbsp;route&nbsp;"{route}".'</span><span style="color: var(--highlight-keyword)">,&nbsp;[</span></code></li></ol>    </div>            </div>
   Γöé         <ol start="111"><li><code><span style="color: var(--highlight-keyword)">&nbsp;&nbsp;&nbsp;&nbsp;&nbsp;&nbsp;&nbsp;&nbsp;</span><span style="color: var(--highlight-default)">$this</span><span style="color: var(--highlight-keyword)">-&gt;</span><span style="color: var(--highlight-default)">priority&nbsp;</span><span style="color: var(--highlight-keyword)">??=&nbsp;</span><span style="color: var(--highlight-default)">$dispatcher</span><span style="color: var(--highlight-keyword)">-&gt;</span><span style="color: var(--highlight-default)">getListenerPriority</span><span style="color: var(--highlight-keyword)">(</span><span style="color: var(--highlight-default)">$eventName</span><span style="color: var(--highlight-keyword)">,&nbsp;</span><span style="color: var(--highlight-default)">$this</span><span style="color: var(--highlight-keyword)">-&gt;</span><span style="color: var(--highlight-default)">listener</span><span style="color: var(--highlight-keyword)">);</span></code></li>
   Γöé <li class="selected"><code><span style="color: var(--highlight-keyword)">&nbsp;&nbsp;&nbsp;&nbsp;&nbsp;&nbsp;&nbsp;&nbsp;&nbsp;&nbsp;&nbsp;&nbsp;(</span><span style="color: var(--highlight-default)">$this</span><span style="color: var(--highlight-keyword)">-&gt;</span><span style="color: var(--highlight-default)">optimizedListener&nbsp;</span><span style="color: var(--highlight-keyword)">??&nbsp;</span><span style="color: var(--highlight-default)">$this</span><span style="color: var(--highlight-keyword)">-&gt;</span><span style="color: var(--highlight-default)">listener</span><span style="color: var(--highlight-keyword)">)(</span><span style="color: var(--highlight-default)">$event</span><span style="color: var(--highlight-keyword)">,&nbsp;</span><span style="color: var(--highlight-default)">$eventName</span><span style="color: var(--highlight-keyword)">,&nbsp;</span><span style="color: var(--highlight-default)">$dispatcher</span><span style="color: var(--highlight-keyword)">);</span></code></li>
   Γöé         var toggleClass = function(el, cssClass) { hasClass(el, cssClass) ? removeClass(el, cssClass) : addClass(el, cssClass); };
   Γöé                 toggle.innerHTML = currentContent !== altContent ? altContent : originalContent;
   Γöé                     label = i in labels ? labels[i] : value,
   Γöé                 option.setAttribute('title', 1 === (matches = filters.querySelectorAll('[data-filter-'+name+'="'+value+'"]').length) ? 'Matches 1 row' : 'Matches '+matches+' rows');
   Γöé                 localStorage.getItem('symfony/profiler/theme') || (matchMedia('(prefers-color-scheme: dark)').matches ? 'theme-dark' : 'theme-light')
   Γöé                         <script> Sfdump = window.Sfdump || (function (doc) { doc.documentElement.classList.add('sf-js-enabled'); var rxEsc = /([.*+?^${}()|\[\]\/\\])/g, idRx = /\bsf-dump-\d+-ref[012]\w+\b/, keyHint = 0 <= navigator.platform.toUpperCase().indexOf('MAC') ? 'Cmd' : 'Ctrl', addEventListener = function (e, n, cb) { e.addEventListener(n, cb, false); }; if (!doc.addEventListener) { addEventListener = function (element, eventName, callback) { element.attachEvent('on' + eventName, function (e) { e.preventDefault = function () {e.returnValue = false;}; e.target = e.srcElement; callback(e); }); }; } function toggle(a, recursive) { var s = a.nextSibling || {}, oldClass = s.className, arrow, newClass; if (/\bsf-dump-compact\b/.test(oldClass)) { arrow = '&#9660;'; newClass = 'sf-dump-expanded'; } else if (/\bsf-dump-expanded\b/.test(oldClass)) { arrow = '&#9654;'; newClass = 'sf-dump-compact'; } else { return false; } if (doc.createEvent && s.dispatchEvent) { var event = doc.createEvent('Event'); event.initEvent('sf-dump-expanded' === newClass ? 'sfbeforedumpexpand' : 'sfbeforedumpcollapse', true, false); s.dispatchEvent(event); } a.lastChild.innerHTML = arrow; s.className = s.className.replace(/\bsf-dump-(compact|expanded)\b/, newClass); if (recursive) { try { a = s.querySelectorAll('.'+oldClass); for (s = 0; s < a.length; ++s) { if (-1 == a[s].className.indexOf(newClass)) { a[s].className = newClass; a[s].previousSibling.lastChild.innerHTML = arrow; } } } catch (e) { } } return true; }; function collapse(a, recursive) { var s = a.nextSibling || {}, oldClass = s.className; if (/\bsf-dump-expanded\b/.test(oldClass)) { toggle(a, recursive); return true; } return false; }; function expand(a, recursive) { var s = a.nextSibling || {}, oldClass = s.className; if (/\bsf-dump-compact\b/.test(oldClass)) { toggle(a, recursive); return true; } return false; }; function collapseAll(root) { var a = root.querySelector('a.sf-dump-toggle'); if (a) { collapse(a, true); expand(a); return true; } return false; } function reveal(node) { var previous, parents = []; while ((node = node.parentNode || {}) && (previous = node.previousSibling) && 'A' === previous.tagName) { parents.push(previous); } if (0 !== parents.length) { parents.forEach(function (parent) { expand(parent); }); return true; } return false; } function highlight(root, activeNode, nodes) { resetHighlightedNodes(root); Array.from(nodes||[]).forEach(function (node) { if (!/\bsf-dump-highlight\b/.test(node.className)) { node.className = node.className + ' sf-dump-highlight'; } }); if (!/\bsf-dump-highlight-active\b/.test(activeNode.className)) { activeNode.className = activeNode.className + ' sf-dump-highlight-active'; } } function resetHighlightedNodes(root) { Array.from(root.querySelectorAll('.sf-dump-str, .sf-dump-key, .sf-dump-public, .sf-dump-protected, .sf-dump-private')).forEach(function (strNode) { strNode.className = strNode.className.replace(/\bsf-dump-highlight\b/, ''); strNode.className = strNode.className.replace(/\bsf-dump-highlight-active\b/, ''); }); } return function (root, x) { root = doc.getElementById(root); var indentRx = new RegExp('^('+(root.getAttribute('data-indent-pad') || ' ').replace(rxEsc, '\\$1')+')+', 'm'), options = {"maxDepth":1,"maxStringLength":160,"fileLinkFormat":false}, elt = root.getElementsByTagName('A'), len = elt.length, i = 0, s, h, t = []; while (i < len) t.push(elt[i++]); for (i in x) { options[i] = x[i]; } function a(e, f) { addEventListener(root, e, function (e, n) { if ('A' == e.target.tagName) { f(e.target, e); } else if ('A' == e.target.parentNode.tagName) { f(e.target.parentNode, e); } else { n = /\bsf-dump-ellipsis\b/.test(e.target.className) ? e.target.parentNode : e.target; if ((n = n.nextElementSibling) && 'A' == n.tagName) { if (!/\bsf-dump-toggle\b/.test(n.className)) { n = n.nextElementSibling || n; } f(n, e, true); } } }); }; function isCtrlKey(e) { return e.ctrlKey || e.metaKey; } function xpathString(str) { var parts = str.match(/[^'"]+|['"]/g).map(function (part) { if ("'" == part) { return '"\'"'; } if ('"' == part) { return "'\"'"; } return "'" + part + "'"; }); return "concat(" + parts.join(",") + ", '')"; } function xpathHasClass(className) { return "contains(concat(' ', normalize-space(@class), ' '), ' " + className +" ')"; } a('mouseover', function (a, e, c) { if (c) { e.target.style.cursor = "pointer"; } }); a('click', function (a, e, c) { if (/\bsf-dump-toggle\b/.test(a.className)) { e.preventDefault(); if (!toggle(a, isCtrlKey(e))) { var r = doc.getElementById(a.getAttribute('href').slice(1)), s = r.previousSibling, f = r.parentNode, t = a.parentNode; t.replaceChild(r, a); f.replaceChild(a, s); t.insertBefore(s, r); f = f.firstChild.nodeValue.match(indentRx); t = t.firstChild.nodeValue.match(indentRx); if (f && t && f[0] !== t[0]) { r.innerHTML = r.innerHTML.replace(new RegExp('^'+f[0].replace(rxEsc, '\\$1'), 'mg'), t[0]); } if (/\bsf-dump-compact\b/.test(r.className)) { toggle(s, isCtrlKey(e)); } } if (c) { } else if (doc.getSelection) { try { doc.getSelection().removeAllRanges(); } catch (e) { doc.getSelection().empty(); } } else { doc.selection.empty(); } } else if (/\bsf-dump-str-toggle\b/.test(a.className)) { e.preventDefault(); e = a.parentNode.parentNode; e.className = e.className.replace(/\bsf-dump-str-(expand|collapse)\b/, a.parentNode.className); } }); elt = root.getElementsByTagName('SAMP'); len = elt.length; i = 0; while (i < len) t.push(elt[i++]); len = t.length; for (i = 0; i < len; ++i) { elt = t[i]; if ('SAMP' == elt.tagName) { a = elt.previousSibling || {}; if ('A' != a.tagName) { a = doc.createElement('A'); a.className = 'sf-dump-ref'; elt.parentNode.insertBefore(a, elt); } else { a.innerHTML += ' '; } a.title = (a.title ? a.title+'\n[' : '[')+keyHint+'+click] Expand all children'; a.innerHTML += elt.className == 'sf-dump-compact' ? '<span>&#9654;</span>' : '<span>&#9660;</span>'; a.className += ' sf-dump-toggle'; x = 1; if ('sf-dump' != elt.parentNode.className) { x += elt.parentNode.getAttribute('data-depth')/1; } } else if (/\bsf-dump-ref\b/.test(elt.className) && (a = elt.getAttribute('href'))) { a = a.slice(1); elt.className += ' sf-dump-hover'; elt.className += ' '+a; if (/[\[{]$/.test(elt.previousSibling.nodeValue)) { a = a != elt.nextSibling.id && doc.getElementById(a); try { s = a.nextSibling; elt.appendChild(a); s.parentNode.insertBefore(a, s); if (/^[@#]/.test(elt.innerHTML)) { elt.innerHTML += ' <span>&#9654;</span>'; } else { elt.innerHTML = '<span>&#9654;</span>'; elt.className = 'sf-dump-ref'; } elt.className += ' sf-dump-toggle'; } catch (e) { if ('&' == elt.innerHTML.charAt(0)) { elt.innerHTML = '&#8230;'; elt.className = 'sf-dump-ref'; } } } } } if (doc.evaluate && Array.from && root.children.length > 1) { root.setAttribute('tabindex', 0); SearchState = function () { this.nodes = []; this.idx = 0; }; SearchState.prototype = { next: function () { if (this.isEmpty()) { return this.current(); } this.idx = this.idx < (this.nodes.length - 1) ? this.idx + 1 : 0; return this.current(); }, previous: function () { if (this.isEmpty()) { return this.current(); } this.idx = this.idx > 0 ? this.idx - 1 : (this.nodes.length - 1); return this.current(); }, isEmpty: function () { return 0 === this.count(); }, current: function () { if (this.isEmpty()) { return null; } return this.nodes[this.idx]; }, reset: function () { this.nodes = []; this.idx = 0; }, count: function () { return this.nodes.length; }, }; function showCurrent(state) { var currentNode = state.current(), currentRect, searchRect; if (currentNode) { reveal(currentNode); highlight(root, currentNode, state.nodes); if ('scrollIntoView' in currentNode) { currentNode.scrollIntoView(true); currentRect = currentNode.getBoundingClientRect(); searchRect = search.getBoundingClientRect(); if (currentRect.top < (searchRect.top + searchRect.height)) { window.scrollBy(0, -(searchRect.top + searchRect.height + 5)); } } } counter.textContent = (state.isEmpty() ? 0 : state.idx + 1) + ' of ' + state.count(); } var search = doc.createElement('div'); search.className = 'sf-dump-search-wrapper sf-dump-search-hidden'; search.innerHTML = ' <input type="text" class="sf-dump-search-input"> <span class="sf-dump-search-count">0 of 0<\/span> <button type="button" class="sf-dump-search-input-previous" tabindex="-1"> <svg viewBox="0 0 1792 1792" xmlns="http://www.w3.org/2000/svg"><path d="M1683 1331l-166 165q-19 19-45 19t-45-19L896 965l-531 531q-19 19-45 19t-45-19l-166-165q-19-19-19-45.5t19-45.5l742-741q19-19 45-19t45 19l742 741q19 19 19 45.5t-19 45.5z"\/><\/svg> <\/button> <button type="button" class="sf-dump-search-input-next" tabindex="-1"> <svg viewBox="0 0 1792 1792" xmlns="http://www.w3.org/2000/svg"><path d="M1683 808l-742 741q-19 19-45 19t-45-19L109 808q-19-19-19-45.5t19-45.5l166-165q19-19 45-19t45 19l531 531 531-531q19-19 45-19t45 19l166 165q19 19 19 45.5t-19 45.5z"\/><\/svg> <\/button> '; root.insertBefore(search, root.firstChild); var state = new SearchState(); var searchInput = search.querySelector('.sf-dump-search-input'); var counter = search.querySelector('.sf-dump-search-count'); var searchInputTimer = 0; var previousSearchQuery = ''; addEventListener(searchInput, 'keyup', function (e) { var searchQuery = e.target.value; /* Don't perform anything if the pressed key didn't change the query */ if (searchQuery === previousSearchQuery) { return; } previousSearchQuery = searchQuery; clearTimeout(searchInputTimer); searchInputTimer = setTimeout(function () { state.reset(); collapseAll(root); resetHighlightedNodes(root); if ('' === searchQuery) { counter.textContent = '0 of 0'; return; } var classMatches = [ "sf-dump-str", "sf-dump-key", "sf-dump-public", "sf-dump-protected", "sf-dump-private", ].map(xpathHasClass).join(' or '); var xpathResult = doc.evaluate('.//span[' + classMatches + '][contains(translate(child::text(), ' + xpathString(searchQuery.toUpperCase()) + ', ' + xpathString(searchQuery.toLowerCase()) + '), ' + xpathString(searchQuery.toLowerCase()) + ')]', root, null, XPathResult.ORDERED_NODE_ITERATOR_TYPE, null); while (node = xpathResult.iterateNext()) state.nodes.push(node); showCurrent(state); }, 400); }); Array.from(search.querySelectorAll('.sf-dump-search-input-next, .sf-dump-search-input-previous')).forEach(function (btn) { addEventListener(btn, 'click', function (e) { e.preventDefault(); -1 !== e.target.className.indexOf('next') ? state.next() : state.previous(); searchInput.focus(); collapseAll(root); showCurrent(state); }) }); addEventListener(root, 'keydown', function (e) { var isSearchActive = !/\bsf-dump-search-hidden\b/.test(search.className); if ((114 === e.keyCode && !isSearchActive) || (isCtrlKey(e) && 70 === e.keyCode)) { /* F3 or CMD/CTRL + F */ if (70 === e.keyCode && document.activeElement === searchInput) { /* * If CMD/CTRL + F is hit while having focus on search input, * the user probably meant to trigger browser search instead. * Let the browser execute its behavior: */ return; } e.preventDefault(); search.className = search.className.replace(/\bsf-dump-search-hidden\b/, ''); searchInput.focus(); } else if (isSearchActive) { if (27 === e.keyCode) { /* ESC key */ search.className += ' sf-dump-search-hidden'; e.preventDefault(); resetHighlightedNodes(root); searchInput.value = ''; } else if ( (isCtrlKey(e) && 71 === e.keyCode) /* CMD/CTRL + G */ || 13 === e.keyCode /* Enter */ || 114 === e.keyCode /* F3 */ ) { e.preventDefault(); e.shiftKey ? state.previous() : state.next(); collapseAll(root); showCurrent(state); } } }); } if (0 >= options.maxStringLength) { return; } try { elt = root.querySelectorAll('.sf-dump-str'); len = elt.length; i = 0; t = []; while (i < len) t.push(elt[i++]); len = t.length; for (i = 0; i < len; ++i) { elt = t[i]; s = elt.innerText || elt.textContent; x = s.length - options.maxStringLength; if (0 < x) { h = elt.innerHTML; elt[elt.innerText ? 'innerText' : 'textContent'] = s.substring(0, options.maxStringLength); elt.className += ' sf-dump-str-collapse'; elt.innerHTML = '<span class=sf-dump-str-collapse>'+h+'<a class="sf-dump-ref sf-dump-str-toggle" title="Collapse"> &#9664;</a></span>'+ '<span class=sf-dump-str-expand>'+elt.innerHTML+'<a class="sf-dump-ref sf-dump-str-toggle" title="'+x+' remaining characters"> &#9654;</a></span>'; } } } catch (e) { } }; })(document); </script><style> .sf-js-enabled pre.sf-dump .sf-dump-compact, .sf-js-enabled .sf-dump-str-collapse .sf-dump-str-collapse, .sf-js-enabled .sf-dump-str-expand .sf-dump-str-expand { display: none; } .sf-dump-hover:hover { background-color: #B729D9; color: #FFF !important; border-radius: 2px; } pre.sf-dump { display: block; white-space: pre; padding: 5px; overflow: initial !important; } pre.sf-dump:after { content: ""; visibility: hidden; display: block; height: 0; clear: both; } pre.sf-dump .sf-dump-ellipsization { display: inline-flex; } pre.sf-dump a { text-decoration: none; cursor: pointer; border: 0; outline: none; color: inherit; } pre.sf-dump img { max-width: 50em; max-height: 50em; margin: .5em 0 0 0; padding: 0; background: url(data:image/png;base64,iVBORw0KGgoAAAANSUhEUgAAABAAAAAQCAAAAAA6mKC9AAAAHUlEQVQY02O8zAABilCaiQEN0EeA8QuUcX9g3QEAAjcC5piyhyEAAAAASUVORK5CYII=) #D3D3D3; } pre.sf-dump .sf-dump-ellipsis { text-overflow: ellipsis; white-space: nowrap; overflow: hidden; } pre.sf-dump .sf-dump-ellipsis-tail { flex-shrink: 0; } pre.sf-dump code { display:inline; padding:0; background:none; } .sf-dump-public.sf-dump-highlight, .sf-dump-protected.sf-dump-highlight, .sf-dump-private.sf-dump-highlight, .sf-dump-str.sf-dump-highlight, .sf-dump-key.sf-dump-highlight { background: rgba(111, 172, 204, 0.3); border: 1px solid #7DA0B1; border-radius: 3px; } .sf-dump-public.sf-dump-highlight-active, .sf-dump-protected.sf-dump-highlight-active, .sf-dump-private.sf-dump-highlight-active, .sf-dump-str.sf-dump-highlight-active, .sf-dump-key.sf-dump-highlight-active { background: rgba(253, 175, 0, 0.4); border: 1px solid #ffa500; border-radius: 3px; } pre.sf-dump .sf-dump-search-hidden { display: none !important; } pre.sf-dump .sf-dump-search-wrapper { font-size: 0; white-space: nowrap; margin-bottom: 5px; display: flex; position: -webkit-sticky; position: sticky; top: 5px; } pre.sf-dump .sf-dump-search-wrapper > * { vertical-align: top; box-sizing: border-box; height: 21px; font-weight: normal; border-radius: 0; background: #FFF; color: #757575; border: 1px solid #BBB; } pre.sf-dump .sf-dump-search-wrapper > input.sf-dump-search-input { padding: 3px; height: 21px; font-size: 12px; border-right: none; border-top-left-radius: 3px; border-bottom-left-radius: 3px; color: #000; min-width: 15px; width: 100%; } pre.sf-dump .sf-dump-search-wrapper > .sf-dump-search-input-next, pre.sf-dump .sf-dump-search-wrapper > .sf-dump-search-input-previous { background: #F2F2F2; outline: none; border-left: none; font-size: 0; line-height: 0; } pre.sf-dump .sf-dump-search-wrapper > .sf-dump-search-input-next { border-top-right-radius: 3px; border-bottom-right-radius: 3px; } pre.sf-dump .sf-dump-search-wrapper > .sf-dump-search-input-next > svg, pre.sf-dump .sf-dump-search-wrapper > .sf-dump-search-input-previous > svg { pointer-events: none; width: 12px; height: 12px; } pre.sf-dump .sf-dump-search-wrapper > .sf-dump-search-count { display: inline-block; padding: 0 5px; margin: 0; border-left: none; line-height: 21px; font-size: 12px; }pre.sf-dump, pre.sf-dump .sf-dump-default{background:none; color:#CC7832; line-height:1.2em; font:12px Menlo, Monaco, Consolas, monospace; word-wrap: break-word; white-space: pre-wrap; position:relative; z-index:99999; word-break: break-all}pre.sf-dump .sf-dump-num{font-weight:bold; color:#1299DA}pre.sf-dump .sf-dump-const{font-weight:bold}pre.sf-dump .sf-dump-str{font-weight:bold; color:#629755;}pre.sf-dump .sf-dump-note{color:#6897BB}pre.sf-dump .sf-dump-ref{color:#6E6E6E}pre.sf-dump .sf-dump-public{color:#262626}pre.sf-dump .sf-dump-protected{color:#262626}pre.sf-dump .sf-dump-private{color:#262626}pre.sf-dump .sf-dump-meta{color:#B729D9}pre.sf-dump .sf-dump-key{color:#789339}pre.sf-dump .sf-dump-index{color:#1299DA}pre.sf-dump .sf-dump-ellipsis{color:#CC7832}pre.sf-dump .sf-dump-ns{user-select:none;}pre.sf-dump .sf-dump-ellipsis-note{color:#6897BB}</style><pre class=sf-dump id=sf-dump-1226335610 data-indent-pad="  "><span class=sf-dump-note>Twig\Error\RuntimeError</span> {<a class=sf-dump-ref>#10101</a><samp data-depth=1 class=sf-dump-expanded>
   Γöé       <span class=sf-dump-str title="15155 characters">                &lt;i class=&quot;fa-solid {{ ferme_edit|default(null) ? &#039;fa-pen-to-square&#039; : &#039;fa-plus-circle&#039; }}&quot; style=&quot;color: #2d7a36; margin-right: 10px;&quot;&gt;&lt;/i&gt;<span class="sf-dump-default sf-dump-ns">\r\n</span></span>
   Γöé       <span class=sf-dump-str title="15155 characters">                {{ ferme_edit|default(null) ? &#039;Modifier la ferme&#039; : &#039;Nouvelle ferme&#039; }}<span class="sf-dump-default sf-dump-ns">\r\n</span></span>
   Γöé       <span class=sf-dump-str title="15155 characters">            {% set action_url = ferme_edit|default(null) ? path(&#039;app_ferme_update&#039;, {&#039;id_ferme&#039;: ferme_edit.idFerme}) : path(&#039;app_ferme_index&#039;) %}<span class="sf-dump-default sf-dump-ns">\r\n</span></span>
   Γöé       <span class=sf-dump-str title="15155 characters">                    &lt;input type=&quot;text&quot; name=&quot;nom_ferme&quot; required placeholder=&quot;Ex: Domaine de l&#039;Olivier&quot; value=&quot;{{ ferme_edit|default(null) ? ferme_edit.nomFerme : &#039;&#039; }}&quot; <span class="sf-dump-default sf-dump-ns">\r\n</span></span>
   Γöé       <span class=sf-dump-str title="15155 characters">                           style=&quot;width: 100%; padding: 12px; border: 1px solid {{ errors.nom_ferme is defined ? &#039;#dc2626&#039; : &#039;#e2e8f0&#039; }}; border-radius: 10px; outline-color: #2d7a36;&quot;&gt;<span class="sf-dump-default sf-dump-ns">\r\n</span></span>
   Γöé       <span class=sf-dump-str title="15155 characters">                    &lt;input type=&quot;text&quot; name=&quot;lieu&quot; required placeholder=&quot;Ex: Bizerte&quot; value=&quot;{{ ferme_edit|default(null) ? ferme_edit.lieu : &#039;&#039; }}&quot; <span class="sf-dump-default sf-dump-ns">\r\n</span></span>
   Γöé       <span class=sf-dump-str title="15155 characters">                           style=&quot;width: 100%; padding: 12px; border: 1px solid {{ errors.lieu is defined ? &#039;#dc2626&#039; : &#039;#e2e8f0&#039; }}; border-radius: 10px; outline-color: #2d7a36;&quot;&gt;<span class="sf-dump-default sf-dump-ns">\r\n</span></span>
   Γöé       <span class=sf-dump-str title="15155 characters">                    &lt;input type=&quot;number&quot; step=&quot;0.1&quot; name=&quot;surface&quot; required placeholder=&quot;Ex: 5000&quot; value=&quot;{{ ferme_edit|default(null) ? ferme_edit.surface : &#039;&#039; }}&quot; <span class="sf-dump-default sf-dump-ns">\r\n</span></span>
   Γöé       <span class=sf-dump-str title="15155 characters">                           style=&quot;width: 100%; padding: 12px; border: 1px solid {{ errors.surface is defined ? &#039;#dc2626&#039; : &#039;#e2e8f0&#039; }}; border-radius: 10px; outline-color: #2d7a36;&quot;&gt;<span class="sf-dump-default sf-dump-ns">\r\n</span></span>
   Γöé       <span class=sf-dump-str title="15155 characters">                        &lt;input type=&quot;number&quot; step=&quot;any&quot; name=&quot;latitude&quot; value=&quot;{{ ferme_edit|default(null) ? ferme_edit.latitude : &#039;&#039; }}&quot; style=&quot;width: 100%; padding: 10px; border: 1px solid #e2e8f0; border-radius: 10px;&quot;&gt;<span class="sf-dump-default sf-dump-ns">\r\n</span></span>
   Γöé       <span class=sf-dump-str title="15155 characters">                        &lt;input type=&quot;number&quot; step=&quot;any&quot; name=&quot;longitude&quot; value=&quot;{{ ferme_edit|default(null) ? ferme_edit.longitude : &#039;&#039; }}&quot; style=&quot;width: 100%; padding: 10px; border: 1px solid #e2e8f0; border-radius: 10px;&quot;&gt;<span class="sf-dump-default sf-dump-ns">\r\n</span></span>
   Γöé       <span class=sf-dump-str title="15155 characters">                    {{ ferme_edit|default(null) ? &#039;Mettre &#224; jour la ferme&#039; : &#039;Enregistrer la ferme&#039; }}<span class="sf-dump-default sf-dump-ns">\r\n</span></span>
   Γöé       <span class=sf-dump-str title="15155 characters">                                &lt;form method=&quot;post&quot; action=&quot;{{ path(&#039;app_ferme_delete&#039;, {&#039;id_ferme&#039;: ferme.idFerme}) }}&quot; onsubmit=&quot;return confirm(&#039;&#202;tes-vous s&#251;r ?&#039;);&quot;&gt;<span class="sf-dump-default sf-dump-ns">\r\n</span></span>
   Γöé <li><code>&nbsp;&nbsp;&nbsp;&nbsp;&nbsp;&nbsp;&nbsp;&nbsp;&nbsp;&nbsp;&nbsp;&nbsp;&nbsp;&nbsp;&nbsp;&nbsp;&nbsp;&nbsp;&nbsp;&nbsp;&nbsp;&nbsp;&nbsp;&nbsp;&nbsp;&nbsp;&nbsp;&nbsp;&nbsp;&nbsp;&nbsp;&nbsp;&lt;form&nbsp;method="post"&nbsp;action="{{&nbsp;path('app_ferme_delete',&nbsp;{'id_ferme':&nbsp;ferme.idFerme})&nbsp;}}"&nbsp;onsubmit="return&nbsp;confirm('├ètes-vous&nbsp;s├╗r&nbsp;?');"&gt;</code></li>
   Γöé <li><code><span style="color: var(--highlight-keyword)">&nbsp;&nbsp;&nbsp;&nbsp;private&nbsp;function&nbsp;</span><span style="color: var(--highlight-default)">doRender</span><span style="color: var(--highlight-keyword)">(</span><span style="color: var(--highlight-default)">string&nbsp;$view</span><span style="color: var(--highlight-keyword)">,&nbsp;?</span><span style="color: var(--highlight-default)">string&nbsp;$block</span><span style="color: var(--highlight-keyword)">,&nbsp;array&nbsp;</span><span style="color: var(--highlight-default)">$parameters</span><span style="color: var(--highlight-keyword)">,&nbsp;?</span><span style="color: var(--highlight-default)">Response&nbsp;$response</span><span style="color: var(--highlight-keyword)">,&nbsp;</span><span style="color: var(--highlight-default)">string&nbsp;$method</span><span style="color: var(--highlight-keyword)">):&nbsp;</span><span style="color: var(--highlight-default)">Response</span></code></li>
   Γöé <li><code><span style="color: var(--highlight-keyword)">&nbsp;&nbsp;&nbsp;&nbsp;private&nbsp;function&nbsp;</span><span style="color: var(--highlight-default)">doRender</span><span style="color: var(--highlight-keyword)">(</span><span style="color: var(--highlight-default)">string&nbsp;$view</span><span style="color: var(--highlight-keyword)">,&nbsp;?</span><span style="color: var(--highlight-default)">string&nbsp;$block</span><span style="color: var(--highlight-keyword)">,&nbsp;array&nbsp;</span><span style="color: var(--highlight-default)">$parameters</span><span style="color: var(--highlight-keyword)">,&nbsp;?</span><span style="color: var(--highlight-default)">Response&nbsp;$response</span><span style="color: var(--highlight-keyword)">,&nbsp;</span><span style="color: var(--highlight-default)">string&nbsp;$method</span><span style="color: var(--highlight-keyword)">):&nbsp;</span><span style="color: var(--highlight-default)">Response</span></code></li>
   Γöé <li><code><span style="color: var(--highlight-keyword)">&nbsp;&nbsp;&nbsp;&nbsp;&nbsp;&nbsp;&nbsp;&nbsp;</span><span style="color: var(--highlight-default)">$response&nbsp;</span><span style="color: var(--highlight-keyword)">??=&nbsp;new&nbsp;</span><span style="color: var(--highlight-default)">Response</span><span style="color: var(--highlight-keyword)">();</span></code></li>
   Γöé <li><code><span style="color: var(--highlight-comment)">&nbsp;&nbsp;&nbsp;&nbsp;</span><span style="color: var(--highlight-keyword)">protected&nbsp;function&nbsp;</span><span style="color: var(--highlight-default)">render</span><span style="color: var(--highlight-keyword)">(</span><span style="color: var(--highlight-default)">string&nbsp;$view</span><span style="color: var(--highlight-keyword)">,&nbsp;array&nbsp;</span><span style="color: var(--highlight-default)">$parameters&nbsp;</span><span style="color: var(--highlight-keyword)">=&nbsp;[],&nbsp;?</span><span style="color: var(--highlight-default)">Response&nbsp;$response&nbsp;</span><span style="color: var(--highlight-keyword)">=&nbsp;</span><span style="color: var(--highlight-default)">null</span><span style="color: var(--highlight-keyword)">):&nbsp;</span><span style="color: var(--highlight-default)">Response</span></code></li>
   Γöé <li><code><span style="color: var(--highlight-keyword)">&nbsp;&nbsp;&nbsp;&nbsp;&nbsp;&nbsp;&nbsp;&nbsp;&nbsp;&nbsp;&nbsp;&nbsp;yield&nbsp;</span><span style="color: var(--highlight-string)">"\"&nbsp;onsubmit=\"return&nbsp;confirm('├ètes-vous&nbsp;s├╗r&nbsp;?');\"&gt;</span></code></li>
   Γöé <li><code><span style="color: var(--highlight-keyword)">&nbsp;&nbsp;&nbsp;&nbsp;private&nbsp;function&nbsp;</span><span style="color: var(--highlight-default)">doRender</span><span style="color: var(--highlight-keyword)">(</span><span style="color: var(--highlight-default)">string&nbsp;$view</span><span style="color: var(--highlight-keyword)">,&nbsp;?</span><span style="color: var(--highlight-default)">string&nbsp;$block</span><span style="color: var(--highlight-keyword)">,&nbsp;array&nbsp;</span><span style="color: var(--highlight-default)">$parameters</span><span style="color: var(--highlight-keyword)">,&nbsp;?</span><span style="color: var(--highlight-default)">Response&nbsp;$response</span><span style="color: var(--highlight-keyword)">,&nbsp;</span><span style="color: var(--highlight-default)">string&nbsp;$method</span><span style="color: var(--highlight-keyword)">):&nbsp;</span><span style="color: var(--highlight-default)">Response</span></code></li>
   Γöé <li><code><span style="color: var(--highlight-keyword)">&nbsp;&nbsp;&nbsp;&nbsp;private&nbsp;function&nbsp;</span><span style="color: var(--highlight-default)">doRender</span><span style="color: var(--highlight-keyword)">(</span><span style="color: var(--highlight-default)">string&nbsp;$view</span><span style="color: var(--highlight-keyword)">,&nbsp;?</span><span style="color: var(--highlight-default)">string&nbsp;$block</span><span style="color: var(--highlight-keyword)">,&nbsp;array&nbsp;</span><span style="color: var(--highlight-default)">$parameters</span><span style="color: var(--highlight-keyword)">,&nbsp;?</span><span style="color: var(--highlight-default)">Response&nbsp;$response</span><span style="color: var(--highlight-keyword)">,&nbsp;</span><span style="color: var(--highlight-default)">string&nbsp;$method</span><span style="color: var(--highlight-keyword)">):&nbsp;</span><span style="color: var(--highlight-default)">Response</span></code></li>
   Γöé <li><code><span style="color: var(--highlight-keyword)">&nbsp;&nbsp;&nbsp;&nbsp;&nbsp;&nbsp;&nbsp;&nbsp;</span><span style="color: var(--highlight-default)">$response&nbsp;</span><span style="color: var(--highlight-keyword)">??=&nbsp;new&nbsp;</span><span style="color: var(--highlight-default)">Response</span><span style="color: var(--highlight-keyword)">();</span></code></li>
   Γöé <li><code><span style="color: var(--highlight-comment)">&nbsp;&nbsp;&nbsp;&nbsp;</span><span style="color: var(--highlight-keyword)">protected&nbsp;function&nbsp;</span><span style="color: var(--highlight-default)">render</span><span style="color: var(--highlight-keyword)">(</span><span style="color: var(--highlight-default)">string&nbsp;$view</span><span style="color: var(--highlight-keyword)">,&nbsp;array&nbsp;</span><span style="color: var(--highlight-default)">$parameters&nbsp;</span><span style="color: var(--highlight-keyword)">=&nbsp;[],&nbsp;?</span><span style="color: var(--highlight-default)">Response&nbsp;$response&nbsp;</span><span style="color: var(--highlight-keyword)">=&nbsp;</span><span style="color: var(--highlight-default)">null</span><span style="color: var(--highlight-keyword)">):&nbsp;</span><span style="color: var(--highlight-default)">Response</span></code></li>
   Γöé         var toggleClass = function(el, cssClass) { hasClass(el, cssClass) ? removeClass(el, cssClass) : addClass(el, cssClass); };
   Γöé                 toggle.innerHTML = currentContent !== altContent ? altContent : originalContent;
   Γöé                     label = i in labels ? labels[i] : value,
   Γöé                 option.setAttribute('title', 1 === (matches = filters.querySelectorAll('[data-filter-'+name+'="'+value+'"]').length) ? 'Matches 1 row' : 'Matches '+matches+' rows');
   Γöé                 localStorage.getItem('symfony/profiler/theme') || (matchMedia('(prefers-color-scheme: dark)').matches ? 'theme-dark' : 'theme-light')
   Γöé                         <script> Sfdump = window.Sfdump || (function (doc) { doc.documentElement.classList.add('sf-js-enabled'); var rxEsc = /([.*+?^${}()|\[\]\/\\])/g, idRx = /\bsf-dump-\d+-ref[012]\w+\b/, keyHint = 0 <= navigator.platform.toUpperCase().indexOf('MAC') ? 'Cmd' : 'Ctrl', addEventListener = function (e, n, cb) { e.addEventListener(n, cb, false); }; if (!doc.addEventListener) { addEventListener = function (element, eventName, callback) { element.attachEvent('on' + eventName, function (e) { e.preventDefault = function () {e.returnValue = false;}; e.target = e.srcElement; callback(e); }); }; } function toggle(a, recursive) { var s = a.nextSibling || {}, oldClass = s.className, arrow, newClass; if (/\bsf-dump-compact\b/.test(oldClass)) { arrow = '&#9660;'; newClass = 'sf-dump-expanded'; } else if (/\bsf-dump-expanded\b/.test(oldClass)) { arrow = '&#9654;'; newClass = 'sf-dump-compact'; } else { return false; } if (doc.createEvent && s.dispatchEvent) { var event = doc.createEvent('Event'); event.initEvent('sf-dump-expanded' === newClass ? 'sfbeforedumpexpand' : 'sfbeforedumpcollapse', true, false); s.dispatchEvent(event); } a.lastChild.innerHTML = arrow; s.className = s.className.replace(/\bsf-dump-(compact|expanded)\b/, newClass); if (recursive) { try { a = s.querySelectorAll('.'+oldClass); for (s = 0; s < a.length; ++s) { if (-1 == a[s].className.indexOf(newClass)) { a[s].className = newClass; a[s].previousSibling.lastChild.innerHTML = arrow; } } } catch (e) { } } return true; }; function collapse(a, recursive) { var s = a.nextSibling || {}, oldClass = s.className; if (/\bsf-dump-expanded\b/.test(oldClass)) { toggle(a, recursive); return true; } return false; }; function expand(a, recursive) { var s = a.nextSibling || {}, oldClass = s.className; if (/\bsf-dump-compact\b/.test(oldClass)) { toggle(a, recursive); return true; } return false; }; function collapseAll(root) { var a = root.querySelector('a.sf-dump-toggle'); if (a) { collapse(a, true); expand(a); return true; } return false; } function reveal(node) { var previous, parents = []; while ((node = node.parentNode || {}) && (previous = node.previousSibling) && 'A' === previous.tagName) { parents.push(previous); } if (0 !== parents.length) { parents.forEach(function (parent) { expand(parent); }); return true; } return false; } function highlight(root, activeNode, nodes) { resetHighlightedNodes(root); Array.from(nodes||[]).forEach(function (node) { if (!/\bsf-dump-highlight\b/.test(node.className)) { node.className = node.className + ' sf-dump-highlight'; } }); if (!/\bsf-dump-highlight-active\b/.test(activeNode.className)) { activeNode.className = activeNode.className + ' sf-dump-highlight-active'; } } function resetHighlightedNodes(root) { Array.from(root.querySelectorAll('.sf-dump-str, .sf-dump-key, .sf-dump-public, .sf-dump-protected, .sf-dump-private')).forEach(function (strNode) { strNode.className = strNode.className.replace(/\bsf-dump-highlight\b/, ''); strNode.className = strNode.className.replace(/\bsf-dump-highlight-active\b/, ''); }); } return function (root, x) { root = doc.getElementById(root); var indentRx = new RegExp('^('+(root.getAttribute('data-indent-pad') || ' ').replace(rxEsc, '\\$1')+')+', 'm'), options = {"maxDepth":1,"maxStringLength":160,"fileLinkFormat":false}, elt = root.getElementsByTagName('A'), len = elt.length, i = 0, s, h, t = []; while (i < len) t.push(elt[i++]); for (i in x) { options[i] = x[i]; } function a(e, f) { addEventListener(root, e, function (e, n) { if ('A' == e.target.tagName) { f(e.target, e); } else if ('A' == e.target.parentNode.tagName) { f(e.target.parentNode, e); } else { n = /\bsf-dump-ellipsis\b/.test(e.target.className) ? e.target.parentNode : e.target; if ((n = n.nextElementSibling) && 'A' == n.tagName) { if (!/\bsf-dump-toggle\b/.test(n.className)) { n = n.nextElementSibling || n; } f(n, e, true); } } }); }; function isCtrlKey(e) { return e.ctrlKey || e.metaKey; } function xpathString(str) { var parts = str.match(/[^'"]+|['"]/g).map(function (part) { if ("'" == part) { return '"\'"'; } if ('"' == part) { return "'\"'"; } return "'" + part + "'"; }); return "concat(" + parts.join(",") + ", '')"; } function xpathHasClass(className) { return "contains(concat(' ', normalize-space(@class), ' '), ' " + className +" ')"; } a('mouseover', function (a, e, c) { if (c) { e.target.style.cursor = "pointer"; } }); a('click', function (a, e, c) { if (/\bsf-dump-toggle\b/.test(a.className)) { e.preventDefault(); if (!toggle(a, isCtrlKey(e))) { var r = doc.getElementById(a.getAttribute('href').slice(1)), s = r.previousSibling, f = r.parentNode, t = a.parentNode; t.replaceChild(r, a); f.replaceChild(a, s); t.insertBefore(s, r); f = f.firstChild.nodeValue.match(indentRx); t = t.firstChild.nodeValue.match(indentRx); if (f && t && f[0] !== t[0]) { r.innerHTML = r.innerHTML.replace(new RegExp('^'+f[0].replace(rxEsc, '\\$1'), 'mg'), t[0]); } if (/\bsf-dump-compact\b/.test(r.className)) { toggle(s, isCtrlKey(e)); } } if (c) { } else if (doc.getSelection) { try { doc.getSelection().removeAllRanges(); } catch (e) { doc.getSelection().empty(); } } else { doc.selection.empty(); } } else if (/\bsf-dump-str-toggle\b/.test(a.className)) { e.preventDefault(); e = a.parentNode.parentNode; e.className = e.className.replace(/\bsf-dump-str-(expand|collapse)\b/, a.parentNode.className); } }); elt = root.getElementsByTagName('SAMP'); len = elt.length; i = 0; while (i < len) t.push(elt[i++]); len = t.length; for (i = 0; i < len; ++i) { elt = t[i]; if ('SAMP' == elt.tagName) { a = elt.previousSibling || {}; if ('A' != a.tagName) { a = doc.createElement('A'); a.className = 'sf-dump-ref'; elt.parentNode.insertBefore(a, elt); } else { a.innerHTML += ' '; } a.title = (a.title ? a.title+'\n[' : '[')+keyHint+'+click] Expand all children'; a.innerHTML += elt.className == 'sf-dump-compact' ? '<span>&#9654;</span>' : '<span>&#9660;</span>'; a.className += ' sf-dump-toggle'; x = 1; if ('sf-dump' != elt.parentNode.className) { x += elt.parentNode.getAttribute('data-depth')/1; } } else if (/\bsf-dump-ref\b/.test(elt.className) && (a = elt.getAttribute('href'))) { a = a.slice(1); elt.className += ' sf-dump-hover'; elt.className += ' '+a; if (/[\[{]$/.test(elt.previousSibling.nodeValue)) { a = a != elt.nextSibling.id && doc.getElementById(a); try { s = a.nextSibling; elt.appendChild(a); s.parentNode.insertBefore(a, s); if (/^[@#]/.test(elt.innerHTML)) { elt.innerHTML += ' <span>&#9654;</span>'; } else { elt.innerHTML = '<span>&#9654;</span>'; elt.className = 'sf-dump-ref'; } elt.className += ' sf-dump-toggle'; } catch (e) { if ('&' == elt.innerHTML.charAt(0)) { elt.innerHTML = '&#8230;'; elt.className = 'sf-dump-ref'; } } } } } if (doc.evaluate && Array.from && root.children.length > 1) { root.setAttribute('tabindex', 0); SearchState = function () { this.nodes = []; this.idx = 0; }; SearchState.prototype = { next: function () { if (this.isEmpty()) { return this.current(); } this.idx = this.idx < (this.nodes.length - 1) ? this.idx + 1 : 0; return this.current(); }, previous: function () { if (this.isEmpty()) { return this.current(); } this.idx = this.idx > 0 ? this.idx - 1 : (this.nodes.length - 1); return this.current(); }, isEmpty: function () { return 0 === this.count(); }, current: function () { if (this.isEmpty()) { return null; } return this.nodes[this.idx]; }, reset: function () { this.nodes = []; this.idx = 0; }, count: function () { return this.nodes.length; }, }; function showCurrent(state) { var currentNode = state.current(), currentRect, searchRect; if (currentNode) { reveal(currentNode); highlight(root, currentNode, state.nodes); if ('scrollIntoView' in currentNode) { currentNode.scrollIntoView(true); currentRect = currentNode.getBoundingClientRect(); searchRect = search.getBoundingClientRect(); if (currentRect.top < (searchRect.top + searchRect.height)) { window.scrollBy(0, -(searchRect.top + searchRect.height + 5)); } } } counter.textContent = (state.isEmpty() ? 0 : state.idx + 1) + ' of ' + state.count(); } var search = doc.createElement('div'); search.className = 'sf-dump-search-wrapper sf-dump-search-hidden'; search.innerHTML = ' <input type="text" class="sf-dump-search-input"> <span class="sf-dump-search-count">0 of 0<\/span> <button type="button" class="sf-dump-search-input-previous" tabindex="-1"> <svg viewBox="0 0 1792 1792" xmlns="http://www.w3.org/2000/svg"><path d="M1683 1331l-166 165q-19 19-45 19t-45-19L896 965l-531 531q-19 19-45 19t-45-19l-166-165q-19-19-19-45.5t19-45.5l742-741q19-19 45-19t45 19l742 741q19 19 19 45.5t-19 45.5z"\/><\/svg> <\/button> <button type="button" class="sf-dump-search-input-next" tabindex="-1"> <svg viewBox="0 0 1792 1792" xmlns="http://www.w3.org/2000/svg"><path d="M1683 808l-742 741q-19 19-45 19t-45-19L109 808q-19-19-19-45.5t19-45.5l166-165q19-19 45-19t45 19l531 531 531-531q19-19 45-19t45 19l166 165q19 19 19 45.5t-19 45.5z"\/><\/svg> <\/button> '; root.insertBefore(search, root.firstChild); var state = new SearchState(); var searchInput = search.querySelector('.sf-dump-search-input'); var counter = search.querySelector('.sf-dump-search-count'); var searchInputTimer = 0; var previousSearchQuery = ''; addEventListener(searchInput, 'keyup', function (e) { var searchQuery = e.target.value; /* Don't perform anything if the pressed key didn't change the query */ if (searchQuery === previousSearchQuery) { return; } previousSearchQuery = searchQuery; clearTimeout(searchInputTimer); searchInputTimer = setTimeout(function () { state.reset(); collapseAll(root); resetHighlightedNodes(root); if ('' === searchQuery) { counter.textContent = '0 of 0'; return; } var classMatches = [ "sf-dump-str", "sf-dump-key", "sf-dump-public", "sf-dump-protected", "sf-dump-private", ].map(xpathHasClass).join(' or '); var xpathResult = doc.evaluate('.//span[' + classMatches + '][contains(translate(child::text(), ' + xpathString(searchQuery.toUpperCase()) + ', ' + xpathString(searchQuery.toLowerCase()) + '), ' + xpathString(searchQuery.toLowerCase()) + ')]', root, null, XPathResult.ORDERED_NODE_ITERATOR_TYPE, null); while (node = xpathResult.iterateNext()) state.nodes.push(node); showCurrent(state); }, 400); }); Array.from(search.querySelectorAll('.sf-dump-search-input-next, .sf-dump-search-input-previous')).forEach(function (btn) { addEventListener(btn, 'click', function (e) { e.preventDefault(); -1 !== e.target.className.indexOf('next') ? state.next() : state.previous(); searchInput.focus(); collapseAll(root); showCurrent(state); }) }); addEventListener(root, 'keydown', function (e) { var isSearchActive = !/\bsf-dump-search-hidden\b/.test(search.className); if ((114 === e.keyCode && !isSearchActive) || (isCtrlKey(e) && 70 === e.keyCode)) { /* F3 or CMD/CTRL + F */ if (70 === e.keyCode && document.activeElement === searchInput) { /* * If CMD/CTRL + F is hit while having focus on search input, * the user probably meant to trigger browser search instead. * Let the browser execute its behavior: */ return; } e.preventDefault(); search.className = search.className.replace(/\bsf-dump-search-hidden\b/, ''); searchInput.focus(); } else if (isSearchActive) { if (27 === e.keyCode) { /* ESC key */ search.className += ' sf-dump-search-hidden'; e.preventDefault(); resetHighlightedNodes(root); searchInput.value = ''; } else if ( (isCtrlKey(e) && 71 === e.keyCode) /* CMD/CTRL + G */ || 13 === e.keyCode /* Enter */ || 114 === e.keyCode /* F3 */ ) { e.preventDefault(); e.shiftKey ? state.previous() : state.next(); collapseAll(root); showCurrent(state); } } }); } if (0 >= options.maxStringLength) { return; } try { elt = root.querySelectorAll('.sf-dump-str'); len = elt.length; i = 0; t = []; while (i < len) t.push(elt[i++]); len = t.length; for (i = 0; i < len; ++i) { elt = t[i]; s = elt.innerText || elt.textContent; x = s.length - options.maxStringLength; if (0 < x) { h = elt.innerHTML; elt[elt.innerText ? 'innerText' : 'textContent'] = s.substring(0, options.maxStringLength); elt.className += ' sf-dump-str-collapse'; elt.innerHTML = '<span class=sf-dump-str-collapse>'+h+'<a class="sf-dump-ref sf-dump-str-toggle" title="Collapse"> &#9664;</a></span>'+ '<span class=sf-dump-str-expand>'+elt.innerHTML+'<a class="sf-dump-ref sf-dump-str-toggle" title="'+x+' remaining characters"> &#9654;</a></span>'; } } } catch (e) { } }; })(document); </script><style> .sf-js-enabled pre.sf-dump .sf-dump-compact, .sf-js-enabled .sf-dump-str-collapse .sf-dump-str-collapse, .sf-js-enabled .sf-dump-str-expand .sf-dump-str-expand { display: none; } .sf-dump-hover:hover { background-color: #B729D9; color: #FFF !important; border-radius: 2px; } pre.sf-dump { display: block; white-space: pre; padding: 5px; overflow: initial !important; } pre.sf-dump:after { content: ""; visibility: hidden; display: block; height: 0; clear: both; } pre.sf-dump .sf-dump-ellipsization { display: inline-flex; } pre.sf-dump a { text-decoration: none; cursor: pointer; border: 0; outline: none; color: inherit; } pre.sf-dump img { max-width: 50em; max-height: 50em; margin: .5em 0 0 0; padding: 0; background: url(data:image/png;base64,iVBORw0KGgoAAAANSUhEUgAAABAAAAAQCAAAAAA6mKC9AAAAHUlEQVQY02O8zAABilCaiQEN0EeA8QuUcX9g3QEAAjcC5piyhyEAAAAASUVORK5CYII=) #D3D3D3; } pre.sf-dump .sf-dump-ellipsis { text-overflow: ellipsis; white-space: nowrap; overflow: hidden; } pre.sf-dump .sf-dump-ellipsis-tail { flex-shrink: 0; } pre.sf-dump code { display:inline; padding:0; background:none; } .sf-dump-public.sf-dump-highlight, .sf-dump-protected.sf-dump-highlight, .sf-dump-private.sf-dump-highlight, .sf-dump-str.sf-dump-highlight, .sf-dump-key.sf-dump-highlight { background: rgba(111, 172, 204, 0.3); border: 1px solid #7DA0B1; border-radius: 3px; } .sf-dump-public.sf-dump-highlight-active, .sf-dump-protected.sf-dump-highlight-active, .sf-dump-private.sf-dump-highlight-active, .sf-dump-str.sf-dump-highlight-active, .sf-dump-key.sf-dump-highlight-active { background: rgba(253, 175, 0, 0.4); border: 1px solid #ffa500; border-radius: 3px; } pre.sf-dump .sf-dump-search-hidden { display: none !important; } pre.sf-dump .sf-dump-search-wrapper { font-size: 0; white-space: nowrap; margin-bottom: 5px; display: flex; position: -webkit-sticky; position: sticky; top: 5px; } pre.sf-dump .sf-dump-search-wrapper > * { vertical-align: top; box-sizing: border-box; height: 21px; font-weight: normal; border-radius: 0; background: #FFF; color: #757575; border: 1px solid #BBB; } pre.sf-dump .sf-dump-search-wrapper > input.sf-dump-search-input { padding: 3px; height: 21px; font-size: 12px; border-right: none; border-top-left-radius: 3px; border-bottom-left-radius: 3px; color: #000; min-width: 15px; width: 100%; } pre.sf-dump .sf-dump-search-wrapper > .sf-dump-search-input-next, pre.sf-dump .sf-dump-search-wrapper > .sf-dump-search-input-previous { background: #F2F2F2; outline: none; border-left: none; font-size: 0; line-height: 0; } pre.sf-dump .sf-dump-search-wrapper > .sf-dump-search-input-next { border-top-right-radius: 3px; border-bottom-right-radius: 3px; } pre.sf-dump .sf-dump-search-wrapper > .sf-dump-search-input-next > svg, pre.sf-dump .sf-dump-search-wrapper > .sf-dump-search-input-previous > svg { pointer-events: none; width: 12px; height: 12px; } pre.sf-dump .sf-dump-search-wrapper > .sf-dump-search-count { display: inline-block; padding: 0 5px; margin: 0; border-left: none; line-height: 21px; font-size: 12px; }pre.sf-dump, pre.sf-dump .sf-dump-default{background:none; color:#CC7832; line-height:1.2em; font:12px Menlo, Monaco, Consolas, monospace; word-wrap: break-word; white-space: pre-wrap; position:relative; z-index:99999; word-break: break-all}pre.sf-dump .sf-dump-num{font-weight:bold; color:#1299DA}pre.sf-dump .sf-dump-const{font-weight:bold}pre.sf-dump .sf-dump-str{font-weight:bold; color:#629755;}pre.sf-dump .sf-dump-note{color:#6897BB}pre.sf-dump .sf-dump-ref{color:#6E6E6E}pre.sf-dump .sf-dump-public{color:#262626}pre.sf-dump .sf-dump-protected{color:#262626}pre.sf-dump .sf-dump-private{color:#262626}pre.sf-dump .sf-dump-meta{color:#B729D9}pre.sf-dump .sf-dump-key{color:#789339}pre.sf-dump .sf-dump-index{color:#1299DA}pre.sf-dump .sf-dump-ellipsis{color:#CC7832}pre.sf-dump .sf-dump-ns{user-select:none;}pre.sf-dump .sf-dump-ellipsis-note{color:#6897BB}</style><pre class=sf-dump id=sf-dump-570248761 data-indent-pad="  "><span class=sf-dump-note>Twig\Error\RuntimeError</span> {<a class=sf-dump-ref>#7811</a><samp data-depth=1 class=sf-dump-expanded>
   Γöé       <span class=sf-dump-str title="15155 characters">                &lt;i class=&quot;fa-solid {{ ferme_edit|default(null) ? &#039;fa-pen-to-square&#039; : &#039;fa-plus-circle&#039; }}&quot; style=&quot;color: #2d7a36; margin-right: 10px;&quot;&gt;&lt;/i&gt;<span class="sf-dump-default sf-dump-ns">\r\n</span></span>
   Γöé       <span class=sf-dump-str title="15155 characters">                {{ ferme_edit|default(null) ? &#039;Modifier la ferme&#039; : &#039;Nouvelle ferme&#039; }}<span class="sf-dump-default sf-dump-ns">\r\n</span></span>
   Γöé       <span class=sf-dump-str title="15155 characters">            {% set action_url = ferme_edit|default(null) ? path(&#039;app_ferme_update&#039;, {&#039;id_ferme&#039;: ferme_edit.idFerme}) : path(&#039;app_ferme_index&#039;) %}<span class="sf-dump-default sf-dump-ns">\r\n</span></span>
   Γöé       <span class=sf-dump-str title="15155 characters">                    &lt;input type=&quot;text&quot; name=&quot;nom_ferme&quot; required placeholder=&quot;Ex: Domaine de l&#039;Olivier&quot; value=&quot;{{ ferme_edit|default(null) ? ferme_edit.nomFerme : &#039;&#039; }}&quot; <span class="sf-dump-default sf-dump-ns">\r\n</span></span>
   Γöé       <span class=sf-dump-str title="15155 characters">                           style=&quot;width: 100%; padding: 12px; border: 1px solid {{ errors.nom_ferme is defined ? &#039;#dc2626&#039; : &#039;#e2e8f0&#039; }}; border-radius: 10px; outline-color: #2d7a36;&quot;&gt;<span class="sf-dump-default sf-dump-ns">\r\n</span></span>
   Γöé       <span class=sf-dump-str title="15155 characters">                    &lt;input type=&quot;text&quot; name=&quot;lieu&quot; required placeholder=&quot;Ex: Bizerte&quot; value=&quot;{{ ferme_edit|default(null) ? ferme_edit.lieu : &#039;&#039; }}&quot; <span class="sf-dump-default sf-dump-ns">\r\n</span></span>
   Γöé       <span class=sf-dump-str title="15155 characters">                           style=&quot;width: 100%; padding: 12px; border: 1px solid {{ errors.lieu is defined ? &#039;#dc2626&#039; : &#039;#e2e8f0&#039; }}; border-radius: 10px; outline-color: #2d7a36;&quot;&gt;<span class="sf-dump-default sf-dump-ns">\r\n</span></span>
   Γöé       <span class=sf-dump-str title="15155 characters">                    &lt;input type=&quot;number&quot; step=&quot;0.1&quot; name=&quot;surface&quot; required placeholder=&quot;Ex: 5000&quot; value=&quot;{{ ferme_edit|default(null) ? ferme_edit.surface : &#039;&#039; }}&quot; <span class="sf-dump-default sf-dump-ns">\r\n</span></span>
   Γöé       <span class=sf-dump-str title="15155 characters">                           style=&quot;width: 100%; padding: 12px; border: 1px solid {{ errors.surface is defined ? &#039;#dc2626&#039; : &#039;#e2e8f0&#039; }}; border-radius: 10px; outline-color: #2d7a36;&quot;&gt;<span class="sf-dump-default sf-dump-ns">\r\n</span></span>
   Γöé       <span class=sf-dump-str title="15155 characters">                        &lt;input type=&quot;number&quot; step=&quot;any&quot; name=&quot;latitude&quot; value=&quot;{{ ferme_edit|default(null) ? ferme_edit.latitude : &#039;&#039; }}&quot; style=&quot;width: 100%; padding: 10px; border: 1px solid #e2e8f0; border-radius: 10px;&quot;&gt;<span class="sf-dump-default sf-dump-ns">\r\n</span></span>
   Γöé       <span class=sf-dump-str title="15155 characters">                        &lt;input type=&quot;number&quot; step=&quot;any&quot; name=&quot;longitude&quot; value=&quot;{{ ferme_edit|default(null) ? ferme_edit.longitude : &#039;&#039; }}&quot; style=&quot;width: 100%; padding: 10px; border: 1px solid #e2e8f0; border-radius: 10px;&quot;&gt;<span class="sf-dump-default sf-dump-ns">\r\n</span></span>
   Γöé       <span class=sf-dump-str title="15155 characters">                    {{ ferme_edit|default(null) ? &#039;Mettre &#224; jour la ferme&#039; : &#039;Enregistrer la ferme&#039; }}<span class="sf-dump-default sf-dump-ns">\r\n</span></span>
   Γöé       <span class=sf-dump-str title="15155 characters">                                &lt;form method=&quot;post&quot; action=&quot;{{ path(&#039;app_ferme_delete&#039;, {&#039;id_ferme&#039;: ferme.idFerme}) }}&quot; onsubmit=&quot;return confirm(&#039;&#202;tes-vous s&#251;r ?&#039;);&quot;&gt;<span class="sf-dump-default sf-dump-ns">\r\n</span></span>
   Γöé <li><code>&nbsp;&nbsp;&nbsp;&nbsp;&nbsp;&nbsp;&nbsp;&nbsp;&nbsp;&nbsp;&nbsp;&nbsp;&nbsp;&nbsp;&nbsp;&nbsp;&nbsp;&nbsp;&nbsp;&nbsp;&nbsp;&nbsp;&nbsp;&nbsp;&nbsp;&nbsp;&nbsp;&nbsp;&nbsp;&nbsp;&nbsp;&nbsp;&lt;form&nbsp;method="post"&nbsp;action="{{&nbsp;path('app_ferme_delete',&nbsp;{'id_ferme':&nbsp;ferme.idFerme})&nbsp;}}"&nbsp;onsubmit="return&nbsp;confirm('├ètes-vous&nbsp;s├╗r&nbsp;?');"&gt;</code></li>
   Γöé <li><code><span style="color: var(--highlight-keyword)">&nbsp;&nbsp;&nbsp;&nbsp;private&nbsp;function&nbsp;</span><span style="color: var(--highlight-default)">doRender</span><span style="color: var(--highlight-keyword)">(</span><span style="color: var(--highlight-default)">string&nbsp;$view</span><span style="color: var(--highlight-keyword)">,&nbsp;?</span><span style="color: var(--highlight-default)">string&nbsp;$block</span><span style="color: var(--highlight-keyword)">,&nbsp;array&nbsp;</span><span style="color: var(--highlight-default)">$parameters</span><span style="color: var(--highlight-keyword)">,&nbsp;?</span><span style="color: var(--highlight-default)">Response&nbsp;$response</span><span style="color: var(--highlight-keyword)">,&nbsp;</span><span style="color: var(--highlight-default)">string&nbsp;$method</span><span style="color: var(--highlight-keyword)">):&nbsp;</span><span style="color: var(--highlight-default)">Response</span></code></li>
   Γöé <li><code><span style="color: var(--highlight-keyword)">&nbsp;&nbsp;&nbsp;&nbsp;private&nbsp;function&nbsp;</span><span style="color: var(--highlight-default)">doRender</span><span style="color: var(--highlight-keyword)">(</span><span style="color: var(--highlight-default)">string&nbsp;$view</span><span style="color: var(--highlight-keyword)">,&nbsp;?</span><span style="color: var(--highlight-default)">string&nbsp;$block</span><span style="color: var(--highlight-keyword)">,&nbsp;array&nbsp;</span><span style="color: var(--highlight-default)">$parameters</span><span style="color: var(--highlight-keyword)">,&nbsp;?</span><span style="color: var(--highlight-default)">Response&nbsp;$response</span><span style="color: var(--highlight-keyword)">,&nbsp;</span><span style="color: var(--highlight-default)">string&nbsp;$method</span><span style="color: var(--highlight-keyword)">):&nbsp;</span><span style="color: var(--highlight-default)">Response</span></code></li>
   Γöé <li><code><span style="color: var(--highlight-keyword)">&nbsp;&nbsp;&nbsp;&nbsp;&nbsp;&nbsp;&nbsp;&nbsp;</span><span style="color: var(--highlight-default)">$response&nbsp;</span><span style="color: var(--highlight-keyword)">??=&nbsp;new&nbsp;</span><span style="color: var(--highlight-default)">Response</span><span style="color: var(--highlight-keyword)">();</span></code></li>
   Γöé <li><code><span style="color: var(--highlight-comment)">&nbsp;&nbsp;&nbsp;&nbsp;</span><span style="color: var(--highlight-keyword)">protected&nbsp;function&nbsp;</span><span style="color: var(--highlight-default)">render</span><span style="color: var(--highlight-keyword)">(</span><span style="color: var(--highlight-default)">string&nbsp;$view</span><span style="color: var(--highlight-keyword)">,&nbsp;array&nbsp;</span><span style="color: var(--highlight-default)">$parameters&nbsp;</span><span style="color: var(--highlight-keyword)">=&nbsp;[],&nbsp;?</span><span style="color: var(--highlight-default)">Response&nbsp;$response&nbsp;</span><span style="color: var(--highlight-keyword)">=&nbsp;</span><span style="color: var(--highlight-default)">null</span><span style="color: var(--highlight-keyword)">):&nbsp;</span><span style="color: var(--highlight-default)">Response</span></code></li>
   Γöé <li><code><span style="color: var(--highlight-keyword)">&nbsp;&nbsp;&nbsp;&nbsp;&nbsp;&nbsp;&nbsp;&nbsp;&nbsp;&nbsp;&nbsp;&nbsp;?&nbsp;</span><span style="color: var(--highlight-default)">$fermeRepository</span><span style="color: var(--highlight-keyword)">-&gt;</span><span style="color: var(--highlight-default)">findBySearchAndSort</span><span style="color: var(--highlight-keyword)">(</span><span style="color: var(--highlight-default)">$search</span><span style="color: var(--highlight-keyword)">,&nbsp;</span><span style="color: var(--highlight-default)">$sort</span><span style="color: var(--highlight-keyword)">,&nbsp;</span><span style="color: var(--highlight-default)">$direction</span><span style="color: var(--highlight-keyword)">)
   Γöé <li><code><span style="color: var(--highlight-keyword)">&nbsp;&nbsp;&nbsp;&nbsp;&nbsp;&nbsp;&nbsp;&nbsp;&nbsp;&nbsp;&nbsp;&nbsp;yield&nbsp;</span><span style="color: var(--highlight-string)">"\"&nbsp;onsubmit=\"return&nbsp;confirm('├ètes-vous&nbsp;s├╗r&nbsp;?');\"&gt;</span></code></li>
   Γöé <li><code><span style="color: var(--highlight-keyword)">&nbsp;&nbsp;&nbsp;&nbsp;private&nbsp;function&nbsp;</span><span style="color: var(--highlight-default)">doRender</span><span style="color: var(--highlight-keyword)">(</span><span style="color: var(--highlight-default)">string&nbsp;$view</span><span style="color: var(--highlight-keyword)">,&nbsp;?</span><span style="color: var(--highlight-default)">string&nbsp;$block</span><span style="color: var(--highlight-keyword)">,&nbsp;array&nbsp;</span><span style="color: var(--highlight-default)">$parameters</span><span style="color: var(--highlight-keyword)">,&nbsp;?</span><span style="color: var(--highlight-default)">Response&nbsp;$response</span><span style="color: var(--highlight-keyword)">,&nbsp;</span><span style="color: var(--highlight-default)">string&nbsp;$method</span><span style="color: var(--highlight-keyword)">):&nbsp;</span><span style="color: var(--highlight-default)">Response</span></code></li>
   Γöé <li><code><span style="color: var(--highlight-keyword)">&nbsp;&nbsp;&nbsp;&nbsp;private&nbsp;function&nbsp;</span><span style="color: var(--highlight-default)">doRender</span><span style="color: var(--highlight-keyword)">(</span><span style="color: var(--highlight-default)">string&nbsp;$view</span><span style="color: var(--highlight-keyword)">,&nbsp;?</span><span style="color: var(--highlight-default)">string&nbsp;$block</span><span style="color: var(--highlight-keyword)">,&nbsp;array&nbsp;</span><span style="color: var(--highlight-default)">$parameters</span><span style="color: var(--highlight-keyword)">,&nbsp;?</span><span style="color: var(--highlight-default)">Response&nbsp;$response</span><span style="color: var(--highlight-keyword)">,&nbsp;</span><span style="color: var(--highlight-default)">string&nbsp;$method</span><span style="color: var(--highlight-keyword)">):&nbsp;</span><span style="color: var(--highlight-default)">Response</span></code></li>
   Γöé <li><code><span style="color: var(--highlight-keyword)">&nbsp;&nbsp;&nbsp;&nbsp;&nbsp;&nbsp;&nbsp;&nbsp;</span><span style="color: var(--highlight-default)">$response&nbsp;</span><span style="color: var(--highlight-keyword)">??=&nbsp;new&nbsp;</span><span style="color: var(--highlight-default)">Response</span><span style="color: var(--highlight-keyword)">();</span></code></li>
   Γöé <li><code><span style="color: var(--highlight-comment)">&nbsp;&nbsp;&nbsp;&nbsp;</span><span style="color: var(--highlight-keyword)">protected&nbsp;function&nbsp;</span><span style="color: var(--highlight-default)">render</span><span style="color: var(--highlight-keyword)">(</span><span style="color: var(--highlight-default)">string&nbsp;$view</span><span style="color: var(--highlight-keyword)">,&nbsp;array&nbsp;</span><span style="color: var(--highlight-default)">$parameters&nbsp;</span><span style="color: var(--highlight-keyword)">=&nbsp;[],&nbsp;?</span><span style="color: var(--highlight-default)">Response&nbsp;$response&nbsp;</span><span style="color: var(--highlight-keyword)">=&nbsp;</span><span style="color: var(--highlight-default)">null</span><span style="color: var(--highlight-keyword)">):&nbsp;</span><span style="color: var(--highlight-default)">Response</span></code></li>
   Γöé <li><code><span style="color: var(--highlight-keyword)">&nbsp;&nbsp;&nbsp;&nbsp;&nbsp;&nbsp;&nbsp;&nbsp;&nbsp;&nbsp;&nbsp;&nbsp;?&nbsp;</span><span style="color: var(--highlight-default)">$fermeRepository</span><span style="color: var(--highlight-keyword)">-&gt;</span><span style="color: var(--highlight-default)">findBySearchAndSort</span><span style="color: var(--highlight-keyword)">(</span><span style="color: var(--highlight-default)">$search</span><span style="color: var(--highlight-keyword)">,&nbsp;</span><span style="color: var(--highlight-default)">$sort</span><span style="color: var(--highlight-keyword)">,&nbsp;</span><span style="color: var(--highlight-default)">$direction</span><span style="color: var(--highlight-keyword)">)
   Γöé         var toggleClass = function(el, cssClass) { hasClass(el, cssClass) ? removeClass(el, cssClass) : addClass(el, cssClass); };
   Γöé                 toggle.innerHTML = currentContent !== altContent ? altContent : originalContent;
   Γöé                     label = i in labels ? labels[i] : value,
   Γöé                 option.setAttribute('title', 1 === (matches = filters.querySelectorAll('[data-filter-'+name+'="'+value+'"]').length) ? 'Matches 1 row' : 'Matches '+matches+' rows');
   Γöé                 localStorage.getItem('symfony/profiler/theme') || (matchMedia('(prefers-color-scheme: dark)').matches ? 'theme-dark' : 'theme-light')
   Γöé                         <script> Sfdump = window.Sfdump || (function (doc) { doc.documentElement.classList.add('sf-js-enabled'); var rxEsc = /([.*+?^${}()|\[\]\/\\])/g, idRx = /\bsf-dump-\d+-ref[012]\w+\b/, keyHint = 0 <= navigator.platform.toUpperCase().indexOf('MAC') ? 'Cmd' : 'Ctrl', addEventListener = function (e, n, cb) { e.addEventListener(n, cb, false); }; if (!doc.addEventListener) { addEventListener = function (element, eventName, callback) { element.attachEvent('on' + eventName, function (e) { e.preventDefault = function () {e.returnValue = false;}; e.target = e.srcElement; callback(e); }); }; } function toggle(a, recursive) { var s = a.nextSibling || {}, oldClass = s.className, arrow, newClass; if (/\bsf-dump-compact\b/.test(oldClass)) { arrow = '&#9660;'; newClass = 'sf-dump-expanded'; } else if (/\bsf-dump-expanded\b/.test(oldClass)) { arrow = '&#9654;'; newClass = 'sf-dump-compact'; } else { return false; } if (doc.createEvent && s.dispatchEvent) { var event = doc.createEvent('Event'); event.initEvent('sf-dump-expanded' === newClass ? 'sfbeforedumpexpand' : 'sfbeforedumpcollapse', true, false); s.dispatchEvent(event); } a.lastChild.innerHTML = arrow; s.className = s.className.replace(/\bsf-dump-(compact|expanded)\b/, newClass); if (recursive) { try { a = s.querySelectorAll('.'+oldClass); for (s = 0; s < a.length; ++s) { if (-1 == a[s].className.indexOf(newClass)) { a[s].className = newClass; a[s].previousSibling.lastChild.innerHTML = arrow; } } } catch (e) { } } return true; }; function collapse(a, recursive) { var s = a.nextSibling || {}, oldClass = s.className; if (/\bsf-dump-expanded\b/.test(oldClass)) { toggle(a, recursive); return true; } return false; }; function expand(a, recursive) { var s = a.nextSibling || {}, oldClass = s.className; if (/\bsf-dump-compact\b/.test(oldClass)) { toggle(a, recursive); return true; } return false; }; function collapseAll(root) { var a = root.querySelector('a.sf-dump-toggle'); if (a) { collapse(a, true); expand(a); return true; } return false; } function reveal(node) { var previous, parents = []; while ((node = node.parentNode || {}) && (previous = node.previousSibling) && 'A' === previous.tagName) { parents.push(previous); } if (0 !== parents.length) { parents.forEach(function (parent) { expand(parent); }); return true; } return false; } function highlight(root, activeNode, nodes) { resetHighlightedNodes(root); Array.from(nodes||[]).forEach(function (node) { if (!/\bsf-dump-highlight\b/.test(node.className)) { node.className = node.className + ' sf-dump-highlight'; } }); if (!/\bsf-dump-highlight-active\b/.test(activeNode.className)) { activeNode.className = activeNode.className + ' sf-dump-highlight-active'; } } function resetHighlightedNodes(root) { Array.from(root.querySelectorAll('.sf-dump-str, .sf-dump-key, .sf-dump-public, .sf-dump-protected, .sf-dump-private')).forEach(function (strNode) { strNode.className = strNode.className.replace(/\bsf-dump-highlight\b/, ''); strNode.className = strNode.className.replace(/\bsf-dump-highlight-active\b/, ''); }); } return function (root, x) { root = doc.getElementById(root); var indentRx = new RegExp('^('+(root.getAttribute('data-indent-pad') || ' ').replace(rxEsc, '\\$1')+')+', 'm'), options = {"maxDepth":1,"maxStringLength":160,"fileLinkFormat":false}, elt = root.getElementsByTagName('A'), len = elt.length, i = 0, s, h, t = []; while (i < len) t.push(elt[i++]); for (i in x) { options[i] = x[i]; } function a(e, f) { addEventListener(root, e, function (e, n) { if ('A' == e.target.tagName) { f(e.target, e); } else if ('A' == e.target.parentNode.tagName) { f(e.target.parentNode, e); } else { n = /\bsf-dump-ellipsis\b/.test(e.target.className) ? e.target.parentNode : e.target; if ((n = n.nextElementSibling) && 'A' == n.tagName) { if (!/\bsf-dump-toggle\b/.test(n.className)) { n = n.nextElementSibling || n; } f(n, e, true); } } }); }; function isCtrlKey(e) { return e.ctrlKey || e.metaKey; } function xpathString(str) { var parts = str.match(/[^'"]+|['"]/g).map(function (part) { if ("'" == part) { return '"\'"'; } if ('"' == part) { return "'\"'"; } return "'" + part + "'"; }); return "concat(" + parts.join(",") + ", '')"; } function xpathHasClass(className) { return "contains(concat(' ', normalize-space(@class), ' '), ' " + className +" ')"; } a('mouseover', function (a, e, c) { if (c) { e.target.style.cursor = "pointer"; } }); a('click', function (a, e, c) { if (/\bsf-dump-toggle\b/.test(a.className)) { e.preventDefault(); if (!toggle(a, isCtrlKey(e))) { var r = doc.getElementById(a.getAttribute('href').slice(1)), s = r.previousSibling, f = r.parentNode, t = a.parentNode; t.replaceChild(r, a); f.replaceChild(a, s); t.insertBefore(s, r); f = f.firstChild.nodeValue.match(indentRx); t = t.firstChild.nodeValue.match(indentRx); if (f && t && f[0] !== t[0]) { r.innerHTML = r.innerHTML.replace(new RegExp('^'+f[0].replace(rxEsc, '\\$1'), 'mg'), t[0]); } if (/\bsf-dump-compact\b/.test(r.className)) { toggle(s, isCtrlKey(e)); } } if (c) { } else if (doc.getSelection) { try { doc.getSelection().removeAllRanges(); } catch (e) { doc.getSelection().empty(); } } else { doc.selection.empty(); } } else if (/\bsf-dump-str-toggle\b/.test(a.className)) { e.preventDefault(); e = a.parentNode.parentNode; e.className = e.className.replace(/\bsf-dump-str-(expand|collapse)\b/, a.parentNode.className); } }); elt = root.getElementsByTagName('SAMP'); len = elt.length; i = 0; while (i < len) t.push(elt[i++]); len = t.length; for (i = 0; i < len; ++i) { elt = t[i]; if ('SAMP' == elt.tagName) { a = elt.previousSibling || {}; if ('A' != a.tagName) { a = doc.createElement('A'); a.className = 'sf-dump-ref'; elt.parentNode.insertBefore(a, elt); } else { a.innerHTML += ' '; } a.title = (a.title ? a.title+'\n[' : '[')+keyHint+'+click] Expand all children'; a.innerHTML += elt.className == 'sf-dump-compact' ? '<span>&#9654;</span>' : '<span>&#9660;</span>'; a.className += ' sf-dump-toggle'; x = 1; if ('sf-dump' != elt.parentNode.className) { x += elt.parentNode.getAttribute('data-depth')/1; } } else if (/\bsf-dump-ref\b/.test(elt.className) && (a = elt.getAttribute('href'))) { a = a.slice(1); elt.className += ' sf-dump-hover'; elt.className += ' '+a; if (/[\[{]$/.test(elt.previousSibling.nodeValue)) { a = a != elt.nextSibling.id && doc.getElementById(a); try { s = a.nextSibling; elt.appendChild(a); s.parentNode.insertBefore(a, s); if (/^[@#]/.test(elt.innerHTML)) { elt.innerHTML += ' <span>&#9654;</span>'; } else { elt.innerHTML = '<span>&#9654;</span>'; elt.className = 'sf-dump-ref'; } elt.className += ' sf-dump-toggle'; } catch (e) { if ('&' == elt.innerHTML.charAt(0)) { elt.innerHTML = '&#8230;'; elt.className = 'sf-dump-ref'; } } } } } if (doc.evaluate && Array.from && root.children.length > 1) { root.setAttribute('tabindex', 0); SearchState = function () { this.nodes = []; this.idx = 0; }; SearchState.prototype = { next: function () { if (this.isEmpty()) { return this.current(); } this.idx = this.idx < (this.nodes.length - 1) ? this.idx + 1 : 0; return this.current(); }, previous: function () { if (this.isEmpty()) { return this.current(); } this.idx = this.idx > 0 ? this.idx - 1 : (this.nodes.length - 1); return this.current(); }, isEmpty: function () { return 0 === this.count(); }, current: function () { if (this.isEmpty()) { return null; } return this.nodes[this.idx]; }, reset: function () { this.nodes = []; this.idx = 0; }, count: function () { return this.nodes.length; }, }; function showCurrent(state) { var currentNode = state.current(), currentRect, searchRect; if (currentNode) { reveal(currentNode); highlight(root, currentNode, state.nodes); if ('scrollIntoView' in currentNode) { currentNode.scrollIntoView(true); currentRect = currentNode.getBoundingClientRect(); searchRect = search.getBoundingClientRect(); if (currentRect.top < (searchRect.top + searchRect.height)) { window.scrollBy(0, -(searchRect.top + searchRect.height + 5)); } } } counter.textContent = (state.isEmpty() ? 0 : state.idx + 1) + ' of ' + state.count(); } var search = doc.createElement('div'); search.className = 'sf-dump-search-wrapper sf-dump-search-hidden'; search.innerHTML = ' <input type="text" class="sf-dump-search-input"> <span class="sf-dump-search-count">0 of 0<\/span> <button type="button" class="sf-dump-search-input-previous" tabindex="-1"> <svg viewBox="0 0 1792 1792" xmlns="http://www.w3.org/2000/svg"><path d="M1683 1331l-166 165q-19 19-45 19t-45-19L896 965l-531 531q-19 19-45 19t-45-19l-166-165q-19-19-19-45.5t19-45.5l742-741q19-19 45-19t45 19l742 741q19 19 19 45.5t-19 45.5z"\/><\/svg> <\/button> <button type="button" class="sf-dump-search-input-next" tabindex="-1"> <svg viewBox="0 0 1792 1792" xmlns="http://www.w3.org/2000/svg"><path d="M1683 808l-742 741q-19 19-45 19t-45-19L109 808q-19-19-19-45.5t19-45.5l166-165q19-19 45-19t45 19l531 531 531-531q19-19 45-19t45 19l166 165q19 19 19 45.5t-19 45.5z"\/><\/svg> <\/button> '; root.insertBefore(search, root.firstChild); var state = new SearchState(); var searchInput = search.querySelector('.sf-dump-search-input'); var counter = search.querySelector('.sf-dump-search-count'); var searchInputTimer = 0; var previousSearchQuery = ''; addEventListener(searchInput, 'keyup', function (e) { var searchQuery = e.target.value; /* Don't perform anything if the pressed key didn't change the query */ if (searchQuery === previousSearchQuery) { return; } previousSearchQuery = searchQuery; clearTimeout(searchInputTimer); searchInputTimer = setTimeout(function () { state.reset(); collapseAll(root); resetHighlightedNodes(root); if ('' === searchQuery) { counter.textContent = '0 of 0'; return; } var classMatches = [ "sf-dump-str", "sf-dump-key", "sf-dump-public", "sf-dump-protected", "sf-dump-private", ].map(xpathHasClass).join(' or '); var xpathResult = doc.evaluate('.//span[' + classMatches + '][contains(translate(child::text(), ' + xpathString(searchQuery.toUpperCase()) + ', ' + xpathString(searchQuery.toLowerCase()) + '), ' + xpathString(searchQuery.toLowerCase()) + ')]', root, null, XPathResult.ORDERED_NODE_ITERATOR_TYPE, null); while (node = xpathResult.iterateNext()) state.nodes.push(node); showCurrent(state); }, 400); }); Array.from(search.querySelectorAll('.sf-dump-search-input-next, .sf-dump-search-input-previous')).forEach(function (btn) { addEventListener(btn, 'click', function (e) { e.preventDefault(); -1 !== e.target.className.indexOf('next') ? state.next() : state.previous(); searchInput.focus(); collapseAll(root); showCurrent(state); }) }); addEventListener(root, 'keydown', function (e) { var isSearchActive = !/\bsf-dump-search-hidden\b/.test(search.className); if ((114 === e.keyCode && !isSearchActive) || (isCtrlKey(e) && 70 === e.keyCode)) { /* F3 or CMD/CTRL + F */ if (70 === e.keyCode && document.activeElement === searchInput) { /* * If CMD/CTRL + F is hit while having focus on search input, * the user probably meant to trigger browser search instead. * Let the browser execute its behavior: */ return; } e.preventDefault(); search.className = search.className.replace(/\bsf-dump-search-hidden\b/, ''); searchInput.focus(); } else if (isSearchActive) { if (27 === e.keyCode) { /* ESC key */ search.className += ' sf-dump-search-hidden'; e.preventDefault(); resetHighlightedNodes(root); searchInput.value = ''; } else if ( (isCtrlKey(e) && 71 === e.keyCode) /* CMD/CTRL + G */ || 13 === e.keyCode /* Enter */ || 114 === e.keyCode /* F3 */ ) { e.preventDefault(); e.shiftKey ? state.previous() : state.next(); collapseAll(root); showCurrent(state); } } }); } if (0 >= options.maxStringLength) { return; } try { elt = root.querySelectorAll('.sf-dump-str'); len = elt.length; i = 0; t = []; while (i < len) t.push(elt[i++]); len = t.length; for (i = 0; i < len; ++i) { elt = t[i]; s = elt.innerText || elt.textContent; x = s.length - options.maxStringLength; if (0 < x) { h = elt.innerHTML; elt[elt.innerText ? 'innerText' : 'textContent'] = s.substring(0, options.maxStringLength); elt.className += ' sf-dump-str-collapse'; elt.innerHTML = '<span class=sf-dump-str-collapse>'+h+'<a class="sf-dump-ref sf-dump-str-toggle" title="Collapse"> &#9664;</a></span>'+ '<span class=sf-dump-str-expand>'+elt.innerHTML+'<a class="sf-dump-ref sf-dump-str-toggle" title="'+x+' remaining characters"> &#9654;</a></span>'; } } } catch (e) { } }; })(document); </script><style> .sf-js-enabled pre.sf-dump .sf-dump-compact, .sf-js-enabled .sf-dump-str-collapse .sf-dump-str-collapse, .sf-js-enabled .sf-dump-str-expand .sf-dump-str-expand { display: none; } .sf-dump-hover:hover { background-color: #B729D9; color: #FFF !important; border-radius: 2px; } pre.sf-dump { display: block; white-space: pre; padding: 5px; overflow: initial !important; } pre.sf-dump:after { content: ""; visibility: hidden; display: block; height: 0; clear: both; } pre.sf-dump .sf-dump-ellipsization { display: inline-flex; } pre.sf-dump a { text-decoration: none; cursor: pointer; border: 0; outline: none; color: inherit; } pre.sf-dump img { max-width: 50em; max-height: 50em; margin: .5em 0 0 0; padding: 0; background: url(data:image/png;base64,iVBORw0KGgoAAAANSUhEUgAAABAAAAAQCAAAAAA6mKC9AAAAHUlEQVQY02O8zAABilCaiQEN0EeA8QuUcX9g3QEAAjcC5piyhyEAAAAASUVORK5CYII=) #D3D3D3; } pre.sf-dump .sf-dump-ellipsis { text-overflow: ellipsis; white-space: nowrap; overflow: hidden; } pre.sf-dump .sf-dump-ellipsis-tail { flex-shrink: 0; } pre.sf-dump code { display:inline; padding:0; background:none; } .sf-dump-public.sf-dump-highlight, .sf-dump-protected.sf-dump-highlight, .sf-dump-private.sf-dump-highlight, .sf-dump-str.sf-dump-highlight, .sf-dump-key.sf-dump-highlight { background: rgba(111, 172, 204, 0.3); border: 1px solid #7DA0B1; border-radius: 3px; } .sf-dump-public.sf-dump-highlight-active, .sf-dump-protected.sf-dump-highlight-active, .sf-dump-private.sf-dump-highlight-active, .sf-dump-str.sf-dump-highlight-active, .sf-dump-key.sf-dump-highlight-active { background: rgba(253, 175, 0, 0.4); border: 1px solid #ffa500; border-radius: 3px; } pre.sf-dump .sf-dump-search-hidden { display: none !important; } pre.sf-dump .sf-dump-search-wrapper { font-size: 0; white-space: nowrap; margin-bottom: 5px; display: flex; position: -webkit-sticky; position: sticky; top: 5px; } pre.sf-dump .sf-dump-search-wrapper > * { vertical-align: top; box-sizing: border-box; height: 21px; font-weight: normal; border-radius: 0; background: #FFF; color: #757575; border: 1px solid #BBB; } pre.sf-dump .sf-dump-search-wrapper > input.sf-dump-search-input { padding: 3px; height: 21px; font-size: 12px; border-right: none; border-top-left-radius: 3px; border-bottom-left-radius: 3px; color: #000; min-width: 15px; width: 100%; } pre.sf-dump .sf-dump-search-wrapper > .sf-dump-search-input-next, pre.sf-dump .sf-dump-search-wrapper > .sf-dump-search-input-previous { background: #F2F2F2; outline: none; border-left: none; font-size: 0; line-height: 0; } pre.sf-dump .sf-dump-search-wrapper > .sf-dump-search-input-next { border-top-right-radius: 3px; border-bottom-right-radius: 3px; } pre.sf-dump .sf-dump-search-wrapper > .sf-dump-search-input-next > svg, pre.sf-dump .sf-dump-search-wrapper > .sf-dump-search-input-previous > svg { pointer-events: none; width: 12px; height: 12px; } pre.sf-dump .sf-dump-search-wrapper > .sf-dump-search-count { display: inline-block; padding: 0 5px; margin: 0; border-left: none; line-height: 21px; font-size: 12px; }pre.sf-dump, pre.sf-dump .sf-dump-default{background:none; color:#CC7832; line-height:1.2em; font:12px Menlo, Monaco, Consolas, monospace; word-wrap: break-word; white-space: pre-wrap; position:relative; z-index:99999; word-break: break-all}pre.sf-dump .sf-dump-num{font-weight:bold; color:#1299DA}pre.sf-dump .sf-dump-const{font-weight:bold}pre.sf-dump .sf-dump-str{font-weight:bold; color:#629755;}pre.sf-dump .sf-dump-note{color:#6897BB}pre.sf-dump .sf-dump-ref{color:#6E6E6E}pre.sf-dump .sf-dump-public{color:#262626}pre.sf-dump .sf-dump-protected{color:#262626}pre.sf-dump .sf-dump-private{color:#262626}pre.sf-dump .sf-dump-meta{color:#B729D9}pre.sf-dump .sf-dump-key{color:#789339}pre.sf-dump .sf-dump-index{color:#1299DA}pre.sf-dump .sf-dump-ellipsis{color:#CC7832}pre.sf-dump .sf-dump-ns{user-select:none;}pre.sf-dump .sf-dump-ellipsis-note{color:#6897BB}</style><pre class=sf-dump id=sf-dump-61050673 data-indent-pad="  "><span class=sf-dump-note>Twig\Error\RuntimeError</span> {<a class=sf-dump-ref>#9914</a><samp data-depth=1 class=sf-dump-expanded>
   Γöé <li class="selected"><code><span style="color: var(--highlight-comment)">&nbsp;&nbsp;&nbsp;&nbsp;&nbsp;&nbsp;&nbsp;&nbsp;</span><span style="color: var(--highlight-keyword)">if&nbsp;(((</span><span style="color: var(--highlight-default)">$tmp&nbsp;</span><span style="color: var(--highlight-keyword)">=&nbsp;</span><span style="color: var(--highlight-default)">CoreExtension</span><span style="color: var(--highlight-keyword)">::</span><span style="color: var(--highlight-default)">getAttribute</span><span style="color: var(--highlight-keyword)">(</span><span style="color: var(--highlight-default)">$this</span><span style="color: var(--highlight-keyword)">-&gt;</span><span style="color: var(--highlight-default)">env</span><span style="color: var(--highlight-keyword)">,&nbsp;</span><span style="color: var(--highlight-default)">$this</span><span style="color: var(--highlight-keyword)">-&gt;</span><span style="color: var(--highlight-default)">source</span><span style="color: var(--highlight-keyword)">,&nbsp;(isset(</span><span style="color: var(--highlight-default)">$context</span><span style="color: var(--highlight-keyword)">[</span><span style="color: var(--highlight-string)">"user"</span><span style="color: var(--highlight-keyword)">])&nbsp;||&nbsp;</span><span style="color: var(--highlight-default)">array_key_exists</span><span style="color: var(--highlight-keyword)">(</span><span style="color: var(--highlight-string)">"user"</span><span style="color: var(--highlight-keyword)">,&nbsp;</span><span style="color: var(--highlight-default)">$context</span><span style="color: var(--highlight-keyword)">)&nbsp;?&nbsp;</span><span style="color: var(--highlight-default)">$context</span><span style="color: var(--highlight-keyword)">[</span><span style="color: var(--highlight-string)">"user"</span><span style="color: var(--highlight-keyword)">]&nbsp;:&nbsp;(function&nbsp;()&nbsp;{&nbsp;throw&nbsp;new&nbsp;</span><span style="color: var(--highlight-default)">RuntimeError</span><span style="color: var(--highlight-keyword)">(</span><span style="color: var(--highlight-string)">'Variable&nbsp;"user"&nbsp;does&nbsp;not&nbsp;exist.'</span><span style="color: var(--highlight-keyword)">,&nbsp;</span><span style="color: var(--highlight-default)">20</span><span style="color: var(--highlight-keyword)">,&nbsp;</span><span style="color: var(--highlight-default)">$this</span><span style="color: var(--highlight-keyword)">-&gt;</span><span style="color: var(--highlight-default)">source</span><span style="color: var(--highlight-keyword)">);&nbsp;})()),&nbsp;</span><span style="color: var(--highlight-string)">"imageUrl"</span><span style="color: var(--highlight-keyword)">,&nbsp;[],&nbsp;</span><span style="color: var(--highlight-string)">"any"</span><span style="color: var(--highlight-keyword)">,&nbsp;</span><span style="color: var(--highlight-default)">false</span><span style="color: var(--highlight-keyword)">,&nbsp;</span><span style="color: var(--highlight-default)">false</span><span style="color: var(--highlight-keyword)">,&nbsp;</span><span style="color: var(--highlight-default)">false</span><span style="color: var(--highlight-keyword)">,&nbsp;</span><span style="color: var(--highlight-default)">20</span><span style="color: var(--highlight-keyword)">))&nbsp;&amp;&amp;&nbsp;</span><span style="color: var(--highlight-default)">$tmp&nbsp;</span><span style="color: var(--highlight-keyword)">instanceof&nbsp;</span><span style="color: var(--highlight-default)">Markup&nbsp;</span><span style="color: var(--highlight-keyword)">?&nbsp;(string)&nbsp;</span><span style="color: var(--highlight-default)">$tmp&nbsp;</span><span style="color: var(--highlight-keyword)">:&nbsp;</span><span style="color: var(--highlight-default)">$tmp</span><span style="color: var(--highlight-keyword)">))&nbsp;{</span></code></li>
   Γöé <li><code><span style="color: var(--highlight-keyword)">&nbsp;&nbsp;&nbsp;&nbsp;&nbsp;&nbsp;&nbsp;&nbsp;&nbsp;&nbsp;&nbsp;&nbsp;yield&nbsp;</span><span style="color: var(--highlight-default)">$this</span><span style="color: var(--highlight-keyword)">-&gt;</span><span style="color: var(--highlight-default)">env</span><span style="color: var(--highlight-keyword)">-&gt;</span><span style="color: var(--highlight-default)">getRuntime</span><span style="color: var(--highlight-keyword)">(</span><span style="color: var(--highlight-string)">'Twig\Runtime\EscaperRuntime'</span><span style="color: var(--highlight-keyword)">)-&gt;</span><span style="color: var(--highlight-default)">escape</span><span style="color: var(--highlight-keyword)">(</span><span style="color: var(--highlight-default)">$this</span><span style="color: var(--highlight-keyword)">-&gt;</span><span style="color: var(--highlight-default)">extensions</span><span style="color: var(--highlight-keyword)">[</span><span style="color: var(--highlight-string)">'Symfony\Bridge\Twig\Extension\AssetExtension'</span><span style="color: var(--highlight-keyword)">]-&gt;</span><span style="color: var(--highlight-default)">getAssetUrl</span><span style="color: var(--highlight-keyword)">(</span><span style="color: var(--highlight-default)">CoreExtension</span><span style="color: var(--highlight-keyword)">::</span><span style="color: var(--highlight-default)">getAttribute</span><span style="color: var(--highlight-keyword)">(</span><span style="color: var(--highlight-default)">$this</span><span style="color: var(--highlight-keyword)">-&gt;</span><span style="color: var(--highlight-default)">env</span><span style="color: var(--highlight-keyword)">,&nbsp;</span><span style="color: var(--highlight-default)">$this</span><span style="color: var(--highlight-keyword)">-&gt;</span><span style="color: var(--highlight-default)">source</span><span style="color: var(--highlight-keyword)">,&nbsp;(isset(</span><span style="color: var(--highlight-default)">$context</span><span style="color: var(--highlight-keyword)">[</span><span style="color: var(--highlight-string)">"user"</span><span style="color: var(--highlight-keyword)">])&nbsp;||&nbsp;</span><span style="color: var(--highlight-default)">array_key_exists</span><span style="color: var(--highlight-keyword)">(</span><span style="color: var(--highlight-string)">"user"</span><span style="color: var(--highlight-keyword)">,&nbsp;</span><span style="color: var(--highlight-default)">$context</span><span style="color: var(--highlight-keyword)">)&nbsp;?&nbsp;</span><span style="color: var(--highlight-default)">$context</span><span style="color: var(--highlight-keyword)">[</span><span style="color: var(--highlight-string)">"user"</span><span style="color: var(--highlight-keyword)">]&nbsp;:&nbsp;(function&nbsp;()&nbsp;{&nbsp;throw&nbsp;new&nbsp;</span><span style="color: var(--highlight-default)">RuntimeError</span><span style="color: var(--highlight-keyword)">(</span><span style="color: var(--highlight-string)">'Variable&nbsp;"user"&nbsp;does&nbsp;not&nbsp;exist.'</span><span style="color: var(--highlight-keyword)">,&nbsp;</span><span style="color: var(--highlight-default)">21</span><span style="color: var(--highlight-keyword)">,&nbsp;</span><span style="color: var(--highlight-default)">$this</span><span style="color: var(--highlight-keyword)">-&gt;</span><span style="color: var(--highlight-default)">source</span><span style="color: var(--highlight-keyword)">);&nbsp;})()),&nbsp;</span><span style="color: var(--highlight-string)">"imageUrl"</span><span style="color: var(--highlight-keyword)">,&nbsp;[],&nbsp;</span><span style="color: var(--highlight-string)">"any"</span><span style="color: var(--highlight-keyword)">,&nbsp;</span><span style="color: var(--highlight-default)">false</span><span style="color: var(--highlight-keyword)">,&nbsp;</span><span style="color: var(--highlight-default)">false</span><span style="color: var(--highlight-keyword)">,&nbsp;</span><span style="color: var(--highlight-default)">false</span><span style="color: var(--highlight-keyword)">,&nbsp;</span><span style="color: var(--highlight-default)">21</span><span style="color: var(--highlight-keyword)">)),&nbsp;</span><span style="color: var(--highlight-string)">"html"</span><span style="color: var(--highlight-keyword)">,&nbsp;</span><span style="color: var(--highlight-default)">null</span><span style="color: var(--highlight-keyword)">,&nbsp;</span><span style="color: var(--highlight-default)">true</span><span style="color: var(--highlight-keyword)">);</span></code></li>
   Γöé <li><code><span style="color: var(--highlight-keyword)">&nbsp;&nbsp;&nbsp;&nbsp;&nbsp;&nbsp;&nbsp;&nbsp;&nbsp;&nbsp;&nbsp;&nbsp;yield&nbsp;</span><span style="color: var(--highlight-default)">$this</span><span style="color: var(--highlight-keyword)">-&gt;</span><span style="color: var(--highlight-default)">env</span><span style="color: var(--highlight-keyword)">-&gt;</span><span style="color: var(--highlight-default)">getRuntime</span><span style="color: var(--highlight-keyword)">(</span><span style="color: var(--highlight-string)">'Twig\Runtime\EscaperRuntime'</span><span style="color: var(--highlight-keyword)">)-&gt;</span><span style="color: var(--highlight-default)">escape</span><span style="color: var(--highlight-keyword)">(((</span><span style="color: var(--highlight-default)">array_key_exists</span><span style="color: var(--highlight-keyword)">(</span><span style="color: var(--highlight-string)">"customClass"</span><span style="color: var(--highlight-keyword)">,&nbsp;</span><span style="color: var(--highlight-default)">$context</span><span style="color: var(--highlight-keyword)">))&nbsp;?&nbsp;(</span><span style="color: var(--highlight-default)">Twig\Extension\CoreExtension</span><span style="color: var(--highlight-keyword)">::default((isset(</span><span style="color: var(--highlight-default)">$context</span><span style="color: var(--highlight-keyword)">[</span><span style="color: var(--highlight-string)">"customClass"</span><span style="color: var(--highlight-keyword)">])&nbsp;||&nbsp;</span><span style="color: var(--highlight-default)">array_key_exists</span><span style="color: var(--highlight-keyword)">(</span><span style="color: var(--highlight-string)">"customClass"</span><span style="color: var(--highlight-keyword)">,&nbsp;</span><span style="color: var(--highlight-default)">$context</span><span style="color: var(--highlight-keyword)">)&nbsp;?&nbsp;</span><span style="color: var(--highlight-default)">$context</span><span style="color: var(--highlight-keyword)">[</span><span style="color: var(--highlight-string)">"customClass"</span><span style="color: var(--highlight-keyword)">]&nbsp;:&nbsp;(function&nbsp;()&nbsp;{&nbsp;throw&nbsp;new&nbsp;</span><span style="color: var(--highlight-default)">RuntimeError</span><span style="color: var(--highlight-keyword)">(</span><span style="color: var(--highlight-string)">'Variable&nbsp;"customClass"&nbsp;does&nbsp;not&nbsp;exist.'</span><span style="color: var(--highlight-keyword)">,&nbsp;</span><span style="color: var(--highlight-default)">21</span><span style="color: var(--highlight-keyword)">,&nbsp;</span><span style="color: var(--highlight-default)">$this</span><span style="color: var(--highlight-keyword)">-&gt;</span><span style="color: var(--highlight-default)">source</span><span style="color: var(--highlight-keyword)">);&nbsp;})()),&nbsp;</span><span style="color: var(--highlight-string)">""</span><span style="color: var(--highlight-keyword)">))&nbsp;:&nbsp;(</span><span style="color: var(--highlight-string)">""</span><span style="color: var(--highlight-keyword)">)),&nbsp;</span><span style="color: var(--highlight-string)">"html"</span><span style="color: var(--highlight-keyword)">,&nbsp;</span><span style="color: var(--highlight-default)">null</span><span style="color: var(--highlight-keyword)">,&nbsp;</span><span style="color: var(--highlight-default)">true</span><span style="color: var(--highlight-keyword)">);</span></code></li></ol>    </div>            </div>
   Γöé <li class="selected"><code><span style="color: var(--highlight-comment)">&nbsp;&nbsp;&nbsp;&nbsp;&nbsp;&nbsp;&nbsp;&nbsp;</span><span style="color: var(--highlight-keyword)">yield&nbsp;from&nbsp;</span><span style="color: var(--highlight-default)">$this</span><span style="color: var(--highlight-keyword)">-&gt;</span><span style="color: var(--highlight-default)">load</span><span style="color: var(--highlight-keyword)">(</span><span style="color: var(--highlight-string)">"components/_avatar.html.twig"</span><span style="color: var(--highlight-keyword)">,&nbsp;</span><span style="color: var(--highlight-default)">71</span><span style="color: var(--highlight-keyword)">)-&gt;</span><span style="color: var(--highlight-default)">unwrap</span><span style="color: var(--highlight-keyword)">()-&gt;</span><span style="color: var(--highlight-default)">yield</span><span style="color: var(--highlight-keyword)">(</span><span style="color: var(--highlight-default)">CoreExtension</span><span style="color: var(--highlight-keyword)">::</span><span style="color: var(--highlight-default)">merge</span><span style="color: var(--highlight-keyword)">(</span><span style="color: var(--highlight-default)">$context</span><span style="color: var(--highlight-keyword)">,&nbsp;[</span><span style="color: var(--highlight-string)">"user"&nbsp;</span><span style="color: var(--highlight-keyword)">=&gt;&nbsp;</span><span style="color: var(--highlight-default)">CoreExtension</span><span style="color: var(--highlight-keyword)">::</span><span style="color: var(--highlight-default)">getAttribute</span><span style="color: var(--highlight-keyword)">(</span><span style="color: var(--highlight-default)">$this</span><span style="color: var(--highlight-keyword)">-&gt;</span><span style="color: var(--highlight-default)">env</span><span style="color: var(--highlight-keyword)">,&nbsp;</span><span style="color: var(--highlight-default)">$this</span><span style="color: var(--highlight-keyword)">-&gt;</span><span style="color: var(--highlight-default)">source</span><span style="color: var(--highlight-keyword)">,&nbsp;(isset(</span><span style="color: var(--highlight-default)">$context</span><span style="color: var(--highlight-keyword)">[</span><span style="color: var(--highlight-string)">"app"</span><span style="color: var(--highlight-keyword)">])&nbsp;||&nbsp;</span><span style="color: var(--highlight-default)">array_key_exists</span><span style="color: var(--highlight-keyword)">(</span><span style="color: var(--highlight-string)">"app"</span><span style="color: var(--highlight-keyword)">,&nbsp;</span><span style="color: var(--highlight-default)">$context</span><span style="color: var(--highlight-keyword)">)&nbsp;?&nbsp;</span><span style="color: var(--highlight-default)">$context</span><span style="color: var(--highlight-keyword)">[</span><span style="color: var(--highlight-string)">"app"</span><span style="color: var(--highlight-keyword)">]&nbsp;:&nbsp;(function&nbsp;()&nbsp;{&nbsp;throw&nbsp;new&nbsp;</span><span style="color: var(--highlight-default)">RuntimeError</span><span style="color: var(--highlight-keyword)">(</span><span style="color: var(--highlight-string)">'Variable&nbsp;"app"&nbsp;does&nbsp;not&nbsp;exist.'</span><span style="color: var(--highlight-keyword)">,&nbsp;</span><span style="color: var(--highlight-default)">71</span><span style="color: var(--highlight-keyword)">,&nbsp;</span><span style="color: var(--highlight-default)">$this</span><span style="color: var(--highlight-keyword)">-&gt;</span><span style="color: var(--highlight-default)">source</span><span style="color: var(--highlight-keyword)">);&nbsp;})()),&nbsp;</span><span style="color: var(--highlight-string)">"user"</span><span style="color: var(--highlight-keyword)">,&nbsp;[],&nbsp;</span><span style="color: var(--highlight-string)">"any"</span><span style="color: var(--highlight-keyword)">,&nbsp;</span><span style="color: var(--highlight-default)">false</span><span style="color: var(--highlight-keyword)">,&nbsp;</span><span style="color: var(--highlight-default)">false</span><span style="color: var(--highlight-keyword)">,&nbsp;</span><span style="color: var(--highlight-default)">false</span><span style="color: var(--highlight-keyword)">,&nbsp;</span><span style="color: var(--highlight-default)">71</span><span style="color: var(--highlight-keyword)">),&nbsp;</span><span style="color: var(--highlight-string)">"size"&nbsp;</span><span style="color: var(--highlight-keyword)">=&gt;&nbsp;</span><span style="color: var(--highlight-string)">"100%"</span><span style="color: var(--highlight-keyword)">,&nbsp;</span><span style="color: var(--highlight-string)">"fontSize"&nbsp;</span><span style="color: var(--highlight-keyword)">=&gt;&nbsp;</span><span style="color: var(--highlight-string)">"1.2rem"</span><span style="color: var(--highlight-keyword)">]));</span></code></li>
   Γöé <li><code><span style="color: var(--highlight-keyword)">&nbsp;&nbsp;&nbsp;&nbsp;private&nbsp;function&nbsp;</span><span style="color: var(--highlight-default)">doRender</span><span style="color: var(--highlight-keyword)">(</span><span style="color: var(--highlight-default)">string&nbsp;$view</span><span style="color: var(--highlight-keyword)">,&nbsp;?</span><span style="color: var(--highlight-default)">string&nbsp;$block</span><span style="color: var(--highlight-keyword)">,&nbsp;array&nbsp;</span><span style="color: var(--highlight-default)">$parameters</span><span style="color: var(--highlight-keyword)">,&nbsp;?</span><span style="color: var(--highlight-default)">Response&nbsp;$response</span><span style="color: var(--highlight-keyword)">,&nbsp;</span><span style="color: var(--highlight-default)">string&nbsp;$method</span><span style="color: var(--highlight-keyword)">):&nbsp;</span><span style="color: var(--highlight-default)">Response</span></code></li>
   Γöé <li><code><span style="color: var(--highlight-keyword)">&nbsp;&nbsp;&nbsp;&nbsp;private&nbsp;function&nbsp;</span><span style="color: var(--highlight-default)">doRender</span><span style="color: var(--highlight-keyword)">(</span><span style="color: var(--highlight-default)">string&nbsp;$view</span><span style="color: var(--highlight-keyword)">,&nbsp;?</span><span style="color: var(--highlight-default)">string&nbsp;$block</span><span style="color: var(--highlight-keyword)">,&nbsp;array&nbsp;</span><span style="color: var(--highlight-default)">$parameters</span><span style="color: var(--highlight-keyword)">,&nbsp;?</span><span style="color: var(--highlight-default)">Response&nbsp;$response</span><span style="color: var(--highlight-keyword)">,&nbsp;</span><span style="color: var(--highlight-default)">string&nbsp;$method</span><span style="color: var(--highlight-keyword)">):&nbsp;</span><span style="color: var(--highlight-default)">Response</span></code></li>
   Γöé <li><code><span style="color: var(--highlight-keyword)">&nbsp;&nbsp;&nbsp;&nbsp;&nbsp;&nbsp;&nbsp;&nbsp;</span><span style="color: var(--highlight-default)">$response&nbsp;</span><span style="color: var(--highlight-keyword)">??=&nbsp;new&nbsp;</span><span style="color: var(--highlight-default)">Response</span><span style="color: var(--highlight-keyword)">();</span></code></li>
   Γöé <li><code><span style="color: var(--highlight-comment)">&nbsp;&nbsp;&nbsp;&nbsp;</span><span style="color: var(--highlight-keyword)">protected&nbsp;function&nbsp;</span><span style="color: var(--highlight-default)">render</span><span style="color: var(--highlight-keyword)">(</span><span style="color: var(--highlight-default)">string&nbsp;$view</span><span style="color: var(--highlight-keyword)">,&nbsp;array&nbsp;</span><span style="color: var(--highlight-default)">$parameters&nbsp;</span><span style="color: var(--highlight-keyword)">=&nbsp;[],&nbsp;?</span><span style="color: var(--highlight-default)">Response&nbsp;$response&nbsp;</span><span style="color: var(--highlight-keyword)">=&nbsp;</span><span style="color: var(--highlight-default)">null</span><span style="color: var(--highlight-keyword)">):&nbsp;</span><span style="color: var(--highlight-default)">Response</span></code></li>
   Γöé <li><code><span style="color: var(--highlight-keyword)">&nbsp;&nbsp;&nbsp;&nbsp;&nbsp;&nbsp;&nbsp;&nbsp;&nbsp;&nbsp;&nbsp;&nbsp;?&nbsp;</span><span style="color: var(--highlight-default)">$fermeRepository</span><span style="color: var(--highlight-keyword)">-&gt;</span><span style="color: var(--highlight-default)">findBySearchAndSort</span><span style="color: var(--highlight-keyword)">(</span><span style="color: var(--highlight-default)">$search</span><span style="color: var(--highlight-keyword)">,&nbsp;</span><span style="color: var(--highlight-default)">$sort</span><span style="color: var(--highlight-keyword)">,&nbsp;</span><span style="color: var(--highlight-default)">$direction</span><span style="color: var(--highlight-keyword)">)
   Γöé         var toggleClass = function(el, cssClass) { hasClass(el, cssClass) ? removeClass(el, cssClass) : addClass(el, cssClass); };
   Γöé                 toggle.innerHTML = currentContent !== altContent ? altContent : originalContent;
   Γöé                     label = i in labels ? labels[i] : value,
   Γöé                 option.setAttribute('title', 1 === (matches = filters.querySelectorAll('[data-filter-'+name+'="'+value+'"]').length) ? 'Matches 1 row' : 'Matches '+matches+' rows');
   Γöé                 localStorage.getItem('symfony/profiler/theme') || (matchMedia('(prefers-color-scheme: dark)').matches ? 'theme-dark' : 'theme-light')
   Γöé                         <script> Sfdump = window.Sfdump || (function (doc) { doc.documentElement.classList.add('sf-js-enabled'); var rxEsc = /([.*+?^${}()|\[\]\/\\])/g, idRx = /\bsf-dump-\d+-ref[012]\w+\b/, keyHint = 0 <= navigator.platform.toUpperCase().indexOf('MAC') ? 'Cmd' : 'Ctrl', addEventListener = function (e, n, cb) { e.addEventListener(n, cb, false); }; if (!doc.addEventListener) { addEventListener = function (element, eventName, callback) { element.attachEvent('on' + eventName, function (e) { e.preventDefault = function () {e.returnValue = false;}; e.target = e.srcElement; callback(e); }); }; } function toggle(a, recursive) { var s = a.nextSibling || {}, oldClass = s.className, arrow, newClass; if (/\bsf-dump-compact\b/.test(oldClass)) { arrow = '&#9660;'; newClass = 'sf-dump-expanded'; } else if (/\bsf-dump-expanded\b/.test(oldClass)) { arrow = '&#9654;'; newClass = 'sf-dump-compact'; } else { return false; } if (doc.createEvent && s.dispatchEvent) { var event = doc.createEvent('Event'); event.initEvent('sf-dump-expanded' === newClass ? 'sfbeforedumpexpand' : 'sfbeforedumpcollapse', true, false); s.dispatchEvent(event); } a.lastChild.innerHTML = arrow; s.className = s.className.replace(/\bsf-dump-(compact|expanded)\b/, newClass); if (recursive) { try { a = s.querySelectorAll('.'+oldClass); for (s = 0; s < a.length; ++s) { if (-1 == a[s].className.indexOf(newClass)) { a[s].className = newClass; a[s].previousSibling.lastChild.innerHTML = arrow; } } } catch (e) { } } return true; }; function collapse(a, recursive) { var s = a.nextSibling || {}, oldClass = s.className; if (/\bsf-dump-expanded\b/.test(oldClass)) { toggle(a, recursive); return true; } return false; }; function expand(a, recursive) { var s = a.nextSibling || {}, oldClass = s.className; if (/\bsf-dump-compact\b/.test(oldClass)) { toggle(a, recursive); return true; } return false; }; function collapseAll(root) { var a = root.querySelector('a.sf-dump-toggle'); if (a) { collapse(a, true); expand(a); return true; } return false; } function reveal(node) { var previous, parents = []; while ((node = node.parentNode || {}) && (previous = node.previousSibling) && 'A' === previous.tagName) { parents.push(previous); } if (0 !== parents.length) { parents.forEach(function (parent) { expand(parent); }); return true; } return false; } function highlight(root, activeNode, nodes) { resetHighlightedNodes(root); Array.from(nodes||[]).forEach(function (node) { if (!/\bsf-dump-highlight\b/.test(node.className)) { node.className = node.className + ' sf-dump-highlight'; } }); if (!/\bsf-dump-highlight-active\b/.test(activeNode.className)) { activeNode.className = activeNode.className + ' sf-dump-highlight-active'; } } function resetHighlightedNodes(root) { Array.from(root.querySelectorAll('.sf-dump-str, .sf-dump-key, .sf-dump-public, .sf-dump-protected, .sf-dump-private')).forEach(function (strNode) { strNode.className = strNode.className.replace(/\bsf-dump-highlight\b/, ''); strNode.className = strNode.className.replace(/\bsf-dump-highlight-active\b/, ''); }); } return function (root, x) { root = doc.getElementById(root); var indentRx = new RegExp('^('+(root.getAttribute('data-indent-pad') || ' ').replace(rxEsc, '\\$1')+')+', 'm'), options = {"maxDepth":1,"maxStringLength":160,"fileLinkFormat":false}, elt = root.getElementsByTagName('A'), len = elt.length, i = 0, s, h, t = []; while (i < len) t.push(elt[i++]); for (i in x) { options[i] = x[i]; } function a(e, f) { addEventListener(root, e, function (e, n) { if ('A' == e.target.tagName) { f(e.target, e); } else if ('A' == e.target.parentNode.tagName) { f(e.target.parentNode, e); } else { n = /\bsf-dump-ellipsis\b/.test(e.target.className) ? e.target.parentNode : e.target; if ((n = n.nextElementSibling) && 'A' == n.tagName) { if (!/\bsf-dump-toggle\b/.test(n.className)) { n = n.nextElementSibling || n; } f(n, e, true); } } }); }; function isCtrlKey(e) { return e.ctrlKey || e.metaKey; } function xpathString(str) { var parts = str.match(/[^'"]+|['"]/g).map(function (part) { if ("'" == part) { return '"\'"'; } if ('"' == part) { return "'\"'"; } return "'" + part + "'"; }); return "concat(" + parts.join(",") + ", '')"; } function xpathHasClass(className) { return "contains(concat(' ', normalize-space(@class), ' '), ' " + className +" ')"; } a('mouseover', function (a, e, c) { if (c) { e.target.style.cursor = "pointer"; } }); a('click', function (a, e, c) { if (/\bsf-dump-toggle\b/.test(a.className)) { e.preventDefault(); if (!toggle(a, isCtrlKey(e))) { var r = doc.getElementById(a.getAttribute('href').slice(1)), s = r.previousSibling, f = r.parentNode, t = a.parentNode; t.replaceChild(r, a); f.replaceChild(a, s); t.insertBefore(s, r); f = f.firstChild.nodeValue.match(indentRx); t = t.firstChild.nodeValue.match(indentRx); if (f && t && f[0] !== t[0]) { r.innerHTML = r.innerHTML.replace(new RegExp('^'+f[0].replace(rxEsc, '\\$1'), 'mg'), t[0]); } if (/\bsf-dump-compact\b/.test(r.className)) { toggle(s, isCtrlKey(e)); } } if (c) { } else if (doc.getSelection) { try { doc.getSelection().removeAllRanges(); } catch (e) { doc.getSelection().empty(); } } else { doc.selection.empty(); } } else if (/\bsf-dump-str-toggle\b/.test(a.className)) { e.preventDefault(); e = a.parentNode.parentNode; e.className = e.className.replace(/\bsf-dump-str-(expand|collapse)\b/, a.parentNode.className); } }); elt = root.getElementsByTagName('SAMP'); len = elt.length; i = 0; while (i < len) t.push(elt[i++]); len = t.length; for (i = 0; i < len; ++i) { elt = t[i]; if ('SAMP' == elt.tagName) { a = elt.previousSibling || {}; if ('A' != a.tagName) { a = doc.createElement('A'); a.className = 'sf-dump-ref'; elt.parentNode.insertBefore(a, elt); } else { a.innerHTML += ' '; } a.title = (a.title ? a.title+'\n[' : '[')+keyHint+'+click] Expand all children'; a.innerHTML += elt.className == 'sf-dump-compact' ? '<span>&#9654;</span>' : '<span>&#9660;</span>'; a.className += ' sf-dump-toggle'; x = 1; if ('sf-dump' != elt.parentNode.className) { x += elt.parentNode.getAttribute('data-depth')/1; } } else if (/\bsf-dump-ref\b/.test(elt.className) && (a = elt.getAttribute('href'))) { a = a.slice(1); elt.className += ' sf-dump-hover'; elt.className += ' '+a; if (/[\[{]$/.test(elt.previousSibling.nodeValue)) { a = a != elt.nextSibling.id && doc.getElementById(a); try { s = a.nextSibling; elt.appendChild(a); s.parentNode.insertBefore(a, s); if (/^[@#]/.test(elt.innerHTML)) { elt.innerHTML += ' <span>&#9654;</span>'; } else { elt.innerHTML = '<span>&#9654;</span>'; elt.className = 'sf-dump-ref'; } elt.className += ' sf-dump-toggle'; } catch (e) { if ('&' == elt.innerHTML.charAt(0)) { elt.innerHTML = '&#8230;'; elt.className = 'sf-dump-ref'; } } } } } if (doc.evaluate && Array.from && root.children.length > 1) { root.setAttribute('tabindex', 0); SearchState = function () { this.nodes = []; this.idx = 0; }; SearchState.prototype = { next: function () { if (this.isEmpty()) { return this.current(); } this.idx = this.idx < (this.nodes.length - 1) ? this.idx + 1 : 0; return this.current(); }, previous: function () { if (this.isEmpty()) { return this.current(); } this.idx = this.idx > 0 ? this.idx - 1 : (this.nodes.length - 1); return this.current(); }, isEmpty: function () { return 0 === this.count(); }, current: function () { if (this.isEmpty()) { return null; } return this.nodes[this.idx]; }, reset: function () { this.nodes = []; this.idx = 0; }, count: function () { return this.nodes.length; }, }; function showCurrent(state) { var currentNode = state.current(), currentRect, searchRect; if (currentNode) { reveal(currentNode); highlight(root, currentNode, state.nodes); if ('scrollIntoView' in currentNode) { currentNode.scrollIntoView(true); currentRect = currentNode.getBoundingClientRect(); searchRect = search.getBoundingClientRect(); if (currentRect.top < (searchRect.top + searchRect.height)) { window.scrollBy(0, -(searchRect.top + searchRect.height + 5)); } } } counter.textContent = (state.isEmpty() ? 0 : state.idx + 1) + ' of ' + state.count(); } var search = doc.createElement('div'); search.className = 'sf-dump-search-wrapper sf-dump-search-hidden'; search.innerHTML = ' <input type="text" class="sf-dump-search-input"> <span class="sf-dump-search-count">0 of 0<\/span> <button type="button" class="sf-dump-search-input-previous" tabindex="-1"> <svg viewBox="0 0 1792 1792" xmlns="http://www.w3.org/2000/svg"><path d="M1683 1331l-166 165q-19 19-45 19t-45-19L896 965l-531 531q-19 19-45 19t-45-19l-166-165q-19-19-19-45.5t19-45.5l742-741q19-19 45-19t45 19l742 741q19 19 19 45.5t-19 45.5z"\/><\/svg> <\/button> <button type="button" class="sf-dump-search-input-next" tabindex="-1"> <svg viewBox="0 0 1792 1792" xmlns="http://www.w3.org/2000/svg"><path d="M1683 808l-742 741q-19 19-45 19t-45-19L109 808q-19-19-19-45.5t19-45.5l166-165q19-19 45-19t45 19l531 531 531-531q19-19 45-19t45 19l166 165q19 19 19 45.5t-19 45.5z"\/><\/svg> <\/button> '; root.insertBefore(search, root.firstChild); var state = new SearchState(); var searchInput = search.querySelector('.sf-dump-search-input'); var counter = search.querySelector('.sf-dump-search-count'); var searchInputTimer = 0; var previousSearchQuery = ''; addEventListener(searchInput, 'keyup', function (e) { var searchQuery = e.target.value; /* Don't perform anything if the pressed key didn't change the query */ if (searchQuery === previousSearchQuery) { return; } previousSearchQuery = searchQuery; clearTimeout(searchInputTimer); searchInputTimer = setTimeout(function () { state.reset(); collapseAll(root); resetHighlightedNodes(root); if ('' === searchQuery) { counter.textContent = '0 of 0'; return; } var classMatches = [ "sf-dump-str", "sf-dump-key", "sf-dump-public", "sf-dump-protected", "sf-dump-private", ].map(xpathHasClass).join(' or '); var xpathResult = doc.evaluate('.//span[' + classMatches + '][contains(translate(child::text(), ' + xpathString(searchQuery.toUpperCase()) + ', ' + xpathString(searchQuery.toLowerCase()) + '), ' + xpathString(searchQuery.toLowerCase()) + ')]', root, null, XPathResult.ORDERED_NODE_ITERATOR_TYPE, null); while (node = xpathResult.iterateNext()) state.nodes.push(node); showCurrent(state); }, 400); }); Array.from(search.querySelectorAll('.sf-dump-search-input-next, .sf-dump-search-input-previous')).forEach(function (btn) { addEventListener(btn, 'click', function (e) { e.preventDefault(); -1 !== e.target.className.indexOf('next') ? state.next() : state.previous(); searchInput.focus(); collapseAll(root); showCurrent(state); }) }); addEventListener(root, 'keydown', function (e) { var isSearchActive = !/\bsf-dump-search-hidden\b/.test(search.className); if ((114 === e.keyCode && !isSearchActive) || (isCtrlKey(e) && 70 === e.keyCode)) { /* F3 or CMD/CTRL + F */ if (70 === e.keyCode && document.activeElement === searchInput) { /* * If CMD/CTRL + F is hit while having focus on search input, * the user probably meant to trigger browser search instead. * Let the browser execute its behavior: */ return; } e.preventDefault(); search.className = search.className.replace(/\bsf-dump-search-hidden\b/, ''); searchInput.focus(); } else if (isSearchActive) { if (27 === e.keyCode) { /* ESC key */ search.className += ' sf-dump-search-hidden'; e.preventDefault(); resetHighlightedNodes(root); searchInput.value = ''; } else if ( (isCtrlKey(e) && 71 === e.keyCode) /* CMD/CTRL + G */ || 13 === e.keyCode /* Enter */ || 114 === e.keyCode /* F3 */ ) { e.preventDefault(); e.shiftKey ? state.previous() : state.next(); collapseAll(root); showCurrent(state); } } }); } if (0 >= options.maxStringLength) { return; } try { elt = root.querySelectorAll('.sf-dump-str'); len = elt.length; i = 0; t = []; while (i < len) t.push(elt[i++]); len = t.length; for (i = 0; i < len; ++i) { elt = t[i]; s = elt.innerText || elt.textContent; x = s.length - options.maxStringLength; if (0 < x) { h = elt.innerHTML; elt[elt.innerText ? 'innerText' : 'textContent'] = s.substring(0, options.maxStringLength); elt.className += ' sf-dump-str-collapse'; elt.innerHTML = '<span class=sf-dump-str-collapse>'+h+'<a class="sf-dump-ref sf-dump-str-toggle" title="Collapse"> &#9664;</a></span>'+ '<span class=sf-dump-str-expand>'+elt.innerHTML+'<a class="sf-dump-ref sf-dump-str-toggle" title="'+x+' remaining characters"> &#9654;</a></span>'; } } } catch (e) { } }; })(document); </script><style> .sf-js-enabled pre.sf-dump .sf-dump-compact, .sf-js-enabled .sf-dump-str-collapse .sf-dump-str-collapse, .sf-js-enabled .sf-dump-str-expand .sf-dump-str-expand { display: none; } .sf-dump-hover:hover { background-color: #B729D9; color: #FFF !important; border-radius: 2px; } pre.sf-dump { display: block; white-space: pre; padding: 5px; overflow: initial !important; } pre.sf-dump:after { content: ""; visibility: hidden; display: block; height: 0; clear: both; } pre.sf-dump .sf-dump-ellipsization { display: inline-flex; } pre.sf-dump a { text-decoration: none; cursor: pointer; border: 0; outline: none; color: inherit; } pre.sf-dump img { max-width: 50em; max-height: 50em; margin: .5em 0 0 0; padding: 0; background: url(data:image/png;base64,iVBORw0KGgoAAAANSUhEUgAAABAAAAAQCAAAAAA6mKC9AAAAHUlEQVQY02O8zAABilCaiQEN0EeA8QuUcX9g3QEAAjcC5piyhyEAAAAASUVORK5CYII=) #D3D3D3; } pre.sf-dump .sf-dump-ellipsis { text-overflow: ellipsis; white-space: nowrap; overflow: hidden; } pre.sf-dump .sf-dump-ellipsis-tail { flex-shrink: 0; } pre.sf-dump code { display:inline; padding:0; background:none; } .sf-dump-public.sf-dump-highlight, .sf-dump-protected.sf-dump-highlight, .sf-dump-private.sf-dump-highlight, .sf-dump-str.sf-dump-highlight, .sf-dump-key.sf-dump-highlight { background: rgba(111, 172, 204, 0.3); border: 1px solid #7DA0B1; border-radius: 3px; } .sf-dump-public.sf-dump-highlight-active, .sf-dump-protected.sf-dump-highlight-active, .sf-dump-private.sf-dump-highlight-active, .sf-dump-str.sf-dump-highlight-active, .sf-dump-key.sf-dump-highlight-active { background: rgba(253, 175, 0, 0.4); border: 1px solid #ffa500; border-radius: 3px; } pre.sf-dump .sf-dump-search-hidden { display: none !important; } pre.sf-dump .sf-dump-search-wrapper { font-size: 0; white-space: nowrap; margin-bottom: 5px; display: flex; position: -webkit-sticky; position: sticky; top: 5px; } pre.sf-dump .sf-dump-search-wrapper > * { vertical-align: top; box-sizing: border-box; height: 21px; font-weight: normal; border-radius: 0; background: #FFF; color: #757575; border: 1px solid #BBB; } pre.sf-dump .sf-dump-search-wrapper > input.sf-dump-search-input { padding: 3px; height: 21px; font-size: 12px; border-right: none; border-top-left-radius: 3px; border-bottom-left-radius: 3px; color: #000; min-width: 15px; width: 100%; } pre.sf-dump .sf-dump-search-wrapper > .sf-dump-search-input-next, pre.sf-dump .sf-dump-search-wrapper > .sf-dump-search-input-previous { background: #F2F2F2; outline: none; border-left: none; font-size: 0; line-height: 0; } pre.sf-dump .sf-dump-search-wrapper > .sf-dump-search-input-next { border-top-right-radius: 3px; border-bottom-right-radius: 3px; } pre.sf-dump .sf-dump-search-wrapper > .sf-dump-search-input-next > svg, pre.sf-dump .sf-dump-search-wrapper > .sf-dump-search-input-previous > svg { pointer-events: none; width: 12px; height: 12px; } pre.sf-dump .sf-dump-search-wrapper > .sf-dump-search-count { display: inline-block; padding: 0 5px; margin: 0; border-left: none; line-height: 21px; font-size: 12px; }pre.sf-dump, pre.sf-dump .sf-dump-default{background:none; color:#CC7832; line-height:1.2em; font:12px Menlo, Monaco, Consolas, monospace; word-wrap: break-word; white-space: pre-wrap; position:relative; z-index:99999; word-break: break-all}pre.sf-dump .sf-dump-num{font-weight:bold; color:#1299DA}pre.sf-dump .sf-dump-const{font-weight:bold}pre.sf-dump .sf-dump-str{font-weight:bold; color:#629755;}pre.sf-dump .sf-dump-note{color:#6897BB}pre.sf-dump .sf-dump-ref{color:#6E6E6E}pre.sf-dump .sf-dump-public{color:#262626}pre.sf-dump .sf-dump-protected{color:#262626}pre.sf-dump .sf-dump-private{color:#262626}pre.sf-dump .sf-dump-meta{color:#B729D9}pre.sf-dump .sf-dump-key{color:#789339}pre.sf-dump .sf-dump-index{color:#1299DA}pre.sf-dump .sf-dump-ellipsis{color:#CC7832}pre.sf-dump .sf-dump-ns{user-select:none;}pre.sf-dump .sf-dump-ellipsis-note{color:#6897BB}</style><pre class=sf-dump id=sf-dump-433858068 data-indent-pad="  "><span class=sf-dump-note>Twig\Error\RuntimeError</span> {<a class=sf-dump-ref>#9738</a><samp data-depth=1 class=sf-dump-expanded>
   Γöé       <span class=sf-dump-str title="8805 characters">            &lt;label for=&quot;password&quot;&gt;Mot de passe &lt;a href=&quot;{{ path(&#039;app_forgot_password&#039;) }}&quot;&gt;Mot de passe oubli&#233; ?&lt;/a&gt;&lt;/label&gt;<span class="sf-dump-default sf-dump-ns">\r\n</span></span>
   Γöé       <span class=sf-dump-str title="8805 characters">                    &lt;img src=&quot;{{ path(&#039;captcha_image&#039;) }}?t={{ &#039;now&#039;|date(&#039;U&#039;) }}&quot; alt=&quot;CAPTCHA&quot; id=&quot;captchaImage&quot; class=&quot;captcha-img&quot;&gt;<span class="sf-dump-default sf-dump-ns">\r\n</span></span>
   Γöé       <span class=sf-dump-str title="8805 characters">        Pas encore de compte ? &lt;a href=&quot;{{ path(&#039;app_signup&#039;) }}&quot;&gt;S&#039;inscrire&lt;/a&gt;<span class="sf-dump-default sf-dump-ns">\r\n</span></span>
   Γöé       <span class=sf-dump-str title="8805 characters">            captchaImg.src = &#039;{{ path(&quot;captcha_image&quot;) }}?t=&#039; + Date.now();<span class="sf-dump-default sf-dump-ns">\r\n</span></span>
   Γöé <li><code><span style="color: var(--highlight-keyword)">&nbsp;&nbsp;&nbsp;&nbsp;private&nbsp;function&nbsp;</span><span style="color: var(--highlight-default)">doRender</span><span style="color: var(--highlight-keyword)">(</span><span style="color: var(--highlight-default)">string&nbsp;$view</span><span style="color: var(--highlight-keyword)">,&nbsp;?</span><span style="color: var(--highlight-default)">string&nbsp;$block</span><span style="color: var(--highlight-keyword)">,&nbsp;array&nbsp;</span><span style="color: var(--highlight-default)">$parameters</span><span style="color: var(--highlight-keyword)">,&nbsp;?</span><span style="color: var(--highlight-default)">Response&nbsp;$response</span><span style="color: var(--highlight-keyword)">,&nbsp;</span><span style="color: var(--highlight-default)">string&nbsp;$method</span><span style="color: var(--highlight-keyword)">):&nbsp;</span><span style="color: var(--highlight-default)">Response</span></code></li>
   Γöé <li><code><span style="color: var(--highlight-keyword)">&nbsp;&nbsp;&nbsp;&nbsp;private&nbsp;function&nbsp;</span><span style="color: var(--highlight-default)">doRender</span><span style="color: var(--highlight-keyword)">(</span><span style="color: var(--highlight-default)">string&nbsp;$view</span><span style="color: var(--highlight-keyword)">,&nbsp;?</span><span style="color: var(--highlight-default)">string&nbsp;$block</span><span style="color: var(--highlight-keyword)">,&nbsp;array&nbsp;</span><span style="color: var(--highlight-default)">$parameters</span><span style="color: var(--highlight-keyword)">,&nbsp;?</span><span style="color: var(--highlight-default)">Response&nbsp;$response</span><span style="color: var(--highlight-keyword)">,&nbsp;</span><span style="color: var(--highlight-default)">string&nbsp;$method</span><span style="color: var(--highlight-keyword)">):&nbsp;</span><span style="color: var(--highlight-default)">Response</span></code></li>
   Γöé <li><code><span style="color: var(--highlight-keyword)">&nbsp;&nbsp;&nbsp;&nbsp;&nbsp;&nbsp;&nbsp;&nbsp;</span><span style="color: var(--highlight-default)">$response&nbsp;</span><span style="color: var(--highlight-keyword)">??=&nbsp;new&nbsp;</span><span style="color: var(--highlight-default)">Response</span><span style="color: var(--highlight-keyword)">();</span></code></li>
   Γöé <li><code><span style="color: var(--highlight-comment)">&nbsp;&nbsp;&nbsp;&nbsp;</span><span style="color: var(--highlight-keyword)">protected&nbsp;function&nbsp;</span><span style="color: var(--highlight-default)">render</span><span style="color: var(--highlight-keyword)">(</span><span style="color: var(--highlight-default)">string&nbsp;$view</span><span style="color: var(--highlight-keyword)">,&nbsp;array&nbsp;</span><span style="color: var(--highlight-default)">$parameters&nbsp;</span><span style="color: var(--highlight-keyword)">=&nbsp;[],&nbsp;?</span><span style="color: var(--highlight-default)">Response&nbsp;$response&nbsp;</span><span style="color: var(--highlight-keyword)">=&nbsp;</span><span style="color: var(--highlight-default)">null</span><span style="color: var(--highlight-keyword)">):&nbsp;</span><span style="color: var(--highlight-default)">Response</span></code></li>
   Γöé <li><code><span style="color: var(--highlight-keyword)">&nbsp;&nbsp;&nbsp;&nbsp;private&nbsp;function&nbsp;</span><span style="color: var(--highlight-default)">doRender</span><span style="color: var(--highlight-keyword)">(</span><span style="color: var(--highlight-default)">string&nbsp;$view</span><span style="color: var(--highlight-keyword)">,&nbsp;?</span><span style="color: var(--highlight-default)">string&nbsp;$block</span><span style="color: var(--highlight-keyword)">,&nbsp;array&nbsp;</span><span style="color: var(--highlight-default)">$parameters</span><span style="color: var(--highlight-keyword)">,&nbsp;?</span><span style="color: var(--highlight-default)">Response&nbsp;$response</span><span style="color: var(--highlight-keyword)">,&nbsp;</span><span style="color: var(--highlight-default)">string&nbsp;$method</span><span style="color: var(--highlight-keyword)">):&nbsp;</span><span style="color: var(--highlight-default)">Response</span></code></li>
   Γöé <li><code><span style="color: var(--highlight-keyword)">&nbsp;&nbsp;&nbsp;&nbsp;private&nbsp;function&nbsp;</span><span style="color: var(--highlight-default)">doRender</span><span style="color: var(--highlight-keyword)">(</span><span style="color: var(--highlight-default)">string&nbsp;$view</span><span style="color: var(--highlight-keyword)">,&nbsp;?</span><span style="color: var(--highlight-default)">string&nbsp;$block</span><span style="color: var(--highlight-keyword)">,&nbsp;array&nbsp;</span><span style="color: var(--highlight-default)">$parameters</span><span style="color: var(--highlight-keyword)">,&nbsp;?</span><span style="color: var(--highlight-default)">Response&nbsp;$response</span><span style="color: var(--highlight-keyword)">,&nbsp;</span><span style="color: var(--highlight-default)">string&nbsp;$method</span><span style="color: var(--highlight-keyword)">):&nbsp;</span><span style="color: var(--highlight-default)">Response</span></code></li>
   Γöé <li><code><span style="color: var(--highlight-keyword)">&nbsp;&nbsp;&nbsp;&nbsp;&nbsp;&nbsp;&nbsp;&nbsp;</span><span style="color: var(--highlight-default)">$response&nbsp;</span><span style="color: var(--highlight-keyword)">??=&nbsp;new&nbsp;</span><span style="color: var(--highlight-default)">Response</span><span style="color: var(--highlight-keyword)">();</span></code></li>
   Γöé <li><code><span style="color: var(--highlight-comment)">&nbsp;&nbsp;&nbsp;&nbsp;</span><span style="color: var(--highlight-keyword)">protected&nbsp;function&nbsp;</span><span style="color: var(--highlight-default)">render</span><span style="color: var(--highlight-keyword)">(</span><span style="color: var(--highlight-default)">string&nbsp;$view</span><span style="color: var(--highlight-keyword)">,&nbsp;array&nbsp;</span><span style="color: var(--highlight-default)">$parameters&nbsp;</span><span style="color: var(--highlight-keyword)">=&nbsp;[],&nbsp;?</span><span style="color: var(--highlight-default)">Response&nbsp;$response&nbsp;</span><span style="color: var(--highlight-keyword)">=&nbsp;</span><span style="color: var(--highlight-default)">null</span><span style="color: var(--highlight-keyword)">):&nbsp;</span><span style="color: var(--highlight-default)">Response</span></code></li>
   Γöé         var toggleClass = function(el, cssClass) { hasClass(el, cssClass) ? removeClass(el, cssClass) : addClass(el, cssClass); };
   Γöé                 toggle.innerHTML = currentContent !== altContent ? altContent : originalContent;
   Γöé                     label = i in labels ? labels[i] : value,
   Γöé                 option.setAttribute('title', 1 === (matches = filters.querySelectorAll('[data-filter-'+name+'="'+value+'"]').length) ? 'Matches 1 row' : 'Matches '+matches+' rows');
   Γöé                 localStorage.getItem('symfony/profiler/theme') || (matchMedia('(prefers-color-scheme: dark)').matches ? 'theme-dark' : 'theme-light')\n
   Γöé                         <script> Sfdump = window.Sfdump || (function (doc) { doc.documentElement.classList.add('sf-js-enabled'); var rxEsc = /([.*+?^${}()|\[\]\/\\])/g, idRx = /\bsf-dump-\d+-ref[012]\w+\b/, keyHint = 0 <= navigator.platform.toUpperCase().indexOf('MAC') ? 'Cmd' : 'Ctrl', addEventListener = function (e, n, cb) { e.addEventListener(n, cb, false); }; if (!doc.addEventListener) { addEventListener = function (element, eventName, callback) { element.attachEvent('on' + eventName, function (e) { e.preventDefault = function () {e.returnValue = false;}; e.target = e.srcElement; callback(e); }); }; } function toggle(a, recursive) { var s = a.nextSibling || {}, oldClass = s.className, arrow, newClass; if (/\bsf-dump-compact\b/.test(oldClass)) { arrow = '&#9660;'; newClass = 'sf-dump-expanded'; } else if (/\bsf-dump-expanded\b/.test(oldClass)) { arrow = '&#9654;'; newClass = 'sf-dump-compact'; } else { return false; } if (doc.createEvent && s.dispatchEvent) { var event = doc.createEvent('Event'); event.initEvent('sf-dump-expanded' === newClass ? 'sfbeforedumpexpand' : 'sfbeforedumpcollapse', true, false); s.dispatchEvent(event); } a.lastChild.innerHTML = arrow; s.className = s.className.replace(/\bsf-dump-(compact|expanded)\b/, newClass); if (recursive) { try { a = s.querySelectorAll('.'+oldClass); for (s = 0; s < a.length; ++s) { if (-1 == a[s].className.indexOf(newClass)) { a[s].className = newClass; a[s].previousSibling.lastChild.innerHTML = arrow; } } } catch (e) { } } return true; }; function collapse(a, recursive) { var s = a.nextSibling || {}, oldClass = s.className; if (/\bsf-dump-expanded\b/.test(oldClass)) { toggle(a, recursive); return true; } return false; }; function expand(a, recursive) { var s = a.nextSibling || {}, oldClass = s.className; if (/\bsf-dump-compact\b/.test(oldClass)) { toggle(a, recursive); return true; } return false; }; function collapseAll(root) { var a = root.querySelector('a.sf-dump-toggle'); if (a) { collapse(a, true); expand(a); return true; } return false; } function reveal(node) { var previous, parents = []; while ((node = node.parentNode || {}) && (previous = node.previousSibling) && 'A' === previous.tagName) { parents.push(previous); } if (0 !== parents.length) { parents.forEach(function (parent) { expand(parent); }); return true; } return false; } function highlight(root, activeNode, nodes) { resetHighlightedNodes(root); Array.from(nodes||[]).forEach(function (node) { if (!/\bsf-dump-highlight\b/.test(node.className)) { node.className = node.className + ' sf-dump-highlight'; } }); if (!/\bsf-dump-highlight-active\b/.test(activeNode.className)) { activeNode.className = activeNode.className + ' sf-dump-highlight-active'; } } function resetHighlightedNodes(root) { Array.from(root.querySelectorAll('.sf-dump-str, .sf-dump-key, .sf-dump-public, .sf-dump-protected, .sf-dump-private')).forEach(function (strNode) { strNode.className = strNode.className.replace(/\bsf-dump-highlight\b/, ''); strNode.className = strNode.className.replace(/\bsf-dump-highlight-active\b/, ''); }); } return function (root, x) { root = doc.getElementById(root); var indentRx = new RegExp('^('+(root.getAttribute('data-indent-pad') || ' ').replace(rxEsc, '\\$1')+')+', 'm'), options = {"maxDepth":1,"maxStringLength":160,"fileLinkFormat":false}, elt = root.getElementsByTagName('A'), len = elt.length, i = 0, s, h, t = []; while (i < len) t.push(elt[i++]); for (i in x) { options[i] = x[i]; } function a(e, f) { addEventListener(root, e, function (e, n) { if ('A' == e.target.tagName) { f(e.target, e); } else if ('A' == e.target.parentNode.tagName) { f(e.target.parentNode, e); } else { n = /\bsf-dump-ellipsis\b/.test(e.target.className) ? e.target.parentNode : e.target; if ((n = n.nextElementSibling) && 'A' == n.tagName) { if (!/\bsf-dump-toggle\b/.test(n.className)) { n = n.nextElementSibling || n; } f(n, e, true); } } }); }; function isCtrlKey(e) { return e.ctrlKey || e.metaKey; } function xpathString(str) { var parts = str.match(/[^'"]+|['"]/g).map(function (part) { if ("'" == part) { return '"\'"'; } if ('"' == part) { return "'\"'"; } return "'" + part + "'"; }); return "concat(" + parts.join(",") + ", '')"; } function xpathHasClass(className) { return "contains(concat(' ', normalize-space(@class), ' '), ' " + className +" ')"; } a('mouseover', function (a, e, c) { if (c) { e.target.style.cursor = "pointer"; } }); a('click', function (a, e, c) { if (/\bsf-dump-toggle\b/.test(a.className)) { e.preventDefault(); if (!toggle(a, isCtrlKey(e))) { var r = doc.getElementById(a.getAttribute('href').slice(1)), s = r.previousSibling, f = r.parentNode, t = a.parentNode; t.replaceChild(r, a); f.replaceChild(a, s); t.insertBefore(s, r); f = f.firstChild.nodeValue.match(indentRx); t = t.firstChild.nodeValue.match(indentRx); if (f && t && f[0] !== t[0]) { r.innerHTML = r.innerHTML.replace(new RegExp('^'+f[0].replace(rxEsc, '\\$1'), 'mg'), t[0]); } if (/\bsf-dump-compact\b/.test(r.className)) { toggle(s, isCtrlKey(e)); } } if (c) { } else if (doc.getSelection) { try { doc.getSelection().removeAllRanges(); } catch (e) { doc.getSelection().empty(); } } else { doc.selection.empty(); } } else if (/\bsf-dump-str-toggle\b/.test(a.className)) { e.preventDefault(); e = a.parentNode.parentNode; e.className = e.className.replace(/\bsf-dump-str-(expand|collapse)\b/, a.parentNode.className); } }); elt = root.getElementsByTagName('SAMP'); len = elt.length; i = 0; while (i < len) t.push(elt[i++]); len = t.length; for (i = 0; i < len; ++i) { elt = t[i]; if ('SAMP' == elt.tagName) { a = elt.previousSibling || {}; if ('A' != a.tagName) { a = doc.createElement('A'); a.className = 'sf-dump-ref'; elt.parentNode.insertBefore(a, elt); } else { a.innerHTML += ' '; } a.title = (a.title ? a.title+'\n[' : '[')+keyHint+'+click] Expand all children'; a.innerHTML += elt.className == 'sf-dump-compact' ? '<span>&#9654;</span>' : '<span>&#9660;</span>'; a.className += ' sf-dump-toggle'; x = 1; if ('sf-dump' != elt.parentNode.className) { x += elt.parentNode.getAttribute('data-depth')/1; } } else if (/\bsf-dump-ref\b/.test(elt.className) && (a = elt.getAttribute('href'))) { a = a.slice(1); elt.className += ' sf-dump-hover'; elt.className += ' '+a; if (/[\[{]$/.test(elt.previousSibling.nodeValue)) { a = a != elt.nextSibling.id && doc.getElementById(a); try { s = a.nextSibling; elt.appendChild(a); s.parentNode.insertBefore(a, s); if (/^[@#]/.test(elt.innerHTML)) { elt.innerHTML += ' <span>&#9654;</span>'; } else { elt.innerHTML = '<span>&#9654;</span>'; elt.className = 'sf-dump-ref'; } elt.className += ' sf-dump-toggle'; } catch (e) { if ('&' == elt.innerHTML.charAt(0)) { elt.innerHTML = '&#8230;'; elt.className = 'sf-dump-ref'; } } } } } if (doc.evaluate && Array.from && root.children.length > 1) { root.setAttribute('tabindex', 0); SearchState = function () { this.nodes = []; this.idx = 0; }; SearchState.prototype = { next: function () { if (this.isEmpty()) { return this.current(); } this.idx = this.idx < (this.nodes.length - 1) ? this.idx + 1 : 0; return this.current(); }, previous: function () { if (this.isEmpty()) { return this.current(); } this.idx = this.idx > 0 ? this.idx - 1 : (this.nodes.length - 1); return this.current(); }, isEmpty: function () { return 0 === this.count(); }, current: function () { if (this.isEmpty()) { return null; } return this.nodes[this.idx]; }, reset: function () { this.nodes = []; this.idx = 0; }, count: function () { return this.nodes.length; }, }; function showCurrent(state) { var currentNode = state.current(), currentRect, searchRect; if (currentNode) { reveal(currentNode); highlight(root, currentNode, state.nodes); if ('scrollIntoView' in currentNode) { currentNode.scrollIntoView(true); currentRect = currentNode.getBoundingClientRect(); searchRect = search.getBoundingClientRect(); if (currentRect.top < (searchRect.top + searchRect.height)) { window.scrollBy(0, -(searchRect.top + searchRect.height + 5)); } } } counter.textContent = (state.isEmpty() ? 0 : state.idx + 1) + ' of ' + state.count(); } var search = doc.createElement('div'); search.className = 'sf-dump-search-wrapper sf-dump-search-hidden'; search.innerHTML = ' <input type="text" class="sf-dump-search-input"> <span class="sf-dump-search-count">0 of 0<\/span> <button type="button" class="sf-dump-search-input-previous" tabindex="-1"> <svg viewBox="0 0 1792 1792" xmlns="http://www.w3.org/2000/svg"><path d="M1683 1331l-166 165q-19 19-45 19t-45-19L896 965l-531 531q-19 19-45 19t-45-19l-166-165q-19-19-19-45.5t19-45.5l742-741q19-19 45-19t45 19l742 741q19 19 19 45.5t-19 45.5z"\/><\/svg> <\/button> <button type="button" class="sf-dump-search-input-next" tabindex="-1"> <svg viewBox="0 0 1792 1792" xmlns="http://www.w3.org/2000/svg"><path d="M1683 808l-742 741q-19 19-45 19t-45-19L109 808q-19-19-19-45.5t19-45.5l166-165q19-19 45-19t45 19l531 531 531-531q19-19 45-19t45 19l166 165q19 19 19 45.5t-19 45.5z"\/><\/svg> <\/button> '; root.insertBefore(search, root.firstChild); var state = new SearchState(); var searchInput = search.querySelector('.sf-dump-search-input'); var counter = search.querySelector('.sf-dump-search-count'); var searchInputTimer = 0; var previousSearchQuery = ''; addEventListener(searchInput, 'keyup', function (e) { var searchQuery = e.target.value; /* Don't perform anything if the pressed key didn't change the query */ if (searchQuery === previousSearchQuery) { return; } previousSearchQuery = searchQuery; clearTimeout(searchInputTimer); searchInputTimer = setTimeout(function () { state.reset(); collapseAll(root); resetHighlightedNodes(root); if ('' === searchQuery) { counter.textContent = '0 of 0'; return; } var classMatches = [ "sf-dump-str", "sf-dump-key", "sf-dump-public", "sf-dump-protected", "sf-dump-private", ].map(xpathHasClass).join(' or '); var xpathResult = doc.evaluate('.//span[' + classMatches + '][contains(translate(child::text(), ' + xpathString(searchQuery.toUpperCase()) + ', ' + xpathString(searchQuery.toLowerCase()) + '), ' + xpathString(searchQuery.toLowerCase()) + ')]', root, null, XPathResult.ORDERED_NODE_ITERATOR_TYPE, null); while (node = xpathResult.iterateNext()) state.nodes.push(node); showCurrent(state); }, 400); }); Array.from(search.querySelectorAll('.sf-dump-search-input-next, .sf-dump-search-input-previous')).forEach(function (btn) { addEventListener(btn, 'click', function (e) { e.preventDefault(); -1 !== e.target.className.indexOf('next') ? state.next() : state.previous(); searchInput.focus(); collapseAll(root); showCurrent(state); }) }); addEventListener(root, 'keydown', function (e) { var isSearchActive = !/\bsf-dump-search-hidden\b/.test(search.className); if ((114 === e.keyCode && !isSearchActive) || (isCtrlKey(e) && 70 === e.keyCode)) { /* F3 or CMD/CTRL + F */ if (70 === e.keyCode && document.activeElement === searchInput) { /* * If CMD/CTRL + F is hit while having focus on search input, * the user probably meant to trigger browser search instead. * Let the browser execute its behavior: */ return; } e.preventDefault(); search.className = search.className.replace(/\bsf-dump-search-hidden\b/, ''); searchInput.focus(); } else if (isSearchActive) { if (27 === e.keyCode) { /* ESC key */ search.className += ' sf-dump-search-hidden'; e.preventDefault(); resetHighlightedNodes(root); searchInput.value = ''; } else if ( (isCtrlKey(e) && 71 === e.keyCode) /* CMD/CTRL + G */ || 13 === e.keyCode /* Enter */ || 114 === e.keyCode /* F3 */ ) { e.preventDefault(); e.shiftKey ? state.previous() : state.next(); collapseAll(root); showCurrent(state); } } }); } if (0 >= options.maxStringLength) { return; } try { elt = root.querySelectorAll('.sf-dump-str'); len = elt.length; i = 0; t = []; while (i < len) t.push(elt[i++]); len = t.length; for (i = 0; i < len; ++i) { elt = t[i]; s = elt.innerText || elt.textContent; x = s.length - options.maxStringLength; if (0 < x) { h = elt.innerHTML; elt[elt.innerText ? 'innerText' : 'textContent'] = s.substring(0, options.maxStringLength); elt.className += ' sf-dump-str-collapse'; elt.innerHTML = '<span class=sf-dump-str-collapse>'+h+'<a class="sf-dump-ref sf-dump-str-toggle" title="Collapse"> &#9664;</a></span>'+ '<span class=sf-dump-str-expand>'+elt.innerHTML+'<a class="sf-dump-ref sf-dump-str-toggle" title="'+x+' remaining characters"> &#9654;</a></span>'; } } } catch (e) { } }; })(document); </script><style> .sf-js-enabled pre.sf-dump .sf-dump-compact, .sf-js-enabled .sf-dump-str-collapse .sf-dump-str-collapse, .sf-js-enabled .sf-dump-str-expand .sf-dump-str-expand { display: none; } .sf-dump-hover:hover { background-color: #B729D9; color: #FFF !important; border-radius: 2px; } pre.sf-dump { display: block; white-space: pre; padding: 5px; overflow: initial !important; } pre.sf-dump:after { content: ""; visibility: hidden; display: block; height: 0; clear: both; } pre.sf-dump .sf-dump-ellipsization { display: inline-flex; } pre.sf-dump a { text-decoration: none; cursor: pointer; border: 0; outline: none; color: inherit; } pre.sf-dump img { max-width: 50em; max-height: 50em; margin: .5em 0 0 0; padding: 0; background: url(data:image/png;base64,iVBORw0KGgoAAAANSUhEUgAAABAAAAAQCAAAAAA6mKC9AAAAHUlEQVQY02O8zAABilCaiQEN0EeA8QuUcX9g3QEAAjcC5piyhyEAAAAASUVORK5CYII=) #D3D3D3; } pre.sf-dump .sf-dump-ellipsis { text-overflow: ellipsis; white-space: nowrap; overflow: hidden; } pre.sf-dump .sf-dump-ellipsis-tail { flex-shrink: 0; } pre.sf-dump code { display:inline; padding:0; background:none; } .sf-dump-public.sf-dump-highlight, .sf-dump-protected.sf-dump-highlight, .sf-dump-private.sf-dump-highlight, .sf-dump-str.sf-dump-highlight, .sf-dump-key.sf-dump-highlight { background: rgba(111, 172, 204, 0.3); border: 1px solid #7DA0B1; border-radius: 3px; } .sf-dump-public.sf-dump-highlight-active, .sf-dump-protected.sf-dump-highlight-active, .sf-dump-private.sf-dump-highlight-active, .sf-dump-str.sf-dump-highlight-active, .sf-dump-key.sf-dump-highlight-active { background: rgba(253, 175, 0, 0.4); border: 1px solid #ffa500; border-radius: 3px; } pre.sf-dump .sf-dump-search-hidden { display: none !important; } pre.sf-dump .sf-dump-search-wrapper { font-size: 0; white-space: nowrap; margin-bottom: 5px; display: flex; position: -webkit-sticky; position: sticky; top: 5px; } pre.sf-dump .sf-dump-search-wrapper > * { vertical-align: top; box-sizing: border-box; height: 21px; font-weight: normal; border-radius: 0; background: #FFF; color: #757575; border: 1px solid #BBB; } pre.sf-dump .sf-dump-search-wrapper > input.sf-dump-search-input { padding: 3px; height: 21px; font-size: 12px; border-right: none; border-top-left-radius: 3px; border-bottom-left-radius: 3px; color: #000; min-width: 15px; width: 100%; } pre.sf-dump .sf-dump-search-wrapper > .sf-dump-search-input-next, pre.sf-dump .sf-dump-search-wrapper > .sf-dump-search-input-previous { background: #F2F2F2; outline: none; border-left: none; font-size: 0; line-height: 0; } pre.sf-dump .sf-dump-search-wrapper > .sf-dump-search-input-next { border-top-right-radius: 3px; border-bottom-right-radius: 3px; } pre.sf-dump .sf-dump-search-wrapper > .sf-dump-search-input-next > svg, pre.sf-dump .sf-dump-search-wrapper > .sf-dump-search-input-previous > svg { pointer-events: none; width: 12px; height: 12px; } pre.sf-dump .sf-dump-search-wrapper > .sf-dump-search-count { display: inline-block; padding: 0 5px; margin: 0; border-left: none; line-height: 21px; font-size: 12px; }pre.sf-dump, pre.sf-dump .sf-dump-default{background:none; color:#CC7832; line-height:1.2em; font:12px Menlo, Monaco, Consolas, monospace; word-wrap: break-word; white-space: pre-wrap; position:relative; z-index:99999; word-break: break-all}pre.sf-dump .sf-dump-num{font-weight:bold; color:#1299DA}pre.sf-dump .sf-dump-const{font-weight:bold}pre.sf-dump .sf-dump-str{font-weight:bold; color:#629755;}pre.sf-dump .sf-dump-note{color:#6897BB}pre.sf-dump .sf-dump-ref{color:#6E6E6E}pre.sf-dump .sf-dump-public{color:#262626}pre.sf-dump .sf-dump-protected{color:#262626}pre.sf-dump .sf-dump-private{color:#262626}pre.sf-dump .sf-dump-meta{color:#B729D9}pre.sf-dump .sf-dump-key{color:#789339}pre.sf-dump .sf-dump-index{color:#1299DA}pre.sf-dump .sf-dump-ellipsis{color:#CC7832}pre.sf-dump .sf-dump-ns{user-select:none;}pre.sf-dump .sf-dump-ellipsis-note{color:#6897BB}</style><pre class=sf-dump id=sf-dump-611958619 data-indent-pad="  "><span class=sf-dump-note>Twig\Error\RuntimeError</span> {<a class=sf-dump-ref>#9516</a><samp data-depth=1 class=sf-dump-expanded>\n
   Γöé <li class="selected"><code><span style="color: var(--highlight-comment)">&nbsp;&nbsp;&nbsp;&nbsp;&nbsp;&nbsp;&nbsp;&nbsp;</span><span style="color: var(--highlight-keyword)">if&nbsp;(((</span><span style="color: var(--highlight-default)">$tmp&nbsp;</span><span style="color: var(--highlight-keyword)">=&nbsp;</span><span style="color: var(--highlight-default)">CoreExtension</span><span style="color: var(--highlight-keyword)">::</span><span style="color: var(--highlight-default)">getAttribute</span><span style="color: var(--highlight-keyword)">(</span><span style="color: var(--highlight-default)">$this</span><span style="color: var(--highlight-keyword)">-&gt;</span><span style="color: var(--highlight-default)">env</span><span style="color: var(--highlight-keyword)">,&nbsp;</span><span style="color: var(--highlight-default)">$this</span><span style="color: var(--highlight-keyword)">-&gt;</span><span style="color: var(--highlight-default)">source</span><span style="color: var(--highlight-keyword)">,&nbsp;(isset(</span><span style="color: var(--highlight-default)">$context</span><span style="color: var(--highlight-keyword)">[</span><span style="color: var(--highlight-string)">"user"</span><span style="color: var(--highlight-keyword)">])&nbsp;||&nbsp;</span><span style="color: var(--highlight-default)">array_key_exists</span><span style="color: var(--highlight-keyword)">(</span><span style="color: var(--highlight-string)">"user"</span><span style="color: var(--highlight-keyword)">,&nbsp;</span><span style="color: var(--highlight-default)">$context</span><span style="color: var(--highlight-keyword)">)&nbsp;?&nbsp;</span><span style="color: var(--highlight-default)">$context</span><span style="color: var(--highlight-keyword)">[</span><span style="color: var(--highlight-string)">"user"</span><span style="color: var(--highlight-keyword)">]&nbsp;:&nbsp;(function&nbsp;()&nbsp;{&nbsp;throw&nbsp;new&nbsp;</span><span style="color: var(--highlight-default)">RuntimeError</span><span style="color: var(--highlight-keyword)">(</span><span style="color: var(--highlight-string)">'Variable&nbsp;"user"&nbsp;does&nbsp;not&nbsp;exist.'</span><span style="color: var(--highlight-keyword)">,&nbsp;</span><span style="color: var(--highlight-default)">20</span><span style="color: var(--highlight-keyword)">,&nbsp;</span><span style="color: var(--highlight-default)">$this</span><span style="color: var(--highlight-keyword)">-&gt;</span><span style="color: var(--highlight-default)">source</span><span style="color: var(--highlight-keyword)">);&nbsp;})()),&nbsp;</span><span style="color: var(--highlight-string)">"imageUrl"</span><span style="color: var(--highlight-keyword)">,&nbsp;[],&nbsp;</span><span style="color: var(--highlight-string)">"any"</span><span style="color: var(--highlight-keyword)">,&nbsp;</span><span style="color: var(--highlight-default)">false</span><span style="color: var(--highlight-keyword)">,&nbsp;</span><span style="color: var(--highlight-default)">false</span><span style="color: var(--highlight-keyword)">,&nbsp;</span><span style="color: var(--highlight-default)">false</span><span style="color: var(--highlight-keyword)">,&nbsp;</span><span style="color: var(--highlight-default)">20</span><span style="color: var(--highlight-keyword)">))&nbsp;&amp;&amp;&nbsp;</span><span style="color: var(--highlight-default)">$tmp&nbsp;</span><span style="color: var(--highlight-keyword)">instanceof&nbsp;</span><span style="color: var(--highlight-default)">Markup&nbsp;</span><span style="color: var(--highlight-keyword)">?&nbsp;(string)&nbsp;</span><span style="color: var(--highlight-default)">$tmp&nbsp;</span><span style="color: var(--highlight-keyword)">:&nbsp;</span><span style="color: var(--highlight-default)">$tmp</span><span style="color: var(--highlight-keyword)">))&nbsp;{</span></code></li>\n
   Γöé <li><code><span style="color: var(--highlight-keyword)">&nbsp;&nbsp;&nbsp;&nbsp;&nbsp;&nbsp;&nbsp;&nbsp;&nbsp;&nbsp;&nbsp;&nbsp;yield&nbsp;</span><span style="color: var(--highlight-default)">$this</span><span style="color: var(--highlight-keyword)">-&gt;</span><span style="color: var(--highlight-default)">env</span><span style="color: var(--highlight-keyword)">-&gt;</span><span style="color: var(--highlight-default)">getRuntime</span><span style="color: var(--highlight-keyword)">(</span><span style="color: var(--highlight-string)">'Twig\Runtime\EscaperRuntime'</span><span style="color: var(--highlight-keyword)">)-&gt;</span><span style="color: var(--highlight-default)">escape</span><span style="color: var(--highlight-keyword)">(</span><span style="color: var(--highlight-default)">$this</span><span style="color: var(--highlight-keyword)">-&gt;</span><span style="color: var(--highlight-default)">extensions</span><span style="color: var(--highlight-keyword)">[</span><span style="color: var(--highlight-string)">'Symfony\Bridge\Twig\Extension\AssetExtension'</span><span style="color: var(--highlight-keyword)">]-&gt;</span><span style="color: var(--highlight-default)">getAssetUrl</span><span style="color: var(--highlight-keyword)">(</span><span style="color: var(--highlight-default)">CoreExtension</span><span style="color: var(--highlight-keyword)">::</span><span style="color: var(--highlight-default)">getAttribute</span><span style="color: var(--highlight-keyword)">(</span><span style="color: var(--highlight-default)">$this</span><span style="color: var(--highlight-keyword)">-&gt;</span><span style="color: var(--highlight-default)">env</span><span style="color: var(--highlight-keyword)">,&nbsp;</span><span style="color: var(--highlight-default)">$this</span><span style="color: var(--highlight-keyword)">-&gt;</span><span style="color: var(--highlight-default)">source</span><span style="color: var(--highlight-keyword)">,&nbsp;(isset(</span><span style="color: var(--highlight-default)">$context</span><span style="color: var(--highlight-keyword)">[</span><span style="color: var(--highlight-string)">"user"</span><span style="color: var(--highlight-keyword)">])&nbsp;||&nbsp;</span><span style="color: var(--highlight-default)">array_key_exists</span><span style="color: var(--highlight-keyword)">(</span><span style="color: var(--highlight-string)">"user"</span><span style="color: var(--highlight-keyword)">,&nbsp;</span><span style="color: var(--highlight-default)">$context</span><span style="color: var(--highlight-keyword)">)&nbsp;?&nbsp;</span><span style="color: var(--highlight-default)">$context</span><span style="color: var(--highlight-keyword)">[</span><span style="color: var(--highlight-string)">"user"</span><span style="color: var(--highlight-keyword)">]&nbsp;:&nbsp;(function&nbsp;()&nbsp;{&nbsp;throw&nbsp;new&nbsp;</span><span style="color: var(--highlight-default)">RuntimeError</span><span style="color: var(--highlight-keyword)">(</span><span style="color: var(--highlight-string)">'Variable&nbsp;"user"&nbsp;does&nbsp;not&nbsp;exist.'</span><span style="color: var(--highlight-keyword)">,&nbsp;</span><span style="color: var(--highlight-default)">21</span><span style="color: var(--highlight-keyword)">,&nbsp;</span><span style="color: var(--highlight-default)">$this</span><span style="color: var(--highlight-keyword)">-&gt;</span><span style="color: var(--highlight-default)">source</span><span style="color: var(--highlight-keyword)">);&nbsp;})()),&nbsp;</span><span style="color: var(--highlight-string)">"imageUrl"</span><span style="color: var(--highlight-keyword)">,&nbsp;[],&nbsp;</span><span style="color: var(--highlight-string)">"any"</span><span style="color: var(--highlight-keyword)">,&nbsp;</span><span style="color: var(--highlight-default)">false</span><span style="color: var(--highlight-keyword)">,&nbsp;</span><span style="color: var(--highlight-default)">false</span><span style="color: var(--highlight-keyword)">,&nbsp;</span><span style="color: var(--highlight-default)">false</span><span style="color: var(--highlight-keyword)">,&nbsp;</span><span style="color: var(--highlight-default)">21</span><span style="color: var(--highlight-keyword)">)),&nbsp;</span><span style="color: var(--highlight-string)">"html"</span><span style="color: var(--highlight-keyword)">,&nbsp;</span><span style="color: var(--highlight-default)">null</span><span style="color: var(--highlight-keyword)">,&nbsp;</span><span style="color: var(--highlight-default)">true</span><span style="color: var(--highlight-keyword)">);</span></code></li>\n
   Γöé <li><code><span style="color: var(--highlight-keyword)">&nbsp;&nbsp;&nbsp;&nbsp;&nbsp;&nbsp;&nbsp;&nbsp;&nbsp;&nbsp;&nbsp;&nbsp;yield&nbsp;</span><span style="color: var(--highlight-default)">$this</span><span style="color: var(--highlight-keyword)">-&gt;</span><span style="color: var(--highlight-default)">env</span><span style="color: var(--highlight-keyword)">-&gt;</span><span style="color: var(--highlight-default)">getRuntime</span><span style="color: var(--highlight-keyword)">(</span><span style="color: var(--highlight-string)">'Twig\Runtime\EscaperRuntime'</span><span style="color: var(--highlight-keyword)">)-&gt;</span><span style="color: var(--highlight-default)">escape</span><span style="color: var(--highlight-keyword)">(((</span><span style="color: var(--highlight-default)">array_key_exists</span><span style="color: var(--highlight-keyword)">(</span><span style="color: var(--highlight-string)">"customClass"</span><span style="color: var(--highlight-keyword)">,&nbsp;</span><span style="color: var(--highlight-default)">$context</span><span style="color: var(--highlight-keyword)">))&nbsp;?&nbsp;(</span><span style="color: var(--highlight-default)">Twig\Extension\CoreExtension</span><span style="color: var(--highlight-keyword)">::default((isset(</span><span style="color: var(--highlight-default)">$context</span><span style="color: var(--highlight-keyword)">[</span><span style="color: var(--highlight-string)">"customClass"</span><span style="color: var(--highlight-keyword)">])&nbsp;||&nbsp;</span><span style="color: var(--highlight-default)">array_key_exists</span><span style="color: var(--highlight-keyword)">(</span><span style="color: var(--highlight-string)">"customClass"</span><span style="color: var(--highlight-keyword)">,&nbsp;</span><span style="color: var(--highlight-default)">$context</span><span style="color: var(--highlight-keyword)">)&nbsp;?&nbsp;</span><span style="color: var(--highlight-default)">$context</span><span style="color: var(--highlight-keyword)">[</span><span style="color: var(--highlight-string)">"customClass"</span><span style="color: var(--highlight-keyword)">]&nbsp;:&nbsp;(function&nbsp;()&nbsp;{&nbsp;throw&nbsp;new&nbsp;</span><span style="color: var(--highlight-default)">RuntimeError</span><span style="color: var(--highlight-keyword)">(</span><span style="color: var(--highlight-string)">'Variable&nbsp;"customClass"&nbsp;does&nbsp;not&nbsp;exist.'</span><span style="color: var(--highlight-keyword)">,&nbsp;</span><span style="color: var(--highlight-default)">21</span><span style="color: var(--highlight-keyword)">,&nbsp;</span><span style="color: var(--highlight-default)">$this</span><span style="color: var(--highlight-keyword)">-&gt;</span><span style="color: var(--highlight-default)">source</span><span style="color: var(--highlight-keyword)">);&nbsp;})()),&nbsp;</span><span style="color: var(--highlight-string)">""</span><span style="color: var(--highlight-keyword)">))&nbsp;:&nbsp;(</span><span style="color: var(--highlight-string)">""</span><span style="color: var(--highlight-keyword)">)),&nbsp;</span><span style="color: var(--highlight-string)">"html"</span><span style="color: var(--highlight-keyword)">,&nbsp;</span><span style="color: var(--highlight-default)">null</span><span style="color: var(--highlight-keyword)">,&nbsp;</span><span style="color: var(--highlight-default)">true</span><span style="color: var(--highlight-keyword)">);</span></code></li></ol>    </div>            </div>\n
   Γöé <li class="selected"><code><span style="color: var(--highlight-comment)">&nbsp;&nbsp;&nbsp;&nbsp;&nbsp;&nbsp;&nbsp;&nbsp;</span><span style="color: var(--highlight-keyword)">yield&nbsp;from&nbsp;</span><span style="color: var(--highlight-default)">$this</span><span style="color: var(--highlight-keyword)">-&gt;</span><span style="color: var(--highlight-default)">load</span><span style="color: var(--highlight-keyword)">(</span><span style="color: var(--highlight-string)">"components/_avatar.html.twig"</span><span style="color: var(--highlight-keyword)">,&nbsp;</span><span style="color: var(--highlight-default)">71</span><span style="color: var(--highlight-keyword)">)-&gt;</span><span style="color: var(--highlight-default)">unwrap</span><span style="color: var(--highlight-keyword)">()-&gt;</span><span style="color: var(--highlight-default)">yield</span><span style="color: var(--highlight-keyword)">(</span><span style="color: var(--highlight-default)">CoreExtension</span><span style="color: var(--highlight-keyword)">::</span><span style="color: var(--highlight-default)">merge</span><span style="color: var(--highlight-keyword)">(</span><span style="color: var(--highlight-default)">$context</span><span style="color: var(--highlight-keyword)">,&nbsp;[</span><span style="color: var(--highlight-string)">"user"&nbsp;</span><span style="color: var(--highlight-keyword)">=&gt;&nbsp;</span><span style="color: var(--highlight-default)">CoreExtension</span><span style="color: var(--highlight-keyword)">::</span><span style="color: var(--highlight-default)">getAttribute</span><span style="color: var(--highlight-keyword)">(</span><span style="color: var(--highlight-default)">$this</span><span style="color: var(--highlight-keyword)">-&gt;</span><span style="color: var(--highlight-default)">env</span><span style="color: var(--highlight-keyword)">,&nbsp;</span><span style="color: var(--highlight-default)">$this</span><span style="color: var(--highlight-keyword)">-&gt;</span><span style="color: var(--highlight-default)">source</span><span style="color: var(--highlight-keyword)">,&nbsp;(isset(</span><span style="color: var(--highlight-default)">$context</span><span style="color: var(--highlight-keyword)">[</span><span style="color: var(--highlight-string)">"app"</span><span style="color: var(--highlight-keyword)">])&nbsp;||&nbsp;</span><span style="color: var(--highlight-default)">array_key_exists</span><span style="color: var(--highlight-keyword)">(</span><span style="color: var(--highlight-string)">"app"</span><span style="color: var(--highlight-keyword)">,&nbsp;</span><span style="color: var(--highlight-default)">$context</span><span style="color: var(--highlight-keyword)">)&nbsp;?&nbsp;</span><span style="color: var(--highlight-default)">$context</span><span style="color: var(--highlight-keyword)">[</span><span style="color: var(--highlight-string)">"app"</span><span style="color: var(--highlight-keyword)">]&nbsp;:&nbsp;(function&nbsp;()&nbsp;{&nbsp;throw&nbsp;new&nbsp;</span><span style="color: var(--highlight-default)">RuntimeError</span><span style="color: var(--highlight-keyword)">(</span><span style="color: var(--highlight-string)">'Variable&nbsp;"app"&nbsp;does&nbsp;not&nbsp;exist.'</span><span style="color: var(--highlight-keyword)">,&nbsp;</span><span style="color: var(--highlight-default)">71</span><span style="color: var(--highlight-keyword)">,&nbsp;</span><span style="color: var(--highlight-default)">$this</span><span style="color: var(--highlight-keyword)">-&gt;</span><span style="color: var(--highlight-default)">source</span><span style="color: var(--highlight-keyword)">);&nbsp;})()),&nbsp;</span><span style="color: var(--highlight-string)">"user"</span><span style="color: var(--highlight-keyword)">,&nbsp;[],&nbsp;</span><span style="color: var(--highlight-string)">"any"</span><span style="color: var(--highlight-keyword)">,&nbsp;</span><span style="color: var(--highlight-default)">false</span><span style="color: var(--highlight-keyword)">,&nbsp;</span><span style="color: var(--highlight-default)">false</span><span style="color: var(--highlight-keyword)">,&nbsp;</span><span style="color: var(--highlight-default)">false</span><span style="color: var(--highlight-keyword)">,&nbsp;</span><span style="color: var(--highlight-default)">71</span><span style="color: var(--highlight-keyword)">),&nbsp;</span><span style="color: var(--highlight-string)">"size"&nbsp;</span><span style="color: var(--highlight-keyword)">=&gt;&nbsp;</span><span style="color: var(--highlight-string)">"100%"</span><span style="color: var(--highlight-keyword)">,&nbsp;</span><span style="color: var(--highlight-string)">"fontSize"&nbsp;</span><span style="color: var(--highlight-keyword)">=&gt;&nbsp;</span><span style="color: var(--highlight-string)">"1.2rem"</span><span style="color: var(--highlight-keyword)">]));</span></code></li>\n
   Γöé <li><code><span style="color: var(--highlight-keyword)">&nbsp;&nbsp;&nbsp;&nbsp;private&nbsp;function&nbsp;</span><span style="color: var(--highlight-default)">doRender</span><span style="color: var(--highlight-keyword)">(</span><span style="color: var(--highlight-default)">string&nbsp;$view</span><span style="color: var(--highlight-keyword)">,&nbsp;?</span><span style="color: var(--highlight-default)">string&nbsp;$block</span><span style="color: var(--highlight-keyword)">,&nbsp;array&nbsp;</span><span style="color: var(--highlight-default)">$parameters</span><span style="color: var(--highlight-keyword)">,&nbsp;?</span><span style="color: var(--highlight-default)">Response&nbsp;$response</span><span style="color: var(--highlight-keyword)">,&nbsp;</span><span style="color: var(--highlight-default)">string&nbsp;$method</span><span style="color: var(--highlight-keyword)">):&nbsp;</span><span style="color: var(--highlight-default)">Response</span></code></li>\n
   Γöé <li><code><span style="color: var(--highlight-keyword)">&nbsp;&nbsp;&nbsp;&nbsp;private&nbsp;function&nbsp;</span><span style="color: var(--highlight-default)">doRender</span><span style="color: var(--highlight-keyword)">(</span><span style="color: var(--highlight-default)">string&nbsp;$view</span><span style="color: var(--highlight-keyword)">,&nbsp;?</span><span style="color: var(--highlight-default)">string&nbsp;$block</span><span style="color: var(--highlight-keyword)">,&nbsp;array&nbsp;</span><span style="color: var(--highlight-default)">$parameters</span><span style="color: var(--highlight-keyword)">,&nbsp;?</span><span style="color: var(--highlight-default)">Response&nbsp;$response</span><span style="color: var(--highlight-keyword)">,&nbsp;</span><span style="color: var(--highlight-default)">string&nbsp;$method</span><span style="color: var(--highlight-keyword)">):&nbsp;</span><span style="color: var(--highlight-default)">Response</span></code></li>\n
   Γöé <li><code><span style="color: var(--highlight-keyword)">&nbsp;&nbsp;&nbsp;&nbsp;&nbsp;&nbsp;&nbsp;&nbsp;</span><span style="color: var(--highlight-default)">$response&nbsp;</span><span style="color: var(--highlight-keyword)">??=&nbsp;new&nbsp;</span><span style="color: var(--highlight-default)">Response</span><span style="color: var(--highlight-keyword)">();</span></code></li>\n
   Γöé <li><code><span style="color: var(--highlight-comment)">&nbsp;&nbsp;&nbsp;&nbsp;</span><span style="color: var(--highlight-keyword)">protected&nbsp;function&nbsp;</span><span style="color: var(--highlight-default)">render</span><span style="color: var(--highlight-keyword)">(</span><span style="color: var(--highlight-default)">string&nbsp;$view</span><span style="color: var(--highlight-keyword)">,&nbsp;array&nbsp;</span><span style="color: var(--highlight-default)">$parameters&nbsp;</span><span style="color: var(--highlight-keyword)">=&nbsp;[],&nbsp;?</span><span style="color: var(--highlight-default)">Response&nbsp;$response&nbsp;</span><span style="color: var(--highlight-keyword)">=&nbsp;</span><span style="color: var(--highlight-default)">null</span><span style="color: var(--highlight-keyword)">):&nbsp;</span><span style="color: var(--highlight-default)">Response</span></code></li>\n
   Γöé <li><code><span style="color: var(--highlight-keyword)">&nbsp;&nbsp;&nbsp;&nbsp;&nbsp;&nbsp;&nbsp;&nbsp;&nbsp;&nbsp;&nbsp;&nbsp;?&nbsp;</span><span style="color: var(--highlight-default)">$fermeRepository</span><span style="color: var(--highlight-keyword)">-&gt;</span><span style="color: var(--highlight-default)">findBySearchAndSort</span><span style="color: var(--highlight-keyword)">(</span><span style="color: var(--highlight-default)">$search</span><span style="color: var(--highlight-keyword)">,&nbsp;</span><span style="color: var(--highlight-default)">$sort</span><span style="color: var(--highlight-keyword)">,&nbsp;</span><span style="color: var(--highlight-default)">$direction</span><span style="color: var(--highlight-keyword)">)\r
   Γöé         var toggleClass = function(el, cssClass) { hasClass(el, cssClass) ? removeClass(el, cssClass) : addClass(el, cssClass); };\n
   Γöé                 toggle.innerHTML = currentContent !== altContent ? altContent : originalContent;\n
   Γöé                     label = i in labels ? labels[i] : value,\n
   Γöé                 option.setAttribute('title', 1 === (matches = filters.querySelectorAll('[data-filter-'+name+'="'+value+'"]').length) ? 'Matches 1 row' : 'Matches '+matches+' rows');\n
   Γöé                 localStorage.getItem('symfony/profiler/theme') || (matchMedia('(prefers-color-scheme: dark)').matches ? 'theme-dark' : 'theme-light')
   Γöé                         <script> Sfdump = window.Sfdump || (function (doc) { doc.documentElement.classList.add('sf-js-enabled'); var rxEsc = /([.*+?^${}()|\[\]\/\\])/g, idRx = /\bsf-dump-\d+-ref[012]\w+\b/, keyHint = 0 <= navigator.platform.toUpperCase().indexOf('MAC') ? 'Cmd' : 'Ctrl', addEventListener = function (e, n, cb) { e.addEventListener(n, cb, false); }; if (!doc.addEventListener) { addEventListener = function (element, eventName, callback) { element.attachEvent('on' + eventName, function (e) { e.preventDefault = function () {e.returnValue = false;}; e.target = e.srcElement; callback(e); }); }; } function toggle(a, recursive) { var s = a.nextSibling || {}, oldClass = s.className, arrow, newClass; if (/\bsf-dump-compact\b/.test(oldClass)) { arrow = '&#9660;'; newClass = 'sf-dump-expanded'; } else if (/\bsf-dump-expanded\b/.test(oldClass)) { arrow = '&#9654;'; newClass = 'sf-dump-compact'; } else { return false; } if (doc.createEvent && s.dispatchEvent) { var event = doc.createEvent('Event'); event.initEvent('sf-dump-expanded' === newClass ? 'sfbeforedumpexpand' : 'sfbeforedumpcollapse', true, false); s.dispatchEvent(event); } a.lastChild.innerHTML = arrow; s.className = s.className.replace(/\bsf-dump-(compact|expanded)\b/, newClass); if (recursive) { try { a = s.querySelectorAll('.'+oldClass); for (s = 0; s < a.length; ++s) { if (-1 == a[s].className.indexOf(newClass)) { a[s].className = newClass; a[s].previousSibling.lastChild.innerHTML = arrow; } } } catch (e) { } } return true; }; function collapse(a, recursive) { var s = a.nextSibling || {}, oldClass = s.className; if (/\bsf-dump-expanded\b/.test(oldClass)) { toggle(a, recursive); return true; } return false; }; function expand(a, recursive) { var s = a.nextSibling || {}, oldClass = s.className; if (/\bsf-dump-compact\b/.test(oldClass)) { toggle(a, recursive); return true; } return false; }; function collapseAll(root) { var a = root.querySelector('a.sf-dump-toggle'); if (a) { collapse(a, true); expand(a); return true; } return false; } function reveal(node) { var previous, parents = []; while ((node = node.parentNode || {}) && (previous = node.previousSibling) && 'A' === previous.tagName) { parents.push(previous); } if (0 !== parents.length) { parents.forEach(function (parent) { expand(parent); }); return true; } return false; } function highlight(root, activeNode, nodes) { resetHighlightedNodes(root); Array.from(nodes||[]).forEach(function (node) { if (!/\bsf-dump-highlight\b/.test(node.className)) { node.className = node.className + ' sf-dump-highlight'; } }); if (!/\bsf-dump-highlight-active\b/.test(activeNode.className)) { activeNode.className = activeNode.className + ' sf-dump-highlight-active'; } } function resetHighlightedNodes(root) { Array.from(root.querySelectorAll('.sf-dump-str, .sf-dump-key, .sf-dump-public, .sf-dump-protected, .sf-dump-private')).forEach(function (strNode) { strNode.className = strNode.className.replace(/\bsf-dump-highlight\b/, ''); strNode.className = strNode.className.replace(/\bsf-dump-highlight-active\b/, ''); }); } return function (root, x) { root = doc.getElementById(root); var indentRx = new RegExp('^('+(root.getAttribute('data-indent-pad') || ' ').replace(rxEsc, '\\$1')+')+', 'm'), options = {"maxDepth":1,"maxStringLength":160,"fileLinkFormat":false}, elt = root.getElementsByTagName('A'), len = elt.length, i = 0, s, h, t = []; while (i < len) t.push(elt[i++]); for (i in x) { options[i] = x[i]; } function a(e, f) { addEventListener(root, e, function (e, n) { if ('A' == e.target.tagName) { f(e.target, e); } else if ('A' == e.target.parentNode.tagName) { f(e.target.parentNode, e); } else { n = /\bsf-dump-ellipsis\b/.test(e.target.className) ? e.target.parentNode : e.target; if ((n = n.nextElementSibling) && 'A' == n.tagName) { if (!/\bsf-dump-toggle\b/.test(n.className)) { n = n.nextElementSibling || n; } f(n, e, true); } } }); }; function isCtrlKey(e) { return e.ctrlKey || e.metaKey; } function xpathString(str) { var parts = str.match(/[^'"]+|['"]/g).map(function (part) { if ("'" == part) { return '"\'"'; } if ('"' == part) { return "'\"'"; } return "'" + part + "'"; }); return "concat(" + parts.join(",") + ", '')"; } function xpathHasClass(className) { return "contains(concat(' ', normalize-space(@class), ' '), ' " + className +" ')"; } a('mouseover', function (a, e, c) { if (c) { e.target.style.cursor = "pointer"; } }); a('click', function (a, e, c) { if (/\bsf-dump-toggle\b/.test(a.className)) { e.preventDefault(); if (!toggle(a, isCtrlKey(e))) { var r = doc.getElementById(a.getAttribute('href').slice(1)), s = r.previousSibling, f = r.parentNode, t = a.parentNode; t.replaceChild(r, a); f.replaceChild(a, s); t.insertBefore(s, r); f = f.firstChild.nodeValue.match(indentRx); t = t.firstChild.nodeValue.match(indentRx); if (f && t && f[0] !== t[0]) { r.innerHTML = r.innerHTML.replace(new RegExp('^'+f[0].replace(rxEsc, '\\$1'), 'mg'), t[0]); } if (/\bsf-dump-compact\b/.test(r.className)) { toggle(s, isCtrlKey(e)); } } if (c) { } else if (doc.getSelection) { try { doc.getSelection().removeAllRanges(); } catch (e) { doc.getSelection().empty(); } } else { doc.selection.empty(); } } else if (/\bsf-dump-str-toggle\b/.test(a.className)) { e.preventDefault(); e = a.parentNode.parentNode; e.className = e.className.replace(/\bsf-dump-str-(expand|collapse)\b/, a.parentNode.className); } }); elt = root.getElementsByTagName('SAMP'); len = elt.length; i = 0; while (i < len) t.push(elt[i++]); len = t.length; for (i = 0; i < len; ++i) { elt = t[i]; if ('SAMP' == elt.tagName) { a = elt.previousSibling || {}; if ('A' != a.tagName) { a = doc.createElement('A'); a.className = 'sf-dump-ref'; elt.parentNode.insertBefore(a, elt); } else { a.innerHTML += ' '; } a.title = (a.title ? a.title+'\n[' : '[')+keyHint+'+click] Expand all children'; a.innerHTML += elt.className == 'sf-dump-compact' ? '<span>&#9654;</span>' : '<span>&#9660;</span>'; a.className += ' sf-dump-toggle'; x = 1; if ('sf-dump' != elt.parentNode.className) { x += elt.parentNode.getAttribute('data-depth')/1; } } else if (/\bsf-dump-ref\b/.test(elt.className) && (a = elt.getAttribute('href'))) { a = a.slice(1); elt.className += ' sf-dump-hover'; elt.className += ' '+a; if (/[\[{]$/.test(elt.previousSibling.nodeValue)) { a = a != elt.nextSibling.id && doc.getElementById(a); try { s = a.nextSibling; elt.appendChild(a); s.parentNode.insertBefore(a, s); if (/^[@#]/.test(elt.innerHTML)) { elt.innerHTML += ' <span>&#9654;</span>'; } else { elt.innerHTML = '<span>&#9654;</span>'; elt.className = 'sf-dump-ref'; } elt.className += ' sf-dump-toggle'; } catch (e) { if ('&' == elt.innerHTML.charAt(0)) { elt.innerHTML = '&#8230;'; elt.className = 'sf-dump-ref'; } } } } } if (doc.evaluate && Array.from && root.children.length > 1) { root.setAttribute('tabindex', 0); SearchState = function () { this.nodes = []; this.idx = 0; }; SearchState.prototype = { next: function () { if (this.isEmpty()) { return this.current(); } this.idx = this.idx < (this.nodes.length - 1) ? this.idx + 1 : 0; return this.current(); }, previous: function () { if (this.isEmpty()) { return this.current(); } this.idx = this.idx > 0 ? this.idx - 1 : (this.nodes.length - 1); return this.current(); }, isEmpty: function () { return 0 === this.count(); }, current: function () { if (this.isEmpty()) { return null; } return this.nodes[this.idx]; }, reset: function () { this.nodes = []; this.idx = 0; }, count: function () { return this.nodes.length; }, }; function showCurrent(state) { var currentNode = state.current(), currentRect, searchRect; if (currentNode) { reveal(currentNode); highlight(root, currentNode, state.nodes); if ('scrollIntoView' in currentNode) { currentNode.scrollIntoView(true); currentRect = currentNode.getBoundingClientRect(); searchRect = search.getBoundingClientRect(); if (currentRect.top < (searchRect.top + searchRect.height)) { window.scrollBy(0, -(searchRect.top + searchRect.height + 5)); } } } counter.textContent = (state.isEmpty() ? 0 : state.idx + 1) + ' of ' + state.count(); } var search = doc.createElement('div'); search.className = 'sf-dump-search-wrapper sf-dump-search-hidden'; search.innerHTML = ' <input type="text" class="sf-dump-search-input"> <span class="sf-dump-search-count">0 of 0<\/span> <button type="button" class="sf-dump-search-input-previous" tabindex="-1"> <svg viewBox="0 0 1792 1792" xmlns="http://www.w3.org/2000/svg"><path d="M1683 1331l-166 165q-19 19-45 19t-45-19L896 965l-531 531q-19 19-45 19t-45-19l-166-165q-19-19-19-45.5t19-45.5l742-741q19-19 45-19t45 19l742 741q19 19 19 45.5t-19 45.5z"\/><\/svg> <\/button> <button type="button" class="sf-dump-search-input-next" tabindex="-1"> <svg viewBox="0 0 1792 1792" xmlns="http://www.w3.org/2000/svg"><path d="M1683 808l-742 741q-19 19-45 19t-45-19L109 808q-19-19-19-45.5t19-45.5l166-165q19-19 45-19t45 19l531 531 531-531q19-19 45-19t45 19l166 165q19 19 19 45.5t-19 45.5z"\/><\/svg> <\/button> '; root.insertBefore(search, root.firstChild); var state = new SearchState(); var searchInput = search.querySelector('.sf-dump-search-input'); var counter = search.querySelector('.sf-dump-search-count'); var searchInputTimer = 0; var previousSearchQuery = ''; addEventListener(searchInput, 'keyup', function (e) { var searchQuery = e.target.value; /* Don't perform anything if the pressed key didn't change the query */ if (searchQuery === previousSearchQuery) { return; } previousSearchQuery = searchQuery; clearTimeout(searchInputTimer); searchInputTimer = setTimeout(function () { state.reset(); collapseAll(root); resetHighlightedNodes(root); if ('' === searchQuery) { counter.textContent = '0 of 0'; return; } var classMatches = [ "sf-dump-str", "sf-dump-key", "sf-dump-public", "sf-dump-protected", "sf-dump-private", ].map(xpathHasClass).join(' or '); var xpathResult = doc.evaluate('.//span[' + classMatches + '][contains(translate(child::text(), ' + xpathString(searchQuery.toUpperCase()) + ', ' + xpathString(searchQuery.toLowerCase()) + '), ' + xpathString(searchQuery.toLowerCase()) + ')]', root, null, XPathResult.ORDERED_NODE_ITERATOR_TYPE, null); while (node = xpathResult.iterateNext()) state.nodes.push(node); showCurrent(state); }, 400); }); Array.from(search.querySelectorAll('.sf-dump-search-input-next, .sf-dump-search-input-previous')).forEach(function (btn) { addEventListener(btn, 'click', function (e) { e.preventDefault(); -1 !== e.target.className.indexOf('next') ? state.next() : state.previous(); searchInput.focus(); collapseAll(root); showCurrent(state); }) }); addEventListener(root, 'keydown', function (e) { var isSearchActive = !/\bsf-dump-search-hidden\b/.test(search.className); if ((114 === e.keyCode && !isSearchActive) || (isCtrlKey(e) && 70 === e.keyCode)) { /* F3 or CMD/CTRL + F */ if (70 === e.keyCode && document.activeElement === searchInput) { /* * If CMD/CTRL + F is hit while having focus on search input, * the user probably meant to trigger browser search instead. * Let the browser execute its behavior: */ return; } e.preventDefault(); search.className = search.className.replace(/\bsf-dump-search-hidden\b/, ''); searchInput.focus(); } else if (isSearchActive) { if (27 === e.keyCode) { /* ESC key */ search.className += ' sf-dump-search-hidden'; e.preventDefault(); resetHighlightedNodes(root); searchInput.value = ''; } else if ( (isCtrlKey(e) && 71 === e.keyCode) /* CMD/CTRL + G */ || 13 === e.keyCode /* Enter */ || 114 === e.keyCode /* F3 */ ) { e.preventDefault(); e.shiftKey ? state.previous() : state.next(); collapseAll(root); showCurrent(state); } } }); } if (0 >= options.maxStringLength) { return; } try { elt = root.querySelectorAll('.sf-dump-str'); len = elt.length; i = 0; t = []; while (i < len) t.push(elt[i++]); len = t.length; for (i = 0; i < len; ++i) { elt = t[i]; s = elt.innerText || elt.textContent; x = s.length - options.maxStringLength; if (0 < x) { h = elt.innerHTML; elt[elt.innerText ? 'innerText' : 'textContent'] = s.substring(0, options.maxStringLength); elt.className += ' sf-dump-str-collapse'; elt.innerHTML = '<span class=sf-dump-str-collapse>'+h+'<a class="sf-dump-ref sf-dump-str-toggle" title="Collapse"> &#9664;</a></span>'+ '<span class=sf-dump-str-expand>'+elt.innerHTML+'<a class="sf-dump-ref sf-dump-str-toggle" title="'+x+' remaining characters"> &#9654;</a></span>'; } } } catch (e) { } }; })(document); </script><style> .sf-js-enabled pre.sf-dump .sf-dump-compact, .sf-js-enabled .sf-dump-str-collapse .sf-dump-str-collapse, .sf-js-enabled .sf-dump-str-expand .sf-dump-str-expand { display: none; } .sf-dump-hover:hover { background-color: #B729D9; color: #FFF !important; border-radius: 2px; } pre.sf-dump { display: block; white-space: pre; padding: 5px; overflow: initial !important; } pre.sf-dump:after { content: ""; visibility: hidden; display: block; height: 0; clear: both; } pre.sf-dump .sf-dump-ellipsization { display: inline-flex; } pre.sf-dump a { text-decoration: none; cursor: pointer; border: 0; outline: none; color: inherit; } pre.sf-dump img { max-width: 50em; max-height: 50em; margin: .5em 0 0 0; padding: 0; background: url(data:image/png;base64,iVBORw0KGgoAAAANSUhEUgAAABAAAAAQCAAAAAA6mKC9AAAAHUlEQVQY02O8zAABilCaiQEN0EeA8QuUcX9g3QEAAjcC5piyhyEAAAAASUVORK5CYII=) #D3D3D3; } pre.sf-dump .sf-dump-ellipsis { text-overflow: ellipsis; white-space: nowrap; overflow: hidden; } pre.sf-dump .sf-dump-ellipsis-tail { flex-shrink: 0; } pre.sf-dump code { display:inline; padding:0; background:none; } .sf-dump-public.sf-dump-highlight, .sf-dump-protected.sf-dump-highlight, .sf-dump-private.sf-dump-highlight, .sf-dump-str.sf-dump-highlight, .sf-dump-key.sf-dump-highlight { background: rgba(111, 172, 204, 0.3); border: 1px solid #7DA0B1; border-radius: 3px; } .sf-dump-public.sf-dump-highlight-active, .sf-dump-protected.sf-dump-highlight-active, .sf-dump-private.sf-dump-highlight-active, .sf-dump-str.sf-dump-highlight-active, .sf-dump-key.sf-dump-highlight-active { background: rgba(253, 175, 0, 0.4); border: 1px solid #ffa500; border-radius: 3px; } pre.sf-dump .sf-dump-search-hidden { display: none !important; } pre.sf-dump .sf-dump-search-wrapper { font-size: 0; white-space: nowrap; margin-bottom: 5px; display: flex; position: -webkit-sticky; position: sticky; top: 5px; } pre.sf-dump .sf-dump-search-wrapper > * { vertical-align: top; box-sizing: border-box; height: 21px; font-weight: normal; border-radius: 0; background: #FFF; color: #757575; border: 1px solid #BBB; } pre.sf-dump .sf-dump-search-wrapper > input.sf-dump-search-input { padding: 3px; height: 21px; font-size: 12px; border-right: none; border-top-left-radius: 3px; border-bottom-left-radius: 3px; color: #000; min-width: 15px; width: 100%; } pre.sf-dump .sf-dump-search-wrapper > .sf-dump-search-input-next, pre.sf-dump .sf-dump-search-wrapper > .sf-dump-search-input-previous { background: #F2F2F2; outline: none; border-left: none; font-size: 0; line-height: 0; } pre.sf-dump .sf-dump-search-wrapper > .sf-dump-search-input-next { border-top-right-radius: 3px; border-bottom-right-radius: 3px; } pre.sf-dump .sf-dump-search-wrapper > .sf-dump-search-input-next > svg, pre.sf-dump .sf-dump-search-wrapper > .sf-dump-search-input-previous > svg { pointer-events: none; width: 12px; height: 12px; } pre.sf-dump .sf-dump-search-wrapper > .sf-dump-search-count { display: inline-block; padding: 0 5px; margin: 0; border-left: none; line-height: 21px; font-size: 12px; }pre.sf-dump, pre.sf-dump .sf-dump-default{background:none; color:#CC7832; line-height:1.2em; font:12px Menlo, Monaco, Consolas, monospace; word-wrap: break-word; white-space: pre-wrap; position:relative; z-index:99999; word-break: break-all}pre.sf-dump .sf-dump-num{font-weight:bold; color:#1299DA}pre.sf-dump .sf-dump-const{font-weight:bold}pre.sf-dump .sf-dump-str{font-weight:bold; color:#629755;}pre.sf-dump .sf-dump-note{color:#6897BB}pre.sf-dump .sf-dump-ref{color:#6E6E6E}pre.sf-dump .sf-dump-public{color:#262626}pre.sf-dump .sf-dump-protected{color:#262626}pre.sf-dump .sf-dump-private{color:#262626}pre.sf-dump .sf-dump-meta{color:#B729D9}pre.sf-dump .sf-dump-key{color:#789339}pre.sf-dump .sf-dump-index{color:#1299DA}pre.sf-dump .sf-dump-ellipsis{color:#CC7832}pre.sf-dump .sf-dump-ns{user-select:none;}pre.sf-dump .sf-dump-ellipsis-note{color:#6897BB}</style><pre class=sf-dump id=sf-dump-1310775392 data-indent-pad="  "><span class=sf-dump-note>Twig\Error\RuntimeError</span> {<a class=sf-dump-ref>#2109</a><samp data-depth=1 class=sf-dump-expanded>
   Γöé       <span class=sf-dump-str title="8805 characters">            &lt;label for=&quot;password&quot;&gt;Mot de passe &lt;a href=&quot;{{ path(&#039;app_forgot_password&#039;) }}&quot;&gt;Mot de passe oubli&#233; ?&lt;/a&gt;&lt;/label&gt;<span class="sf-dump-default sf-dump-ns">\r\n</span></span>
   Γöé       <span class=sf-dump-str title="8805 characters">                    &lt;img src=&quot;{{ path(&#039;captcha_image&#039;) }}?t={{ &#039;now&#039;|date(&#039;U&#039;) }}&quot; alt=&quot;CAPTCHA&quot; id=&quot;captchaImage&quot; class=&quot;captcha-img&quot;&gt;<span class="sf-dump-default sf-dump-ns">\r\n</span></span>
   Γöé       <span class=sf-dump-str title="8805 characters">        Pas encore de compte ? &lt;a href=&quot;{{ path(&#039;app_signup&#039;) }}&quot;&gt;S&#039;inscrire&lt;/a&gt;<span class="sf-dump-default sf-dump-ns">\r\n</span></span>
   Γöé       <span class=sf-dump-str title="8805 characters">            captchaImg.src = &#039;{{ path(&quot;captcha_image&quot;) }}?t=&#039; + Date.now();<span class="sf-dump-default sf-dump-ns">\r\n</span></span>
   Γöé <li><code><span style="color: var(--highlight-keyword)">&nbsp;&nbsp;&nbsp;&nbsp;private&nbsp;function&nbsp;</span><span style="color: var(--highlight-default)">doRender</span><span style="color: var(--highlight-keyword)">(</span><span style="color: var(--highlight-default)">string&nbsp;$view</span><span style="color: var(--highlight-keyword)">,&nbsp;?</span><span style="color: var(--highlight-default)">string&nbsp;$block</span><span style="color: var(--highlight-keyword)">,&nbsp;array&nbsp;</span><span style="color: var(--highlight-default)">$parameters</span><span style="color: var(--highlight-keyword)">,&nbsp;?</span><span style="color: var(--highlight-default)">Response&nbsp;$response</span><span style="color: var(--highlight-keyword)">,&nbsp;</span><span style="color: var(--highlight-default)">string&nbsp;$method</span><span style="color: var(--highlight-keyword)">):&nbsp;</span><span style="color: var(--highlight-default)">Response</span></code></li>
   Γöé <li><code><span style="color: var(--highlight-keyword)">&nbsp;&nbsp;&nbsp;&nbsp;private&nbsp;function&nbsp;</span><span style="color: var(--highlight-default)">doRender</span><span style="color: var(--highlight-keyword)">(</span><span style="color: var(--highlight-default)">string&nbsp;$view</span><span style="color: var(--highlight-keyword)">,&nbsp;?</span><span style="color: var(--highlight-default)">string&nbsp;$block</span><span style="color: var(--highlight-keyword)">,&nbsp;array&nbsp;</span><span style="color: var(--highlight-default)">$parameters</span><span style="color: var(--highlight-keyword)">,&nbsp;?</span><span style="color: var(--highlight-default)">Response&nbsp;$response</span><span style="color: var(--highlight-keyword)">,&nbsp;</span><span style="color: var(--highlight-default)">string&nbsp;$method</span><span style="color: var(--highlight-keyword)">):&nbsp;</span><span style="color: var(--highlight-default)">Response</span></code></li>
   Γöé <li><code><span style="color: var(--highlight-keyword)">&nbsp;&nbsp;&nbsp;&nbsp;&nbsp;&nbsp;&nbsp;&nbsp;</span><span style="color: var(--highlight-default)">$response&nbsp;</span><span style="color: var(--highlight-keyword)">??=&nbsp;new&nbsp;</span><span style="color: var(--highlight-default)">Response</span><span style="color: var(--highlight-keyword)">();</span></code></li>
   Γöé <li><code><span style="color: var(--highlight-comment)">&nbsp;&nbsp;&nbsp;&nbsp;</span><span style="color: var(--highlight-keyword)">protected&nbsp;function&nbsp;</span><span style="color: var(--highlight-default)">render</span><span style="color: var(--highlight-keyword)">(</span><span style="color: var(--highlight-default)">string&nbsp;$view</span><span style="color: var(--highlight-keyword)">,&nbsp;array&nbsp;</span><span style="color: var(--highlight-default)">$parameters&nbsp;</span><span style="color: var(--highlight-keyword)">=&nbsp;[],&nbsp;?</span><span style="color: var(--highlight-default)">Response&nbsp;$response&nbsp;</span><span style="color: var(--highlight-keyword)">=&nbsp;</span><span style="color: var(--highlight-default)">null</span><span style="color: var(--highlight-keyword)">):&nbsp;</span><span style="color: var(--highlight-default)">Response</span></code></li>
   Γöé <li><code><span style="color: var(--highlight-keyword)">&nbsp;&nbsp;&nbsp;&nbsp;private&nbsp;function&nbsp;</span><span style="color: var(--highlight-default)">doRender</span><span style="color: var(--highlight-keyword)">(</span><span style="color: var(--highlight-default)">string&nbsp;$view</span><span style="color: var(--highlight-keyword)">,&nbsp;?</span><span style="color: var(--highlight-default)">string&nbsp;$block</span><span style="color: var(--highlight-keyword)">,&nbsp;array&nbsp;</span><span style="color: var(--highlight-default)">$parameters</span><span style="color: var(--highlight-keyword)">,&nbsp;?</span><span style="color: var(--highlight-default)">Response&nbsp;$response</span><span style="color: var(--highlight-keyword)">,&nbsp;</span><span style="color: var(--highlight-default)">string&nbsp;$method</span><span style="color: var(--highlight-keyword)">):&nbsp;</span><span style="color: var(--highlight-default)">Response</span></code></li>
   Γöé <li><code><span style="color: var(--highlight-keyword)">&nbsp;&nbsp;&nbsp;&nbsp;private&nbsp;function&nbsp;</span><span style="color: var(--highlight-default)">doRender</span><span style="color: var(--highlight-keyword)">(</span><span style="color: var(--highlight-default)">string&nbsp;$view</span><span style="color: var(--highlight-keyword)">,&nbsp;?</span><span style="color: var(--highlight-default)">string&nbsp;$block</span><span style="color: var(--highlight-keyword)">,&nbsp;array&nbsp;</span><span style="color: var(--highlight-default)">$parameters</span><span style="color: var(--highlight-keyword)">,&nbsp;?</span><span style="color: var(--highlight-default)">Response&nbsp;$response</span><span style="color: var(--highlight-keyword)">,&nbsp;</span><span style="color: var(--highlight-default)">string&nbsp;$method</span><span style="color: var(--highlight-keyword)">):&nbsp;</span><span style="color: var(--highlight-default)">Response</span></code></li>
   Γöé <li><code><span style="color: var(--highlight-keyword)">&nbsp;&nbsp;&nbsp;&nbsp;&nbsp;&nbsp;&nbsp;&nbsp;</span><span style="color: var(--highlight-default)">$response&nbsp;</span><span style="color: var(--highlight-keyword)">??=&nbsp;new&nbsp;</span><span style="color: var(--highlight-default)">Response</span><span style="color: var(--highlight-keyword)">();</span></code></li>
   Γöé <li><code><span style="color: var(--highlight-comment)">&nbsp;&nbsp;&nbsp;&nbsp;</span><span style="color: var(--highlight-keyword)">protected&nbsp;function&nbsp;</span><span style="color: var(--highlight-default)">render</span><span style="color: var(--highlight-keyword)">(</span><span style="color: var(--highlight-default)">string&nbsp;$view</span><span style="color: var(--highlight-keyword)">,&nbsp;array&nbsp;</span><span style="color: var(--highlight-default)">$parameters&nbsp;</span><span style="color: var(--highlight-keyword)">=&nbsp;[],&nbsp;?</span><span style="color: var(--highlight-default)">Response&nbsp;$response&nbsp;</span><span style="color: var(--highlight-keyword)">=&nbsp;</span><span style="color: var(--highlight-default)">null</span><span style="color: var(--highlight-keyword)">):&nbsp;</span><span style="color: var(--highlight-default)">Response</span></code></li>
   Γöé         var toggleClass = function(el, cssClass) { hasClass(el, cssClass) ? removeClass(el, cssClass) : addClass(el, cssClass); };
   Γöé                 toggle.innerHTML = currentContent !== altContent ? altContent : originalContent;
   Γöé                     label = i in labels ? labels[i] : value,
   Γöé                 option.setAttribute('title', 1 === (matches = filters.querySelectorAll('[data-filter-'+name+'="'+value+'"]').length) ? 'Matches 1 row' : 'Matches '+matches+' rows');
   Γöé                 localStorage.getItem('symfony/profiler/theme') || (matchMedia('(prefers-color-scheme: dark)').matches ? 'theme-dark' : 'theme-light')
   Γöé                         <script> Sfdump = window.Sfdump || (function (doc) { doc.documentElement.classList.add('sf-js-enabled'); var rxEsc = /([.*+?^${}()|\[\]\/\\])/g, idRx = /\bsf-dump-\d+-ref[012]\w+\b/, keyHint = 0 <= navigator.platform.toUpperCase().indexOf('MAC') ? 'Cmd' : 'Ctrl', addEventListener = function (e, n, cb) { e.addEventListener(n, cb, false); }; if (!doc.addEventListener) { addEventListener = function (element, eventName, callback) { element.attachEvent('on' + eventName, function (e) { e.preventDefault = function () {e.returnValue = false;}; e.target = e.srcElement; callback(e); }); }; } function toggle(a, recursive) { var s = a.nextSibling || {}, oldClass = s.className, arrow, newClass; if (/\bsf-dump-compact\b/.test(oldClass)) { arrow = '&#9660;'; newClass = 'sf-dump-expanded'; } else if (/\bsf-dump-expanded\b/.test(oldClass)) { arrow = '&#9654;'; newClass = 'sf-dump-compact'; } else { return false; } if (doc.createEvent && s.dispatchEvent) { var event = doc.createEvent('Event'); event.initEvent('sf-dump-expanded' === newClass ? 'sfbeforedumpexpand' : 'sfbeforedumpcollapse', true, false); s.dispatchEvent(event); } a.lastChild.innerHTML = arrow; s.className = s.className.replace(/\bsf-dump-(compact|expanded)\b/, newClass); if (recursive) { try { a = s.querySelectorAll('.'+oldClass); for (s = 0; s < a.length; ++s) { if (-1 == a[s].className.indexOf(newClass)) { a[s].className = newClass; a[s].previousSibling.lastChild.innerHTML = arrow; } } } catch (e) { } } return true; }; function collapse(a, recursive) { var s = a.nextSibling || {}, oldClass = s.className; if (/\bsf-dump-expanded\b/.test(oldClass)) { toggle(a, recursive); return true; } return false; }; function expand(a, recursive) { var s = a.nextSibling || {}, oldClass = s.className; if (/\bsf-dump-compact\b/.test(oldClass)) { toggle(a, recursive); return true; } return false; }; function collapseAll(root) { var a = root.querySelector('a.sf-dump-toggle'); if (a) { collapse(a, true); expand(a); return true; } return false; } function reveal(node) { var previous, parents = []; while ((node = node.parentNode || {}) && (previous = node.previousSibling) && 'A' === previous.tagName) { parents.push(previous); } if (0 !== parents.length) { parents.forEach(function (parent) { expand(parent); }); return true; } return false; } function highlight(root, activeNode, nodes) { resetHighlightedNodes(root); Array.from(nodes||[]).forEach(function (node) { if (!/\bsf-dump-highlight\b/.test(node.className)) { node.className = node.className + ' sf-dump-highlight'; } }); if (!/\bsf-dump-highlight-active\b/.test(activeNode.className)) { activeNode.className = activeNode.className + ' sf-dump-highlight-active'; } } function resetHighlightedNodes(root) { Array.from(root.querySelectorAll('.sf-dump-str, .sf-dump-key, .sf-dump-public, .sf-dump-protected, .sf-dump-private')).forEach(function (strNode) { strNode.className = strNode.className.replace(/\bsf-dump-highlight\b/, ''); strNode.className = strNode.className.replace(/\bsf-dump-highlight-active\b/, ''); }); } return function (root, x) { root = doc.getElementById(root); var indentRx = new RegExp('^('+(root.getAttribute('data-indent-pad') || ' ').replace(rxEsc, '\\$1')+')+', 'm'), options = {"maxDepth":1,"maxStringLength":160,"fileLinkFormat":false}, elt = root.getElementsByTagName('A'), len = elt.length, i = 0, s, h, t = []; while (i < len) t.push(elt[i++]); for (i in x) { options[i] = x[i]; } function a(e, f) { addEventListener(root, e, function (e, n) { if ('A' == e.target.tagName) { f(e.target, e); } else if ('A' == e.target.parentNode.tagName) { f(e.target.parentNode, e); } else { n = /\bsf-dump-ellipsis\b/.test(e.target.className) ? e.target.parentNode : e.target; if ((n = n.nextElementSibling) && 'A' == n.tagName) { if (!/\bsf-dump-toggle\b/.test(n.className)) { n = n.nextElementSibling || n; } f(n, e, true); } } }); }; function isCtrlKey(e) { return e.ctrlKey || e.metaKey; } function xpathString(str) { var parts = str.match(/[^'"]+|['"]/g).map(function (part) { if ("'" == part) { return '"\'"'; } if ('"' == part) { return "'\"'"; } return "'" + part + "'"; }); return "concat(" + parts.join(",") + ", '')"; } function xpathHasClass(className) { return "contains(concat(' ', normalize-space(@class), ' '), ' " + className +" ')"; } a('mouseover', function (a, e, c) { if (c) { e.target.style.cursor = "pointer"; } }); a('click', function (a, e, c) { if (/\bsf-dump-toggle\b/.test(a.className)) { e.preventDefault(); if (!toggle(a, isCtrlKey(e))) { var r = doc.getElementById(a.getAttribute('href').slice(1)), s = r.previousSibling, f = r.parentNode, t = a.parentNode; t.replaceChild(r, a); f.replaceChild(a, s); t.insertBefore(s, r); f = f.firstChild.nodeValue.match(indentRx); t = t.firstChild.nodeValue.match(indentRx); if (f && t && f[0] !== t[0]) { r.innerHTML = r.innerHTML.replace(new RegExp('^'+f[0].replace(rxEsc, '\\$1'), 'mg'), t[0]); } if (/\bsf-dump-compact\b/.test(r.className)) { toggle(s, isCtrlKey(e)); } } if (c) { } else if (doc.getSelection) { try { doc.getSelection().removeAllRanges(); } catch (e) { doc.getSelection().empty(); } } else { doc.selection.empty(); } } else if (/\bsf-dump-str-toggle\b/.test(a.className)) { e.preventDefault(); e = a.parentNode.parentNode; e.className = e.className.replace(/\bsf-dump-str-(expand|collapse)\b/, a.parentNode.className); } }); elt = root.getElementsByTagName('SAMP'); len = elt.length; i = 0; while (i < len) t.push(elt[i++]); len = t.length; for (i = 0; i < len; ++i) { elt = t[i]; if ('SAMP' == elt.tagName) { a = elt.previousSibling || {}; if ('A' != a.tagName) { a = doc.createElement('A'); a.className = 'sf-dump-ref'; elt.parentNode.insertBefore(a, elt); } else { a.innerHTML += ' '; } a.title = (a.title ? a.title+'\n[' : '[')+keyHint+'+click] Expand all children'; a.innerHTML += elt.className == 'sf-dump-compact' ? '<span>&#9654;</span>' : '<span>&#9660;</span>'; a.className += ' sf-dump-toggle'; x = 1; if ('sf-dump' != elt.parentNode.className) { x += elt.parentNode.getAttribute('data-depth')/1; } } else if (/\bsf-dump-ref\b/.test(elt.className) && (a = elt.getAttribute('href'))) { a = a.slice(1); elt.className += ' sf-dump-hover'; elt.className += ' '+a; if (/[\[{]$/.test(elt.previousSibling.nodeValue)) { a = a != elt.nextSibling.id && doc.getElementById(a); try { s = a.nextSibling; elt.appendChild(a); s.parentNode.insertBefore(a, s); if (/^[@#]/.test(elt.innerHTML)) { elt.innerHTML += ' <span>&#9654;</span>'; } else { elt.innerHTML = '<span>&#9654;</span>'; elt.className = 'sf-dump-ref'; } elt.className += ' sf-dump-toggle'; } catch (e) { if ('&' == elt.innerHTML.charAt(0)) { elt.innerHTML = '&#8230;'; elt.className = 'sf-dump-ref'; } } } } } if (doc.evaluate && Array.from && root.children.length > 1) { root.setAttribute('tabindex', 0); SearchState = function () { this.nodes = []; this.idx = 0; }; SearchState.prototype = { next: function () { if (this.isEmpty()) { return this.current(); } this.idx = this.idx < (this.nodes.length - 1) ? this.idx + 1 : 0; return this.current(); }, previous: function () { if (this.isEmpty()) { return this.current(); } this.idx = this.idx > 0 ? this.idx - 1 : (this.nodes.length - 1); return this.current(); }, isEmpty: function () { return 0 === this.count(); }, current: function () { if (this.isEmpty()) { return null; } return this.nodes[this.idx]; }, reset: function () { this.nodes = []; this.idx = 0; }, count: function () { return this.nodes.length; }, }; function showCurrent(state) { var currentNode = state.current(), currentRect, searchRect; if (currentNode) { reveal(currentNode); highlight(root, currentNode, state.nodes); if ('scrollIntoView' in currentNode) { currentNode.scrollIntoView(true); currentRect = currentNode.getBoundingClientRect(); searchRect = search.getBoundingClientRect(); if (currentRect.top < (searchRect.top + searchRect.height)) { window.scrollBy(0, -(searchRect.top + searchRect.height + 5)); } } } counter.textContent = (state.isEmpty() ? 0 : state.idx + 1) + ' of ' + state.count(); } var search = doc.createElement('div'); search.className = 'sf-dump-search-wrapper sf-dump-search-hidden'; search.innerHTML = ' <input type="text" class="sf-dump-search-input"> <span class="sf-dump-search-count">0 of 0<\/span> <button type="button" class="sf-dump-search-input-previous" tabindex="-1"> <svg viewBox="0 0 1792 1792" xmlns="http://www.w3.org/2000/svg"><path d="M1683 1331l-166 165q-19 19-45 19t-45-19L896 965l-531 531q-19 19-45 19t-45-19l-166-165q-19-19-19-45.5t19-45.5l742-741q19-19 45-19t45 19l742 741q19 19 19 45.5t-19 45.5z"\/><\/svg> <\/button> <button type="button" class="sf-dump-search-input-next" tabindex="-1"> <svg viewBox="0 0 1792 1792" xmlns="http://www.w3.org/2000/svg"><path d="M1683 808l-742 741q-19 19-45 19t-45-19L109 808q-19-19-19-45.5t19-45.5l166-165q19-19 45-19t45 19l531 531 531-531q19-19 45-19t45 19l166 165q19 19 19 45.5t-19 45.5z"\/><\/svg> <\/button> '; root.insertBefore(search, root.firstChild); var state = new SearchState(); var searchInput = search.querySelector('.sf-dump-search-input'); var counter = search.querySelector('.sf-dump-search-count'); var searchInputTimer = 0; var previousSearchQuery = ''; addEventListener(searchInput, 'keyup', function (e) { var searchQuery = e.target.value; /* Don't perform anything if the pressed key didn't change the query */ if (searchQuery === previousSearchQuery) { return; } previousSearchQuery = searchQuery; clearTimeout(searchInputTimer); searchInputTimer = setTimeout(function () { state.reset(); collapseAll(root); resetHighlightedNodes(root); if ('' === searchQuery) { counter.textContent = '0 of 0'; return; } var classMatches = [ "sf-dump-str", "sf-dump-key", "sf-dump-public", "sf-dump-protected", "sf-dump-private", ].map(xpathHasClass).join(' or '); var xpathResult = doc.evaluate('.//span[' + classMatches + '][contains(translate(child::text(), ' + xpathString(searchQuery.toUpperCase()) + ', ' + xpathString(searchQuery.toLowerCase()) + '), ' + xpathString(searchQuery.toLowerCase()) + ')]', root, null, XPathResult.ORDERED_NODE_ITERATOR_TYPE, null); while (node = xpathResult.iterateNext()) state.nodes.push(node); showCurrent(state); }, 400); }); Array.from(search.querySelectorAll('.sf-dump-search-input-next, .sf-dump-search-input-previous')).forEach(function (btn) { addEventListener(btn, 'click', function (e) { e.preventDefault(); -1 !== e.target.className.indexOf('next') ? state.next() : state.previous(); searchInput.focus(); collapseAll(root); showCurrent(state); }) }); addEventListener(root, 'keydown', function (e) { var isSearchActive = !/\bsf-dump-search-hidden\b/.test(search.className); if ((114 === e.keyCode && !isSearchActive) || (isCtrlKey(e) && 70 === e.keyCode)) { /* F3 or CMD/CTRL + F */ if (70 === e.keyCode && document.activeElement === searchInput) { /* * If CMD/CTRL + F is hit while having focus on search input, * the user probably meant to trigger browser search instead. * Let the browser execute its behavior: */ return; } e.preventDefault(); search.className = search.className.replace(/\bsf-dump-search-hidden\b/, ''); searchInput.focus(); } else if (isSearchActive) { if (27 === e.keyCode) { /* ESC key */ search.className += ' sf-dump-search-hidden'; e.preventDefault(); resetHighlightedNodes(root); searchInput.value = ''; } else if ( (isCtrlKey(e) && 71 === e.keyCode) /* CMD/CTRL + G */ || 13 === e.keyCode /* Enter */ || 114 === e.keyCode /* F3 */ ) { e.preventDefault(); e.shiftKey ? state.previous() : state.next(); collapseAll(root); showCurrent(state); } } }); } if (0 >= options.maxStringLength) { return; } try { elt = root.querySelectorAll('.sf-dump-str'); len = elt.length; i = 0; t = []; while (i < len) t.push(elt[i++]); len = t.length; for (i = 0; i < len; ++i) { elt = t[i]; s = elt.innerText || elt.textContent; x = s.length - options.maxStringLength; if (0 < x) { h = elt.innerHTML; elt[elt.innerText ? 'innerText' : 'textContent'] = s.substring(0, options.maxStringLength); elt.className += ' sf-dump-str-collapse'; elt.innerHTML = '<span class=sf-dump-str-collapse>'+h+'<a class="sf-dump-ref sf-dump-str-toggle" title="Collapse"> &#9664;</a></span>'+ '<span class=sf-dump-str-expand>'+elt.innerHTML+'<a class="sf-dump-ref sf-dump-str-toggle" title="'+x+' remaining characters"> &#9654;</a></span>'; } } } catch (e) { } }; })(document); </script><style> .sf-js-enabled pre.sf-dump .sf-dump-compact, .sf-js-enabled .sf-dump-str-collapse .sf-dump-str-collapse, .sf-js-enabled .sf-dump-str-expand .sf-dump-str-expand { display: none; } .sf-dump-hover:hover { background-color: #B729D9; color: #FFF !important; border-radius: 2px; } pre.sf-dump { display: block; white-space: pre; padding: 5px; overflow: initial !important; } pre.sf-dump:after { content: ""; visibility: hidden; display: block; height: 0; clear: both; } pre.sf-dump .sf-dump-ellipsization { display: inline-flex; } pre.sf-dump a { text-decoration: none; cursor: pointer; border: 0; outline: none; color: inherit; } pre.sf-dump img { max-width: 50em; max-height: 50em; margin: .5em 0 0 0; padding: 0; background: url(data:image/png;base64,iVBORw0KGgoAAAANSUhEUgAAABAAAAAQCAAAAAA6mKC9AAAAHUlEQVQY02O8zAABilCaiQEN0EeA8QuUcX9g3QEAAjcC5piyhyEAAAAASUVORK5CYII=) #D3D3D3; } pre.sf-dump .sf-dump-ellipsis { text-overflow: ellipsis; white-space: nowrap; overflow: hidden; } pre.sf-dump .sf-dump-ellipsis-tail { flex-shrink: 0; } pre.sf-dump code { display:inline; padding:0; background:none; } .sf-dump-public.sf-dump-highlight, .sf-dump-protected.sf-dump-highlight, .sf-dump-private.sf-dump-highlight, .sf-dump-str.sf-dump-highlight, .sf-dump-key.sf-dump-highlight { background: rgba(111, 172, 204, 0.3); border: 1px solid #7DA0B1; border-radius: 3px; } .sf-dump-public.sf-dump-highlight-active, .sf-dump-protected.sf-dump-highlight-active, .sf-dump-private.sf-dump-highlight-active, .sf-dump-str.sf-dump-highlight-active, .sf-dump-key.sf-dump-highlight-active { background: rgba(253, 175, 0, 0.4); border: 1px solid #ffa500; border-radius: 3px; } pre.sf-dump .sf-dump-search-hidden { display: none !important; } pre.sf-dump .sf-dump-search-wrapper { font-size: 0; white-space: nowrap; margin-bottom: 5px; display: flex; position: -webkit-sticky; position: sticky; top: 5px; } pre.sf-dump .sf-dump-search-wrapper > * { vertical-align: top; box-sizing: border-box; height: 21px; font-weight: normal; border-radius: 0; background: #FFF; color: #757575; border: 1px solid #BBB; } pre.sf-dump .sf-dump-search-wrapper > input.sf-dump-search-input { padding: 3px; height: 21px; font-size: 12px; border-right: none; border-top-left-radius: 3px; border-bottom-left-radius: 3px; color: #000; min-width: 15px; width: 100%; } pre.sf-dump .sf-dump-search-wrapper > .sf-dump-search-input-next, pre.sf-dump .sf-dump-search-wrapper > .sf-dump-search-input-previous { background: #F2F2F2; outline: none; border-left: none; font-size: 0; line-height: 0; } pre.sf-dump .sf-dump-search-wrapper > .sf-dump-search-input-next { border-top-right-radius: 3px; border-bottom-right-radius: 3px; } pre.sf-dump .sf-dump-search-wrapper > .sf-dump-search-input-next > svg, pre.sf-dump .sf-dump-search-wrapper > .sf-dump-search-input-previous > svg { pointer-events: none; width: 12px; height: 12px; } pre.sf-dump .sf-dump-search-wrapper > .sf-dump-search-count { display: inline-block; padding: 0 5px; margin: 0; border-left: none; line-height: 21px; font-size: 12px; }pre.sf-dump, pre.sf-dump .sf-dump-default{background:none; color:#CC7832; line-height:1.2em; font:12px Menlo, Monaco, Consolas, monospace; word-wrap: break-word; white-space: pre-wrap; position:relative; z-index:99999; word-break: break-all}pre.sf-dump .sf-dump-num{font-weight:bold; color:#1299DA}pre.sf-dump .sf-dump-const{font-weight:bold}pre.sf-dump .sf-dump-str{font-weight:bold; color:#629755;}pre.sf-dump .sf-dump-note{color:#6897BB}pre.sf-dump .sf-dump-ref{color:#6E6E6E}pre.sf-dump .sf-dump-public{color:#262626}pre.sf-dump .sf-dump-protected{color:#262626}pre.sf-dump .sf-dump-private{color:#262626}pre.sf-dump .sf-dump-meta{color:#B729D9}pre.sf-dump .sf-dump-key{color:#789339}pre.sf-dump .sf-dump-index{color:#1299DA}pre.sf-dump .sf-dump-ellipsis{color:#CC7832}pre.sf-dump .sf-dump-ns{user-select:none;}pre.sf-dump .sf-dump-ellipsis-note{color:#6897BB}</style><pre class=sf-dump id=sf-dump-1201839900 data-indent-pad="  "><span class=sf-dump-note>Twig\Error\RuntimeError</span> {<a class=sf-dump-ref>#7325</a><samp data-depth=1 class=sf-dump-expanded>
   Γöé       <span class=sf-dump-str title="8805 characters">            &lt;label for=&quot;password&quot;&gt;Mot de passe &lt;a href=&quot;{{ path(&#039;app_forgot_password&#039;) }}&quot;&gt;Mot de passe oubli&#233; ?&lt;/a&gt;&lt;/label&gt;<span class="sf-dump-default sf-dump-ns">\r\n</span></span>
   Γöé       <span class=sf-dump-str title="8805 characters">                    &lt;img src=&quot;{{ path(&#039;captcha_image&#039;) }}?t={{ &#039;now&#039;|date(&#039;U&#039;) }}&quot; alt=&quot;CAPTCHA&quot; id=&quot;captchaImage&quot; class=&quot;captcha-img&quot;&gt;<span class="sf-dump-default sf-dump-ns">\r\n</span></span>
   Γöé       <span class=sf-dump-str title="8805 characters">        Pas encore de compte ? &lt;a href=&quot;{{ path(&#039;app_signup&#039;) }}&quot;&gt;S&#039;inscrire&lt;/a&gt;<span class="sf-dump-default sf-dump-ns">\r\n</span></span>
   Γöé       <span class=sf-dump-str title="8805 characters">            captchaImg.src = &#039;{{ path(&quot;captcha_image&quot;) }}?t=&#039; + Date.now();<span class="sf-dump-default sf-dump-ns">\r\n</span></span>
   Γöé <li><code><span style="color: var(--highlight-keyword)">&nbsp;&nbsp;&nbsp;&nbsp;private&nbsp;function&nbsp;</span><span style="color: var(--highlight-default)">doRender</span><span style="color: var(--highlight-keyword)">(</span><span style="color: var(--highlight-default)">string&nbsp;$view</span><span style="color: var(--highlight-keyword)">,&nbsp;?</span><span style="color: var(--highlight-default)">string&nbsp;$block</span><span style="color: var(--highlight-keyword)">,&nbsp;array&nbsp;</span><span style="color: var(--highlight-default)">$parameters</span><span style="color: var(--highlight-keyword)">,&nbsp;?</span><span style="color: var(--highlight-default)">Response&nbsp;$response</span><span style="color: var(--highlight-keyword)">,&nbsp;</span><span style="color: var(--highlight-default)">string&nbsp;$method</span><span style="color: var(--highlight-keyword)">):&nbsp;</span><span style="color: var(--highlight-default)">Response</span></code></li>
   Γöé <li><code><span style="color: var(--highlight-keyword)">&nbsp;&nbsp;&nbsp;&nbsp;private&nbsp;function&nbsp;</span><span style="color: var(--highlight-default)">doRender</span><span style="color: var(--highlight-keyword)">(</span><span style="color: var(--highlight-default)">string&nbsp;$view</span><span style="color: var(--highlight-keyword)">,&nbsp;?</span><span style="color: var(--highlight-default)">string&nbsp;$block</span><span style="color: var(--highlight-keyword)">,&nbsp;array&nbsp;</span><span style="color: var(--highlight-default)">$parameters</span><span style="color: var(--highlight-keyword)">,&nbsp;?</span><span style="color: var(--highlight-default)">Response&nbsp;$response</span><span style="color: var(--highlight-keyword)">,&nbsp;</span><span style="color: var(--highlight-default)">string&nbsp;$method</span><span style="color: var(--highlight-keyword)">):&nbsp;</span><span style="color: var(--highlight-default)">Response</span></code></li>
   Γöé <li><code><span style="color: var(--highlight-keyword)">&nbsp;&nbsp;&nbsp;&nbsp;&nbsp;&nbsp;&nbsp;&nbsp;</span><span style="color: var(--highlight-default)">$response&nbsp;</span><span style="color: var(--highlight-keyword)">??=&nbsp;new&nbsp;</span><span style="color: var(--highlight-default)">Response</span><span style="color: var(--highlight-keyword)">();</span></code></li>
   Γöé <li><code><span style="color: var(--highlight-comment)">&nbsp;&nbsp;&nbsp;&nbsp;</span><span style="color: var(--highlight-keyword)">protected&nbsp;function&nbsp;</span><span style="color: var(--highlight-default)">render</span><span style="color: var(--highlight-keyword)">(</span><span style="color: var(--highlight-default)">string&nbsp;$view</span><span style="color: var(--highlight-keyword)">,&nbsp;array&nbsp;</span><span style="color: var(--highlight-default)">$parameters&nbsp;</span><span style="color: var(--highlight-keyword)">=&nbsp;[],&nbsp;?</span><span style="color: var(--highlight-default)">Response&nbsp;$response&nbsp;</span><span style="color: var(--highlight-keyword)">=&nbsp;</span><span style="color: var(--highlight-default)">null</span><span style="color: var(--highlight-keyword)">):&nbsp;</span><span style="color: var(--highlight-default)">Response</span></code></li>
   Γöé <li><code><span style="color: var(--highlight-keyword)">&nbsp;&nbsp;&nbsp;&nbsp;private&nbsp;function&nbsp;</span><span style="color: var(--highlight-default)">doRender</span><span style="color: var(--highlight-keyword)">(</span><span style="color: var(--highlight-default)">string&nbsp;$view</span><span style="color: var(--highlight-keyword)">,&nbsp;?</span><span style="color: var(--highlight-default)">string&nbsp;$block</span><span style="color: var(--highlight-keyword)">,&nbsp;array&nbsp;</span><span style="color: var(--highlight-default)">$parameters</span><span style="color: var(--highlight-keyword)">,&nbsp;?</span><span style="color: var(--highlight-default)">Response&nbsp;$response</span><span style="color: var(--highlight-keyword)">,&nbsp;</span><span style="color: var(--highlight-default)">string&nbsp;$method</span><span style="color: var(--highlight-keyword)">):&nbsp;</span><span style="color: var(--highlight-default)">Response</span></code></li>
   Γöé <li><code><span style="color: var(--highlight-keyword)">&nbsp;&nbsp;&nbsp;&nbsp;private&nbsp;function&nbsp;</span><span style="color: var(--highlight-default)">doRender</span><span style="color: var(--highlight-keyword)">(</span><span style="color: var(--highlight-default)">string&nbsp;$view</span><span style="color: var(--highlight-keyword)">,&nbsp;?</span><span style="color: var(--highlight-default)">string&nbsp;$block</span><span style="color: var(--highlight-keyword)">,&nbsp;array&nbsp;</span><span style="color: var(--highlight-default)">$parameters</span><span style="color: var(--highlight-keyword)">,&nbsp;?</span><span style="color: var(--highlight-default)">Response&nbsp;$response</span><span style="color: var(--highlight-keyword)">,&nbsp;</span><span style="color: var(--highlight-default)">string&nbsp;$method</span><span style="color: var(--highlight-keyword)">):&nbsp;</span><span style="color: var(--highlight-default)">Response</span></code></li>
   Γöé <li><code><span style="color: var(--highlight-keyword)">&nbsp;&nbsp;&nbsp;&nbsp;&nbsp;&nbsp;&nbsp;&nbsp;</span><span style="color: var(--highlight-default)">$response&nbsp;</span><span style="color: var(--highlight-keyword)">??=&nbsp;new&nbsp;</span><span style="color: var(--highlight-default)">Response</span><span style="color: var(--highlight-keyword)">();</span></code></li>
   Γöé <li><code><span style="color: var(--highlight-comment)">&nbsp;&nbsp;&nbsp;&nbsp;</span><span style="color: var(--highlight-keyword)">protected&nbsp;function&nbsp;</span><span style="color: var(--highlight-default)">render</span><span style="color: var(--highlight-keyword)">(</span><span style="color: var(--highlight-default)">string&nbsp;$view</span><span style="color: var(--highlight-keyword)">,&nbsp;array&nbsp;</span><span style="color: var(--highlight-default)">$parameters&nbsp;</span><span style="color: var(--highlight-keyword)">=&nbsp;[],&nbsp;?</span><span style="color: var(--highlight-default)">Response&nbsp;$response&nbsp;</span><span style="color: var(--highlight-keyword)">=&nbsp;</span><span style="color: var(--highlight-default)">null</span><span style="color: var(--highlight-keyword)">):&nbsp;</span><span style="color: var(--highlight-default)">Response</span></code></li>
   Γöé         var toggleClass = function(el, cssClass) { hasClass(el, cssClass) ? removeClass(el, cssClass) : addClass(el, cssClass); };
   Γöé                 toggle.innerHTML = currentContent !== altContent ? altContent : originalContent;
   Γöé                     label = i in labels ? labels[i] : value,
   Γöé                 option.setAttribute('title', 1 === (matches = filters.querySelectorAll('[data-filter-'+name+'="'+value+'"]').length) ? 'Matches 1 row' : 'Matches '+matches+' rows');
   Γöé                 localStorage.getItem('symfony/profiler/theme') || (matchMedia('(prefers-color-scheme: dark)').matches ? 'theme-dark' : 'theme-light')\n
   Γöé <li><code><span style="color: var(--highlight-comment)">&nbsp;&nbsp;&nbsp;&nbsp;</span><span style="color: var(--highlight-keyword)">protected&nbsp;function&nbsp;</span><span style="color: var(--highlight-default)">isCsrfTokenValid</span><span style="color: var(--highlight-keyword)">(</span><span style="color: var(--highlight-default)">string&nbsp;$id</span><span style="color: var(--highlight-keyword)">,&nbsp;#[</span><span style="color: var(--highlight-default)">\SensitiveParameter</span><span style="color: var(--highlight-keyword)">]&nbsp;?</span><span style="color: var(--highlight-default)">string&nbsp;$token</span><span style="color: var(--highlight-keyword)">):&nbsp;</span><span style="color: var(--highlight-default)">bool</span></code></li>\n
   Γöé         var toggleClass = function(el, cssClass) { hasClass(el, cssClass) ? removeClass(el, cssClass) : addClass(el, cssClass); };\n
   Γöé                 toggle.innerHTML = currentContent !== altContent ? altContent : originalContent;\n
   Γöé                     label = i in labels ? labels[i] : value,\n
   Γöé                 option.setAttribute('title', 1 === (matches = filters.querySelectorAll('[data-filter-'+name+'="'+value+'"]').length) ? 'Matches 1 row' : 'Matches '+matches+' rows');\n
   Γöé                 localStorage.getItem('symfony/profiler/theme') || (matchMedia('(prefers-color-scheme: dark)').matches ? 'theme-dark' : 'theme-light')
   Γöé                         <script> Sfdump = window.Sfdump || (function (doc) { doc.documentElement.classList.add('sf-js-enabled'); var rxEsc = /([.*+?^${}()|\[\]\/\\])/g, idRx = /\bsf-dump-\d+-ref[012]\w+\b/, keyHint = 0 <= navigator.platform.toUpperCase().indexOf('MAC') ? 'Cmd' : 'Ctrl', addEventListener = function (e, n, cb) { e.addEventListener(n, cb, false); }; if (!doc.addEventListener) { addEventListener = function (element, eventName, callback) { element.attachEvent('on' + eventName, function (e) { e.preventDefault = function () {e.returnValue = false;}; e.target = e.srcElement; callback(e); }); }; } function toggle(a, recursive) { var s = a.nextSibling || {}, oldClass = s.className, arrow, newClass; if (/\bsf-dump-compact\b/.test(oldClass)) { arrow = '&#9660;'; newClass = 'sf-dump-expanded'; } else if (/\bsf-dump-expanded\b/.test(oldClass)) { arrow = '&#9654;'; newClass = 'sf-dump-compact'; } else { return false; } if (doc.createEvent && s.dispatchEvent) { var event = doc.createEvent('Event'); event.initEvent('sf-dump-expanded' === newClass ? 'sfbeforedumpexpand' : 'sfbeforedumpcollapse', true, false); s.dispatchEvent(event); } a.lastChild.innerHTML = arrow; s.className = s.className.replace(/\bsf-dump-(compact|expanded)\b/, newClass); if (recursive) { try { a = s.querySelectorAll('.'+oldClass); for (s = 0; s < a.length; ++s) { if (-1 == a[s].className.indexOf(newClass)) { a[s].className = newClass; a[s].previousSibling.lastChild.innerHTML = arrow; } } } catch (e) { } } return true; }; function collapse(a, recursive) { var s = a.nextSibling || {}, oldClass = s.className; if (/\bsf-dump-expanded\b/.test(oldClass)) { toggle(a, recursive); return true; } return false; }; function expand(a, recursive) { var s = a.nextSibling || {}, oldClass = s.className; if (/\bsf-dump-compact\b/.test(oldClass)) { toggle(a, recursive); return true; } return false; }; function collapseAll(root) { var a = root.querySelector('a.sf-dump-toggle'); if (a) { collapse(a, true); expand(a); return true; } return false; } function reveal(node) { var previous, parents = []; while ((node = node.parentNode || {}) && (previous = node.previousSibling) && 'A' === previous.tagName) { parents.push(previous); } if (0 !== parents.length) { parents.forEach(function (parent) { expand(parent); }); return true; } return false; } function highlight(root, activeNode, nodes) { resetHighlightedNodes(root); Array.from(nodes||[]).forEach(function (node) { if (!/\bsf-dump-highlight\b/.test(node.className)) { node.className = node.className + ' sf-dump-highlight'; } }); if (!/\bsf-dump-highlight-active\b/.test(activeNode.className)) { activeNode.className = activeNode.className + ' sf-dump-highlight-active'; } } function resetHighlightedNodes(root) { Array.from(root.querySelectorAll('.sf-dump-str, .sf-dump-key, .sf-dump-public, .sf-dump-protected, .sf-dump-private')).forEach(function (strNode) { strNode.className = strNode.className.replace(/\bsf-dump-highlight\b/, ''); strNode.className = strNode.className.replace(/\bsf-dump-highlight-active\b/, ''); }); } return function (root, x) { root = doc.getElementById(root); var indentRx = new RegExp('^('+(root.getAttribute('data-indent-pad') || ' ').replace(rxEsc, '\\$1')+')+', 'm'), options = {"maxDepth":1,"maxStringLength":160,"fileLinkFormat":false}, elt = root.getElementsByTagName('A'), len = elt.length, i = 0, s, h, t = []; while (i < len) t.push(elt[i++]); for (i in x) { options[i] = x[i]; } function a(e, f) { addEventListener(root, e, function (e, n) { if ('A' == e.target.tagName) { f(e.target, e); } else if ('A' == e.target.parentNode.tagName) { f(e.target.parentNode, e); } else { n = /\bsf-dump-ellipsis\b/.test(e.target.className) ? e.target.parentNode : e.target; if ((n = n.nextElementSibling) && 'A' == n.tagName) { if (!/\bsf-dump-toggle\b/.test(n.className)) { n = n.nextElementSibling || n; } f(n, e, true); } } }); }; function isCtrlKey(e) { return e.ctrlKey || e.metaKey; } function xpathString(str) { var parts = str.match(/[^'"]+|['"]/g).map(function (part) { if ("'" == part) { return '"\'"'; } if ('"' == part) { return "'\"'"; } return "'" + part + "'"; }); return "concat(" + parts.join(",") + ", '')"; } function xpathHasClass(className) { return "contains(concat(' ', normalize-space(@class), ' '), ' " + className +" ')"; } a('mouseover', function (a, e, c) { if (c) { e.target.style.cursor = "pointer"; } }); a('click', function (a, e, c) { if (/\bsf-dump-toggle\b/.test(a.className)) { e.preventDefault(); if (!toggle(a, isCtrlKey(e))) { var r = doc.getElementById(a.getAttribute('href').slice(1)), s = r.previousSibling, f = r.parentNode, t = a.parentNode; t.replaceChild(r, a); f.replaceChild(a, s); t.insertBefore(s, r); f = f.firstChild.nodeValue.match(indentRx); t = t.firstChild.nodeValue.match(indentRx); if (f && t && f[0] !== t[0]) { r.innerHTML = r.innerHTML.replace(new RegExp('^'+f[0].replace(rxEsc, '\\$1'), 'mg'), t[0]); } if (/\bsf-dump-compact\b/.test(r.className)) { toggle(s, isCtrlKey(e)); } } if (c) { } else if (doc.getSelection) { try { doc.getSelection().removeAllRanges(); } catch (e) { doc.getSelection().empty(); } } else { doc.selection.empty(); } } else if (/\bsf-dump-str-toggle\b/.test(a.className)) { e.preventDefault(); e = a.parentNode.parentNode; e.className = e.className.replace(/\bsf-dump-str-(expand|collapse)\b/, a.parentNode.className); } }); elt = root.getElementsByTagName('SAMP'); len = elt.length; i = 0; while (i < len) t.push(elt[i++]); len = t.length; for (i = 0; i < len; ++i) { elt = t[i]; if ('SAMP' == elt.tagName) { a = elt.previousSibling || {}; if ('A' != a.tagName) { a = doc.createElement('A'); a.className = 'sf-dump-ref'; elt.parentNode.insertBefore(a, elt); } else { a.innerHTML += ' '; } a.title = (a.title ? a.title+'\n[' : '[')+keyHint+'+click] Expand all children'; a.innerHTML += elt.className == 'sf-dump-compact' ? '<span>&#9654;</span>' : '<span>&#9660;</span>'; a.className += ' sf-dump-toggle'; x = 1; if ('sf-dump' != elt.parentNode.className) { x += elt.parentNode.getAttribute('data-depth')/1; } } else if (/\bsf-dump-ref\b/.test(elt.className) && (a = elt.getAttribute('href'))) { a = a.slice(1); elt.className += ' sf-dump-hover'; elt.className += ' '+a; if (/[\[{]$/.test(elt.previousSibling.nodeValue)) { a = a != elt.nextSibling.id && doc.getElementById(a); try { s = a.nextSibling; elt.appendChild(a); s.parentNode.insertBefore(a, s); if (/^[@#]/.test(elt.innerHTML)) { elt.innerHTML += ' <span>&#9654;</span>'; } else { elt.innerHTML = '<span>&#9654;</span>'; elt.className = 'sf-dump-ref'; } elt.className += ' sf-dump-toggle'; } catch (e) { if ('&' == elt.innerHTML.charAt(0)) { elt.innerHTML = '&#8230;'; elt.className = 'sf-dump-ref'; } } } } } if (doc.evaluate && Array.from && root.children.length > 1) { root.setAttribute('tabindex', 0); SearchState = function () { this.nodes = []; this.idx = 0; }; SearchState.prototype = { next: function () { if (this.isEmpty()) { return this.current(); } this.idx = this.idx < (this.nodes.length - 1) ? this.idx + 1 : 0; return this.current(); }, previous: function () { if (this.isEmpty()) { return this.current(); } this.idx = this.idx > 0 ? this.idx - 1 : (this.nodes.length - 1); return this.current(); }, isEmpty: function () { return 0 === this.count(); }, current: function () { if (this.isEmpty()) { return null; } return this.nodes[this.idx]; }, reset: function () { this.nodes = []; this.idx = 0; }, count: function () { return this.nodes.length; }, }; function showCurrent(state) { var currentNode = state.current(), currentRect, searchRect; if (currentNode) { reveal(currentNode); highlight(root, currentNode, state.nodes); if ('scrollIntoView' in currentNode) { currentNode.scrollIntoView(true); currentRect = currentNode.getBoundingClientRect(); searchRect = search.getBoundingClientRect(); if (currentRect.top < (searchRect.top + searchRect.height)) { window.scrollBy(0, -(searchRect.top + searchRect.height + 5)); } } } counter.textContent = (state.isEmpty() ? 0 : state.idx + 1) + ' of ' + state.count(); } var search = doc.createElement('div'); search.className = 'sf-dump-search-wrapper sf-dump-search-hidden'; search.innerHTML = ' <input type="text" class="sf-dump-search-input"> <span class="sf-dump-search-count">0 of 0<\/span> <button type="button" class="sf-dump-search-input-previous" tabindex="-1"> <svg viewBox="0 0 1792 1792" xmlns="http://www.w3.org/2000/svg"><path d="M1683 1331l-166 165q-19 19-45 19t-45-19L896 965l-531 531q-19 19-45 19t-45-19l-166-165q-19-19-19-45.5t19-45.5l742-741q19-19 45-19t45 19l742 741q19 19 19 45.5t-19 45.5z"\/><\/svg> <\/button> <button type="button" class="sf-dump-search-input-next" tabindex="-1"> <svg viewBox="0 0 1792 1792" xmlns="http://www.w3.org/2000/svg"><path d="M1683 808l-742 741q-19 19-45 19t-45-19L109 808q-19-19-19-45.5t19-45.5l166-165q19-19 45-19t45 19l531 531 531-531q19-19 45-19t45 19l166 165q19 19 19 45.5t-19 45.5z"\/><\/svg> <\/button> '; root.insertBefore(search, root.firstChild); var state = new SearchState(); var searchInput = search.querySelector('.sf-dump-search-input'); var counter = search.querySelector('.sf-dump-search-count'); var searchInputTimer = 0; var previousSearchQuery = ''; addEventListener(searchInput, 'keyup', function (e) { var searchQuery = e.target.value; /* Don't perform anything if the pressed key didn't change the query */ if (searchQuery === previousSearchQuery) { return; } previousSearchQuery = searchQuery; clearTimeout(searchInputTimer); searchInputTimer = setTimeout(function () { state.reset(); collapseAll(root); resetHighlightedNodes(root); if ('' === searchQuery) { counter.textContent = '0 of 0'; return; } var classMatches = [ "sf-dump-str", "sf-dump-key", "sf-dump-public", "sf-dump-protected", "sf-dump-private", ].map(xpathHasClass).join(' or '); var xpathResult = doc.evaluate('.//span[' + classMatches + '][contains(translate(child::text(), ' + xpathString(searchQuery.toUpperCase()) + ', ' + xpathString(searchQuery.toLowerCase()) + '), ' + xpathString(searchQuery.toLowerCase()) + ')]', root, null, XPathResult.ORDERED_NODE_ITERATOR_TYPE, null); while (node = xpathResult.iterateNext()) state.nodes.push(node); showCurrent(state); }, 400); }); Array.from(search.querySelectorAll('.sf-dump-search-input-next, .sf-dump-search-input-previous')).forEach(function (btn) { addEventListener(btn, 'click', function (e) { e.preventDefault(); -1 !== e.target.className.indexOf('next') ? state.next() : state.previous(); searchInput.focus(); collapseAll(root); showCurrent(state); }) }); addEventListener(root, 'keydown', function (e) { var isSearchActive = !/\bsf-dump-search-hidden\b/.test(search.className); if ((114 === e.keyCode && !isSearchActive) || (isCtrlKey(e) && 70 === e.keyCode)) { /* F3 or CMD/CTRL + F */ if (70 === e.keyCode && document.activeElement === searchInput) { /* * If CMD/CTRL + F is hit while having focus on search input, * the user probably meant to trigger browser search instead. * Let the browser execute its behavior: */ return; } e.preventDefault(); search.className = search.className.replace(/\bsf-dump-search-hidden\b/, ''); searchInput.focus(); } else if (isSearchActive) { if (27 === e.keyCode) { /* ESC key */ search.className += ' sf-dump-search-hidden'; e.preventDefault(); resetHighlightedNodes(root); searchInput.value = ''; } else if ( (isCtrlKey(e) && 71 === e.keyCode) /* CMD/CTRL + G */ || 13 === e.keyCode /* Enter */ || 114 === e.keyCode /* F3 */ ) { e.preventDefault(); e.shiftKey ? state.previous() : state.next(); collapseAll(root); showCurrent(state); } } }); } if (0 >= options.maxStringLength) { return; } try { elt = root.querySelectorAll('.sf-dump-str'); len = elt.length; i = 0; t = []; while (i < len) t.push(elt[i++]); len = t.length; for (i = 0; i < len; ++i) { elt = t[i]; s = elt.innerText || elt.textContent; x = s.length - options.maxStringLength; if (0 < x) { h = elt.innerHTML; elt[elt.innerText ? 'innerText' : 'textContent'] = s.substring(0, options.maxStringLength); elt.className += ' sf-dump-str-collapse'; elt.innerHTML = '<span class=sf-dump-str-collapse>'+h+'<a class="sf-dump-ref sf-dump-str-toggle" title="Collapse"> &#9664;</a></span>'+ '<span class=sf-dump-str-expand>'+elt.innerHTML+'<a class="sf-dump-ref sf-dump-str-toggle" title="'+x+' remaining characters"> &#9654;</a></span>'; } } } catch (e) { } }; })(document); </script><style> .sf-js-enabled pre.sf-dump .sf-dump-compact, .sf-js-enabled .sf-dump-str-collapse .sf-dump-str-collapse, .sf-js-enabled .sf-dump-str-expand .sf-dump-str-expand { display: none; } .sf-dump-hover:hover { background-color: #B729D9; color: #FFF !important; border-radius: 2px; } pre.sf-dump { display: block; white-space: pre; padding: 5px; overflow: initial !important; } pre.sf-dump:after { content: ""; visibility: hidden; display: block; height: 0; clear: both; } pre.sf-dump .sf-dump-ellipsization { display: inline-flex; } pre.sf-dump a { text-decoration: none; cursor: pointer; border: 0; outline: none; color: inherit; } pre.sf-dump img { max-width: 50em; max-height: 50em; margin: .5em 0 0 0; padding: 0; background: url(data:image/png;base64,iVBORw0KGgoAAAANSUhEUgAAABAAAAAQCAAAAAA6mKC9AAAAHUlEQVQY02O8zAABilCaiQEN0EeA8QuUcX9g3QEAAjcC5piyhyEAAAAASUVORK5CYII=) #D3D3D3; } pre.sf-dump .sf-dump-ellipsis { text-overflow: ellipsis; white-space: nowrap; overflow: hidden; } pre.sf-dump .sf-dump-ellipsis-tail { flex-shrink: 0; } pre.sf-dump code { display:inline; padding:0; background:none; } .sf-dump-public.sf-dump-highlight, .sf-dump-protected.sf-dump-highlight, .sf-dump-private.sf-dump-highlight, .sf-dump-str.sf-dump-highlight, .sf-dump-key.sf-dump-highlight { background: rgba(111, 172, 204, 0.3); border: 1px solid #7DA0B1; border-radius: 3px; } .sf-dump-public.sf-dump-highlight-active, .sf-dump-protected.sf-dump-highlight-active, .sf-dump-private.sf-dump-highlight-active, .sf-dump-str.sf-dump-highlight-active, .sf-dump-key.sf-dump-highlight-active { background: rgba(253, 175, 0, 0.4); border: 1px solid #ffa500; border-radius: 3px; } pre.sf-dump .sf-dump-search-hidden { display: none !important; } pre.sf-dump .sf-dump-search-wrapper { font-size: 0; white-space: nowrap; margin-bottom: 5px; display: flex; position: -webkit-sticky; position: sticky; top: 5px; } pre.sf-dump .sf-dump-search-wrapper > * { vertical-align: top; box-sizing: border-box; height: 21px; font-weight: normal; border-radius: 0; background: #FFF; color: #757575; border: 1px solid #BBB; } pre.sf-dump .sf-dump-search-wrapper > input.sf-dump-search-input { padding: 3px; height: 21px; font-size: 12px; border-right: none; border-top-left-radius: 3px; border-bottom-left-radius: 3px; color: #000; min-width: 15px; width: 100%; } pre.sf-dump .sf-dump-search-wrapper > .sf-dump-search-input-next, pre.sf-dump .sf-dump-search-wrapper > .sf-dump-search-input-previous { background: #F2F2F2; outline: none; border-left: none; font-size: 0; line-height: 0; } pre.sf-dump .sf-dump-search-wrapper > .sf-dump-search-input-next { border-top-right-radius: 3px; border-bottom-right-radius: 3px; } pre.sf-dump .sf-dump-search-wrapper > .sf-dump-search-input-next > svg, pre.sf-dump .sf-dump-search-wrapper > .sf-dump-search-input-previous > svg { pointer-events: none; width: 12px; height: 12px; } pre.sf-dump .sf-dump-search-wrapper > .sf-dump-search-count { display: inline-block; padding: 0 5px; margin: 0; border-left: none; line-height: 21px; font-size: 12px; }pre.sf-dump, pre.sf-dump .sf-dump-default{background:none; color:#CC7832; line-height:1.2em; font:12px Menlo, Monaco, Consolas, monospace; word-wrap: break-word; white-space: pre-wrap; position:relative; z-index:99999; word-break: break-all}pre.sf-dump .sf-dump-num{font-weight:bold; color:#1299DA}pre.sf-dump .sf-dump-const{font-weight:bold}pre.sf-dump .sf-dump-str{font-weight:bold; color:#629755;}pre.sf-dump .sf-dump-note{color:#6897BB}pre.sf-dump .sf-dump-ref{color:#6E6E6E}pre.sf-dump .sf-dump-public{color:#262626}pre.sf-dump .sf-dump-protected{color:#262626}pre.sf-dump .sf-dump-private{color:#262626}pre.sf-dump .sf-dump-meta{color:#B729D9}pre.sf-dump .sf-dump-key{color:#789339}pre.sf-dump .sf-dump-index{color:#1299DA}pre.sf-dump .sf-dump-ellipsis{color:#CC7832}pre.sf-dump .sf-dump-ns{user-select:none;}pre.sf-dump .sf-dump-ellipsis-note{color:#6897BB}</style><pre class=sf-dump id=sf-dump-1616002298 data-indent-pad="  "><span class=sf-dump-note>Twig\Error\RuntimeError</span> {<a class=sf-dump-ref>#13990</a><samp data-depth=1 class=sf-dump-expanded>
   Γöé       <span class=sf-dump-str title="16855 characters">                &lt;i class=&quot;fa-solid {{ animal_edit ? &#039;fa-pen-to-square&#039; : &#039;fa-plus-circle&#039; }}&quot; style=&quot;color: #2d7a36;&quot;&gt;&lt;/i&gt;<span class="sf-dump-default sf-dump-ns">\r\n</span></span>
   Γöé       <span class=sf-dump-str title="16855 characters">                {{ animal_edit ? &#039;Modifier l\&#039;animal&#039; : &#039;Nouvelle Fiche&#039; }}<span class="sf-dump-default sf-dump-ns">\r\n</span></span>
   Γöé       <span class=sf-dump-str title="16855 characters">            {% set action_url = animal_edit ? path(&#039;app_animal_update&#039;, {&#039;id_animal&#039;: animal_edit.idAnimal}) : path(&#039;app_animal_new&#039;) %}<span class="sf-dump-default sf-dump-ns">\r\n</span></span>
   Γöé       <span class=sf-dump-str title="16855 characters">                    &lt;input type=&quot;text&quot; name=&quot;espece&quot; value=&quot;{{ animal_edit ? animal_edit.espece : &#039;&#039; }}&quot; placeholder=&quot;Ex: Bovin&quot; style=&quot;width: 100%; padding: 12px; border: 1px solid {{ errors.espece is defined ? &#039;#dc2626&#039; : &#039;#e2e8f0&#039; }}; border-radius: 10px; outline-color: #2d7a36;&quot;&gt;<span class="sf-dump-default sf-dump-ns">\r\n</span></span>
   Γöé       <span class=sf-dump-str title="16855 characters">                    &lt;input type=&quot;text&quot; name=&quot;etat_sante&quot; value=&quot;{{ animal_edit ? animal_edit.etatSante : &#039;&#039; }}&quot; placeholder=&quot;Ex: Excellente&quot; style=&quot;width: 100%; padding: 12px; border: 1px solid {{ errors.etat_sante is defined ? &#039;#dc2626&#039; : &#039;#e2e8f0&#039; }}; border-radius: 10px; outline-color: #2d7a36;&quot;&gt;<span class="sf-dump-default sf-dump-ns">\r\n</span></span>
   Γöé       <span class=sf-dump-str title="16855 characters">                    &lt;input type=&quot;date&quot; name=&quot;date_naissance&quot; value=&quot;{{ animal_edit and animal_edit.dateNaissance ? animal_edit.dateNaissance|date(&#039;Y-m-d&#039;) : &#039;&#039; }}&quot; style=&quot;width: 100%; padding: 12px; border: 1px solid {{ errors.date_naissance is defined ? &#039;#dc2626&#039; : &#039;#e2e8f0&#039; }}; border-radius: 10px; outline-color: #2d7a36;&quot;&gt;<span class="sf-dump-default sf-dump-ns">\r\n</span></span>
   Γöé       <span class=sf-dump-str title="16855 characters">                    &lt;select name=&quot;id_ferme&quot; style=&quot;width: 100%; padding: 12px; border: 1px solid {{ errors.id_ferme is defined ? &#039;#dc2626&#039; : &#039;#e2e8f0&#039; }}; border-radius: 10px; background-color: white; outline-color: #2d7a36;&quot;&gt;<span class="sf-dump-default sf-dump-ns">\r\n</span></span>
   Γöé       <span class=sf-dump-str title="16855 characters">                            &lt;option value=&quot;{{ ferme.idFerme }}&quot; {{ animal_edit and animal_edit.ferme and animal_edit.ferme.idFerme == ferme.idFerme ? &#039;selected&#039; : &#039;&#039; }}&gt;<span class="sf-dump-default sf-dump-ns">\r\n</span></span>
   Γöé       <span class=sf-dump-str title="16855 characters">                    {{ animal_edit ? &#039;Mettre &#224; jour l\&#039;animal&#039; : &#039;Enregistrer l\&#039;animal&#039; }}<span class="sf-dump-default sf-dump-ns">\r\n</span></span>
   Γöé       <span class=sf-dump-str title="16855 characters">                                    {{ animal.dateNaissance ? animal.dateNaissance|date(&#039;d/m/Y&#039;) : &#039;-&#039; }}<span class="sf-dump-default sf-dump-ns">\r\n</span></span>
   Γöé       <span class=sf-dump-str title="16855 characters">                                        {{ animal.ferme ? animal.ferme.nomFerme : &#039;Non affect&#233;&#039; }}<span class="sf-dump-default sf-dump-ns">\r\n</span></span>
   Γöé       <span class=sf-dump-str title="16855 characters">                                        &lt;form method=&quot;post&quot; action=&quot;{{ path(&#039;app_animal_delete&#039;, {&#039;id_animal&#039;: animal.idAnimal}) }}&quot; onsubmit=&quot;return confirm(&#039;Supprimer cet animal ?&#039;);&quot; style=&quot;margin: 0;&quot;&gt;<span class="sf-dump-default sf-dump-ns">\r\n</span></span>
   Γöé <li><code>&nbsp;&nbsp;&nbsp;&nbsp;&nbsp;&nbsp;&nbsp;&nbsp;&nbsp;&nbsp;&nbsp;&nbsp;&nbsp;&nbsp;&nbsp;&nbsp;&nbsp;&nbsp;&nbsp;&nbsp;&nbsp;&nbsp;&nbsp;&nbsp;&nbsp;&nbsp;&nbsp;&nbsp;&nbsp;&nbsp;&nbsp;&nbsp;&nbsp;&nbsp;&nbsp;&nbsp;&nbsp;&nbsp;&nbsp;&nbsp;&lt;form&nbsp;method="post"&nbsp;action="{{&nbsp;path('app_animal_delete',&nbsp;{'id_animal':&nbsp;animal.idAnimal})&nbsp;}}"&nbsp;onsubmit="return&nbsp;confirm('Supprimer&nbsp;cet&nbsp;animal&nbsp;?');"&nbsp;style="margin:&nbsp;0;"&gt;</code></li>
   Γöé <li><code><span style="color: var(--highlight-keyword)">&nbsp;&nbsp;&nbsp;&nbsp;private&nbsp;function&nbsp;</span><span style="color: var(--highlight-default)">doRender</span><span style="color: var(--highlight-keyword)">(</span><span style="color: var(--highlight-default)">string&nbsp;$view</span><span style="color: var(--highlight-keyword)">,&nbsp;?</span><span style="color: var(--highlight-default)">string&nbsp;$block</span><span style="color: var(--highlight-keyword)">,&nbsp;array&nbsp;</span><span style="color: var(--highlight-default)">$parameters</span><span style="color: var(--highlight-keyword)">,&nbsp;?</span><span style="color: var(--highlight-default)">Response&nbsp;$response</span><span style="color: var(--highlight-keyword)">,&nbsp;</span><span style="color: var(--highlight-default)">string&nbsp;$method</span><span style="color: var(--highlight-keyword)">):&nbsp;</span><span style="color: var(--highlight-default)">Response</span></code></li>
   Γöé <li><code><span style="color: var(--highlight-keyword)">&nbsp;&nbsp;&nbsp;&nbsp;private&nbsp;function&nbsp;</span><span style="color: var(--highlight-default)">doRender</span><span style="color: var(--highlight-keyword)">(</span><span style="color: var(--highlight-default)">string&nbsp;$view</span><span style="color: var(--highlight-keyword)">,&nbsp;?</span><span style="color: var(--highlight-default)">string&nbsp;$block</span><span style="color: var(--highlight-keyword)">,&nbsp;array&nbsp;</span><span style="color: var(--highlight-default)">$parameters</span><span style="color: var(--highlight-keyword)">,&nbsp;?</span><span style="color: var(--highlight-default)">Response&nbsp;$response</span><span style="color: var(--highlight-keyword)">,&nbsp;</span><span style="color: var(--highlight-default)">string&nbsp;$method</span><span style="color: var(--highlight-keyword)">):&nbsp;</span><span style="color: var(--highlight-default)">Response</span></code></li>
   Γöé <li><code><span style="color: var(--highlight-keyword)">&nbsp;&nbsp;&nbsp;&nbsp;&nbsp;&nbsp;&nbsp;&nbsp;</span><span style="color: var(--highlight-default)">$response&nbsp;</span><span style="color: var(--highlight-keyword)">??=&nbsp;new&nbsp;</span><span style="color: var(--highlight-default)">Response</span><span style="color: var(--highlight-keyword)">();</span></code></li>
   Γöé <li><code><span style="color: var(--highlight-comment)">&nbsp;&nbsp;&nbsp;&nbsp;</span><span style="color: var(--highlight-keyword)">protected&nbsp;function&nbsp;</span><span style="color: var(--highlight-default)">render</span><span style="color: var(--highlight-keyword)">(</span><span style="color: var(--highlight-default)">string&nbsp;$view</span><span style="color: var(--highlight-keyword)">,&nbsp;array&nbsp;</span><span style="color: var(--highlight-default)">$parameters&nbsp;</span><span style="color: var(--highlight-keyword)">=&nbsp;[],&nbsp;?</span><span style="color: var(--highlight-default)">Response&nbsp;$response&nbsp;</span><span style="color: var(--highlight-keyword)">=&nbsp;</span><span style="color: var(--highlight-default)">null</span><span style="color: var(--highlight-keyword)">):&nbsp;</span><span style="color: var(--highlight-default)">Response</span></code></li>
   Γöé <li><code><span style="color: var(--highlight-keyword)">&nbsp;&nbsp;&nbsp;&nbsp;&nbsp;&nbsp;&nbsp;&nbsp;&nbsp;&nbsp;&nbsp;&nbsp;yield&nbsp;</span><span style="color: var(--highlight-string)">"\"&nbsp;onsubmit=\"return&nbsp;confirm('Supprimer&nbsp;cet&nbsp;animal&nbsp;?');\"&nbsp;style=\"margin:&nbsp;0;\"&gt;</span></code></li>
   Γöé <li><code><span style="color: var(--highlight-comment)">&nbsp;&nbsp;&nbsp;&nbsp;&nbsp;&nbsp;&nbsp;&nbsp;&nbsp;&nbsp;&nbsp;&nbsp;</span><span style="color: var(--highlight-keyword)">yield&nbsp;</span><span style="color: var(--highlight-default)">$this</span><span style="color: var(--highlight-keyword)">-&gt;</span><span style="color: var(--highlight-default)">env</span><span style="color: var(--highlight-keyword)">-&gt;</span><span style="color: var(--highlight-default)">getRuntime</span><span style="color: var(--highlight-keyword)">(</span><span style="color: var(--highlight-string)">'Twig\Runtime\EscaperRuntime'</span><span style="color: var(--highlight-keyword)">)-&gt;</span><span style="color: var(--highlight-default)">escape</span><span style="color: var(--highlight-keyword)">((isset(</span><span style="color: var(--highlight-default)">$context</span><span style="color: var(--highlight-keyword)">[</span><span style="color: var(--highlight-string)">"btn_base"</span><span style="color: var(--highlight-keyword)">])&nbsp;||&nbsp;</span><span style="color: var(--highlight-default)">array_key_exists</span><span style="color: var(--highlight-keyword)">(</span><span style="color: var(--highlight-string)">"btn_base"</span><span style="color: var(--highlight-keyword)">,&nbsp;</span><span style="color: var(--highlight-default)">$context</span><span style="color: var(--highlight-keyword)">)&nbsp;?&nbsp;</span><span style="color: var(--highlight-default)">$context</span><span style="color: var(--highlight-keyword)">[</span><span style="color: var(--highlight-string)">"btn_base"</span><span style="color: var(--highlight-keyword)">]&nbsp;:&nbsp;(function&nbsp;()&nbsp;{&nbsp;throw&nbsp;new&nbsp;</span><span style="color: var(--highlight-default)">RuntimeError</span><span style="color: var(--highlight-keyword)">(</span><span style="color: var(--highlight-string)">'Variable&nbsp;"btn_base"&nbsp;does&nbsp;not&nbsp;exist.'</span><span style="color: var(--highlight-keyword)">,&nbsp;</span><span style="color: var(--highlight-default)">211</span><span style="color: var(--highlight-keyword)">,&nbsp;</span><span style="color: var(--highlight-default)">$this</span><span style="color: var(--highlight-keyword)">-&gt;</span><span style="color: var(--highlight-default)">source</span><span style="color: var(--highlight-keyword)">);&nbsp;})()),&nbsp;</span><span style="color: var(--highlight-string)">"html"</span><span style="color: var(--highlight-keyword)">,&nbsp;</span><span style="color: var(--highlight-default)">null</span><span style="color: var(--highlight-keyword)">,&nbsp;</span><span style="color: var(--highlight-default)">true</span><span style="color: var(--highlight-keyword)">);</span></code></li>
   Γöé <li><code><span style="color: var(--highlight-keyword)">&nbsp;&nbsp;&nbsp;&nbsp;private&nbsp;function&nbsp;</span><span style="color: var(--highlight-default)">doRender</span><span style="color: var(--highlight-keyword)">(</span><span style="color: var(--highlight-default)">string&nbsp;$view</span><span style="color: var(--highlight-keyword)">,&nbsp;?</span><span style="color: var(--highlight-default)">string&nbsp;$block</span><span style="color: var(--highlight-keyword)">,&nbsp;array&nbsp;</span><span style="color: var(--highlight-default)">$parameters</span><span style="color: var(--highlight-keyword)">,&nbsp;?</span><span style="color: var(--highlight-default)">Response&nbsp;$response</span><span style="color: var(--highlight-keyword)">,&nbsp;</span><span style="color: var(--highlight-default)">string&nbsp;$method</span><span style="color: var(--highlight-keyword)">):&nbsp;</span><span style="color: var(--highlight-default)">Response</span></code></li>
   Γöé <li><code><span style="color: var(--highlight-keyword)">&nbsp;&nbsp;&nbsp;&nbsp;private&nbsp;function&nbsp;</span><span style="color: var(--highlight-default)">doRender</span><span style="color: var(--highlight-keyword)">(</span><span style="color: var(--highlight-default)">string&nbsp;$view</span><span style="color: var(--highlight-keyword)">,&nbsp;?</span><span style="color: var(--highlight-default)">string&nbsp;$block</span><span style="color: var(--highlight-keyword)">,&nbsp;array&nbsp;</span><span style="color: var(--highlight-default)">$parameters</span><span style="color: var(--highlight-keyword)">,&nbsp;?</span><span style="color: var(--highlight-default)">Response&nbsp;$response</span><span style="color: var(--highlight-keyword)">,&nbsp;</span><span style="color: var(--highlight-default)">string&nbsp;$method</span><span style="color: var(--highlight-keyword)">):&nbsp;</span><span style="color: var(--highlight-default)">Response</span></code></li>
   Γöé <li><code><span style="color: var(--highlight-keyword)">&nbsp;&nbsp;&nbsp;&nbsp;&nbsp;&nbsp;&nbsp;&nbsp;</span><span style="color: var(--highlight-default)">$response&nbsp;</span><span style="color: var(--highlight-keyword)">??=&nbsp;new&nbsp;</span><span style="color: var(--highlight-default)">Response</span><span style="color: var(--highlight-keyword)">();</span></code></li>
   Γöé <li><code><span style="color: var(--highlight-comment)">&nbsp;&nbsp;&nbsp;&nbsp;</span><span style="color: var(--highlight-keyword)">protected&nbsp;function&nbsp;</span><span style="color: var(--highlight-default)">render</span><span style="color: var(--highlight-keyword)">(</span><span style="color: var(--highlight-default)">string&nbsp;$view</span><span style="color: var(--highlight-keyword)">,&nbsp;array&nbsp;</span><span style="color: var(--highlight-default)">$parameters&nbsp;</span><span style="color: var(--highlight-keyword)">=&nbsp;[],&nbsp;?</span><span style="color: var(--highlight-default)">Response&nbsp;$response&nbsp;</span><span style="color: var(--highlight-keyword)">=&nbsp;</span><span style="color: var(--highlight-default)">null</span><span style="color: var(--highlight-keyword)">):&nbsp;</span><span style="color: var(--highlight-default)">Response</span></code></li>
   Γöé         var toggleClass = function(el, cssClass) { hasClass(el, cssClass) ? removeClass(el, cssClass) : addClass(el, cssClass); };
   Γöé                 toggle.innerHTML = currentContent !== altContent ? altContent : originalContent;
   Γöé                     label = i in labels ? labels[i] : value,
   Γöé                 option.setAttribute('title', 1 === (matches = filters.querySelectorAll('[data-filter-'+name+'="'+value+'"]').length) ? 'Matches 1 row' : 'Matches '+matches+' rows');
   Γöé                 localStorage.getItem('symfony/profiler/theme') || (matchMedia('(prefers-color-scheme: dark)').matches ? 'theme-dark' : 'theme-light')\n
   Γöé                         <script> Sfdump = window.Sfdump || (function (doc) { doc.documentElement.classList.add('sf-js-enabled'); var rxEsc = /([.*+?^${}()|\[\]\/\\])/g, idRx = /\bsf-dump-\d+-ref[012]\w+\b/, keyHint = 0 <= navigator.platform.toUpperCase().indexOf('MAC') ? 'Cmd' : 'Ctrl', addEventListener = function (e, n, cb) { e.addEventListener(n, cb, false); }; if (!doc.addEventListener) { addEventListener = function (element, eventName, callback) { element.attachEvent('on' + eventName, function (e) { e.preventDefault = function () {e.returnValue = false;}; e.target = e.srcElement; callback(e); }); }; } function toggle(a, recursive) { var s = a.nextSibling || {}, oldClass = s.className, arrow, newClass; if (/\bsf-dump-compact\b/.test(oldClass)) { arrow = '&#9660;'; newClass = 'sf-dump-expanded'; } else if (/\bsf-dump-expanded\b/.test(oldClass)) { arrow = '&#9654;'; newClass = 'sf-dump-compact'; } else { return false; } if (doc.createEvent && s.dispatchEvent) { var event = doc.createEvent('Event'); event.initEvent('sf-dump-expanded' === newClass ? 'sfbeforedumpexpand' : 'sfbeforedumpcollapse', true, false); s.dispatchEvent(event); } a.lastChild.innerHTML = arrow; s.className = s.className.replace(/\bsf-dump-(compact|expanded)\b/, newClass); if (recursive) { try { a = s.querySelectorAll('.'+oldClass); for (s = 0; s < a.length; ++s) { if (-1 == a[s].className.indexOf(newClass)) { a[s].className = newClass; a[s].previousSibling.lastChild.innerHTML = arrow; } } } catch (e) { } } return true; }; function collapse(a, recursive) { var s = a.nextSibling || {}, oldClass = s.className; if (/\bsf-dump-expanded\b/.test(oldClass)) { toggle(a, recursive); return true; } return false; }; function expand(a, recursive) { var s = a.nextSibling || {}, oldClass = s.className; if (/\bsf-dump-compact\b/.test(oldClass)) { toggle(a, recursive); return true; } return false; }; function collapseAll(root) { var a = root.querySelector('a.sf-dump-toggle'); if (a) { collapse(a, true); expand(a); return true; } return false; } function reveal(node) { var previous, parents = []; while ((node = node.parentNode || {}) && (previous = node.previousSibling) && 'A' === previous.tagName) { parents.push(previous); } if (0 !== parents.length) { parents.forEach(function (parent) { expand(parent); }); return true; } return false; } function highlight(root, activeNode, nodes) { resetHighlightedNodes(root); Array.from(nodes||[]).forEach(function (node) { if (!/\bsf-dump-highlight\b/.test(node.className)) { node.className = node.className + ' sf-dump-highlight'; } }); if (!/\bsf-dump-highlight-active\b/.test(activeNode.className)) { activeNode.className = activeNode.className + ' sf-dump-highlight-active'; } } function resetHighlightedNodes(root) { Array.from(root.querySelectorAll('.sf-dump-str, .sf-dump-key, .sf-dump-public, .sf-dump-protected, .sf-dump-private')).forEach(function (strNode) { strNode.className = strNode.className.replace(/\bsf-dump-highlight\b/, ''); strNode.className = strNode.className.replace(/\bsf-dump-highlight-active\b/, ''); }); } return function (root, x) { root = doc.getElementById(root); var indentRx = new RegExp('^('+(root.getAttribute('data-indent-pad') || ' ').replace(rxEsc, '\\$1')+')+', 'm'), options = {"maxDepth":1,"maxStringLength":160,"fileLinkFormat":false}, elt = root.getElementsByTagName('A'), len = elt.length, i = 0, s, h, t = []; while (i < len) t.push(elt[i++]); for (i in x) { options[i] = x[i]; } function a(e, f) { addEventListener(root, e, function (e, n) { if ('A' == e.target.tagName) { f(e.target, e); } else if ('A' == e.target.parentNode.tagName) { f(e.target.parentNode, e); } else { n = /\bsf-dump-ellipsis\b/.test(e.target.className) ? e.target.parentNode : e.target; if ((n = n.nextElementSibling) && 'A' == n.tagName) { if (!/\bsf-dump-toggle\b/.test(n.className)) { n = n.nextElementSibling || n; } f(n, e, true); } } }); }; function isCtrlKey(e) { return e.ctrlKey || e.metaKey; } function xpathString(str) { var parts = str.match(/[^'"]+|['"]/g).map(function (part) { if ("'" == part) { return '"\'"'; } if ('"' == part) { return "'\"'"; } return "'" + part + "'"; }); return "concat(" + parts.join(",") + ", '')"; } function xpathHasClass(className) { return "contains(concat(' ', normalize-space(@class), ' '), ' " + className +" ')"; } a('mouseover', function (a, e, c) { if (c) { e.target.style.cursor = "pointer"; } }); a('click', function (a, e, c) { if (/\bsf-dump-toggle\b/.test(a.className)) { e.preventDefault(); if (!toggle(a, isCtrlKey(e))) { var r = doc.getElementById(a.getAttribute('href').slice(1)), s = r.previousSibling, f = r.parentNode, t = a.parentNode; t.replaceChild(r, a); f.replaceChild(a, s); t.insertBefore(s, r); f = f.firstChild.nodeValue.match(indentRx); t = t.firstChild.nodeValue.match(indentRx); if (f && t && f[0] !== t[0]) { r.innerHTML = r.innerHTML.replace(new RegExp('^'+f[0].replace(rxEsc, '\\$1'), 'mg'), t[0]); } if (/\bsf-dump-compact\b/.test(r.className)) { toggle(s, isCtrlKey(e)); } } if (c) { } else if (doc.getSelection) { try { doc.getSelection().removeAllRanges(); } catch (e) { doc.getSelection().empty(); } } else { doc.selection.empty(); } } else if (/\bsf-dump-str-toggle\b/.test(a.className)) { e.preventDefault(); e = a.parentNode.parentNode; e.className = e.className.replace(/\bsf-dump-str-(expand|collapse)\b/, a.parentNode.className); } }); elt = root.getElementsByTagName('SAMP'); len = elt.length; i = 0; while (i < len) t.push(elt[i++]); len = t.length; for (i = 0; i < len; ++i) { elt = t[i]; if ('SAMP' == elt.tagName) { a = elt.previousSibling || {}; if ('A' != a.tagName) { a = doc.createElement('A'); a.className = 'sf-dump-ref'; elt.parentNode.insertBefore(a, elt); } else { a.innerHTML += ' '; } a.title = (a.title ? a.title+'\n[' : '[')+keyHint+'+click] Expand all children'; a.innerHTML += elt.className == 'sf-dump-compact' ? '<span>&#9654;</span>' : '<span>&#9660;</span>'; a.className += ' sf-dump-toggle'; x = 1; if ('sf-dump' != elt.parentNode.className) { x += elt.parentNode.getAttribute('data-depth')/1; } } else if (/\bsf-dump-ref\b/.test(elt.className) && (a = elt.getAttribute('href'))) { a = a.slice(1); elt.className += ' sf-dump-hover'; elt.className += ' '+a; if (/[\[{]$/.test(elt.previousSibling.nodeValue)) { a = a != elt.nextSibling.id && doc.getElementById(a); try { s = a.nextSibling; elt.appendChild(a); s.parentNode.insertBefore(a, s); if (/^[@#]/.test(elt.innerHTML)) { elt.innerHTML += ' <span>&#9654;</span>'; } else { elt.innerHTML = '<span>&#9654;</span>'; elt.className = 'sf-dump-ref'; } elt.className += ' sf-dump-toggle'; } catch (e) { if ('&' == elt.innerHTML.charAt(0)) { elt.innerHTML = '&#8230;'; elt.className = 'sf-dump-ref'; } } } } } if (doc.evaluate && Array.from && root.children.length > 1) { root.setAttribute('tabindex', 0); SearchState = function () { this.nodes = []; this.idx = 0; }; SearchState.prototype = { next: function () { if (this.isEmpty()) { return this.current(); } this.idx = this.idx < (this.nodes.length - 1) ? this.idx + 1 : 0; return this.current(); }, previous: function () { if (this.isEmpty()) { return this.current(); } this.idx = this.idx > 0 ? this.idx - 1 : (this.nodes.length - 1); return this.current(); }, isEmpty: function () { return 0 === this.count(); }, current: function () { if (this.isEmpty()) { return null; } return this.nodes[this.idx]; }, reset: function () { this.nodes = []; this.idx = 0; }, count: function () { return this.nodes.length; }, }; function showCurrent(state) { var currentNode = state.current(), currentRect, searchRect; if (currentNode) { reveal(currentNode); highlight(root, currentNode, state.nodes); if ('scrollIntoView' in currentNode) { currentNode.scrollIntoView(true); currentRect = currentNode.getBoundingClientRect(); searchRect = search.getBoundingClientRect(); if (currentRect.top < (searchRect.top + searchRect.height)) { window.scrollBy(0, -(searchRect.top + searchRect.height + 5)); } } } counter.textContent = (state.isEmpty() ? 0 : state.idx + 1) + ' of ' + state.count(); } var search = doc.createElement('div'); search.className = 'sf-dump-search-wrapper sf-dump-search-hidden'; search.innerHTML = ' <input type="text" class="sf-dump-search-input"> <span class="sf-dump-search-count">0 of 0<\/span> <button type="button" class="sf-dump-search-input-previous" tabindex="-1"> <svg viewBox="0 0 1792 1792" xmlns="http://www.w3.org/2000/svg"><path d="M1683 1331l-166 165q-19 19-45 19t-45-19L896 965l-531 531q-19 19-45 19t-45-19l-166-165q-19-19-19-45.5t19-45.5l742-741q19-19 45-19t45 19l742 741q19 19 19 45.5t-19 45.5z"\/><\/svg> <\/button> <button type="button" class="sf-dump-search-input-next" tabindex="-1"> <svg viewBox="0 0 1792 1792" xmlns="http://www.w3.org/2000/svg"><path d="M1683 808l-742 741q-19 19-45 19t-45-19L109 808q-19-19-19-45.5t19-45.5l166-165q19-19 45-19t45 19l531 531 531-531q19-19 45-19t45 19l166 165q19 19 19 45.5t-19 45.5z"\/><\/svg> <\/button> '; root.insertBefore(search, root.firstChild); var state = new SearchState(); var searchInput = search.querySelector('.sf-dump-search-input'); var counter = search.querySelector('.sf-dump-search-count'); var searchInputTimer = 0; var previousSearchQuery = ''; addEventListener(searchInput, 'keyup', function (e) { var searchQuery = e.target.value; /* Don't perform anything if the pressed key didn't change the query */ if (searchQuery === previousSearchQuery) { return; } previousSearchQuery = searchQuery; clearTimeout(searchInputTimer); searchInputTimer = setTimeout(function () { state.reset(); collapseAll(root); resetHighlightedNodes(root); if ('' === searchQuery) { counter.textContent = '0 of 0'; return; } var classMatches = [ "sf-dump-str", "sf-dump-key", "sf-dump-public", "sf-dump-protected", "sf-dump-private", ].map(xpathHasClass).join(' or '); var xpathResult = doc.evaluate('.//span[' + classMatches + '][contains(translate(child::text(), ' + xpathString(searchQuery.toUpperCase()) + ', ' + xpathString(searchQuery.toLowerCase()) + '), ' + xpathString(searchQuery.toLowerCase()) + ')]', root, null, XPathResult.ORDERED_NODE_ITERATOR_TYPE, null); while (node = xpathResult.iterateNext()) state.nodes.push(node); showCurrent(state); }, 400); }); Array.from(search.querySelectorAll('.sf-dump-search-input-next, .sf-dump-search-input-previous')).forEach(function (btn) { addEventListener(btn, 'click', function (e) { e.preventDefault(); -1 !== e.target.className.indexOf('next') ? state.next() : state.previous(); searchInput.focus(); collapseAll(root); showCurrent(state); }) }); addEventListener(root, 'keydown', function (e) { var isSearchActive = !/\bsf-dump-search-hidden\b/.test(search.className); if ((114 === e.keyCode && !isSearchActive) || (isCtrlKey(e) && 70 === e.keyCode)) { /* F3 or CMD/CTRL + F */ if (70 === e.keyCode && document.activeElement === searchInput) { /* * If CMD/CTRL + F is hit while having focus on search input, * the user probably meant to trigger browser search instead. * Let the browser execute its behavior: */ return; } e.preventDefault(); search.className = search.className.replace(/\bsf-dump-search-hidden\b/, ''); searchInput.focus(); } else if (isSearchActive) { if (27 === e.keyCode) { /* ESC key */ search.className += ' sf-dump-search-hidden'; e.preventDefault(); resetHighlightedNodes(root); searchInput.value = ''; } else if ( (isCtrlKey(e) && 71 === e.keyCode) /* CMD/CTRL + G */ || 13 === e.keyCode /* Enter */ || 114 === e.keyCode /* F3 */ ) { e.preventDefault(); e.shiftKey ? state.previous() : state.next(); collapseAll(root); showCurrent(state); } } }); } if (0 >= options.maxStringLength) { return; } try { elt = root.querySelectorAll('.sf-dump-str'); len = elt.length; i = 0; t = []; while (i < len) t.push(elt[i++]); len = t.length; for (i = 0; i < len; ++i) { elt = t[i]; s = elt.innerText || elt.textContent; x = s.length - options.maxStringLength; if (0 < x) { h = elt.innerHTML; elt[elt.innerText ? 'innerText' : 'textContent'] = s.substring(0, options.maxStringLength); elt.className += ' sf-dump-str-collapse'; elt.innerHTML = '<span class=sf-dump-str-collapse>'+h+'<a class="sf-dump-ref sf-dump-str-toggle" title="Collapse"> &#9664;</a></span>'+ '<span class=sf-dump-str-expand>'+elt.innerHTML+'<a class="sf-dump-ref sf-dump-str-toggle" title="'+x+' remaining characters"> &#9654;</a></span>'; } } } catch (e) { } }; })(document); </script><style> .sf-js-enabled pre.sf-dump .sf-dump-compact, .sf-js-enabled .sf-dump-str-collapse .sf-dump-str-collapse, .sf-js-enabled .sf-dump-str-expand .sf-dump-str-expand { display: none; } .sf-dump-hover:hover { background-color: #B729D9; color: #FFF !important; border-radius: 2px; } pre.sf-dump { display: block; white-space: pre; padding: 5px; overflow: initial !important; } pre.sf-dump:after { content: ""; visibility: hidden; display: block; height: 0; clear: both; } pre.sf-dump .sf-dump-ellipsization { display: inline-flex; } pre.sf-dump a { text-decoration: none; cursor: pointer; border: 0; outline: none; color: inherit; } pre.sf-dump img { max-width: 50em; max-height: 50em; margin: .5em 0 0 0; padding: 0; background: url(data:image/png;base64,iVBORw0KGgoAAAANSUhEUgAAABAAAAAQCAAAAAA6mKC9AAAAHUlEQVQY02O8zAABilCaiQEN0EeA8QuUcX9g3QEAAjcC5piyhyEAAAAASUVORK5CYII=) #D3D3D3; } pre.sf-dump .sf-dump-ellipsis { text-overflow: ellipsis; white-space: nowrap; overflow: hidden; } pre.sf-dump .sf-dump-ellipsis-tail { flex-shrink: 0; } pre.sf-dump code { display:inline; padding:0; background:none; } .sf-dump-public.sf-dump-highlight, .sf-dump-protected.sf-dump-highlight, .sf-dump-private.sf-dump-highlight, .sf-dump-str.sf-dump-highlight, .sf-dump-key.sf-dump-highlight { background: rgba(111, 172, 204, 0.3); border: 1px solid #7DA0B1; border-radius: 3px; } .sf-dump-public.sf-dump-highlight-active, .sf-dump-protected.sf-dump-highlight-active, .sf-dump-private.sf-dump-highlight-active, .sf-dump-str.sf-dump-highlight-active, .sf-dump-key.sf-dump-highlight-active { background: rgba(253, 175, 0, 0.4); border: 1px solid #ffa500; border-radius: 3px; } pre.sf-dump .sf-dump-search-hidden { display: none !important; } pre.sf-dump .sf-dump-search-wrapper { font-size: 0; white-space: nowrap; margin-bottom: 5px; display: flex; position: -webkit-sticky; position: sticky; top: 5px; } pre.sf-dump .sf-dump-search-wrapper > * { vertical-align: top; box-sizing: border-box; height: 21px; font-weight: normal; border-radius: 0; background: #FFF; color: #757575; border: 1px solid #BBB; } pre.sf-dump .sf-dump-search-wrapper > input.sf-dump-search-input { padding: 3px; height: 21px; font-size: 12px; border-right: none; border-top-left-radius: 3px; border-bottom-left-radius: 3px; color: #000; min-width: 15px; width: 100%; } pre.sf-dump .sf-dump-search-wrapper > .sf-dump-search-input-next, pre.sf-dump .sf-dump-search-wrapper > .sf-dump-search-input-previous { background: #F2F2F2; outline: none; border-left: none; font-size: 0; line-height: 0; } pre.sf-dump .sf-dump-search-wrapper > .sf-dump-search-input-next { border-top-right-radius: 3px; border-bottom-right-radius: 3px; } pre.sf-dump .sf-dump-search-wrapper > .sf-dump-search-input-next > svg, pre.sf-dump .sf-dump-search-wrapper > .sf-dump-search-input-previous > svg { pointer-events: none; width: 12px; height: 12px; } pre.sf-dump .sf-dump-search-wrapper > .sf-dump-search-count { display: inline-block; padding: 0 5px; margin: 0; border-left: none; line-height: 21px; font-size: 12px; }pre.sf-dump, pre.sf-dump .sf-dump-default{background:none; color:#CC7832; line-height:1.2em; font:12px Menlo, Monaco, Consolas, monospace; word-wrap: break-word; white-space: pre-wrap; position:relative; z-index:99999; word-break: break-all}pre.sf-dump .sf-dump-num{font-weight:bold; color:#1299DA}pre.sf-dump .sf-dump-const{font-weight:bold}pre.sf-dump .sf-dump-str{font-weight:bold; color:#629755;}pre.sf-dump .sf-dump-note{color:#6897BB}pre.sf-dump .sf-dump-ref{color:#6E6E6E}pre.sf-dump .sf-dump-public{color:#262626}pre.sf-dump .sf-dump-protected{color:#262626}pre.sf-dump .sf-dump-private{color:#262626}pre.sf-dump .sf-dump-meta{color:#B729D9}pre.sf-dump .sf-dump-key{color:#789339}pre.sf-dump .sf-dump-index{color:#1299DA}pre.sf-dump .sf-dump-ellipsis{color:#CC7832}pre.sf-dump .sf-dump-ns{user-select:none;}pre.sf-dump .sf-dump-ellipsis-note{color:#6897BB}</style><pre class=sf-dump id=sf-dump-492840714 data-indent-pad="  "><span class=sf-dump-note>Twig\Error\RuntimeError</span> {<a class=sf-dump-ref>#1963</a><samp data-depth=1 class=sf-dump-expanded>\n
   Γöé       <span class=sf-dump-str title="16855 characters">                &lt;i class=&quot;fa-solid {{ animal_edit ? &#039;fa-pen-to-square&#039; : &#039;fa-plus-circle&#039; }}&quot; style=&quot;color: #2d7a36;&quot;&gt;&lt;/i&gt;<span class="sf-dump-default sf-dump-ns">\r\n</span></span>\n
   Γöé       <span class=sf-dump-str title="16855 characters">                {{ animal_edit ? &#039;Modifier l\&#039;animal&#039; : &#039;Nouvelle Fiche&#039; }}<span class="sf-dump-default sf-dump-ns">\r\n</span></span>\n
   Γöé       <span class=sf-dump-str title="16855 characters">            {% set action_url = animal_edit ? path(&#039;app_animal_update&#039;, {&#039;id_animal&#039;: animal_edit.idAnimal}) : path(&#039;app_animal_new&#039;) %}<span class="sf-dump-default sf-dump-ns">\r\n</span></span>\n
   Γöé       <span class=sf-dump-str title="16855 characters">                    &lt;input type=&quot;text&quot; name=&quot;espece&quot; value=&quot;{{ animal_edit ? animal_edit.espece : &#039;&#039; }}&quot; placeholder=&quot;Ex: Bovin&quot; style=&quot;width: 100%; padding: 12px; border: 1px solid {{ errors.espece is defined ? &#039;#dc2626&#039; : &#039;#e2e8f0&#039; }}; border-radius: 10px; outline-color: #2d7a36;&quot;&gt;<span class="sf-dump-default sf-dump-ns">\r\n</span></span>\n
   Γöé       <span class=sf-dump-str title="16855 characters">                    &lt;input type=&quot;text&quot; name=&quot;etat_sante&quot; value=&quot;{{ animal_edit ? animal_edit.etatSante : &#039;&#039; }}&quot; placeholder=&quot;Ex: Excellente&quot; style=&quot;width: 100%; padding: 12px; border: 1px solid {{ errors.etat_sante is defined ? &#039;#dc2626&#039; : &#039;#e2e8f0&#039; }}; border-radius: 10px; outline-color: #2d7a36;&quot;&gt;<span class="sf-dump-default sf-dump-ns">\r\n</span></span>\n
   Γöé       <span class=sf-dump-str title="16855 characters">                    &lt;input type=&quot;date&quot; name=&quot;date_naissance&quot; value=&quot;{{ animal_edit and animal_edit.dateNaissance ? animal_edit.dateNaissance|date(&#039;Y-m-d&#039;) : &#039;&#039; }}&quot; style=&quot;width: 100%; padding: 12px; border: 1px solid {{ errors.date_naissance is defined ? &#039;#dc2626&#039; : &#039;#e2e8f0&#039; }}; border-radius: 10px; outline-color: #2d7a36;&quot;&gt;<span class="sf-dump-default sf-dump-ns">\r\n</span></span>\n
   Γöé       <span class=sf-dump-str title="16855 characters">                    &lt;select name=&quot;id_ferme&quot; style=&quot;width: 100%; padding: 12px; border: 1px solid {{ errors.id_ferme is defined ? &#039;#dc2626&#039; : &#039;#e2e8f0&#039; }}; border-radius: 10px; background-color: white; outline-color: #2d7a36;&quot;&gt;<span class="sf-dump-default sf-dump-ns">\r\n</span></span>\n
   Γöé       <span class=sf-dump-str title="16855 characters">                            &lt;option value=&quot;{{ ferme.idFerme }}&quot; {{ animal_edit and animal_edit.ferme and animal_edit.ferme.idFerme == ferme.idFerme ? &#039;selected&#039; : &#039;&#039; }}&gt;<span class="sf-dump-default sf-dump-ns">\r\n</span></span>\n
   Γöé       <span class=sf-dump-str title="16855 characters">                    {{ animal_edit ? &#039;Mettre &#224; jour l\&#039;animal&#039; : &#039;Enregistrer l\&#039;animal&#039; }}<span class="sf-dump-default sf-dump-ns">\r\n</span></span>\n
   Γöé       <span class=sf-dump-str title="16855 characters">                                    {{ animal.dateNaissance ? animal.dateNaissance|date(&#039;d/m/Y&#039;) : &#039;-&#039; }}<span class="sf-dump-default sf-dump-ns">\r\n</span></span>\n
   Γöé       <span class=sf-dump-str title="16855 characters">                                        {{ animal.ferme ? animal.ferme.nomFerme : &#039;Non affect&#233;&#039; }}<span class="sf-dump-default sf-dump-ns">\r\n</span></span>\n
   Γöé       <span class=sf-dump-str title="16855 characters">                                        &lt;form method=&quot;post&quot; action=&quot;{{ path(&#039;app_animal_delete&#039;, {&#039;id_animal&#039;: animal.idAnimal}) }}&quot; onsubmit=&quot;return confirm(&#039;Supprimer cet animal ?&#039;);&quot; style=&quot;margin: 0;&quot;&gt;<span class="sf-dump-default sf-dump-ns">\r\n</span></span>\n
   Γöé <li><code>&nbsp;&nbsp;&nbsp;&nbsp;&nbsp;&nbsp;&nbsp;&nbsp;&nbsp;&nbsp;&nbsp;&nbsp;&nbsp;&nbsp;&nbsp;&nbsp;&nbsp;&nbsp;&nbsp;&nbsp;&nbsp;&nbsp;&nbsp;&nbsp;&nbsp;&nbsp;&nbsp;&nbsp;&nbsp;&nbsp;&nbsp;&nbsp;&nbsp;&nbsp;&nbsp;&nbsp;&nbsp;&nbsp;&nbsp;&nbsp;&lt;form&nbsp;method="post"&nbsp;action="{{&nbsp;path('app_animal_delete',&nbsp;{'id_animal':&nbsp;animal.idAnimal})&nbsp;}}"&nbsp;onsubmit="return&nbsp;confirm('Supprimer&nbsp;cet&nbsp;animal&nbsp;?');"&nbsp;style="margin:&nbsp;0;"&gt;</code></li>\n
   Γöé <li><code><span style="color: var(--highlight-keyword)">&nbsp;&nbsp;&nbsp;&nbsp;private&nbsp;function&nbsp;</span><span style="color: var(--highlight-default)">doRender</span><span style="color: var(--highlight-keyword)">(</span><span style="color: var(--highlight-default)">string&nbsp;$view</span><span style="color: var(--highlight-keyword)">,&nbsp;?</span><span style="color: var(--highlight-default)">string&nbsp;$block</span><span style="color: var(--highlight-keyword)">,&nbsp;array&nbsp;</span><span style="color: var(--highlight-default)">$parameters</span><span style="color: var(--highlight-keyword)">,&nbsp;?</span><span style="color: var(--highlight-default)">Response&nbsp;$response</span><span style="color: var(--highlight-keyword)">,&nbsp;</span><span style="color: var(--highlight-default)">string&nbsp;$method</span><span style="color: var(--highlight-keyword)">):&nbsp;</span><span style="color: var(--highlight-default)">Response</span></code></li>\n
   Γöé <li><code><span style="color: var(--highlight-keyword)">&nbsp;&nbsp;&nbsp;&nbsp;private&nbsp;function&nbsp;</span><span style="color: var(--highlight-default)">doRender</span><span style="color: var(--highlight-keyword)">(</span><span style="color: var(--highlight-default)">string&nbsp;$view</span><span style="color: var(--highlight-keyword)">,&nbsp;?</span><span style="color: var(--highlight-default)">string&nbsp;$block</span><span style="color: var(--highlight-keyword)">,&nbsp;array&nbsp;</span><span style="color: var(--highlight-default)">$parameters</span><span style="color: var(--highlight-keyword)">,&nbsp;?</span><span style="color: var(--highlight-default)">Response&nbsp;$response</span><span style="color: var(--highlight-keyword)">,&nbsp;</span><span style="color: var(--highlight-default)">string&nbsp;$method</span><span style="color: var(--highlight-keyword)">):&nbsp;</span><span style="color: var(--highlight-default)">Response</span></code></li>\n
   Γöé <li><code><span style="color: var(--highlight-keyword)">&nbsp;&nbsp;&nbsp;&nbsp;&nbsp;&nbsp;&nbsp;&nbsp;</span><span style="color: var(--highlight-default)">$response&nbsp;</span><span style="color: var(--highlight-keyword)">??=&nbsp;new&nbsp;</span><span style="color: var(--highlight-default)">Response</span><span style="color: var(--highlight-keyword)">();</span></code></li>\n
   Γöé <li><code><span style="color: var(--highlight-comment)">&nbsp;&nbsp;&nbsp;&nbsp;</span><span style="color: var(--highlight-keyword)">protected&nbsp;function&nbsp;</span><span style="color: var(--highlight-default)">render</span><span style="color: var(--highlight-keyword)">(</span><span style="color: var(--highlight-default)">string&nbsp;$view</span><span style="color: var(--highlight-keyword)">,&nbsp;array&nbsp;</span><span style="color: var(--highlight-default)">$parameters&nbsp;</span><span style="color: var(--highlight-keyword)">=&nbsp;[],&nbsp;?</span><span style="color: var(--highlight-default)">Response&nbsp;$response&nbsp;</span><span style="color: var(--highlight-keyword)">=&nbsp;</span><span style="color: var(--highlight-default)">null</span><span style="color: var(--highlight-keyword)">):&nbsp;</span><span style="color: var(--highlight-default)">Response</span></code></li>\n
   Γöé <li><code><span style="color: var(--highlight-keyword)">&nbsp;&nbsp;&nbsp;&nbsp;&nbsp;&nbsp;&nbsp;&nbsp;&nbsp;&nbsp;&nbsp;&nbsp;yield&nbsp;</span><span style="color: var(--highlight-string)">"\"&nbsp;onsubmit=\"return&nbsp;confirm('Supprimer&nbsp;cet&nbsp;animal&nbsp;?');\"&nbsp;style=\"margin:&nbsp;0;\"&gt;</span></code></li>\n
   Γöé <li><code><span style="color: var(--highlight-comment)">&nbsp;&nbsp;&nbsp;&nbsp;&nbsp;&nbsp;&nbsp;&nbsp;&nbsp;&nbsp;&nbsp;&nbsp;</span><span style="color: var(--highlight-keyword)">yield&nbsp;</span><span style="color: var(--highlight-default)">$this</span><span style="color: var(--highlight-keyword)">-&gt;</span><span style="color: var(--highlight-default)">env</span><span style="color: var(--highlight-keyword)">-&gt;</span><span style="color: var(--highlight-default)">getRuntime</span><span style="color: var(--highlight-keyword)">(</span><span style="color: var(--highlight-string)">'Twig\Runtime\EscaperRuntime'</span><span style="color: var(--highlight-keyword)">)-&gt;</span><span style="color: var(--highlight-default)">escape</span><span style="color: var(--highlight-keyword)">((isset(</span><span style="color: var(--highlight-default)">$context</span><span style="color: var(--highlight-keyword)">[</span><span style="color: var(--highlight-string)">"btn_base"</span><span style="color: var(--highlight-keyword)">])&nbsp;||&nbsp;</span><span style="color: var(--highlight-default)">array_key_exists</span><span style="color: var(--highlight-keyword)">(</span><span style="color: var(--highlight-string)">"btn_base"</span><span style="color: var(--highlight-keyword)">,&nbsp;</span><span style="color: var(--highlight-default)">$context</span><span style="color: var(--highlight-keyword)">)&nbsp;?&nbsp;</span><span style="color: var(--highlight-default)">$context</span><span style="color: var(--highlight-keyword)">[</span><span style="color: var(--highlight-string)">"btn_base"</span><span style="color: var(--highlight-keyword)">]&nbsp;:&nbsp;(function&nbsp;()&nbsp;{&nbsp;throw&nbsp;new&nbsp;</span><span style="color: var(--highlight-default)">RuntimeError</span><span style="color: var(--highlight-keyword)">(</span><span style="color: var(--highlight-string)">'Variable&nbsp;"btn_base"&nbsp;does&nbsp;not&nbsp;exist.'</span><span style="color: var(--highlight-keyword)">,&nbsp;</span><span style="color: var(--highlight-default)">211</span><span style="color: var(--highlight-keyword)">,&nbsp;</span><span style="color: var(--highlight-default)">$this</span><span style="color: var(--highlight-keyword)">-&gt;</span><span style="color: var(--highlight-default)">source</span><span style="color: var(--highlight-keyword)">);&nbsp;})()),&nbsp;</span><span style="color: var(--highlight-string)">"html"</span><span style="color: var(--highlight-keyword)">,&nbsp;</span><span style="color: var(--highlight-default)">null</span><span style="color: var(--highlight-keyword)">,&nbsp;</span><span style="color: var(--highlight-default)">true</span><span style="color: var(--highlight-keyword)">);</span></code></li>\n
   Γöé <li><code><span style="color: var(--highlight-keyword)">&nbsp;&nbsp;&nbsp;&nbsp;private&nbsp;function&nbsp;</span><span style="color: var(--highlight-default)">doRender</span><span style="color: var(--highlight-keyword)">(</span><span style="color: var(--highlight-default)">string&nbsp;$view</span><span style="color: var(--highlight-keyword)">,&nbsp;?</span><span style="color: var(--highlight-default)">string&nbsp;$block</span><span style="color: var(--highlight-keyword)">,&nbsp;array&nbsp;</span><span style="color: var(--highlight-default)">$parameters</span><span style="color: var(--highlight-keyword)">,&nbsp;?</span><span style="color: var(--highlight-default)">Response&nbsp;$response</span><span style="color: var(--highlight-keyword)">,&nbsp;</span><span style="color: var(--highlight-default)">string&nbsp;$method</span><span style="color: var(--highlight-keyword)">):&nbsp;</span><span style="color: var(--highlight-default)">Response</span></code></li>\n
   Γöé <li><code><span style="color: var(--highlight-keyword)">&nbsp;&nbsp;&nbsp;&nbsp;private&nbsp;function&nbsp;</span><span style="color: var(--highlight-default)">doRender</span><span style="color: var(--highlight-keyword)">(</span><span style="color: var(--highlight-default)">string&nbsp;$view</span><span style="color: var(--highlight-keyword)">,&nbsp;?</span><span style="color: var(--highlight-default)">string&nbsp;$block</span><span style="color: var(--highlight-keyword)">,&nbsp;array&nbsp;</span><span style="color: var(--highlight-default)">$parameters</span><span style="color: var(--highlight-keyword)">,&nbsp;?</span><span style="color: var(--highlight-default)">Response&nbsp;$response</span><span style="color: var(--highlight-keyword)">,&nbsp;</span><span style="color: var(--highlight-default)">string&nbsp;$method</span><span style="color: var(--highlight-keyword)">):&nbsp;</span><span style="color: var(--highlight-default)">Response</span></code></li>\n
   Γöé <li><code><span style="color: var(--highlight-keyword)">&nbsp;&nbsp;&nbsp;&nbsp;&nbsp;&nbsp;&nbsp;&nbsp;</span><span style="color: var(--highlight-default)">$response&nbsp;</span><span style="color: var(--highlight-keyword)">??=&nbsp;new&nbsp;</span><span style="color: var(--highlight-default)">Response</span><span style="color: var(--highlight-keyword)">();</span></code></li>\n
   Γöé <li><code><span style="color: var(--highlight-comment)">&nbsp;&nbsp;&nbsp;&nbsp;</span><span style="color: var(--highlight-keyword)">protected&nbsp;function&nbsp;</span><span style="color: var(--highlight-default)">render</span><span style="color: var(--highlight-keyword)">(</span><span style="color: var(--highlight-default)">string&nbsp;$view</span><span style="color: var(--highlight-keyword)">,&nbsp;array&nbsp;</span><span style="color: var(--highlight-default)">$parameters&nbsp;</span><span style="color: var(--highlight-keyword)">=&nbsp;[],&nbsp;?</span><span style="color: var(--highlight-default)">Response&nbsp;$response&nbsp;</span><span style="color: var(--highlight-keyword)">=&nbsp;</span><span style="color: var(--highlight-default)">null</span><span style="color: var(--highlight-keyword)">):&nbsp;</span><span style="color: var(--highlight-default)">Response</span></code></li>\n
   Γöé         var toggleClass = function(el, cssClass) { hasClass(el, cssClass) ? removeClass(el, cssClass) : addClass(el, cssClass); };\n
   Γöé                 toggle.innerHTML = currentContent !== altContent ? altContent : originalContent;\n
   Γöé                     label = i in labels ? labels[i] : value,\n
   Γöé                 option.setAttribute('title', 1 === (matches = filters.querySelectorAll('[data-filter-'+name+'="'+value+'"]').length) ? 'Matches 1 row' : 'Matches '+matches+' rows');\n
   Γöé                 localStorage.getItem('symfony/profiler/theme') || (matchMedia('(prefers-color-scheme: dark)').matches ? 'theme-dark' : 'theme-light')
   Γöé                         <script> Sfdump = window.Sfdump || (function (doc) { doc.documentElement.classList.add('sf-js-enabled'); var rxEsc = /([.*+?^${}()|\[\]\/\\])/g, idRx = /\bsf-dump-\d+-ref[012]\w+\b/, keyHint = 0 <= navigator.platform.toUpperCase().indexOf('MAC') ? 'Cmd' : 'Ctrl', addEventListener = function (e, n, cb) { e.addEventListener(n, cb, false); }; if (!doc.addEventListener) { addEventListener = function (element, eventName, callback) { element.attachEvent('on' + eventName, function (e) { e.preventDefault = function () {e.returnValue = false;}; e.target = e.srcElement; callback(e); }); }; } function toggle(a, recursive) { var s = a.nextSibling || {}, oldClass = s.className, arrow, newClass; if (/\bsf-dump-compact\b/.test(oldClass)) { arrow = '&#9660;'; newClass = 'sf-dump-expanded'; } else if (/\bsf-dump-expanded\b/.test(oldClass)) { arrow = '&#9654;'; newClass = 'sf-dump-compact'; } else { return false; } if (doc.createEvent && s.dispatchEvent) { var event = doc.createEvent('Event'); event.initEvent('sf-dump-expanded' === newClass ? 'sfbeforedumpexpand' : 'sfbeforedumpcollapse', true, false); s.dispatchEvent(event); } a.lastChild.innerHTML = arrow; s.className = s.className.replace(/\bsf-dump-(compact|expanded)\b/, newClass); if (recursive) { try { a = s.querySelectorAll('.'+oldClass); for (s = 0; s < a.length; ++s) { if (-1 == a[s].className.indexOf(newClass)) { a[s].className = newClass; a[s].previousSibling.lastChild.innerHTML = arrow; } } } catch (e) { } } return true; }; function collapse(a, recursive) { var s = a.nextSibling || {}, oldClass = s.className; if (/\bsf-dump-expanded\b/.test(oldClass)) { toggle(a, recursive); return true; } return false; }; function expand(a, recursive) { var s = a.nextSibling || {}, oldClass = s.className; if (/\bsf-dump-compact\b/.test(oldClass)) { toggle(a, recursive); return true; } return false; }; function collapseAll(root) { var a = root.querySelector('a.sf-dump-toggle'); if (a) { collapse(a, true); expand(a); return true; } return false; } function reveal(node) { var previous, parents = []; while ((node = node.parentNode || {}) && (previous = node.previousSibling) && 'A' === previous.tagName) { parents.push(previous); } if (0 !== parents.length) { parents.forEach(function (parent) { expand(parent); }); return true; } return false; } function highlight(root, activeNode, nodes) { resetHighlightedNodes(root); Array.from(nodes||[]).forEach(function (node) { if (!/\bsf-dump-highlight\b/.test(node.className)) { node.className = node.className + ' sf-dump-highlight'; } }); if (!/\bsf-dump-highlight-active\b/.test(activeNode.className)) { activeNode.className = activeNode.className + ' sf-dump-highlight-active'; } } function resetHighlightedNodes(root) { Array.from(root.querySelectorAll('.sf-dump-str, .sf-dump-key, .sf-dump-public, .sf-dump-protected, .sf-dump-private')).forEach(function (strNode) { strNode.className = strNode.className.replace(/\bsf-dump-highlight\b/, ''); strNode.className = strNode.className.replace(/\bsf-dump-highlight-active\b/, ''); }); } return function (root, x) { root = doc.getElementById(root); var indentRx = new RegExp('^('+(root.getAttribute('data-indent-pad') || ' ').replace(rxEsc, '\\$1')+')+', 'm'), options = {"maxDepth":1,"maxStringLength":160,"fileLinkFormat":false}, elt = root.getElementsByTagName('A'), len = elt.length, i = 0, s, h, t = []; while (i < len) t.push(elt[i++]); for (i in x) { options[i] = x[i]; } function a(e, f) { addEventListener(root, e, function (e, n) { if ('A' == e.target.tagName) { f(e.target, e); } else if ('A' == e.target.parentNode.tagName) { f(e.target.parentNode, e); } else { n = /\bsf-dump-ellipsis\b/.test(e.target.className) ? e.target.parentNode : e.target; if ((n = n.nextElementSibling) && 'A' == n.tagName) { if (!/\bsf-dump-toggle\b/.test(n.className)) { n = n.nextElementSibling || n; } f(n, e, true); } } }); }; function isCtrlKey(e) { return e.ctrlKey || e.metaKey; } function xpathString(str) { var parts = str.match(/[^'"]+|['"]/g).map(function (part) { if ("'" == part) { return '"\'"'; } if ('"' == part) { return "'\"'"; } return "'" + part + "'"; }); return "concat(" + parts.join(",") + ", '')"; } function xpathHasClass(className) { return "contains(concat(' ', normalize-space(@class), ' '), ' " + className +" ')"; } a('mouseover', function (a, e, c) { if (c) { e.target.style.cursor = "pointer"; } }); a('click', function (a, e, c) { if (/\bsf-dump-toggle\b/.test(a.className)) { e.preventDefault(); if (!toggle(a, isCtrlKey(e))) { var r = doc.getElementById(a.getAttribute('href').slice(1)), s = r.previousSibling, f = r.parentNode, t = a.parentNode; t.replaceChild(r, a); f.replaceChild(a, s); t.insertBefore(s, r); f = f.firstChild.nodeValue.match(indentRx); t = t.firstChild.nodeValue.match(indentRx); if (f && t && f[0] !== t[0]) { r.innerHTML = r.innerHTML.replace(new RegExp('^'+f[0].replace(rxEsc, '\\$1'), 'mg'), t[0]); } if (/\bsf-dump-compact\b/.test(r.className)) { toggle(s, isCtrlKey(e)); } } if (c) { } else if (doc.getSelection) { try { doc.getSelection().removeAllRanges(); } catch (e) { doc.getSelection().empty(); } } else { doc.selection.empty(); } } else if (/\bsf-dump-str-toggle\b/.test(a.className)) { e.preventDefault(); e = a.parentNode.parentNode; e.className = e.className.replace(/\bsf-dump-str-(expand|collapse)\b/, a.parentNode.className); } }); elt = root.getElementsByTagName('SAMP'); len = elt.length; i = 0; while (i < len) t.push(elt[i++]); len = t.length; for (i = 0; i < len; ++i) { elt = t[i]; if ('SAMP' == elt.tagName) { a = elt.previousSibling || {}; if ('A' != a.tagName) { a = doc.createElement('A'); a.className = 'sf-dump-ref'; elt.parentNode.insertBefore(a, elt); } else { a.innerHTML += ' '; } a.title = (a.title ? a.title+'\n[' : '[')+keyHint+'+click] Expand all children'; a.innerHTML += elt.className == 'sf-dump-compact' ? '<span>&#9654;</span>' : '<span>&#9660;</span>'; a.className += ' sf-dump-toggle'; x = 1; if ('sf-dump' != elt.parentNode.className) { x += elt.parentNode.getAttribute('data-depth')/1; } } else if (/\bsf-dump-ref\b/.test(elt.className) && (a = elt.getAttribute('href'))) { a = a.slice(1); elt.className += ' sf-dump-hover'; elt.className += ' '+a; if (/[\[{]$/.test(elt.previousSibling.nodeValue)) { a = a != elt.nextSibling.id && doc.getElementById(a); try { s = a.nextSibling; elt.appendChild(a); s.parentNode.insertBefore(a, s); if (/^[@#]/.test(elt.innerHTML)) { elt.innerHTML += ' <span>&#9654;</span>'; } else { elt.innerHTML = '<span>&#9654;</span>'; elt.className = 'sf-dump-ref'; } elt.className += ' sf-dump-toggle'; } catch (e) { if ('&' == elt.innerHTML.charAt(0)) { elt.innerHTML = '&#8230;'; elt.className = 'sf-dump-ref'; } } } } } if (doc.evaluate && Array.from && root.children.length > 1) { root.setAttribute('tabindex', 0); SearchState = function () { this.nodes = []; this.idx = 0; }; SearchState.prototype = { next: function () { if (this.isEmpty()) { return this.current(); } this.idx = this.idx < (this.nodes.length - 1) ? this.idx + 1 : 0; return this.current(); }, previous: function () { if (this.isEmpty()) { return this.current(); } this.idx = this.idx > 0 ? this.idx - 1 : (this.nodes.length - 1); return this.current(); }, isEmpty: function () { return 0 === this.count(); }, current: function () { if (this.isEmpty()) { return null; } return this.nodes[this.idx]; }, reset: function () { this.nodes = []; this.idx = 0; }, count: function () { return this.nodes.length; }, }; function showCurrent(state) { var currentNode = state.current(), currentRect, searchRect; if (currentNode) { reveal(currentNode); highlight(root, currentNode, state.nodes); if ('scrollIntoView' in currentNode) { currentNode.scrollIntoView(true); currentRect = currentNode.getBoundingClientRect(); searchRect = search.getBoundingClientRect(); if (currentRect.top < (searchRect.top + searchRect.height)) { window.scrollBy(0, -(searchRect.top + searchRect.height + 5)); } } } counter.textContent = (state.isEmpty() ? 0 : state.idx + 1) + ' of ' + state.count(); } var search = doc.createElement('div'); search.className = 'sf-dump-search-wrapper sf-dump-search-hidden'; search.innerHTML = ' <input type="text" class="sf-dump-search-input"> <span class="sf-dump-search-count">0 of 0<\/span> <button type="button" class="sf-dump-search-input-previous" tabindex="-1"> <svg viewBox="0 0 1792 1792" xmlns="http://www.w3.org/2000/svg"><path d="M1683 1331l-166 165q-19 19-45 19t-45-19L896 965l-531 531q-19 19-45 19t-45-19l-166-165q-19-19-19-45.5t19-45.5l742-741q19-19 45-19t45 19l742 741q19 19 19 45.5t-19 45.5z"\/><\/svg> <\/button> <button type="button" class="sf-dump-search-input-next" tabindex="-1"> <svg viewBox="0 0 1792 1792" xmlns="http://www.w3.org/2000/svg"><path d="M1683 808l-742 741q-19 19-45 19t-45-19L109 808q-19-19-19-45.5t19-45.5l166-165q19-19 45-19t45 19l531 531 531-531q19-19 45-19t45 19l166 165q19 19 19 45.5t-19 45.5z"\/><\/svg> <\/button> '; root.insertBefore(search, root.firstChild); var state = new SearchState(); var searchInput = search.querySelector('.sf-dump-search-input'); var counter = search.querySelector('.sf-dump-search-count'); var searchInputTimer = 0; var previousSearchQuery = ''; addEventListener(searchInput, 'keyup', function (e) { var searchQuery = e.target.value; /* Don't perform anything if the pressed key didn't change the query */ if (searchQuery === previousSearchQuery) { return; } previousSearchQuery = searchQuery; clearTimeout(searchInputTimer); searchInputTimer = setTimeout(function () { state.reset(); collapseAll(root); resetHighlightedNodes(root); if ('' === searchQuery) { counter.textContent = '0 of 0'; return; } var classMatches = [ "sf-dump-str", "sf-dump-key", "sf-dump-public", "sf-dump-protected", "sf-dump-private", ].map(xpathHasClass).join(' or '); var xpathResult = doc.evaluate('.//span[' + classMatches + '][contains(translate(child::text(), ' + xpathString(searchQuery.toUpperCase()) + ', ' + xpathString(searchQuery.toLowerCase()) + '), ' + xpathString(searchQuery.toLowerCase()) + ')]', root, null, XPathResult.ORDERED_NODE_ITERATOR_TYPE, null); while (node = xpathResult.iterateNext()) state.nodes.push(node); showCurrent(state); }, 400); }); Array.from(search.querySelectorAll('.sf-dump-search-input-next, .sf-dump-search-input-previous')).forEach(function (btn) { addEventListener(btn, 'click', function (e) { e.preventDefault(); -1 !== e.target.className.indexOf('next') ? state.next() : state.previous(); searchInput.focus(); collapseAll(root); showCurrent(state); }) }); addEventListener(root, 'keydown', function (e) { var isSearchActive = !/\bsf-dump-search-hidden\b/.test(search.className); if ((114 === e.keyCode && !isSearchActive) || (isCtrlKey(e) && 70 === e.keyCode)) { /* F3 or CMD/CTRL + F */ if (70 === e.keyCode && document.activeElement === searchInput) { /* * If CMD/CTRL + F is hit while having focus on search input, * the user probably meant to trigger browser search instead. * Let the browser execute its behavior: */ return; } e.preventDefault(); search.className = search.className.replace(/\bsf-dump-search-hidden\b/, ''); searchInput.focus(); } else if (isSearchActive) { if (27 === e.keyCode) { /* ESC key */ search.className += ' sf-dump-search-hidden'; e.preventDefault(); resetHighlightedNodes(root); searchInput.value = ''; } else if ( (isCtrlKey(e) && 71 === e.keyCode) /* CMD/CTRL + G */ || 13 === e.keyCode /* Enter */ || 114 === e.keyCode /* F3 */ ) { e.preventDefault(); e.shiftKey ? state.previous() : state.next(); collapseAll(root); showCurrent(state); } } }); } if (0 >= options.maxStringLength) { return; } try { elt = root.querySelectorAll('.sf-dump-str'); len = elt.length; i = 0; t = []; while (i < len) t.push(elt[i++]); len = t.length; for (i = 0; i < len; ++i) { elt = t[i]; s = elt.innerText || elt.textContent; x = s.length - options.maxStringLength; if (0 < x) { h = elt.innerHTML; elt[elt.innerText ? 'innerText' : 'textContent'] = s.substring(0, options.maxStringLength); elt.className += ' sf-dump-str-collapse'; elt.innerHTML = '<span class=sf-dump-str-collapse>'+h+'<a class="sf-dump-ref sf-dump-str-toggle" title="Collapse"> &#9664;</a></span>'+ '<span class=sf-dump-str-expand>'+elt.innerHTML+'<a class="sf-dump-ref sf-dump-str-toggle" title="'+x+' remaining characters"> &#9654;</a></span>'; } } } catch (e) { } }; })(document); </script><style> .sf-js-enabled pre.sf-dump .sf-dump-compact, .sf-js-enabled .sf-dump-str-collapse .sf-dump-str-collapse, .sf-js-enabled .sf-dump-str-expand .sf-dump-str-expand { display: none; } .sf-dump-hover:hover { background-color: #B729D9; color: #FFF !important; border-radius: 2px; } pre.sf-dump { display: block; white-space: pre; padding: 5px; overflow: initial !important; } pre.sf-dump:after { content: ""; visibility: hidden; display: block; height: 0; clear: both; } pre.sf-dump .sf-dump-ellipsization { display: inline-flex; } pre.sf-dump a { text-decoration: none; cursor: pointer; border: 0; outline: none; color: inherit; } pre.sf-dump img { max-width: 50em; max-height: 50em; margin: .5em 0 0 0; padding: 0; background: url(data:image/png;base64,iVBORw0KGgoAAAANSUhEUgAAABAAAAAQCAAAAAA6mKC9AAAAHUlEQVQY02O8zAABilCaiQEN0EeA8QuUcX9g3QEAAjcC5piyhyEAAAAASUVORK5CYII=) #D3D3D3; } pre.sf-dump .sf-dump-ellipsis { text-overflow: ellipsis; white-space: nowrap; overflow: hidden; } pre.sf-dump .sf-dump-ellipsis-tail { flex-shrink: 0; } pre.sf-dump code { display:inline; padding:0; background:none; } .sf-dump-public.sf-dump-highlight, .sf-dump-protected.sf-dump-highlight, .sf-dump-private.sf-dump-highlight, .sf-dump-str.sf-dump-highlight, .sf-dump-key.sf-dump-highlight { background: rgba(111, 172, 204, 0.3); border: 1px solid #7DA0B1; border-radius: 3px; } .sf-dump-public.sf-dump-highlight-active, .sf-dump-protected.sf-dump-highlight-active, .sf-dump-private.sf-dump-highlight-active, .sf-dump-str.sf-dump-highlight-active, .sf-dump-key.sf-dump-highlight-active { background: rgba(253, 175, 0, 0.4); border: 1px solid #ffa500; border-radius: 3px; } pre.sf-dump .sf-dump-search-hidden { display: none !important; } pre.sf-dump .sf-dump-search-wrapper { font-size: 0; white-space: nowrap; margin-bottom: 5px; display: flex; position: -webkit-sticky; position: sticky; top: 5px; } pre.sf-dump .sf-dump-search-wrapper > * { vertical-align: top; box-sizing: border-box; height: 21px; font-weight: normal; border-radius: 0; background: #FFF; color: #757575; border: 1px solid #BBB; } pre.sf-dump .sf-dump-search-wrapper > input.sf-dump-search-input { padding: 3px; height: 21px; font-size: 12px; border-right: none; border-top-left-radius: 3px; border-bottom-left-radius: 3px; color: #000; min-width: 15px; width: 100%; } pre.sf-dump .sf-dump-search-wrapper > .sf-dump-search-input-next, pre.sf-dump .sf-dump-search-wrapper > .sf-dump-search-input-previous { background: #F2F2F2; outline: none; border-left: none; font-size: 0; line-height: 0; } pre.sf-dump .sf-dump-search-wrapper > .sf-dump-search-input-next { border-top-right-radius: 3px; border-bottom-right-radius: 3px; } pre.sf-dump .sf-dump-search-wrapper > .sf-dump-search-input-next > svg, pre.sf-dump .sf-dump-search-wrapper > .sf-dump-search-input-previous > svg { pointer-events: none; width: 12px; height: 12px; } pre.sf-dump .sf-dump-search-wrapper > .sf-dump-search-count { display: inline-block; padding: 0 5px; margin: 0; border-left: none; line-height: 21px; font-size: 12px; }pre.sf-dump, pre.sf-dump .sf-dump-default{background:none; color:#CC7832; line-height:1.2em; font:12px Menlo, Monaco, Consolas, monospace; word-wrap: break-word; white-space: pre-wrap; position:relative; z-index:99999; word-break: break-all}pre.sf-dump .sf-dump-num{font-weight:bold; color:#1299DA}pre.sf-dump .sf-dump-const{font-weight:bold}pre.sf-dump .sf-dump-str{font-weight:bold; color:#629755;}pre.sf-dump .sf-dump-note{color:#6897BB}pre.sf-dump .sf-dump-ref{color:#6E6E6E}pre.sf-dump .sf-dump-public{color:#262626}pre.sf-dump .sf-dump-protected{color:#262626}pre.sf-dump .sf-dump-private{color:#262626}pre.sf-dump .sf-dump-meta{color:#B729D9}pre.sf-dump .sf-dump-key{color:#789339}pre.sf-dump .sf-dump-index{color:#1299DA}pre.sf-dump .sf-dump-ellipsis{color:#CC7832}pre.sf-dump .sf-dump-ns{user-select:none;}pre.sf-dump .sf-dump-ellipsis-note{color:#6897BB}</style><pre class=sf-dump id=sf-dump-504853650 data-indent-pad="  "><span class=sf-dump-note>Twig\Error\RuntimeError</span> {<a class=sf-dump-ref>#1869</a><samp data-depth=1 class=sf-dump-expanded>
   Γöé <li class="selected"><code><span style="color: var(--highlight-comment)">&nbsp;&nbsp;&nbsp;&nbsp;&nbsp;&nbsp;&nbsp;&nbsp;</span><span style="color: var(--highlight-keyword)">if&nbsp;(((</span><span style="color: var(--highlight-default)">$tmp&nbsp;</span><span style="color: var(--highlight-keyword)">=&nbsp;</span><span style="color: var(--highlight-default)">CoreExtension</span><span style="color: var(--highlight-keyword)">::</span><span style="color: var(--highlight-default)">getAttribute</span><span style="color: var(--highlight-keyword)">(</span><span style="color: var(--highlight-default)">$this</span><span style="color: var(--highlight-keyword)">-&gt;</span><span style="color: var(--highlight-default)">env</span><span style="color: var(--highlight-keyword)">,&nbsp;</span><span style="color: var(--highlight-default)">$this</span><span style="color: var(--highlight-keyword)">-&gt;</span><span style="color: var(--highlight-default)">source</span><span style="color: var(--highlight-keyword)">,&nbsp;(isset(</span><span style="color: var(--highlight-default)">$context</span><span style="color: var(--highlight-keyword)">[</span><span style="color: var(--highlight-string)">"user"</span><span style="color: var(--highlight-keyword)">])&nbsp;||&nbsp;</span><span style="color: var(--highlight-default)">array_key_exists</span><span style="color: var(--highlight-keyword)">(</span><span style="color: var(--highlight-string)">"user"</span><span style="color: var(--highlight-keyword)">,&nbsp;</span><span style="color: var(--highlight-default)">$context</span><span style="color: var(--highlight-keyword)">)&nbsp;?&nbsp;</span><span style="color: var(--highlight-default)">$context</span><span style="color: var(--highlight-keyword)">[</span><span style="color: var(--highlight-string)">"user"</span><span style="color: var(--highlight-keyword)">]&nbsp;:&nbsp;(function&nbsp;()&nbsp;{&nbsp;throw&nbsp;new&nbsp;</span><span style="color: var(--highlight-default)">RuntimeError</span><span style="color: var(--highlight-keyword)">(</span><span style="color: var(--highlight-string)">'Variable&nbsp;"user"&nbsp;does&nbsp;not&nbsp;exist.'</span><span style="color: var(--highlight-keyword)">,&nbsp;</span><span style="color: var(--highlight-default)">20</span><span style="color: var(--highlight-keyword)">,&nbsp;</span><span style="color: var(--highlight-default)">$this</span><span style="color: var(--highlight-keyword)">-&gt;</span><span style="color: var(--highlight-default)">source</span><span style="color: var(--highlight-keyword)">);&nbsp;})()),&nbsp;</span><span style="color: var(--highlight-string)">"imageUrl"</span><span style="color: var(--highlight-keyword)">,&nbsp;[],&nbsp;</span><span style="color: var(--highlight-string)">"any"</span><span style="color: var(--highlight-keyword)">,&nbsp;</span><span style="color: var(--highlight-default)">false</span><span style="color: var(--highlight-keyword)">,&nbsp;</span><span style="color: var(--highlight-default)">false</span><span style="color: var(--highlight-keyword)">,&nbsp;</span><span style="color: var(--highlight-default)">false</span><span style="color: var(--highlight-keyword)">,&nbsp;</span><span style="color: var(--highlight-default)">20</span><span style="color: var(--highlight-keyword)">))&nbsp;&amp;&amp;&nbsp;</span><span style="color: var(--highlight-default)">$tmp&nbsp;</span><span style="color: var(--highlight-keyword)">instanceof&nbsp;</span><span style="color: var(--highlight-default)">Markup&nbsp;</span><span style="color: var(--highlight-keyword)">?&nbsp;(string)&nbsp;</span><span style="color: var(--highlight-default)">$tmp&nbsp;</span><span style="color: var(--highlight-keyword)">:&nbsp;</span><span style="color: var(--highlight-default)">$tmp</span><span style="color: var(--highlight-keyword)">))&nbsp;{</span></code></li>
   Γöé <li><code><span style="color: var(--highlight-keyword)">&nbsp;&nbsp;&nbsp;&nbsp;&nbsp;&nbsp;&nbsp;&nbsp;&nbsp;&nbsp;&nbsp;&nbsp;yield&nbsp;</span><span style="color: var(--highlight-default)">$this</span><span style="color: var(--highlight-keyword)">-&gt;</span><span style="color: var(--highlight-default)">env</span><span style="color: var(--highlight-keyword)">-&gt;</span><span style="color: var(--highlight-default)">getRuntime</span><span style="color: var(--highlight-keyword)">(</span><span style="color: var(--highlight-string)">'Twig\Runtime\EscaperRuntime'</span><span style="color: var(--highlight-keyword)">)-&gt;</span><span style="color: var(--highlight-default)">escape</span><span style="color: var(--highlight-keyword)">(</span><span style="color: var(--highlight-default)">$this</span><span style="color: var(--highlight-keyword)">-&gt;</span><span style="color: var(--highlight-default)">extensions</span><span style="color: var(--highlight-keyword)">[</span><span style="color: var(--highlight-string)">'Symfony\Bridge\Twig\Extension\AssetExtension'</span><span style="color: var(--highlight-keyword)">]-&gt;</span><span style="color: var(--highlight-default)">getAssetUrl</span><span style="color: var(--highlight-keyword)">(</span><span style="color: var(--highlight-default)">CoreExtension</span><span style="color: var(--highlight-keyword)">::</span><span style="color: var(--highlight-default)">getAttribute</span><span style="color: var(--highlight-keyword)">(</span><span style="color: var(--highlight-default)">$this</span><span style="color: var(--highlight-keyword)">-&gt;</span><span style="color: var(--highlight-default)">env</span><span style="color: var(--highlight-keyword)">,&nbsp;</span><span style="color: var(--highlight-default)">$this</span><span style="color: var(--highlight-keyword)">-&gt;</span><span style="color: var(--highlight-default)">source</span><span style="color: var(--highlight-keyword)">,&nbsp;(isset(</span><span style="color: var(--highlight-default)">$context</span><span style="color: var(--highlight-keyword)">[</span><span style="color: var(--highlight-string)">"user"</span><span style="color: var(--highlight-keyword)">])&nbsp;||&nbsp;</span><span style="color: var(--highlight-default)">array_key_exists</span><span style="color: var(--highlight-keyword)">(</span><span style="color: var(--highlight-string)">"user"</span><span style="color: var(--highlight-keyword)">,&nbsp;</span><span style="color: var(--highlight-default)">$context</span><span style="color: var(--highlight-keyword)">)&nbsp;?&nbsp;</span><span style="color: var(--highlight-default)">$context</span><span style="color: var(--highlight-keyword)">[</span><span style="color: var(--highlight-string)">"user"</span><span style="color: var(--highlight-keyword)">]&nbsp;:&nbsp;(function&nbsp;()&nbsp;{&nbsp;throw&nbsp;new&nbsp;</span><span style="color: var(--highlight-default)">RuntimeError</span><span style="color: var(--highlight-keyword)">(</span><span style="color: var(--highlight-string)">'Variable&nbsp;"user"&nbsp;does&nbsp;not&nbsp;exist.'</span><span style="color: var(--highlight-keyword)">,&nbsp;</span><span style="color: var(--highlight-default)">21</span><span style="color: var(--highlight-keyword)">,&nbsp;</span><span style="color: var(--highlight-default)">$this</span><span style="color: var(--highlight-keyword)">-&gt;</span><span style="color: var(--highlight-default)">source</span><span style="color: var(--highlight-keyword)">);&nbsp;})()),&nbsp;</span><span style="color: var(--highlight-string)">"imageUrl"</span><span style="color: var(--highlight-keyword)">,&nbsp;[],&nbsp;</span><span style="color: var(--highlight-string)">"any"</span><span style="color: var(--highlight-keyword)">,&nbsp;</span><span style="color: var(--highlight-default)">false</span><span style="color: var(--highlight-keyword)">,&nbsp;</span><span style="color: var(--highlight-default)">false</span><span style="color: var(--highlight-keyword)">,&nbsp;</span><span style="color: var(--highlight-default)">false</span><span style="color: var(--highlight-keyword)">,&nbsp;</span><span style="color: var(--highlight-default)">21</span><span style="color: var(--highlight-keyword)">)),&nbsp;</span><span style="color: var(--highlight-string)">"html"</span><span style="color: var(--highlight-keyword)">,&nbsp;</span><span style="color: var(--highlight-default)">null</span><span style="color: var(--highlight-keyword)">,&nbsp;</span><span style="color: var(--highlight-default)">true</span><span style="color: var(--highlight-keyword)">);</span></code></li>
   Γöé <li><code><span style="color: var(--highlight-keyword)">&nbsp;&nbsp;&nbsp;&nbsp;&nbsp;&nbsp;&nbsp;&nbsp;&nbsp;&nbsp;&nbsp;&nbsp;yield&nbsp;</span><span style="color: var(--highlight-default)">$this</span><span style="color: var(--highlight-keyword)">-&gt;</span><span style="color: var(--highlight-default)">env</span><span style="color: var(--highlight-keyword)">-&gt;</span><span style="color: var(--highlight-default)">getRuntime</span><span style="color: var(--highlight-keyword)">(</span><span style="color: var(--highlight-string)">'Twig\Runtime\EscaperRuntime'</span><span style="color: var(--highlight-keyword)">)-&gt;</span><span style="color: var(--highlight-default)">escape</span><span style="color: var(--highlight-keyword)">(((</span><span style="color: var(--highlight-default)">array_key_exists</span><span style="color: var(--highlight-keyword)">(</span><span style="color: var(--highlight-string)">"customClass"</span><span style="color: var(--highlight-keyword)">,&nbsp;</span><span style="color: var(--highlight-default)">$context</span><span style="color: var(--highlight-keyword)">))&nbsp;?&nbsp;(</span><span style="color: var(--highlight-default)">Twig\Extension\CoreExtension</span><span style="color: var(--highlight-keyword)">::default((isset(</span><span style="color: var(--highlight-default)">$context</span><span style="color: var(--highlight-keyword)">[</span><span style="color: var(--highlight-string)">"customClass"</span><span style="color: var(--highlight-keyword)">])&nbsp;||&nbsp;</span><span style="color: var(--highlight-default)">array_key_exists</span><span style="color: var(--highlight-keyword)">(</span><span style="color: var(--highlight-string)">"customClass"</span><span style="color: var(--highlight-keyword)">,&nbsp;</span><span style="color: var(--highlight-default)">$context</span><span style="color: var(--highlight-keyword)">)&nbsp;?&nbsp;</span><span style="color: var(--highlight-default)">$context</span><span style="color: var(--highlight-keyword)">[</span><span style="color: var(--highlight-string)">"customClass"</span><span style="color: var(--highlight-keyword)">]&nbsp;:&nbsp;(function&nbsp;()&nbsp;{&nbsp;throw&nbsp;new&nbsp;</span><span style="color: var(--highlight-default)">RuntimeError</span><span style="color: var(--highlight-keyword)">(</span><span style="color: var(--highlight-string)">'Variable&nbsp;"customClass"&nbsp;does&nbsp;not&nbsp;exist.'</span><span style="color: var(--highlight-keyword)">,&nbsp;</span><span style="color: var(--highlight-default)">21</span><span style="color: var(--highlight-keyword)">,&nbsp;</span><span style="color: var(--highlight-default)">$this</span><span style="color: var(--highlight-keyword)">-&gt;</span><span style="color: var(--highlight-default)">source</span><span style="color: var(--highlight-keyword)">);&nbsp;})()),&nbsp;</span><span style="color: var(--highlight-string)">""</span><span style="color: var(--highlight-keyword)">))&nbsp;:&nbsp;(</span><span style="color: var(--highlight-string)">""</span><span style="color: var(--highlight-keyword)">)),&nbsp;</span><span style="color: var(--highlight-string)">"html"</span><span style="color: var(--highlight-keyword)">,&nbsp;</span><span style="color: var(--highlight-default)">null</span><span style="color: var(--highlight-keyword)">,&nbsp;</span><span style="color: var(--highlight-default)">true</span><span style="color: var(--highlight-keyword)">);</span></code></li></ol>    </div>            </div>
   Γöé <li class="selected"><code><span style="color: var(--highlight-comment)">&nbsp;&nbsp;&nbsp;&nbsp;&nbsp;&nbsp;&nbsp;&nbsp;</span><span style="color: var(--highlight-keyword)">yield&nbsp;from&nbsp;</span><span style="color: var(--highlight-default)">$this</span><span style="color: var(--highlight-keyword)">-&gt;</span><span style="color: var(--highlight-default)">load</span><span style="color: var(--highlight-keyword)">(</span><span style="color: var(--highlight-string)">"components/_avatar.html.twig"</span><span style="color: var(--highlight-keyword)">,&nbsp;</span><span style="color: var(--highlight-default)">71</span><span style="color: var(--highlight-keyword)">)-&gt;</span><span style="color: var(--highlight-default)">unwrap</span><span style="color: var(--highlight-keyword)">()-&gt;</span><span style="color: var(--highlight-default)">yield</span><span style="color: var(--highlight-keyword)">(</span><span style="color: var(--highlight-default)">CoreExtension</span><span style="color: var(--highlight-keyword)">::</span><span style="color: var(--highlight-default)">merge</span><span style="color: var(--highlight-keyword)">(</span><span style="color: var(--highlight-default)">$context</span><span style="color: var(--highlight-keyword)">,&nbsp;[</span><span style="color: var(--highlight-string)">"user"&nbsp;</span><span style="color: var(--highlight-keyword)">=&gt;&nbsp;</span><span style="color: var(--highlight-default)">CoreExtension</span><span style="color: var(--highlight-keyword)">::</span><span style="color: var(--highlight-default)">getAttribute</span><span style="color: var(--highlight-keyword)">(</span><span style="color: var(--highlight-default)">$this</span><span style="color: var(--highlight-keyword)">-&gt;</span><span style="color: var(--highlight-default)">env</span><span style="color: var(--highlight-keyword)">,&nbsp;</span><span style="color: var(--highlight-default)">$this</span><span style="color: var(--highlight-keyword)">-&gt;</span><span style="color: var(--highlight-default)">source</span><span style="color: var(--highlight-keyword)">,&nbsp;(isset(</span><span style="color: var(--highlight-default)">$context</span><span style="color: var(--highlight-keyword)">[</span><span style="color: var(--highlight-string)">"app"</span><span style="color: var(--highlight-keyword)">])&nbsp;||&nbsp;</span><span style="color: var(--highlight-default)">array_key_exists</span><span style="color: var(--highlight-keyword)">(</span><span style="color: var(--highlight-string)">"app"</span><span style="color: var(--highlight-keyword)">,&nbsp;</span><span style="color: var(--highlight-default)">$context</span><span style="color: var(--highlight-keyword)">)&nbsp;?&nbsp;</span><span style="color: var(--highlight-default)">$context</span><span style="color: var(--highlight-keyword)">[</span><span style="color: var(--highlight-string)">"app"</span><span style="color: var(--highlight-keyword)">]&nbsp;:&nbsp;(function&nbsp;()&nbsp;{&nbsp;throw&nbsp;new&nbsp;</span><span style="color: var(--highlight-default)">RuntimeError</span><span style="color: var(--highlight-keyword)">(</span><span style="color: var(--highlight-string)">'Variable&nbsp;"app"&nbsp;does&nbsp;not&nbsp;exist.'</span><span style="color: var(--highlight-keyword)">,&nbsp;</span><span style="color: var(--highlight-default)">71</span><span style="color: var(--highlight-keyword)">,&nbsp;</span><span style="color: var(--highlight-default)">$this</span><span style="color: var(--highlight-keyword)">-&gt;</span><span style="color: var(--highlight-default)">source</span><span style="color: var(--highlight-keyword)">);&nbsp;})()),&nbsp;</span><span style="color: var(--highlight-string)">"user"</span><span style="color: var(--highlight-keyword)">,&nbsp;[],&nbsp;</span><span style="color: var(--highlight-string)">"any"</span><span style="color: var(--highlight-keyword)">,&nbsp;</span><span style="color: var(--highlight-default)">false</span><span style="color: var(--highlight-keyword)">,&nbsp;</span><span style="color: var(--highlight-default)">false</span><span style="color: var(--highlight-keyword)">,&nbsp;</span><span style="color: var(--highlight-default)">false</span><span style="color: var(--highlight-keyword)">,&nbsp;</span><span style="color: var(--highlight-default)">71</span><span style="color: var(--highlight-keyword)">),&nbsp;</span><span style="color: var(--highlight-string)">"size"&nbsp;</span><span style="color: var(--highlight-keyword)">=&gt;&nbsp;</span><span style="color: var(--highlight-string)">"100%"</span><span style="color: var(--highlight-keyword)">,&nbsp;</span><span style="color: var(--highlight-string)">"fontSize"&nbsp;</span><span style="color: var(--highlight-keyword)">=&gt;&nbsp;</span><span style="color: var(--highlight-string)">"1.2rem"</span><span style="color: var(--highlight-keyword)">]));</span></code></li>
   Γöé <li><code><span style="color: var(--highlight-keyword)">&nbsp;&nbsp;&nbsp;&nbsp;private&nbsp;function&nbsp;</span><span style="color: var(--highlight-default)">doRender</span><span style="color: var(--highlight-keyword)">(</span><span style="color: var(--highlight-default)">string&nbsp;$view</span><span style="color: var(--highlight-keyword)">,&nbsp;?</span><span style="color: var(--highlight-default)">string&nbsp;$block</span><span style="color: var(--highlight-keyword)">,&nbsp;array&nbsp;</span><span style="color: var(--highlight-default)">$parameters</span><span style="color: var(--highlight-keyword)">,&nbsp;?</span><span style="color: var(--highlight-default)">Response&nbsp;$response</span><span style="color: var(--highlight-keyword)">,&nbsp;</span><span style="color: var(--highlight-default)">string&nbsp;$method</span><span style="color: var(--highlight-keyword)">):&nbsp;</span><span style="color: var(--highlight-default)">Response</span></code></li>
   Γöé <li><code><span style="color: var(--highlight-keyword)">&nbsp;&nbsp;&nbsp;&nbsp;private&nbsp;function&nbsp;</span><span style="color: var(--highlight-default)">doRender</span><span style="color: var(--highlight-keyword)">(</span><span style="color: var(--highlight-default)">string&nbsp;$view</span><span style="color: var(--highlight-keyword)">,&nbsp;?</span><span style="color: var(--highlight-default)">string&nbsp;$block</span><span style="color: var(--highlight-keyword)">,&nbsp;array&nbsp;</span><span style="color: var(--highlight-default)">$parameters</span><span style="color: var(--highlight-keyword)">,&nbsp;?</span><span style="color: var(--highlight-default)">Response&nbsp;$response</span><span style="color: var(--highlight-keyword)">,&nbsp;</span><span style="color: var(--highlight-default)">string&nbsp;$method</span><span style="color: var(--highlight-keyword)">):&nbsp;</span><span style="color: var(--highlight-default)">Response</span></code></li>
   Γöé <li><code><span style="color: var(--highlight-keyword)">&nbsp;&nbsp;&nbsp;&nbsp;&nbsp;&nbsp;&nbsp;&nbsp;</span><span style="color: var(--highlight-default)">$response&nbsp;</span><span style="color: var(--highlight-keyword)">??=&nbsp;new&nbsp;</span><span style="color: var(--highlight-default)">Response</span><span style="color: var(--highlight-keyword)">();</span></code></li>
   Γöé <li><code><span style="color: var(--highlight-comment)">&nbsp;&nbsp;&nbsp;&nbsp;</span><span style="color: var(--highlight-keyword)">protected&nbsp;function&nbsp;</span><span style="color: var(--highlight-default)">render</span><span style="color: var(--highlight-keyword)">(</span><span style="color: var(--highlight-default)">string&nbsp;$view</span><span style="color: var(--highlight-keyword)">,&nbsp;array&nbsp;</span><span style="color: var(--highlight-default)">$parameters&nbsp;</span><span style="color: var(--highlight-keyword)">=&nbsp;[],&nbsp;?</span><span style="color: var(--highlight-default)">Response&nbsp;$response&nbsp;</span><span style="color: var(--highlight-keyword)">=&nbsp;</span><span style="color: var(--highlight-default)">null</span><span style="color: var(--highlight-keyword)">):&nbsp;</span><span style="color: var(--highlight-default)">Response</span></code></li>
   Γöé         var toggleClass = function(el, cssClass) { hasClass(el, cssClass) ? removeClass(el, cssClass) : addClass(el, cssClass); };
   Γöé                 toggle.innerHTML = currentContent !== altContent ? altContent : originalContent;
   Γöé                     label = i in labels ? labels[i] : value,
   Γöé                 option.setAttribute('title', 1 === (matches = filters.querySelectorAll('[data-filter-'+name+'="'+value+'"]').length) ? 'Matches 1 row' : 'Matches '+matches+' rows');
   Γöé                 localStorage.getItem('symfony/profiler/theme') || (matchMedia('(prefers-color-scheme: dark)').matches ? 'theme-dark' : 'theme-light')
   Γöé                         <script> Sfdump = window.Sfdump || (function (doc) { doc.documentElement.classList.add('sf-js-enabled'); var rxEsc = /([.*+?^${}()|\[\]\/\\])/g, idRx = /\bsf-dump-\d+-ref[012]\w+\b/, keyHint = 0 <= navigator.platform.toUpperCase().indexOf('MAC') ? 'Cmd' : 'Ctrl', addEventListener = function (e, n, cb) { e.addEventListener(n, cb, false); }; if (!doc.addEventListener) { addEventListener = function (element, eventName, callback) { element.attachEvent('on' + eventName, function (e) { e.preventDefault = function () {e.returnValue = false;}; e.target = e.srcElement; callback(e); }); }; } function toggle(a, recursive) { var s = a.nextSibling || {}, oldClass = s.className, arrow, newClass; if (/\bsf-dump-compact\b/.test(oldClass)) { arrow = '&#9660;'; newClass = 'sf-dump-expanded'; } else if (/\bsf-dump-expanded\b/.test(oldClass)) { arrow = '&#9654;'; newClass = 'sf-dump-compact'; } else { return false; } if (doc.createEvent && s.dispatchEvent) { var event = doc.createEvent('Event'); event.initEvent('sf-dump-expanded' === newClass ? 'sfbeforedumpexpand' : 'sfbeforedumpcollapse', true, false); s.dispatchEvent(event); } a.lastChild.innerHTML = arrow; s.className = s.className.replace(/\bsf-dump-(compact|expanded)\b/, newClass); if (recursive) { try { a = s.querySelectorAll('.'+oldClass); for (s = 0; s < a.length; ++s) { if (-1 == a[s].className.indexOf(newClass)) { a[s].className = newClass; a[s].previousSibling.lastChild.innerHTML = arrow; } } } catch (e) { } } return true; }; function collapse(a, recursive) { var s = a.nextSibling || {}, oldClass = s.className; if (/\bsf-dump-expanded\b/.test(oldClass)) { toggle(a, recursive); return true; } return false; }; function expand(a, recursive) { var s = a.nextSibling || {}, oldClass = s.className; if (/\bsf-dump-compact\b/.test(oldClass)) { toggle(a, recursive); return true; } return false; }; function collapseAll(root) { var a = root.querySelector('a.sf-dump-toggle'); if (a) { collapse(a, true); expand(a); return true; } return false; } function reveal(node) { var previous, parents = []; while ((node = node.parentNode || {}) && (previous = node.previousSibling) && 'A' === previous.tagName) { parents.push(previous); } if (0 !== parents.length) { parents.forEach(function (parent) { expand(parent); }); return true; } return false; } function highlight(root, activeNode, nodes) { resetHighlightedNodes(root); Array.from(nodes||[]).forEach(function (node) { if (!/\bsf-dump-highlight\b/.test(node.className)) { node.className = node.className + ' sf-dump-highlight'; } }); if (!/\bsf-dump-highlight-active\b/.test(activeNode.className)) { activeNode.className = activeNode.className + ' sf-dump-highlight-active'; } } function resetHighlightedNodes(root) { Array.from(root.querySelectorAll('.sf-dump-str, .sf-dump-key, .sf-dump-public, .sf-dump-protected, .sf-dump-private')).forEach(function (strNode) { strNode.className = strNode.className.replace(/\bsf-dump-highlight\b/, ''); strNode.className = strNode.className.replace(/\bsf-dump-highlight-active\b/, ''); }); } return function (root, x) { root = doc.getElementById(root); var indentRx = new RegExp('^('+(root.getAttribute('data-indent-pad') || ' ').replace(rxEsc, '\\$1')+')+', 'm'), options = {"maxDepth":1,"maxStringLength":160,"fileLinkFormat":false}, elt = root.getElementsByTagName('A'), len = elt.length, i = 0, s, h, t = []; while (i < len) t.push(elt[i++]); for (i in x) { options[i] = x[i]; } function a(e, f) { addEventListener(root, e, function (e, n) { if ('A' == e.target.tagName) { f(e.target, e); } else if ('A' == e.target.parentNode.tagName) { f(e.target.parentNode, e); } else { n = /\bsf-dump-ellipsis\b/.test(e.target.className) ? e.target.parentNode : e.target; if ((n = n.nextElementSibling) && 'A' == n.tagName) { if (!/\bsf-dump-toggle\b/.test(n.className)) { n = n.nextElementSibling || n; } f(n, e, true); } } }); }; function isCtrlKey(e) { return e.ctrlKey || e.metaKey; } function xpathString(str) { var parts = str.match(/[^'"]+|['"]/g).map(function (part) { if ("'" == part) { return '"\'"'; } if ('"' == part) { return "'\"'"; } return "'" + part + "'"; }); return "concat(" + parts.join(",") + ", '')"; } function xpathHasClass(className) { return "contains(concat(' ', normalize-space(@class), ' '), ' " + className +" ')"; } a('mouseover', function (a, e, c) { if (c) { e.target.style.cursor = "pointer"; } }); a('click', function (a, e, c) { if (/\bsf-dump-toggle\b/.test(a.className)) { e.preventDefault(); if (!toggle(a, isCtrlKey(e))) { var r = doc.getElementById(a.getAttribute('href').slice(1)), s = r.previousSibling, f = r.parentNode, t = a.parentNode; t.replaceChild(r, a); f.replaceChild(a, s); t.insertBefore(s, r); f = f.firstChild.nodeValue.match(indentRx); t = t.firstChild.nodeValue.match(indentRx); if (f && t && f[0] !== t[0]) { r.innerHTML = r.innerHTML.replace(new RegExp('^'+f[0].replace(rxEsc, '\\$1'), 'mg'), t[0]); } if (/\bsf-dump-compact\b/.test(r.className)) { toggle(s, isCtrlKey(e)); } } if (c) { } else if (doc.getSelection) { try { doc.getSelection().removeAllRanges(); } catch (e) { doc.getSelection().empty(); } } else { doc.selection.empty(); } } else if (/\bsf-dump-str-toggle\b/.test(a.className)) { e.preventDefault(); e = a.parentNode.parentNode; e.className = e.className.replace(/\bsf-dump-str-(expand|collapse)\b/, a.parentNode.className); } }); elt = root.getElementsByTagName('SAMP'); len = elt.length; i = 0; while (i < len) t.push(elt[i++]); len = t.length; for (i = 0; i < len; ++i) { elt = t[i]; if ('SAMP' == elt.tagName) { a = elt.previousSibling || {}; if ('A' != a.tagName) { a = doc.createElement('A'); a.className = 'sf-dump-ref'; elt.parentNode.insertBefore(a, elt); } else { a.innerHTML += ' '; } a.title = (a.title ? a.title+'\n[' : '[')+keyHint+'+click] Expand all children'; a.innerHTML += elt.className == 'sf-dump-compact' ? '<span>&#9654;</span>' : '<span>&#9660;</span>'; a.className += ' sf-dump-toggle'; x = 1; if ('sf-dump' != elt.parentNode.className) { x += elt.parentNode.getAttribute('data-depth')/1; } } else if (/\bsf-dump-ref\b/.test(elt.className) && (a = elt.getAttribute('href'))) { a = a.slice(1); elt.className += ' sf-dump-hover'; elt.className += ' '+a; if (/[\[{]$/.test(elt.previousSibling.nodeValue)) { a = a != elt.nextSibling.id && doc.getElementById(a); try { s = a.nextSibling; elt.appendChild(a); s.parentNode.insertBefore(a, s); if (/^[@#]/.test(elt.innerHTML)) { elt.innerHTML += ' <span>&#9654;</span>'; } else { elt.innerHTML = '<span>&#9654;</span>'; elt.className = 'sf-dump-ref'; } elt.className += ' sf-dump-toggle'; } catch (e) { if ('&' == elt.innerHTML.charAt(0)) { elt.innerHTML = '&#8230;'; elt.className = 'sf-dump-ref'; } } } } } if (doc.evaluate && Array.from && root.children.length > 1) { root.setAttribute('tabindex', 0); SearchState = function () { this.nodes = []; this.idx = 0; }; SearchState.prototype = { next: function () { if (this.isEmpty()) { return this.current(); } this.idx = this.idx < (this.nodes.length - 1) ? this.idx + 1 : 0; return this.current(); }, previous: function () { if (this.isEmpty()) { return this.current(); } this.idx = this.idx > 0 ? this.idx - 1 : (this.nodes.length - 1); return this.current(); }, isEmpty: function () { return 0 === this.count(); }, current: function () { if (this.isEmpty()) { return null; } return this.nodes[this.idx]; }, reset: function () { this.nodes = []; this.idx = 0; }, count: function () { return this.nodes.length; }, }; function showCurrent(state) { var currentNode = state.current(), currentRect, searchRect; if (currentNode) { reveal(currentNode); highlight(root, currentNode, state.nodes); if ('scrollIntoView' in currentNode) { currentNode.scrollIntoView(true); currentRect = currentNode.getBoundingClientRect(); searchRect = search.getBoundingClientRect(); if (currentRect.top < (searchRect.top + searchRect.height)) { window.scrollBy(0, -(searchRect.top + searchRect.height + 5)); } } } counter.textContent = (state.isEmpty() ? 0 : state.idx + 1) + ' of ' + state.count(); } var search = doc.createElement('div'); search.className = 'sf-dump-search-wrapper sf-dump-search-hidden'; search.innerHTML = ' <input type="text" class="sf-dump-search-input"> <span class="sf-dump-search-count">0 of 0<\/span> <button type="button" class="sf-dump-search-input-previous" tabindex="-1"> <svg viewBox="0 0 1792 1792" xmlns="http://www.w3.org/2000/svg"><path d="M1683 1331l-166 165q-19 19-45 19t-45-19L896 965l-531 531q-19 19-45 19t-45-19l-166-165q-19-19-19-45.5t19-45.5l742-741q19-19 45-19t45 19l742 741q19 19 19 45.5t-19 45.5z"\/><\/svg> <\/button> <button type="button" class="sf-dump-search-input-next" tabindex="-1"> <svg viewBox="0 0 1792 1792" xmlns="http://www.w3.org/2000/svg"><path d="M1683 808l-742 741q-19 19-45 19t-45-19L109 808q-19-19-19-45.5t19-45.5l166-165q19-19 45-19t45 19l531 531 531-531q19-19 45-19t45 19l166 165q19 19 19 45.5t-19 45.5z"\/><\/svg> <\/button> '; root.insertBefore(search, root.firstChild); var state = new SearchState(); var searchInput = search.querySelector('.sf-dump-search-input'); var counter = search.querySelector('.sf-dump-search-count'); var searchInputTimer = 0; var previousSearchQuery = ''; addEventListener(searchInput, 'keyup', function (e) { var searchQuery = e.target.value; /* Don't perform anything if the pressed key didn't change the query */ if (searchQuery === previousSearchQuery) { return; } previousSearchQuery = searchQuery; clearTimeout(searchInputTimer); searchInputTimer = setTimeout(function () { state.reset(); collapseAll(root); resetHighlightedNodes(root); if ('' === searchQuery) { counter.textContent = '0 of 0'; return; } var classMatches = [ "sf-dump-str", "sf-dump-key", "sf-dump-public", "sf-dump-protected", "sf-dump-private", ].map(xpathHasClass).join(' or '); var xpathResult = doc.evaluate('.//span[' + classMatches + '][contains(translate(child::text(), ' + xpathString(searchQuery.toUpperCase()) + ', ' + xpathString(searchQuery.toLowerCase()) + '), ' + xpathString(searchQuery.toLowerCase()) + ')]', root, null, XPathResult.ORDERED_NODE_ITERATOR_TYPE, null); while (node = xpathResult.iterateNext()) state.nodes.push(node); showCurrent(state); }, 400); }); Array.from(search.querySelectorAll('.sf-dump-search-input-next, .sf-dump-search-input-previous')).forEach(function (btn) { addEventListener(btn, 'click', function (e) { e.preventDefault(); -1 !== e.target.className.indexOf('next') ? state.next() : state.previous(); searchInput.focus(); collapseAll(root); showCurrent(state); }) }); addEventListener(root, 'keydown', function (e) { var isSearchActive = !/\bsf-dump-search-hidden\b/.test(search.className); if ((114 === e.keyCode && !isSearchActive) || (isCtrlKey(e) && 70 === e.keyCode)) { /* F3 or CMD/CTRL + F */ if (70 === e.keyCode && document.activeElement === searchInput) { /* * If CMD/CTRL + F is hit while having focus on search input, * the user probably meant to trigger browser search instead. * Let the browser execute its behavior: */ return; } e.preventDefault(); search.className = search.className.replace(/\bsf-dump-search-hidden\b/, ''); searchInput.focus(); } else if (isSearchActive) { if (27 === e.keyCode) { /* ESC key */ search.className += ' sf-dump-search-hidden'; e.preventDefault(); resetHighlightedNodes(root); searchInput.value = ''; } else if ( (isCtrlKey(e) && 71 === e.keyCode) /* CMD/CTRL + G */ || 13 === e.keyCode /* Enter */ || 114 === e.keyCode /* F3 */ ) { e.preventDefault(); e.shiftKey ? state.previous() : state.next(); collapseAll(root); showCurrent(state); } } }); } if (0 >= options.maxStringLength) { return; } try { elt = root.querySelectorAll('.sf-dump-str'); len = elt.length; i = 0; t = []; while (i < len) t.push(elt[i++]); len = t.length; for (i = 0; i < len; ++i) { elt = t[i]; s = elt.innerText || elt.textContent; x = s.length - options.maxStringLength; if (0 < x) { h = elt.innerHTML; elt[elt.innerText ? 'innerText' : 'textContent'] = s.substring(0, options.maxStringLength); elt.className += ' sf-dump-str-collapse'; elt.innerHTML = '<span class=sf-dump-str-collapse>'+h+'<a class="sf-dump-ref sf-dump-str-toggle" title="Collapse"> &#9664;</a></span>'+ '<span class=sf-dump-str-expand>'+elt.innerHTML+'<a class="sf-dump-ref sf-dump-str-toggle" title="'+x+' remaining characters"> &#9654;</a></span>'; } } } catch (e) { } }; })(document); </script><style> .sf-js-enabled pre.sf-dump .sf-dump-compact, .sf-js-enabled .sf-dump-str-collapse .sf-dump-str-collapse, .sf-js-enabled .sf-dump-str-expand .sf-dump-str-expand { display: none; } .sf-dump-hover:hover { background-color: #B729D9; color: #FFF !important; border-radius: 2px; } pre.sf-dump { display: block; white-space: pre; padding: 5px; overflow: initial !important; } pre.sf-dump:after { content: ""; visibility: hidden; display: block; height: 0; clear: both; } pre.sf-dump .sf-dump-ellipsization { display: inline-flex; } pre.sf-dump a { text-decoration: none; cursor: pointer; border: 0; outline: none; color: inherit; } pre.sf-dump img { max-width: 50em; max-height: 50em; margin: .5em 0 0 0; padding: 0; background: url(data:image/png;base64,iVBORw0KGgoAAAANSUhEUgAAABAAAAAQCAAAAAA6mKC9AAAAHUlEQVQY02O8zAABilCaiQEN0EeA8QuUcX9g3QEAAjcC5piyhyEAAAAASUVORK5CYII=) #D3D3D3; } pre.sf-dump .sf-dump-ellipsis { text-overflow: ellipsis; white-space: nowrap; overflow: hidden; } pre.sf-dump .sf-dump-ellipsis-tail { flex-shrink: 0; } pre.sf-dump code { display:inline; padding:0; background:none; } .sf-dump-public.sf-dump-highlight, .sf-dump-protected.sf-dump-highlight, .sf-dump-private.sf-dump-highlight, .sf-dump-str.sf-dump-highlight, .sf-dump-key.sf-dump-highlight { background: rgba(111, 172, 204, 0.3); border: 1px solid #7DA0B1; border-radius: 3px; } .sf-dump-public.sf-dump-highlight-active, .sf-dump-protected.sf-dump-highlight-active, .sf-dump-private.sf-dump-highlight-active, .sf-dump-str.sf-dump-highlight-active, .sf-dump-key.sf-dump-highlight-active { background: rgba(253, 175, 0, 0.4); border: 1px solid #ffa500; border-radius: 3px; } pre.sf-dump .sf-dump-search-hidden { display: none !important; } pre.sf-dump .sf-dump-search-wrapper { font-size: 0; white-space: nowrap; margin-bottom: 5px; display: flex; position: -webkit-sticky; position: sticky; top: 5px; } pre.sf-dump .sf-dump-search-wrapper > * { vertical-align: top; box-sizing: border-box; height: 21px; font-weight: normal; border-radius: 0; background: #FFF; color: #757575; border: 1px solid #BBB; } pre.sf-dump .sf-dump-search-wrapper > input.sf-dump-search-input { padding: 3px; height: 21px; font-size: 12px; border-right: none; border-top-left-radius: 3px; border-bottom-left-radius: 3px; color: #000; min-width: 15px; width: 100%; } pre.sf-dump .sf-dump-search-wrapper > .sf-dump-search-input-next, pre.sf-dump .sf-dump-search-wrapper > .sf-dump-search-input-previous { background: #F2F2F2; outline: none; border-left: none; font-size: 0; line-height: 0; } pre.sf-dump .sf-dump-search-wrapper > .sf-dump-search-input-next { border-top-right-radius: 3px; border-bottom-right-radius: 3px; } pre.sf-dump .sf-dump-search-wrapper > .sf-dump-search-input-next > svg, pre.sf-dump .sf-dump-search-wrapper > .sf-dump-search-input-previous > svg { pointer-events: none; width: 12px; height: 12px; } pre.sf-dump .sf-dump-search-wrapper > .sf-dump-search-count { display: inline-block; padding: 0 5px; margin: 0; border-left: none; line-height: 21px; font-size: 12px; }pre.sf-dump, pre.sf-dump .sf-dump-default{background:none; color:#CC7832; line-height:1.2em; font:12px Menlo, Monaco, Consolas, monospace; word-wrap: break-word; white-space: pre-wrap; position:relative; z-index:99999; word-break: break-all}pre.sf-dump .sf-dump-num{font-weight:bold; color:#1299DA}pre.sf-dump .sf-dump-const{font-weight:bold}pre.sf-dump .sf-dump-str{font-weight:bold; color:#629755;}pre.sf-dump .sf-dump-note{color:#6897BB}pre.sf-dump .sf-dump-ref{color:#6E6E6E}pre.sf-dump .sf-dump-public{color:#262626}pre.sf-dump .sf-dump-protected{color:#262626}pre.sf-dump .sf-dump-private{color:#262626}pre.sf-dump .sf-dump-meta{color:#B729D9}pre.sf-dump .sf-dump-key{color:#789339}pre.sf-dump .sf-dump-index{color:#1299DA}pre.sf-dump .sf-dump-ellipsis{color:#CC7832}pre.sf-dump .sf-dump-ns{user-select:none;}pre.sf-dump .sf-dump-ellipsis-note{color:#6897BB}</style><pre class=sf-dump id=sf-dump-340257694 data-indent-pad="  "><span class=sf-dump-note>Twig\Error\RuntimeError</span> {<a class=sf-dump-ref>#11195</a><samp data-depth=1 class=sf-dump-expanded>
   Γöé <li class="selected"><code><span style="color: var(--highlight-comment)">&nbsp;&nbsp;&nbsp;&nbsp;&nbsp;&nbsp;&nbsp;&nbsp;</span><span style="color: var(--highlight-keyword)">yield&nbsp;</span><span style="color: var(--highlight-default)">$this</span><span style="color: var(--highlight-keyword)">-&gt;</span><span style="color: var(--highlight-default)">env</span><span style="color: var(--highlight-keyword)">-&gt;</span><span style="color: var(--highlight-default)">getRuntime</span><span style="color: var(--highlight-keyword)">(</span><span style="color: var(--highlight-string)">'Twig\Runtime\EscaperRuntime'</span><span style="color: var(--highlight-keyword)">)-&gt;</span><span style="color: var(--highlight-default)">escape</span><span style="color: var(--highlight-keyword)">(</span><span style="color: var(--highlight-default)">CoreExtension</span><span style="color: var(--highlight-keyword)">::</span><span style="color: var(--highlight-default)">getAttribute</span><span style="color: var(--highlight-keyword)">(</span><span style="color: var(--highlight-default)">$this</span><span style="color: var(--highlight-keyword)">-&gt;</span><span style="color: var(--highlight-default)">env</span><span style="color: var(--highlight-keyword)">,&nbsp;</span><span style="color: var(--highlight-default)">$this</span><span style="color: var(--highlight-keyword)">-&gt;</span><span style="color: var(--highlight-default)">source</span><span style="color: var(--highlight-keyword)">,&nbsp;(isset(</span><span style="color: var(--highlight-default)">$context</span><span style="color: var(--highlight-keyword)">[</span><span style="color: var(--highlight-string)">"stats"</span><span style="color: var(--highlight-keyword)">])&nbsp;||&nbsp;</span><span style="color: var(--highlight-default)">array_key_exists</span><span style="color: var(--highlight-keyword)">(</span><span style="color: var(--highlight-string)">"stats"</span><span style="color: var(--highlight-keyword)">,&nbsp;</span><span style="color: var(--highlight-default)">$context</span><span style="color: var(--highlight-keyword)">)&nbsp;?&nbsp;</span><span style="color: var(--highlight-default)">$context</span><span style="color: var(--highlight-keyword)">[</span><span style="color: var(--highlight-string)">"stats"</span><span style="color: var(--highlight-keyword)">]&nbsp;:&nbsp;(function&nbsp;()&nbsp;{&nbsp;throw&nbsp;new&nbsp;</span><span style="color: var(--highlight-default)">RuntimeError</span><span style="color: var(--highlight-keyword)">(</span><span style="color: var(--highlight-string)">'Variable&nbsp;"stats"&nbsp;does&nbsp;not&nbsp;exist.'</span><span style="color: var(--highlight-keyword)">,&nbsp;</span><span style="color: var(--highlight-default)">14</span><span style="color: var(--highlight-keyword)">,&nbsp;</span><span style="color: var(--highlight-default)">$this</span><span style="color: var(--highlight-keyword)">-&gt;</span><span style="color: var(--highlight-default)">source</span><span style="color: var(--highlight-keyword)">);&nbsp;})()),&nbsp;</span><span style="color: var(--highlight-string)">"analysesThisMonth"</span><span style="color: var(--highlight-keyword)">,&nbsp;[],&nbsp;</span><span style="color: var(--highlight-string)">"any"</span><span style="color: var(--highlight-keyword)">,&nbsp;</span><span style="color: var(--highlight-default)">false</span><span style="color: var(--highlight-keyword)">,&nbsp;</span><span style="color: var(--highlight-default)">false</span><span style="color: var(--highlight-keyword)">,&nbsp;</span><span style="color: var(--highlight-default)">false</span><span style="color: var(--highlight-keyword)">,&nbsp;</span><span style="color: var(--highlight-default)">14</span><span style="color: var(--highlight-keyword)">),&nbsp;</span><span style="color: var(--highlight-string)">"html"</span><span style="color: var(--highlight-keyword)">,&nbsp;</span><span style="color: var(--highlight-default)">null</span><span style="color: var(--highlight-keyword)">,&nbsp;</span><span style="color: var(--highlight-default)">true</span><span style="color: var(--highlight-keyword)">);</span></code></li>
   Γöé <li><code><span style="color: var(--highlight-keyword)">&nbsp;&nbsp;&nbsp;&nbsp;private&nbsp;function&nbsp;</span><span style="color: var(--highlight-default)">doRender</span><span style="color: var(--highlight-keyword)">(</span><span style="color: var(--highlight-default)">string&nbsp;$view</span><span style="color: var(--highlight-keyword)">,&nbsp;?</span><span style="color: var(--highlight-default)">string&nbsp;$block</span><span style="color: var(--highlight-keyword)">,&nbsp;array&nbsp;</span><span style="color: var(--highlight-default)">$parameters</span><span style="color: var(--highlight-keyword)">,&nbsp;?</span><span style="color: var(--highlight-default)">Response&nbsp;$response</span><span style="color: var(--highlight-keyword)">,&nbsp;</span><span style="color: var(--highlight-default)">string&nbsp;$method</span><span style="color: var(--highlight-keyword)">):&nbsp;</span><span style="color: var(--highlight-default)">Response</span></code></li>
   Γöé <li><code><span style="color: var(--highlight-keyword)">&nbsp;&nbsp;&nbsp;&nbsp;private&nbsp;function&nbsp;</span><span style="color: var(--highlight-default)">doRender</span><span style="color: var(--highlight-keyword)">(</span><span style="color: var(--highlight-default)">string&nbsp;$view</span><span style="color: var(--highlight-keyword)">,&nbsp;?</span><span style="color: var(--highlight-default)">string&nbsp;$block</span><span style="color: var(--highlight-keyword)">,&nbsp;array&nbsp;</span><span style="color: var(--highlight-default)">$parameters</span><span style="color: var(--highlight-keyword)">,&nbsp;?</span><span style="color: var(--highlight-default)">Response&nbsp;$response</span><span style="color: var(--highlight-keyword)">,&nbsp;</span><span style="color: var(--highlight-default)">string&nbsp;$method</span><span style="color: var(--highlight-keyword)">):&nbsp;</span><span style="color: var(--highlight-default)">Response</span></code></li>
   Γöé <li><code><span style="color: var(--highlight-keyword)">&nbsp;&nbsp;&nbsp;&nbsp;&nbsp;&nbsp;&nbsp;&nbsp;</span><span style="color: var(--highlight-default)">$response&nbsp;</span><span style="color: var(--highlight-keyword)">??=&nbsp;new&nbsp;</span><span style="color: var(--highlight-default)">Response</span><span style="color: var(--highlight-keyword)">();</span></code></li>
   Γöé <li><code><span style="color: var(--highlight-comment)">&nbsp;&nbsp;&nbsp;&nbsp;</span><span style="color: var(--highlight-keyword)">protected&nbsp;function&nbsp;</span><span style="color: var(--highlight-default)">render</span><span style="color: var(--highlight-keyword)">(</span><span style="color: var(--highlight-default)">string&nbsp;$view</span><span style="color: var(--highlight-keyword)">,&nbsp;array&nbsp;</span><span style="color: var(--highlight-default)">$parameters&nbsp;</span><span style="color: var(--highlight-keyword)">=&nbsp;[],&nbsp;?</span><span style="color: var(--highlight-default)">Response&nbsp;$response&nbsp;</span><span style="color: var(--highlight-keyword)">=&nbsp;</span><span style="color: var(--highlight-default)">null</span><span style="color: var(--highlight-keyword)">):&nbsp;</span><span style="color: var(--highlight-default)">Response</span></code></li>
   Γöé         var toggleClass = function(el, cssClass) { hasClass(el, cssClass) ? removeClass(el, cssClass) : addClass(el, cssClass); };
   Γöé                 toggle.innerHTML = currentContent !== altContent ? altContent : originalContent;
   Γöé                     label = i in labels ? labels[i] : value,
   Γöé                 option.setAttribute('title', 1 === (matches = filters.querySelectorAll('[data-filter-'+name+'="'+value+'"]').length) ? 'Matches 1 row' : 'Matches '+matches+' rows');
   Γöé                                     'doctrine.ulid_generator' => '?'
   Γöé                                     'doctrine.uuid_generator' => '?'
   Γöé                                                                     'App\EventListener\CaptchaLoginListener' => '?'
   Γöé                                                                     'App\Form\AnalyseAdminType' => '?'
   Γöé                                                                     'App\Form\AnalyseType' => '?'
   Γöé                                                                     'App\Form\AnimalType' => '?'
   Γöé                                                                     'App\Form\ConseilAdminType' => '?'
   Γöé                                                                     'App\Form\ConseilType' => '?'
   Γöé                                                                     'App\Form\FermeType' => '?'
   Γöé                                                                     'App\Form\PlanteType' => '?'
   Γöé                                                                     'App\Form\RegistrationFormType' => '?'
   Γöé                                                                     'App\Form\UserAdminType' => '?'
   Γöé                                                                     'App\Repository\AnalyseRepository' => '?'
   Γöé                                                                     'App\Repository\AnimalRepository' => '?'
   Γöé                                                                     'App\Repository\AnimalSanteRepository' => '?'
   Γöé                                                                     'App\Repository\ArrosageRepository' => '?'
   Γöé                                                                     'App\Repository\ConseilRepository' => '?'
   Γöé                                                                     'App\Repository\FermeRepository' => '?'
   Γöé                                                                     'App\Repository\PlanteRepository' => '?'
   Γöé                                                                     'App\Repository\SuiviSanteRepository' => '?'
   Γöé                                                                     'App\Repository\UserFaceRepository' => '?'
   Γöé                                                                     'App\Repository\UserLogRepository' => '?'
   Γöé                                                                     'App\Repository\UserRepository' => '?'
   Γöé                                                                     'App\Security\LegacyPasswordHasher' => '?'
   Γöé                                                                     'App\Service\AuthService' => '?'
   Γöé                                                                     'App\Service\CaptchaService' => '?'
   Γöé                                                                     'App\Service\FaceEnrollmentService' => '?'
   Γöé                                                                     'App\Service\FarmPredictor' => '?'
   Γöé                                                                     'App\Service\GroqChatService' => '?'
   Γöé                                                                     'App\Service\GroqService' => '?'
   Γöé                                                                     'App\Service\PerenualService' => '?'
   Γöé                                                                     'App\Service\PlantService' => '?'
   Γöé                                                                     'App\Service\PythonFaceRecognitionService' => '?'
   Γöé                                                                     'App\Service\ReportService' => '?'
   Γöé                                                                     'App\Service\UserLogService' => '?'
   Γöé                                                                     'App\Service\UserService' => '?'
   Γöé                                                                     'App\Service\WeatherService' => '?'
   Γöé                                                                     'App\Twig\JsonDecodeExtension' => '?'
   Γöé                                                                     'argument_metadata_factory' => '?'
   Γöé                                                                     'argument_resolver.backed_enum_resolver' => '?'
   Γöé                                                                     'argument_resolver.datetime' => '?'
   Γöé                                                                     'argument_resolver.request_payload' => '?'
   Γöé                                                                     'argument_resolver.request_attribute' => '?'
   Γöé                                                                     'argument_resolver.request' => '?'
   Γöé                                                                     'argument_resolver.session' => '?'
   Γöé                                                                     'argument_resolver.service' => '?'
   Γöé                                                                     'argument_resolver.default' => '?'
   Γöé                                                                     'argument_resolver.variadic' => '?'
   Γöé                                                                     'argument_resolver.query_parameter_value_resolver' => '?'
   Γöé                                                                     'response_listener' => '?'
   Γöé                                                                     'locale_listener' => '?'
   Γöé                                                                     'validate_request_listener' => '?'
   Γöé                                                                     'disallow_search_engine_index_response_listener' => '?'
   Γöé                                                                     'exception_listener' => '?'
   Γöé                                                                     'controller.cache_attribute_listener' => '?'
   Γöé                                                                     'parameter_bag' => '?'
   Γöé                                                                     'url_helper' => '?'
   Γöé                                                                     'cache_clearer' => '?'
   Γöé                                                                     'filesystem' => '?'
   Γöé                                                                     'file_locator' => '?'
   Γöé                                                                     'uri_signer' => '?'
   Γöé                                                                     'config_cache_factory' => '?'
   Γöé                                                                     'dependency_injection.config.container_parameters_resource_checker' => '?'
   Γöé                                                                     'config.resource.self_checking_resource_checker' => '?'
   Γöé                                                                     'locale_aware_listener' => '?'
   Γöé                                                                     'container.env_var_processor' => '?'
   Γöé                                                                     'slugger' => '?'
   Γöé                                                                     'container.getenv' => '?'
   Γöé                                                                     'config_builder.warmer' => '?'
   Γöé                                                                     'clock' => '?'
   Γöé                                                                     'fragment.handler' => '?'
   Γöé                                                                     'fragment.uri_generator' => '?'
   Γöé                                                                     'fragment.renderer.inline' => '?'
   Γöé                                                                     'error_handler.error_renderer.html' => '?'
   Γöé                                                                     'process.messenger.process_message_handler' => '?'
   Γöé                                                                     'console.error_listener' => '?'
   Γöé                                                                     'console.suggest_missing_package_subscriber' => '?'
   Γöé                                                                     'console.command.about' => '?'
   Γöé                                                                     'console.command.assets_install' => '?'
   Γöé                                                                     'console.command.cache_clear' => '?'
   Γöé                                                                     'console.command.cache_pool_clear' => '?'
   Γöé                                                                     'console.command.cache_pool_prune' => '?'
   Γöé                                                                     'console.command.cache_pool_invalidate_tags' => '?'
   Γöé                                                                     'console.command.cache_pool_delete' => '?'
   Γöé                                                                     'console.command.cache_pool_list' => '?'
   Γöé                                                                     'console.command.cache_warmup' => '?'
   Γöé                                                                     'console.command.config_debug' => '?'
   Γöé                                                                     'console.command.config_dump_reference' => '?'
   Γöé                                                                     'console.command.container_debug' => '?'
   Γöé                                                                     'console.command.container_lint' => '?'
   Γöé                                                                     'console.command.debug_autowiring' => '?'
   Γöé                                                                     'console.command.dotenv_debug' => '?'
   Γöé                                                                     'console.command.event_dispatcher_debug' => '?'
   Γöé                                                                     'console.command.messenger_consume_messages' => '?'
   Γöé                                                                     'console.command.messenger_setup_transports' => '?'
   Γöé                                                                     'console.command.messenger_debug' => '?'
   Γöé                                                                     'console.command.messenger_stop_workers' => '?'
   Γöé                                                                     'console.command.messenger_failed_messages_retry' => '?'
   Γöé                                                                     'console.command.messenger_failed_messages_show' => '?'
   Γöé                                                                     'console.command.messenger_failed_messages_remove' => '?'
   Γöé                                                                     'console.command.messenger_stats' => '?'
   Γöé                                                                     'console.command.router_debug' => '?'
   Γöé                                                                     'console.command.router_match' => '?'
   Γöé                                                                     'console.command.serializer_debug' => '?'
   Γöé                                                                     'console.command.translation_debug' => '?'
   Γöé                                                                     'console.command.translation_extract' => '?'
   Γöé                                                                     'console.command.validator_debug' => '?'
   Γöé                                                                     'console.command.translation_pull' => '?'
   Γöé                                                                     'console.command.translation_push' => '?'
   Γöé                                                                     'console.command.xliff_lint' => '?'
   Γöé                                                                     'console.command.yaml_lint' => '?'
   Γöé                                                                     'console.command.form_debug' => '?'
   Γöé                                                                     'console.command.secrets_set' => '?'
   Γöé                                                                     'console.command.secrets_remove' => '?'
   Γöé                                                                     'console.command.secrets_generate_key' => '?'
   Γöé                                                                     'console.command.secrets_list' => '?'
   Γöé                                                                     'console.command.secrets_decrypt_to_local' => '?'
   Γöé                                                                     'console.command.secrets_encrypt_from_local' => '?'
   Γöé                                                                     'console.messenger.application' => '?'
   Γöé                                                                     'console.messenger.execute_command_handler' => '?'
   Γöé                                                                     'cache.app.taggable' => '?'
   Γöé                                                                     'cache.validator' => '?'
   Γöé                                                                     'cache.serializer' => '?'
   Γöé                                                                     'cache.annotations' => '?'
   Γöé                                                                     'cache.property_info' => '?'
   Γöé                                                                     'cache.asset_mapper' => '?'
   Γöé                                                                     'cache.messenger.restart_workers_signal' => '?'
   Γöé                                                                     'cache.default_marshaller' => '?'
   Γöé                                                                     'cache.default_clearer' => '?'
   Γöé                                                                     'identity_translator' => '?'
   Γöé                                                                     'test.client.history' => '?'
   Γöé                                                                     'test.client.cookiejar' => '?'
   Γöé                                                                     'test.session.listener' => '?'
   Γöé                                                                     'assets.packages' => '?'
   Γöé                                                                     'assets.context' => '?'
   Γöé                                                                     'assets.empty_version_strategy' => '?'
   Γöé                                                                     'asset_mapper' => '?'
   Γöé                                                                     'asset_mapper.cached_mapped_asset_factory.inner' => '?'
   Γöé                                                                     'asset_mapper.cached_mapped_asset_factory' => '?'
   Γöé                                                                     'asset_mapper.repository' => '?'
   Γöé                                                                     'asset_mapper.public_assets_path_resolver' => '?'
   Γöé                                                                     'asset_mapper.local_public_assets_filesystem' => '?'
   Γöé                                                                     'asset_mapper.compiled_asset_mapper_config_reader' => '?'
   Γöé                                                                     'asset_mapper.asset_package.inner' => '?'
   Γöé                                                                     'asset_mapper.asset_package' => '?'
   Γöé                                                                     'asset_mapper.dev_server_subscriber' => '?'
   Γöé                                                                     'asset_mapper.command.compile' => '?'
   Γöé                                                                     'asset_mapper.command.debug' => '?'
   Γöé                                                                     'asset_mapper_compiler' => '?'
   Γöé                                                                     'asset_mapper.compiler.css_asset_url_compiler' => '?'
   Γöé                                                                     'asset_mapper.compiler.source_mapping_urls_compiler' => '?'
   Γöé                                                                     'asset_mapper.compiler.javascript_import_path_compiler' => '?'
   Γöé                                                                     'asset_mapper.importmap.config_reader' => '?'
   Γöé                                                                     'asset_mapper.importmap.manager' => '?'
   Γöé                                                                     'asset_mapper.importmap.generator' => '?'
   Γöé                                                                     'asset_mapper.importmap.remote_package_storage' => '?'
   Γöé                                                                     'asset_mapper.importmap.remote_package_downloader' => '?'
   Γöé                                                                     'asset_mapper.importmap.version_checker' => '?'
   Γöé                                                                     'asset_mapper.importmap.resolver' => '?'
   Γöé                                                                     'asset_mapper.importmap.renderer' => '?'
   Γöé                                                                     'asset_mapper.importmap.auditor' => '?'
   Γöé                                                                     'asset_mapper.importmap.update_checker' => '?'
   Γöé                                                                     'asset_mapper.importmap.command.require' => '?'
   Γöé                                                                     'asset_mapper.importmap.command.remove' => '?'
   Γöé                                                                     'asset_mapper.importmap.command.update' => '?'
   Γöé                                                                     'asset_mapper.importmap.command.install' => '?'
   Γöé                                                                     'asset_mapper.importmap.command.audit' => '?'
   Γöé                                                                     'asset_mapper.importmap.command.outdated' => '?'
   Γöé                                                                     'http_client.transport' => '?'
   Γöé                                                                     'http_client.uri_template' => '?'
   Γöé                                                                     'http_client.messenger.ping_webhook_handler' => '?'
   Γöé                                                                     'mailer.mailer' => '?'
   Γöé                                                                     'mailer.transports' => '?'
   Γöé                                                                     'mailer.transport_factory' => '?'
   Γöé                                                                     'mailer.messenger.message_handler' => '?'
   Γöé                                                                     'mailer.envelope_listener' => '?'
   Γöé                                                                     'mailer.message_logger_listener' => '?'
   Γöé                                                                     'mailer.messenger_transport_listener' => '?'
   Γöé                                                                     'console.command.mailer_test' => '?'
   Γöé                                                                     'mailer.transport_factory.null' => '?'
   Γöé                                                                     'mailer.transport_factory.sendmail' => '?'
   Γöé                                                                     'mailer.transport_factory.smtp' => '?'
   Γöé                                                                     'mailer.transport_factory.native' => '?'
   Γöé                                                                     'translator.default' => '?'
   Γöé                                                                     'translator.formatter.default' => '?'
   Γöé                                                                     'translation.loader.php' => '?'
   Γöé                                                                     'translation.loader.yml' => '?'
   Γöé                                                                     'translation.loader.xliff' => '?'
   Γöé                                                                     'translation.loader.po' => '?'
   Γöé                                                                     'translation.loader.mo' => '?'
   Γöé                                                                     'translation.loader.qt' => '?'
   Γöé                                                                     'translation.loader.csv' => '?'
   Γöé                                                                     'translation.loader.res' => '?'
   Γöé                                                                     'translation.loader.dat' => '?'
   Γöé                                                                     'translation.loader.ini' => '?'
   Γöé                                                                     'translation.loader.json' => '?'
   Γöé                                                                     'translation.dumper.php' => '?'
   Γöé                                                                     'translation.dumper.xliff' => '?'
   Γöé                                                                     'translation.dumper.xliff.xliff' => '?'
   Γöé                                                                     'translation.dumper.po' => '?'
   Γöé                                                                     'translation.dumper.mo' => '?'
   Γöé                                                                     'translation.dumper.yml' => '?'
   Γöé                                                                     'translation.dumper.yaml' => '?'
   Γöé                                                                     'translation.dumper.qt' => '?'
   Γöé                                                                     'translation.dumper.csv' => '?'
   Γöé                                                                     'translation.dumper.ini' => '?'
   Γöé                                                                     'translation.dumper.json' => '?'
   Γöé                                                                     'translation.dumper.res' => '?'
   Γöé                                                                     'translation.extractor.php_ast' => '?'
   Γöé                                                                     'translation.extractor.visitor.trans_method' => '?'
   Γöé                                                                     'translation.extractor.visitor.translatable_message' => '?'
   Γöé                                                                     'translation.extractor.visitor.constraint' => '?'
   Γöé                                                                     'translation.reader' => '?'
   Γöé                                                                     'translation.extractor' => '?'
   Γöé                                                                     'translation.writer' => '?'
   Γöé                                                                     'translation.warmer' => '?'
   Γöé                                                                     'translation.locale_switcher' => '?'
   Γöé                                                                     'translation.provider_collection' => '?'
   Γöé                                                                     'translation.provider_collection_factory' => '?'
   Γöé                                                                     'translation.provider_factory.null' => '?'
   Γöé                                                                     'debug.debug_handlers_listener' => '?'
   Γöé                                                                     'debug.file_link_formatter' => '?'
   Γöé                                                                     'debug.event_dispatcher.inner' => '?'
   Γöé                                                                     'debug.event_dispatcher' => '?'
   Γöé                                                                     'debug.controller_resolver.inner' => '?'
   Γöé                                                                     'debug.controller_resolver' => '?'
   Γöé                                                                     'debug.argument_resolver.inner' => '?'
   Γöé                                                                     'debug.argument_resolver' => '?'
   Γöé                                                                     'argument_resolver.not_tagged_controller' => '?'
   Γöé                                                                     'debug.log_processor' => '?'
   Γöé                                                                     'debug.debug_logger_configurator' => '?'
   Γöé                                                                     'routing.resolver' => '?'
   Γöé                                                                     'routing.loader.xml' => '?'
   Γöé                                                                     'routing.loader.yml' => '?'
   Γöé                                                                     'routing.loader.php' => '?'
   Γöé                                                                     'routing.loader.glob' => '?'
   Γöé                                                                     'routing.loader.directory' => '?'
   Γöé                                                                     'routing.loader.container' => '?'
   Γöé                                                                     'routing.loader.attribute' => '?'
   Γöé                                                                     'routing.loader.attribute.directory' => '?'
   Γöé                                                                     'routing.loader.attribute.file' => '?'
   Γöé                                                                     'routing.loader.psr4' => '?'
   Γöé                                                                     'router.default' => '?'
   Γöé                                                                     'router.request_context' => '?'
   Γöé                                                                     'router.expression_language_provider' => '?'
   Γöé                                                                     'router.cache_warmer' => '?'
   Γöé                                                                     'router_listener' => '?'
   Γöé                                                                     'property_accessor' => '?'
   Γöé                                                                     'secrets.vault' => '?'
   Γöé                                                                     'secrets.decryption_key' => '?'
   Γöé                                                                     'secrets.local_vault' => '?'
   Γöé                                                                     'serializer' => '?'
   Γöé                                                                     'serializer.mapping.class_discriminator_resolver' => '?'
   Γöé                                                                     'serializer.normalizer.constraint_violation_list' => '?'
   Γöé                                                                     'serializer.normalizer.mime_message' => '?'
   Γöé                                                                     'serializer.normalizer.datetimezone' => '?'
   Γöé                                                                     'serializer.normalizer.dateinterval' => '?'
   Γöé                                                                     'serializer.normalizer.data_uri' => '?'
   Γöé                                                                     'serializer.normalizer.datetime' => '?'
   Γöé                                                                     'serializer.normalizer.json_serializable' => '?'
   Γöé                                                                     'serializer.normalizer.problem' => '?'
   Γöé                                                                     'serializer.denormalizer.unwrapping' => '?'
   Γöé                                                                     'serializer.normalizer.uid' => '?'
   Γöé                                                                     'serializer.normalizer.translatable' => '?'
   Γöé                                                                     'serializer.normalizer.form_error' => '?'
   Γöé                                                                     'serializer.normalizer.object' => '?'
   Γöé                                                                     'serializer.normalizer.property' => '?'
   Γöé                                                                     'serializer.denormalizer.array' => '?'
   Γöé                                                                     'serializer.mapping.chain_loader' => '?'
   Γöé                                                                     'serializer.mapping.class_metadata_factory' => '?'
   Γöé                                                                     'serializer.mapping.cache_warmer' => '?'
   Γöé                                                                     'serializer.encoder.xml' => '?'
   Γöé                                                                     'serializer.encoder.json' => '?'
   Γöé                                                                     'serializer.encoder.yaml' => '?'
   Γöé                                                                     'serializer.encoder.csv' => '?'
   Γöé                                                                     'serializer.name_converter.metadata_aware' => '?'
   Γöé                                                                     'property_info.serializer_extractor' => '?'
   Γöé                                                                     'error_handler.error_renderer.serializer' => '?'
   Γöé                                                                     'serializer.normalizer.backed_enum' => '?'
   Γöé                                                                     'property_info' => '?'
   Γöé                                                                     'property_info.reflection_extractor' => '?'
   Γöé                                                                     'property_info.phpstan_extractor' => '?'
   Γöé                                                                     'property_info.php_doc_extractor' => '?'
   Γöé                                                                     'web_link.http_header_serializer' => '?'
   Γöé                                                                     'web_link.add_link_header_listener' => '?'
   Γöé                                                                     'cache.property_access' => '?'
   Γöé                                                                     'session.factory' => '?'
   Γöé                                                                     'session.storage.factory.mock_file' => '?'
   Γöé                                                                     'session.handler.native' => '?'
   Γöé                                                                     'form.resolved_type_factory' => '?'
   Γöé                                                                     'form.registry' => '?'
   Γöé                                                                     'form.factory' => '?'
   Γöé                                                                     'form.extension' => '?'
   Γöé                                                                     'form.type_guesser.validator' => '?'
   Γöé                                                                     'form.choice_list_factory.default' => '?'
   Γöé                                                                     'form.choice_list_factory.property_access' => '?'
   Γöé                                                                     'form.choice_list_factory.cached' => '?'
   Γöé                                                                     'form.type.form' => '?'
   Γöé                                                                     'form.type.choice' => '?'
   Γöé                                                                     'form.type.file' => '?'
   Γöé                                                                     'form.type.color' => '?'
   Γöé                                                                     'form.type_extension.form.transformation_failure_handling' => '?'
   Γöé                                                                     'form.type_extension.form.http_foundation' => '?'
   Γöé                                                                     'form.type_extension.form.request_handler' => '?'
   Γöé                                                                     'form.server_params' => '?'
   Γöé                                                                     'form.type_extension.form.validator' => '?'
   Γöé                                                                     'form.type_extension.repeated.validator' => '?'
   Γöé                                                                     'form.type_extension.submit.validator' => '?'
   Γöé                                                                     'form.type_extension.upload.validator' => '?'
   Γöé                                                                     'validator.builder' => '?'
   Γöé                                                                     'validator.mapping.cache_warmer' => '?'
   Γöé                                                                     'validator.validator_factory' => '?'
   Γöé                                                                     'validator.expression' => '?'
   Γöé                                                                     'validator.expression_language' => '?'
   Γöé                                                                     'validator.expression_language_provider' => '?'
   Γöé                                                                     'validator.email' => '?'
   Γöé                                                                     'validator.not_compromised_password' => '?'
   Γöé                                                                     'validator.when' => '?'
   Γöé                                                                     'validator.no_suspicious_characters' => '?'
   Γöé                                                                     'validator.property_info_loader' => '?'
   Γöé                                                                     'messenger.senders_locator' => '?'
   Γöé                                                                     'serializer.normalizer.flatten_exception' => '?'
   Γöé                                                                     'messenger.transport.native_php_serializer' => '?'
   Γöé                                                                     'messenger.middleware.dispatch_after_current_bus' => '?'
   Γöé                                                                     'messenger.middleware.reject_redelivered_message_middleware' => '?'
   Γöé                                                                     'messenger.middleware.failed_message_processing_middleware' => '?'
   Γöé                                                                     'messenger.receiver_locator' => '?'
   Γöé                                                                     'messenger.transport_factory' => '?'
   Γöé                                                                     'messenger.transport.sync.factory' => '?'
   Γöé                                                                     'messenger.transport.in_memory.factory' => '?'
   Γöé                                                                     'messenger.retry_strategy_locator' => '?'
   Γöé                                                                     'messenger.retry.send_failed_message_for_retry_listener' => '?'
   Γöé                                                                     'messenger.failure.add_error_details_stamp_listener' => '?'
   Γöé                                                                     'messenger.failure.send_failed_message_to_failure_transport_listener' => '?'
   Γöé                                                                     'messenger.listener.stop_worker_on_restart_signal_listener' => '?'
   Γöé                                                                     'messenger.listener.stop_worker_on_stop_exception_listener' => '?'
   Γöé                                                                     'messenger.listener.reset_services' => '?'
   Γöé                                                                     'messenger.routable_message_bus' => '?'
   Γöé                                                                     'messenger.redispatch_message_handler' => '?'
   Γöé                                                                     'messenger.transport.async' => '?'
   Γöé                                                                     'messenger.retry.multiplier_retry_strategy.async' => '?'
   Γöé                                                                     'messenger.transport.failed' => '?'
   Γöé                                                                     'messenger.retry.multiplier_retry_strategy.failed' => '?'
   Γöé                                                                     'messenger.transport.sync' => '?'
   Γöé                                                                     'messenger.retry.multiplier_retry_strategy.sync' => '?'
   Γöé                                                                     'chatter.transports' => '?'
   Γöé                                                                     'chatter.transport_factory' => '?'
   Γöé                                                                     'chatter.messenger.chat_handler' => '?'
   Γöé                                                                     'texter.transports' => '?'
   Γöé                                                                     'texter.transport_factory' => '?'
   Γöé                                                                     'texter.messenger.sms_handler' => '?'
   Γöé                                                                     'texter.messenger.push_handler' => '?'
   Γöé                                                                     'notifier.notification_logger_listener' => '?'
   Γöé                                                                     'notifier.transport_factory.null' => '?'
   Γöé                                                                     'profiler' => '?'
   Γöé                                                                     'profiler.storage' => '?'
   Γöé                                                                     'profiler_listener' => '?'
   Γöé                                                                     'console_profiler_listener' => '?'
   Γöé                                                                     'data_collector.config' => '?'
   Γöé                                                                     'data_collector.request' => '?'
   Γöé                                                                     'data_collector.ajax' => '?'
   Γöé                                                                     'data_collector.exception' => '?'
   Γöé                                                                     'data_collector.events' => '?'
   Γöé                                                                     'data_collector.logger' => '?'
   Γöé                                                                     'data_collector.time' => '?'
   Γöé                                                                     'data_collector.memory' => '?'
   Γöé                                                                     'data_collector.router' => '?'
   Γöé                                                                     'cache_pool_clearer.cache_warmer' => '?'
   Γöé                                                                     'form.type_extension.form.data_collector' => '?'
   Γöé                                                                     'data_collector.form.extractor' => '?'
   Γöé                                                                     'data_collector.form' => '?'
   Γöé                                                                     'debug.validator.inner' => '?'
   Γöé                                                                     'debug.validator' => '?'
   Γöé                                                                     'data_collector.validator' => '?'
   Γöé                                                                     'translator.data_collector' => '?'
   Γöé                                                                     'data_collector.translation' => '?'
   Γöé                                                                     'data_collector.messenger' => '?'
   Γöé                                                                     'mailer.data_collector' => '?'
   Γöé                                                                     'data_collector.http_client' => '?'
   Γöé                                                                     'notifier.data_collector' => '?'
   Γöé                                                                     'mime_types' => '?'
   Γöé                                                                     'data_collector.doctrine' => '?'
   Γöé                                                                     'doctrine.dbal.connection_factory' => '?'
   Γöé                                                                     'doctrine.dbal.connection_factory.dsn_parser' => '?'
   Γöé                                                                     'doctrine.twig.doctrine_extension' => '?'
   Γöé                                                                     'doctrine.database_create_command' => '?'
   Γöé                                                                     'doctrine.database_drop_command' => '?'
   Γöé                                                                     'doctrine.query_sql_command' => '?'
   Γöé                                                                     'Doctrine\DBAL\Tools\Console\Command\RunSqlCommand' => '?'
   Γöé                                                                     'doctrine.dbal.default_schema_manager_factory' => '?'
   Γöé                                                                     'doctrine.dbal.default_connection.configuration' => '?'
   Γöé                                                                     'doctrine.dbal.default_connection.event_manager' => '?'
   Γöé                                                                     'Doctrine\Bundle\DoctrineBundle\Dbal\ManagerRegistryAwareConnectionProvider' => '?'
   Γöé                                                                     'doctrine.debug_data_holder' => '?'
   Γöé                                                                     'doctrine.orm.messenger.event_subscriber.doctrine_clear_entity_manager' => '?'
   Γöé                                                                     'messenger.transport.doctrine.factory' => '?'
   Γöé                                                                     'doctrine.orm.messenger.doctrine_schema_listener' => '?'
   Γöé                                                                     'doctrine.orm.proxy_cache_warmer' => '?'
   Γöé                                                                     'form.type_guesser.doctrine' => '?'
   Γöé                                                                     'form.type.entity' => '?'
   Γöé                                                                     'doctrine.orm.container_repository_factory' => '?'
   Γöé                                                                     'doctrine.orm.validator.unique' => '?'
   Γöé                                                                     'doctrine.orm.validator_initializer' => '?'
   Γöé                                                                     'doctrine.orm.listeners.doctrine_dbal_cache_adapter_schema_listener' => '?'
   Γöé                                                                     'doctrine.orm.listeners.doctrine_token_provider_schema_listener' => '?'
   Γöé                                                                     'doctrine.orm.listeners.pdo_session_handler_schema_listener' => '?'
   Γöé                                                                     'doctrine.orm.listeners.lock_store_schema_listener' => '?'
   Γöé                                                                     'doctrine.orm.naming_strategy.underscore_number_aware' => '?'
   Γöé                                                                     'doctrine.orm.quote_strategy.default' => '?'
   Γöé                                                                     'doctrine.orm.typed_field_mapper.default' => '?'
   Γöé                                                                     'doctrine.ulid_generator' => '?'
   Γöé                                                                     'doctrine.uuid_generator' => '?'
   Γöé                                                                     'doctrine.orm.command.entity_manager_provider' => '?'
   Γöé                                                                     'doctrine.orm.entity_value_resolver' => '?'
   Γöé                                                                     'doctrine.orm.entity_value_resolver.expression_language' => '?'
   Γöé                                                                     'doctrine.cache_clear_metadata_command' => '?'
   Γöé                                                                     'doctrine.cache_clear_query_cache_command' => '?'
   Γöé                                                                     'doctrine.cache_clear_result_command' => '?'
   Γöé                                                                     'doctrine.cache_collection_region_command' => '?'
   Γöé                                                                     'doctrine.schema_create_command' => '?'
   Γöé                                                                     'doctrine.schema_drop_command' => '?'
   Γöé                                                                     'doctrine.clear_entity_region_command' => '?'
   Γöé                                                                     'doctrine.mapping_info_command' => '?'
   Γöé                                                                     'doctrine.mapping_describe_command' => '?'
   Γöé                                                                     'doctrine.clear_query_region_command' => '?'
   Γöé                                                                     'doctrine.query_dql_command' => '?'
   Γöé                                                                     'doctrine.schema_update_command' => '?'
   Γöé                                                                     'doctrine.schema_validate_command' => '?'
   Γöé                                                                     'doctrine.orm.default_configuration' => '?'
   Γöé                                                                     'doctrine.orm.default_attribute_metadata_driver' => '?'
   Γöé                                                                     'cache.doctrine.orm.default.metadata' => '?'
   Γöé                                                                     'cache.doctrine.orm.default.result' => '?'
   Γöé                                                                     'cache.doctrine.orm.default.query' => '?'
   Γöé                                                                     'doctrine.orm.default_entity_listener_resolver' => '?'
   Γöé                                                                     'doctrine.orm.default_listeners.attach_entity_listeners' => '?'
   Γöé                                                                     'doctrine.orm.default_manager_configurator' => '?'
   Γöé                                                                     'doctrine.orm.default_entity_manager.property_info_extractor' => '?'
   Γöé                                                                     'doctrine.orm.default_entity_manager.validator_loader' => '?'
   Γöé                                                                     'doctrine.migrations.dependency_factory' => '?'
   Γöé                                                                     'doctrine.migrations.configuration_loader' => '?'
   Γöé                                                                     'doctrine.migrations.entity_manager_registry_loader' => '?'
   Γöé                                                                     'doctrine.migrations.configuration' => '?'
   Γöé                                                                     'doctrine.migrations.container_aware_migrations_factory.inner' => '?'
   Γöé                                                                     'doctrine.migrations.container_aware_migrations_factory' => '?'
   Γöé                                                                     'doctrine_migrations.diff_command' => '?'
   Γöé                                                                     'doctrine_migrations.sync_metadata_command' => '?'
   Γöé                                                                     'doctrine_migrations.versions_command' => '?'
   Γöé                                                                     'doctrine_migrations.current_command' => '?'
   Γöé                                                                     'doctrine_migrations.dump_schema_command' => '?'
   Γöé                                                                     'doctrine_migrations.execute_command' => '?'
   Γöé                                                                     'doctrine_migrations.generate_command' => '?'
   Γöé                                                                     'doctrine_migrations.latest_command' => '?'
   Γöé                                                                     'doctrine_migrations.migrate_command' => '?'
   Γöé                                                                     'doctrine_migrations.rollup_command' => '?'
   Γöé                                                                     'doctrine_migrations.status_command' => '?'
   Γöé                                                                     'doctrine_migrations.up_to_date_command' => '?'
   Γöé                                                                     'doctrine_migrations.version_command' => '?'
   Γöé                                                                     'doctrine_migrations.schema_filter_listener' => '?'
   Γöé                                                                     'doctrine.migrations.storage.table_storage' => '?'
   Γöé                                                                     'twig' => '?'
   Γöé                                                                     'twig.app_variable' => '?'
   Γöé                                                                     'twig.template_iterator' => '?'
   Γöé                                                                     'twig.template_cache_warmer' => '?'
   Γöé                                                                     'twig.loader.native_filesystem' => '?'
   Γöé                                                                     'twig.extension.profiler' => '?'
   Γöé                                                                     'twig.profile' => '?'
   Γöé                                                                     'data_collector.twig' => '?'
   Γöé                                                                     'twig.extension.trans' => '?'
   Γöé                                                                     'twig.extension.assets' => '?'
   Γöé                                                                     'twig.extension.code' => '?'
   Γöé                                                                     'twig.extension.routing' => '?'
   Γöé                                                                     'twig.extension.yaml' => '?'
   Γöé                                                                     'twig.extension.debug.stopwatch' => '?'
   Γöé                                                                     'twig.extension.expression' => '?'
   Γöé                                                                     'twig.extension.httpkernel' => '?'
   Γöé                                                                     'twig.runtime.httpkernel' => '?'
   Γöé                                                                     'twig.extension.httpfoundation' => '?'
   Γöé                                                                     'twig.extension.debug' => '?'
   Γöé                                                                     'twig.extension.weblink' => '?'
   Γöé                                                                     'twig.translation.extractor' => '?'
   Γöé                                                                     'twig.configurator.environment' => '?'
   Γöé                                                                     'twig.runtime_loader' => '?'
   Γöé                                                                     'twig.error_renderer.html' => '?'
   Γöé                                                                     'twig.runtime.serializer' => '?'
   Γöé                                                                     'twig.extension.serializer' => '?'
   Γöé                                                                     'controller.template_attribute_listener' => '?'
   Γöé                                                                     'twig.extension.form' => '?'
   Γöé                                                                     'twig.form.engine' => '?'
   Γöé                                                                     'twig.form.renderer' => '?'
   Γöé                                                                     'twig.command.debug' => '?'
   Γöé                                                                     'twig.command.lint' => '?'
   Γöé                                                                     'twig.mailer.message_listener' => '?'
   Γöé                                                                     'twig.mime_body_renderer' => '?'
   Γöé                                                                     'twig.runtime.importmap' => '?'
   Γöé                                                                     'twig.extension.importmap' => '?'
   Γöé                                                                     'web_profiler.csp.handler' => '?'
   Γöé                                                                     'twig.extension.webprofiler' => '?'
   Γöé                                                                     'debug.file_link_formatter.url_format' => '?'
   Γöé                                                                     'stimulus.helper' => '?'
   Γöé                                                                     'stimulus.twig_extension' => '?'
   Γöé                                                                     'stimulus.asset_mapper.ux_package_reader' => '?'
   Γöé                                                                     'stimulus.ux_controllers_twig_extension' => '?'
   Γöé                                                                     'stimulus.ux_controllers_twig_runtime' => '?'
   Γöé                                                                     'stimulus.asset_mapper.controllers_map_generator' => '?'
   Γöé                                                                     'stimulus.asset_mapper.auto_import_locator' => '?'
   Γöé                                                                     'stimulus.asset_mapper.loader_javascript_compiler' => '?'
   Γöé                                                                     'turbo.id_accessor' => '?'
   Γöé                                                                     'turbo.broadcaster.action_renderer.inner' => '?'
   Γöé                                                                     'turbo.broadcaster.action_renderer' => '?'
   Γöé                                                                     'turbo.twig.extension' => '?'
   Γöé                                                                     'turbo.twig.runtime' => '?'
   Γöé                                                                     'turbo.doctrine.event_listener' => '?'
   Γöé                                                                     'turbo.kernel.request_listener' => '?'
   Γöé                                                                     'twig.missing_extension_suggestor' => '?'
   Γöé                                                                     'security.authorization_checker' => '?'
   Γöé                                                                     'security.token_storage' => '?'
   Γöé                                                                     'security.untracked_token_storage' => '?'
   Γöé                                                                     'security.helper' => '?'
   Γöé                                                                     'security.user_value_resolver' => '?'
   Γöé                                                                     'security.security_token_value_resolver' => '?'
   Γöé                                                                     'security.authentication.trust_resolver' => '?'
   Γöé                                                                     'security.authentication.session_strategy' => '?'
   Γöé                                                                     'security.user_checker' => '?'
   Γöé                                                                     'security.user_checker_locator' => '?'
   Γöé                                                                     'security.expression_language' => '?'
   Γöé                                                                     'security.authentication_utils' => '?'
   Γöé                                                                     'security.role_hierarchy' => '?'
   Γöé                                                                     'security.access.simple_role_voter' => '?'
   Γöé                                                                     'security.access.authenticated_voter' => '?'
   Γöé                                                                     'security.access.expression_voter' => '?'
   Γöé                                                                     'security.impersonate_url_generator' => '?'
   Γöé                                                                     'security.firewall.map' => '?'
   Γöé                                                                     'security.logout_url_generator' => '?'
   Γöé                                                                     'security.route_loader.logout' => '?'
   Γöé                                                                     'security.http_utils' => '?'
   Γöé                                                                     'security.validator.user_password' => '?'
   Γöé                                                                     'cache.security_expression_language' => '?'
   Γöé                                                                     'controller.is_granted_attribute_listener' => '?'
   Γöé                                                                     'security.is_granted_attribute_expression_language' => '?'
   Γöé                                                                     'security.password_hasher_factory' => '?'
   Γöé                                                                     'security.user_password_hasher' => '?'
   Γöé                                                                     'form.listener.password_hasher' => '?'
   Γöé                                                                     'form.type_extension.form.password_hasher' => '?'
   Γöé                                                                     'form.type_extension.password.password_hasher' => '?'
   Γöé                                                                     'security.channel_listener' => '?'
   Γöé                                                                     'security.access_map' => '?'
   Γöé                                                                     'security.access_listener' => '?'
   Γöé                                                                     'security.firewall.event_dispatcher_locator' => '?'
   Γöé                                                                     'security.authenticator.managers_locator' => '?'
   Γöé                                                                     'security.listener.check_authenticator_credentials' => '?'
   Γöé                                                                     'security.listener.user_provider' => '?'
   Γöé                                                                     'security.listener.password_migrating' => '?'
   Γöé                                                                     'twig.extension.logout_url' => '?'
   Γöé                                                                     'twig.extension.security' => '?'
   Γöé                                                                     'data_collector.security' => '?'
   Γöé                                                                     'debug.security.access.decision_manager.inner' => '?'
   Γöé                                                                     'debug.security.access.decision_manager' => '?'
   Γöé                                                                     'debug.security.voter.vote_listener' => '?'
   Γöé                                                                     'debug.security.firewall' => '?'
   Γöé                                                                     'security.command.debug_firewall' => '?'
   Γöé                                                                     'security.user.provider.concrete.app_user_provider' => '?'
   Γöé                                                                     'security.firewall.map.config.dev' => '?'
   Γöé                                                                     'security.firewall.map.context.dev' => '?'
   Γöé                                                                     'security.firewall.map.config.api' => '?'
   Γöé                                                                     'security.listener.api.user_provider' => '?'
   Γöé                                                                     'security.authenticator.manager.api' => '?'
   Γöé                                                                     'debug.security.firewall.authenticator.api.inner' => '?'
   Γöé                                                                     'debug.security.firewall.authenticator.api' => '?'
   Γöé                                                                     'security.listener.user_checker.api' => '?'
   Γöé                                                                     'security.exception_listener.api' => '?'
   Γöé                                                                     'security.firewall.map.context.api' => '?'
   Γöé                                                                     'security.firewall.map.config.main' => '?'
   Γöé                                                                     'security.listener.main.user_provider' => '?'
   Γöé                                                                     'security.context_listener.0' => '?'
   Γöé                                                                     'security.listener.session.main' => '?'
   Γöé                                                                     'security.logout_listener.main' => '?'
   Γöé                                                                     'security.logout.listener.default.main' => '?'
   Γöé                                                                     'security.logout.listener.session.main' => '?'
   Γöé                                                                     'security.authenticator.form_login.main' => '?'
   Γöé                                                                     'security.authentication.success_handler.main.form_login' => '?'
   Γöé                                                                     'security.authentication.failure_handler.main.form_login' => '?'
   Γöé                                                                     'security.authenticator.manager.main' => '?'
   Γöé                                                                     'debug.security.firewall.authenticator.main.inner' => '?'
   Γöé                                                                     'debug.security.firewall.authenticator.main' => '?'
   Γöé                                                                     'security.listener.user_checker.main' => '?'
   Γöé                                                                     'security.exception_listener.main' => '?'
   Γöé                                                                     'security.firewall.map.context.main' => '?'
   Γöé                                                                     'security.command.user_password_hash' => '?'
   Γöé                                                                     'monolog.logger' => '?'
   Γöé                                                                     'monolog.handler.main.http_code_strategy' => '?'
   Γöé                                                                     'monolog.handler.main' => '?'
   Γöé                                                                     'monolog.processor.psr_log_message' => '?'
   Γöé                                                                     'monolog.handler.nested' => '?'
   Γöé                                                                     'messenger.bus.default.middleware.traceable' => '?'
   Γöé                                                                     'messenger.bus.default.middleware.add_bus_name_stamp_middleware' => '?'
   Γöé                                                                     'messenger.bus.default.middleware.send_message' => '?'
   Γöé                                                                     'messenger.bus.default.middleware.handle_message' => '?'
   Γöé                                                                     'debug.traced.messenger.bus.default.inner' => '?'
   Γöé                                                                     'debug.traced.messenger.bus.default' => '?'
   Γöé                                                                     'messenger.bus.default.messenger.handlers_locator' => '?'
   Γöé                                                                     'http_client.uri_template.inner' => '?'
   Γöé                                                                     '.doctrine.orm.default_metadata_driver.inner' => '?'
   Γöé                                                                     'doctrine.dbal.default_schema_asset_filter_manager' => '?'
   Γöé                                                                     'doctrine.dbal.logging_middleware.default' => '?'
   Γöé                                                                     'doctrine.dbal.debug_middleware.default' => '?'
   Γöé                                                                     'monolog.logger.request' => '?'
   Γöé                                                                     'monolog.logger.console' => '?'
   Γöé                                                                     'monolog.logger.messenger' => '?'
   Γöé                                                                     'monolog.logger.cache' => '?'
   Γöé                                                                     'monolog.logger.asset_mapper' => '?'
   Γöé                                                                     'monolog.logger.http_client' => '?'
   Γöé                                                                     'monolog.logger.mailer' => '?'
   Γöé                                                                     'monolog.logger.php' => '?'
   Γöé                                                                     'monolog.logger.event' => '?'
   Γöé                                                                     'monolog.logger.router' => '?'
   Γöé                                                                     'monolog.logger.profiler' => '?'
   Γöé                                                                     'monolog.logger.doctrine' => '?'
   Γöé                                                                     'monolog.logger.security' => '?'
   Γöé                                                                     'monolog.handler.null_internal' => '?'
   Γöé                                                                     'debug.security.event_dispatcher.api.inner' => '?'
   Γöé                                                                     'debug.security.event_dispatcher.api' => '?'
   Γöé                                                                     'debug.security.event_dispatcher.main.inner' => '?'
   Γöé                                                                     'debug.security.event_dispatcher.main' => '?'
   Γöé                                                                     'cache.app.recorder_inner' => '?'
   Γöé                                                                     'cache.system.recorder_inner' => '?'
   Γöé                                                                     'cache.validator.recorder_inner' => '?'
   Γöé                                                                     'cache.serializer.recorder_inner' => '?'
   Γöé                                                                     'cache.annotations.recorder_inner' => '?'
   Γöé                                                                     'cache.property_info.recorder_inner' => '?'
   Γöé                                                                     'cache.asset_mapper.recorder_inner' => '?'
   Γöé                                                                     'cache.messenger.restart_workers_signal.recorder_inner' => '?'
   Γöé                                                                     'cache.validator_expression_language.recorder_inner' => '?'
   Γöé                                                                     'cache.doctrine.orm.default.result.recorder_inner' => '?'
   Γöé                                                                     'cache.doctrine.orm.default.query.recorder_inner' => '?'
   Γöé                                                                     'cache.security_expression_language.recorder_inner' => '?'
   Γöé                                                                     'cache.security_is_granted_attribute_expression_language.recorder_inner' => '?'
   Γöé                                                                     'Symfony\Component\DependencyInjection\ParameterBag\ContainerBagInterface' => '?'
   Γöé                                                                     'Symfony\Component\DependencyInjection\ParameterBag\ParameterBagInterface' => '?'
   Γöé                                                                     'Symfony\Component\EventDispatcher\EventDispatcherInterface' => '?'
   Γöé                                                                     'Symfony\Contracts\EventDispatcher\EventDispatcherInterface' => '?'
   Γöé                                                                     'Psr\EventDispatcher\EventDispatcherInterface' => '?'
   Γöé                                                                     'Symfony\Component\HttpKernel\HttpKernelInterface' => '?'
   Γöé                                                                     'Symfony\Component\HttpFoundation\RequestStack' => '?'
   Γöé                                                                     'Symfony\Component\HttpFoundation\UrlHelper' => '?'
   Γöé                                                                     'Symfony\Component\HttpKernel\KernelInterface' => '?'
   Γöé                                                                     'Symfony\Component\Filesystem\Filesystem' => '?'
   Γöé                                                                     'Symfony\Component\HttpKernel\Config\FileLocator' => '?'
   Γöé                                                                     'Symfony\Component\HttpFoundation\UriSigner' => '?'
   Γöé                                                                     'Symfony\Component\HttpKernel\UriSigner' => '?'
   Γöé                                                                     'Symfony\Component\String\Slugger\SluggerInterface' => '?'
   Γöé                                                                     'Symfony\Component\Clock\ClockInterface' => '?'
   Γöé                                                                     'Psr\Clock\ClockInterface' => '?'
   Γöé                                                                     'Symfony\Component\HttpKernel\Fragment\FragmentUriGeneratorInterface' => '?'
   Γöé                                                                     'error_renderer.html' => '?'
   Γöé                                                                     'error_renderer' => '?'
   Γöé                                                                     'Psr\Container\ContainerInterface $parameterBag' => '?'
   Γöé                                                                     'Psr\Cache\CacheItemPoolInterface' => '?'
   Γöé                                                                     'Symfony\Contracts\Cache\CacheInterface' => '?'
   Γöé                                                                     'Symfony\Contracts\Cache\TagAwareCacheInterface' => '?'
   Γöé                                                                     'Symfony\Contracts\Translation\TranslatorInterface' => '?'
   Γöé                                                                     'Symfony\Component\Asset\Packages' => '?'
   Γöé                                                                     'Symfony\Component\AssetMapper\AssetMapperInterface' => '?'
   Γöé                                                                     'asset_mapper.http_client' => '?'
   Γöé                                                                     'Symfony\Component\AssetMapper\ImportMap\ImportMapManager' => '?'
   Γöé                                                                     'Symfony\Contracts\HttpClient\HttpClientInterface' => '?'
   Γöé                                                                     'mailer' => '?'
   Γöé                                                                     'Symfony\Component\Mailer\MailerInterface' => '?'
   Γöé                                                                     'mailer.default_transport' => '?'
   Γöé                                                                     'Symfony\Component\Mailer\Transport\TransportInterface' => '?'
   Γöé                                                                     'Symfony\Component\Translation\Reader\TranslationReaderInterface' => '?'
   Γöé                                                                     'Symfony\Component\Translation\Extractor\ExtractorInterface' => '?'
   Γöé                                                                     'Symfony\Component\Translation\Writer\TranslationWriterInterface' => '?'
   Γöé                                                                     'Symfony\Contracts\Translation\LocaleAwareInterface' => '?'
   Γöé                                                                     'Symfony\Component\Translation\LocaleSwitcher' => '?'
   Γöé                                                                     'translator.formatter' => '?'
   Γöé                                                                     'Symfony\Component\ErrorHandler\ErrorRenderer\FileLinkFormatter' => '?'
   Γöé                                                                     'Symfony\Component\Stopwatch\Stopwatch' => '?'
   Γöé                                                                     'routing.loader.annotation' => '?'
   Γöé                                                                     'routing.loader.annotation.directory' => '?'
   Γöé                                                                     'routing.loader.annotation.file' => '?'
   Γöé                                                                     'Symfony\Component\Routing\RouterInterface' => '?'
   Γöé                                                                     'Symfony\Component\Routing\Generator\UrlGeneratorInterface' => '?'
   Γöé                                                                     'Symfony\Component\Routing\Matcher\UrlMatcherInterface' => '?'
   Γöé                                                                     'Symfony\Component\Routing\RequestContextAwareInterface' => '?'
   Γöé                                                                     'Symfony\Component\Routing\RequestContext' => '?'
   Γöé                                                                     'Symfony\Component\PropertyAccess\PropertyAccessorInterface' => '?'
   Γöé                                                                     'Symfony\Component\Serializer\SerializerInterface' => '?'
   Γöé                                                                     'Symfony\Component\Serializer\Normalizer\NormalizerInterface' => '?'
   Γöé                                                                     'Symfony\Component\Serializer\Normalizer\DenormalizerInterface' => '?'
   Γöé                                                                     'Symfony\Component\Serializer\Encoder\EncoderInterface' => '?'
   Γöé                                                                     'Symfony\Component\Serializer\Encoder\DecoderInterface' => '?'
   Γöé                                                                     'serializer.property_accessor' => '?'
   Γöé                                                                     'Symfony\Component\Serializer\Mapping\ClassDiscriminatorResolverInterface' => '?'
   Γöé                                                                     'Symfony\Component\Serializer\Normalizer\ObjectNormalizer' => '?'
   Γöé                                                                     'Symfony\Component\Serializer\Normalizer\PropertyNormalizer' => '?'
   Γöé                                                                     'Symfony\Component\Serializer\Mapping\Factory\ClassMetadataFactoryInterface' => '?'
   Γöé                                                                     'error_renderer.serializer' => '?'
   Γöé                                                                     'Symfony\Component\PropertyInfo\PropertyAccessExtractorInterface' => '?'
   Γöé                                                                     'Symfony\Component\PropertyInfo\PropertyDescriptionExtractorInterface' => '?'
   Γöé                                                                     'Symfony\Component\PropertyInfo\PropertyInfoExtractorInterface' => '?'
   Γöé                                                                     'Symfony\Component\PropertyInfo\PropertyTypeExtractorInterface' => '?'
   Γöé                                                                     'Symfony\Component\PropertyInfo\PropertyListExtractorInterface' => '?'
   Γöé                                                                     'Symfony\Component\PropertyInfo\PropertyInitializableExtractorInterface' => '?'
   Γöé                                                                     'Symfony\Component\PropertyInfo\PropertyReadInfoExtractorInterface' => '?'
   Γöé                                                                     'Symfony\Component\PropertyInfo\PropertyWriteInfoExtractorInterface' => '?'
   Γöé                                                                     'Symfony\Component\WebLink\HttpHeaderSerializer' => '?'
   Γöé                                                                     'cache.default_doctrine_dbal_provider' => '?'
   Γöé                                                                     'SessionHandlerInterface' => '?'
   Γöé                                                                     'session.storage.factory' => '?'
   Γöé                                                                     'session.handler' => '?'
   Γöé                                                                     'session_listener' => '?'
   Γöé                                                                     'Symfony\Component\Form\ResolvedFormTypeFactoryInterface' => '?'
   Γöé                                                                     'Symfony\Component\Form\FormRegistryInterface' => '?'
   Γöé                                                                     'Symfony\Component\Form\FormFactoryInterface' => '?'
   Γöé                                                                     'form.property_accessor' => '?'
   Γöé                                                                     'form.choice_list_factory' => '?'
   Γöé                                                                     'Symfony\Component\Validator\Validator\ValidatorInterface' => '?'
   Γöé                                                                     'validator.mapping.class_metadata_factory' => '?'
   Γöé                                                                     'Symfony\Component\Messenger\Transport\Serialization\SerializerInterface' => '?'
   Γöé                                                                     'messenger.default_serializer' => '?'
   Γöé                                                                     'Symfony\Component\Messenger\MessageBusInterface' => '?'
   Γöé                                                                     'messenger.failure_transports.default' => '?'
   Γöé                                                                     'notifier.logger_notification_listener' => '?'
   Γöé                                                                     'Symfony\Component\Mime\MimeTypesInterface' => '?'
   Γöé                                                                     'Symfony\Component\Mime\MimeTypeGuesserInterface' => '?'
   Γöé                                                                     'Doctrine\DBAL\Connection' => '?'
   Γöé                                                                     'Doctrine\Persistence\ManagerRegistry' => '?'
   Γöé                                                                     'Doctrine\Common\Persistence\ManagerRegistry' => '?'
   Γöé                                                                     'doctrine.dbal.event_manager' => '?'
   Γöé                                                                     'Doctrine\DBAL\Connection $defaultConnection' => '?'
   Γöé                                                                     'Doctrine\ORM\EntityManagerInterface' => '?'
   Γöé                                                                     'doctrine.orm.default_metadata_cache' => '?'
   Γöé                                                                     'doctrine.orm.default_result_cache' => '?'
   Γöé                                                                     'doctrine.orm.default_query_cache' => '?'
   Γöé                                                                     'Doctrine\ORM\EntityManagerInterface $defaultEntityManager' => '?'
   Γöé                                                                     'doctrine.orm.default_entity_manager.event_manager' => '?'
   Γöé                                                                     'doctrine.migrations.metadata_storage' => '?'
   Γöé                                                                     'Twig_Environment' => '?'
   Γöé                                                                     'Twig\Environment' => '?'
   Γöé                                                                     'Symfony\Component\Mime\BodyRendererInterface' => '?'
   Γöé                                                                     'Symfony\UX\Turbo\Broadcaster\BroadcasterInterface' => '?'
   Γöé                                                                     'Symfony\Component\Security\Core\Authorization\AuthorizationCheckerInterface' => '?'
   Γöé                                                                     'Symfony\Component\Security\Core\Authentication\Token\Storage\TokenStorageInterface' => '?'
   Γöé                                                                     'Symfony\Bundle\SecurityBundle\Security' => '?'
   Γöé                                                                     'Symfony\Component\Security\Core\Security' => '?'
   Γöé                                                                     'Symfony\Component\Security\Http\Session\SessionAuthenticationStrategyInterface' => '?'
   Γöé                                                                     'Symfony\Component\Security\Http\Authentication\AuthenticationUtils' => '?'
   Γöé                                                                     'Symfony\Component\Security\Core\Authorization\AccessDecisionManagerInterface' => '?'
   Γöé                                                                     'Symfony\Component\Security\Core\Role\RoleHierarchyInterface' => '?'
   Γöé                                                                     'Symfony\Component\Security\Http\Firewall' => '?'
   Γöé                                                                     'Symfony\Component\Security\Http\FirewallMapInterface' => '?'
   Γöé                                                                     'Symfony\Component\Security\Http\HttpUtils' => '?'
   Γöé                                                                     'Symfony\Component\PasswordHasher\Hasher\PasswordHasherFactoryInterface' => '?'
   Γöé                                                                     'security.password_hasher' => '?'
   Γöé                                                                     'Symfony\Component\PasswordHasher\Hasher\UserPasswordHasherInterface' => '?'
   Γöé                                                                     'security.firewall' => '?'
   Γöé                                                                     'security.user_providers' => '?'
   Γöé                                                                     'Symfony\Component\Security\Core\User\UserProviderInterface' => '?'
   Γöé                                                                     'security.user_checker.api' => '?'
   Γöé                                                                     'security.authentication.session_strategy.main' => '?'
   Γöé                                                                     'security.user_checker.main' => '?'
   Γöé                                                                     'security.firewall.context_locator' => '?'
   Γöé                                                                     'Symfony\Component\Security\Core\User\UserCheckerInterface' => '?'
   Γöé                                                                     'logger' => '?'
   Γöé                                                                     'Psr\Log\LoggerInterface' => '?'
   Γöé                                                                     'twig.loader.filesystem' => '?'
   Γöé                                                                     'argument_resolver.controller_locator' => '?'
   Γöé                                                                     'doctrine.id_generator_locator' => '?'
   Γöé                                                                     'twig.loader' => '?'
   Γöé                                                                     'Psr\Log\LoggerInterface $requestLogger' => '?'
   Γöé                                                                     'Psr\Log\LoggerInterface $consoleLogger' => '?'
   Γöé                                                                     'Psr\Log\LoggerInterface $messengerLogger' => '?'
   Γöé                                                                     'Psr\Log\LoggerInterface $cacheLogger' => '?'
   Γöé                                                                     'Psr\Log\LoggerInterface $assetMapperLogger' => '?'
   Γöé                                                                     'Psr\Log\LoggerInterface $httpClientLogger' => '?'
   Γöé                                                                     'Psr\Log\LoggerInterface $mailerLogger' => '?'
   Γöé                                                                     'Psr\Log\LoggerInterface $phpLogger' => '?'
   Γöé                                                                     'Psr\Log\LoggerInterface $eventLogger' => '?'
   Γöé                                                                     'Psr\Log\LoggerInterface $routerLogger' => '?'
   Γöé                                                                     'Psr\Log\LoggerInterface $profilerLogger' => '?'
   Γöé                                                                     'Psr\Log\LoggerInterface $doctrineLogger' => '?'
   Γöé                                                                     'Psr\Log\LoggerInterface $securityLogger' => '?'
   Γöé                                                                     'Psr\Log\LoggerInterface $deprecationLogger' => '?'
   Γöé                                                                     'validator' => '?'
   Γöé                                                                     'http_client' => '?'
   Γöé                                                                     'asset_mapper.mapped_asset_factory' => '?'
   Γöé                                                                     'assets._default_package' => '?'
   Γöé                                                                     'controller_resolver' => '?'
   Γöé                                                                     'argument_resolver' => '?'
   Γöé                                                                     'translator.data_collector.inner' => '?'
   Γöé                                                                     'doctrine.migrations.migrations_factory' => '?'
   Γöé                                                                     'twig.error_renderer.html.inner' => '?'
   Γöé                                                                     'turbo.broadcaster.imux' => '?'
   Γöé                                                                     'security.access.decision_manager' => '?'
   Γöé                                                                     'security.firewall.authenticator.api' => '?'
   Γöé                                                                     'security.firewall.authenticator.main' => '?'
   Γöé                                                                     'messenger.bus.default' => '?'
   Γöé                                                                     'doctrine.orm.default_metadata_driver' => '?'
   Γöé                                                                     'security.event_dispatcher.api' => '?'
   Γöé                                                                     'security.event_dispatcher.main' => '?'
   Γöé                                                                     'base64' => '?'
   Γöé                                                                     'bool' => '?'
   Γöé                                                                     'const' => '?'
   Γöé                                                                     'csv' => '?'
   Γöé                                                                     'default' => '?'
   Γöé                                                                     'defined' => '?'
   Γöé                                                                     'enum' => '?'
   Γöé                                                                     'file' => '?'
   Γöé                                                                     'float' => '?'
   Γöé                                                                     'int' => '?'
   Γöé                                                                     'json' => '?'
   Γöé                                                                     'key' => '?'
   Γöé                                                                     'not' => '?'
   Γöé                                                                     'query_string' => '?'
   Γöé                                                                     'require' => '?'
   Γöé                                                                     'resolve' => '?'
   Γöé                                                                     'shuffle' => '?'
   Γöé                                                                     'string' => '?'
   Γöé                                                                     'trim' => '?'
   Γöé                                                                     'url' => '?'
   Γöé AND name = ?'
   Γöé AND name = ?'
   Γöé AND name = ?'
   Γöé AND name = ?'
   Γöé AND name = ?'
   Γöé AND name = ?'
   Γöé AND name = ?'
   Γöé AND name = ?'
   Γöé AND name = ?'
   Γöé AND name = ?'
   Γöé AND name = ?'
   Γöé AND name = ?'
   Γöé AND name = ?'
   Γöé AND name = ?'
   Γöé AND name = ?'
   Γöé AND name = ?'
   Γöé AND name = ?'
   Γöé AND name = ?'
   Γöé AND name = ?'
   Γöé AND name = ?'
   Γöé AND name = ?'
   Γöé                                                                                                 'sql' => 'SELECT * FROM PRAGMA_TABLE_INFO (?)'
   Γöé                                                                                                 'sql' => 'SELECT * FROM PRAGMA_INDEX_INFO (?)'
   Γöé                                                                                                 'sql' => 'SELECT * FROM PRAGMA_INDEX_INFO (?)'
   Γöé                                                                                                 'sql' => 'SELECT * FROM PRAGMA_INDEX_INFO (?)'
   Γöé                                                                                                 'sql' => 'SELECT * FROM PRAGMA_INDEX_INFO (?)'
   Γöé                                                                                                 'sql' => 'SELECT * FROM PRAGMA_INDEX_INFO (?)'
   Γöé AND name = ?'
   Γöé                                                                                                 'sql' => 'SELECT * FROM PRAGMA_TABLE_INFO (?)'
   Γöé                                                                                                 'sql' => 'SELECT * FROM PRAGMA_INDEX_INFO (?)'
   Γöé AND name = ?'
   Γöé                                                                                                 'sql' => 'SELECT * FROM PRAGMA_TABLE_INFO (?)'
   Γöé                                                                                                 'sql' => 'SELECT * FROM PRAGMA_INDEX_INFO (?)'
   Γöé AND name = ?'
   Γöé                                                                                                 'sql' => 'SELECT * FROM PRAGMA_TABLE_INFO (?)'
   Γöé                                                                                                 'sql' => 'SELECT * FROM PRAGMA_INDEX_INFO (?)'
   Γöé AND name = ?'
   Γöé                                                                                                 'sql' => 'SELECT * FROM PRAGMA_TABLE_INFO (?)'
   Γöé                                                                                                 'sql' => 'SELECT * FROM PRAGMA_INDEX_INFO (?)'
   Γöé AND name = ?'
   Γöé                                                                                                 'sql' => 'SELECT * FROM PRAGMA_TABLE_INFO (?)'
   Γöé                                                                                                 'sql' => 'SELECT * FROM PRAGMA_INDEX_INFO (?)'
   Γöé AND name = ?'
   Γöé                                                                                                 'sql' => 'SELECT * FROM PRAGMA_TABLE_INFO (?)'
   Γöé                                                                                                 'sql' => 'SELECT * FROM PRAGMA_INDEX_INFO (?)'
   Γöé AND name = ?'
   Γöé                                                                                                 'sql' => 'SELECT * FROM PRAGMA_TABLE_INFO (?)'
   Γöé                                                                                                 'sql' => 'SELECT * FROM PRAGMA_INDEX_INFO (?)'
   Γöé AND name = ?'
   Γöé                                                                                                 'sql' => 'SELECT * FROM PRAGMA_TABLE_INFO (?)'
   Γöé                                                                                                 'sql' => 'SELECT * FROM PRAGMA_INDEX_INFO (?)'
   Γöé                                                                                                 'sql' => 'SELECT * FROM PRAGMA_INDEX_INFO (?)'
   Γöé AND name = ?'
   Γöé                                                                                                 'sql' => 'SELECT * FROM PRAGMA_TABLE_INFO (?)'
   Γöé                                                                                                 'sql' => 'SELECT * FROM PRAGMA_INDEX_INFO (?)'
   Γöé AND name = ?'
   Γöé                                                                                                 'sql' => 'SELECT * FROM PRAGMA_TABLE_INFO (?)'
   Γöé                                                                                                 'sql' => 'SELECT * FROM PRAGMA_INDEX_INFO (?)'
   Γöé                                                                                                 'sql' => 'SELECT * FROM PRAGMA_INDEX_INFO (?)'
   Γöé                                                                                                 'sql' => 'INSERT INTO user (nom, prenom, email, password, cin, adresse, telephone, image_url, role, created_at, updated_at) VALUES (?, ?, ?, ?, ?, ?, ?, ?, ?, ?, ?)'
   Γöé                                                                                                 'sql' => 'INSERT INTO ferme (nom_ferme, lieu, surface, latitude, longitude, created_at, updated_at, id_user) VALUES (?, ?, ?, ?, ?, ?, ?, ?)'
   Γöé                                                                                                 'sql' => 'INSERT INTO analyse (date_analyse, resultat_technique, image_url, weather_data, weather_fetched_at, statut, description_demande, ai_diagnosis_result, ai_diagnosis_date, ai_confidence_score, id_technicien, id_ferme, id_demandeur, id_animal_cible, id_plante_cible) VALUES (?, ?, ?, ?, ?, ?, ?, ?, ?, ?, ?, ?, ?, ?, ?)'
   Γöé AND name = ?'
   Γöé AND name = ?'
   Γöé AND name = ?'
   Γöé AND name = ?'
   Γöé AND name = ?'
   Γöé AND name = ?'
   Γöé AND name = ?'
   Γöé AND name = ?'
   Γöé AND name = ?'
   Γöé AND name = ?'
   Γöé AND name = ?'
   Γöé AND name = ?'
   Γöé AND name = ?'
   Γöé AND name = ?'
   Γöé AND name = ?'
   Γöé AND name = ?'
   Γöé AND name = ?'
   Γöé AND name = ?'
   Γöé AND name = ?'
   Γöé AND name = ?'
   Γöé AND name = ?'
   Γöé                                                                                     'sql' => 'SELECT * FROM PRAGMA_TABLE_INFO (?)'
   Γöé                                                                                     'sql' => 'SELECT * FROM PRAGMA_INDEX_INFO (?)'
   Γöé                                                                                     'sql' => 'SELECT * FROM PRAGMA_INDEX_INFO (?)'
   Γöé                                                                                     'sql' => 'SELECT * FROM PRAGMA_INDEX_INFO (?)'
   Γöé                                                                                     'sql' => 'SELECT * FROM PRAGMA_INDEX_INFO (?)'
   Γöé                                                                                     'sql' => 'SELECT * FROM PRAGMA_INDEX_INFO (?)'
   Γöé AND name = ?'
   Γöé                                                                                     'sql' => 'SELECT * FROM PRAGMA_TABLE_INFO (?)'
   Γöé                                                                                     'sql' => 'SELECT * FROM PRAGMA_INDEX_INFO (?)'
   Γöé AND name = ?'
   Γöé                                                                                     'sql' => 'SELECT * FROM PRAGMA_TABLE_INFO (?)'
   Γöé                                                                                     'sql' => 'SELECT * FROM PRAGMA_INDEX_INFO (?)'
   Γöé AND name = ?'
   Γöé                                                                                     'sql' => 'SELECT * FROM PRAGMA_TABLE_INFO (?)'
   Γöé                                                                                     'sql' => 'SELECT * FROM PRAGMA_INDEX_INFO (?)'
   Γöé AND name = ?'
   Γöé                                                                                     'sql' => 'SELECT * FROM PRAGMA_TABLE_INFO (?)'
   Γöé                                                                                     'sql' => 'SELECT * FROM PRAGMA_INDEX_INFO (?)'
   Γöé AND name = ?'
   Γöé                                                                                     'sql' => 'SELECT * FROM PRAGMA_TABLE_INFO (?)'
   Γöé                                                                                     'sql' => 'SELECT * FROM PRAGMA_INDEX_INFO (?)'
   Γöé AND name = ?'
   Γöé                                                                                     'sql' => 'SELECT * FROM PRAGMA_TABLE_INFO (?)'
   Γöé                                                                                     'sql' => 'SELECT * FROM PRAGMA_INDEX_INFO (?)'
   Γöé AND name = ?'
   Γöé                                                                                     'sql' => 'SELECT * FROM PRAGMA_TABLE_INFO (?)'
   Γöé                                                                                     'sql' => 'SELECT * FROM PRAGMA_INDEX_INFO (?)'
   Γöé AND name = ?'
   Γöé                                                                                     'sql' => 'SELECT * FROM PRAGMA_TABLE_INFO (?)'
   Γöé                                                                                     'sql' => 'SELECT * FROM PRAGMA_INDEX_INFO (?)'
   Γöé                                                                                     'sql' => 'SELECT * FROM PRAGMA_INDEX_INFO (?)'
   Γöé AND name = ?'
   Γöé                                                                                     'sql' => 'SELECT * FROM PRAGMA_TABLE_INFO (?)'
   Γöé                                                                                     'sql' => 'SELECT * FROM PRAGMA_INDEX_INFO (?)'
   Γöé AND name = ?'
   Γöé                                                                                     'sql' => 'SELECT * FROM PRAGMA_TABLE_INFO (?)'
   Γöé                                                                                     'sql' => 'SELECT * FROM PRAGMA_INDEX_INFO (?)'
   Γöé                                                                                     'sql' => 'SELECT * FROM PRAGMA_INDEX_INFO (?)'
   Γöé                                                                                     'sql' => 'INSERT INTO user (nom, prenom, email, password, cin, adresse, telephone, image_url, role, created_at, updated_at) VALUES (?, ?, ?, ?, ?, ?, ?, ?, ?, ?, ?)'
   Γöé                                                                                     'sql' => 'INSERT INTO ferme (nom_ferme, lieu, surface, latitude, longitude, created_at, updated_at, id_user) VALUES (?, ?, ?, ?, ?, ?, ?, ?)'
   Γöé                                                                                     'sql' => 'INSERT INTO analyse (date_analyse, resultat_technique, image_url, weather_data, weather_fetched_at, statut, description_demande, ai_diagnosis_result, ai_diagnosis_date, ai_confidence_score, id_technicien, id_ferme, id_demandeur, id_animal_cible, id_plante_cible) VALUES (?, ?, ?, ?, ?, ?, ?, ?, ?, ?, ?, ?, ?, ?, ?)'
   Γöé                                                                             'translation.loader.csv' => '?'
   Γöé                                                                             'translation.loader.dat' => '?'
   Γöé                                                                             'translation.loader.ini' => '?'
   Γöé                                                                             'translation.loader.json' => '?'
   Γöé                                                                             'translation.loader.mo' => '?'
   Γöé                                                                             'translation.loader.php' => '?'
   Γöé                                                                             'translation.loader.po' => '?'
   Γöé                                                                             'translation.loader.qt' => '?'
   Γöé                                                                             'translation.loader.res' => '?'
   Γöé                                                                             'translation.loader.xliff' => '?'
   Γöé                                                                             'translation.loader.yml' => '?'
   Γöé                                                                         0 => '{^(?|/a(?|dmin/(?|analyses/([^/]++)(?|(*:40)|/(?|edit(*:55)|delete(*:68)|status(*:81)))|conseils/(?|new/([^/]++)(*:114)|([^/]++)(?|(*:133)|/(?|edit(*:149)|delete(*:163))))|users/(?|delete/([^/]++)(*:198)|agriculteur/([^/]++)/map(*:230)))|n(?|alyse/([^/]++)(?|(*:261)|/(?|edit(*:277)|delete(*:291)))|imal/(?|([^/]++)/(?|c(?|arnet(*:330)|onsultation(*:349))|update(*:364)|edit(*:376))|delete/([^/]++)(*:400)|([^/]++)/(?|map(*:423)|add\-sante(*:441))))|pi/(?|plante/([^/]++)/(?|arrosage/([^/]++)(?|(*:497))|recolte(*:513))|animal/([^/]++)/sante(*:543)|users/(\d+)(?|(*:565))))|/conseil/([^/]++)(?|(*:596)|/(?|edit(*:612)|delete(*:626)))|/ferme/(?|([^/]++)/(?|edit(*:662)|update(*:676))|delete/([^/]++)(*:700)|ferme/([^/]++)/weather(*:730)|([^/]++)/prediction(*:757))|/plante/(?|([^/]++)/(?|edit(*:793)|update(*:807))|de(?|lete/([^/]++)(*:834)|tails/([^/]++)(*:856)))|/expert/(?|analyse/(?|([^/]++)/(?|diagnose(?|(*:911)|/json(*:924))|ai\-result(*:943))|(\d+)(*:957)|([^/]++)/(?|e(?|dit(*:984)|xport/pdf(*:1001))|delete(*:1017)|status/([^/]++)(*:1041)|conseil/new(*:1061)))|demande/(\d+)/prendre\-en\-charge(*:1105)|conseil/(?|(\d+)(*:1130)|([^/]++)/(?|edit(*:1155)|delete(*:1170)))))/?$}sDu'
   Γöé                                                                                             'session_factory' => '?'
   Γöé                                                                                                 0 => '#^(?=[^\.]).*\.d\.ts$#'
   Γöé                                                                                                 1 => '#^(?=[^\.]).*/(?=[^\.])controllers\.json$#'
   Γöé                                                                                                                         'form.factory' => '?'
   Γöé                                                                                                                         'http_kernel' => '?'
   Γöé                                                                                                                         'parameter_bag' => '?'
   Γöé                                                                                                                         'request_stack' => '?'
   Γöé                                                                                                                         'router' => '?'
   Γöé                                                                                                                         'security.authorization_checker' => '?'
   Γöé                                                                                                                         'security.token_storage' => '?'
   Γöé                                                                                                                         'serializer' => '?'
   Γöé                                                                                                                         'twig' => '?'
   Γöé                                                                                                                         'web_link.http_header_serializer' => '?'
   Γöé                                                                                                                                             'request_stack' => '?'
   Γöé                                                                                                                                                     'security.firewall.map.context.api' => '?'
   Γöé                                                                                                                                                     'security.firewall.map.context.dev' => '?'
   Γöé                                                                                                                                                     'security.firewall.map.context.main' => '?'
   Γöé                                                                                                                                         'Symfony\Bridge\Twig\Extension\HttpKernelRuntime' => '?'
   Γöé                                                                                                                                         'Symfony\Bridge\Twig\Extension\SerializerRuntime' => '?'
   Γöé                                                                                                                                         'Symfony\Component\Form\FormRenderer' => '?'
   Γöé                                                                                                                                         'Symfony\Bridge\Twig\Extension\ImportMapRuntime' => '?'
   Γöé                                                                                                                                         'Symfony\UX\StimulusBundle\Twig\UxControllersTwigRuntime' => '?'
   Γöé                                                                                                                                         'Symfony\UX\Turbo\Twig\TurboRuntime' => '?'
   Γöé                                                                                                                         'form.factory' => '?'
   Γöé                                                                                                                         'http_kernel' => '?'
   Γöé                                                                                                                         'parameter_bag' => '?'
   Γöé                                                                                                                         'request_stack' => '?'
   Γöé                                                                                                                         'router' => '?'
   Γöé                                                                                                                         'security.authorization_checker' => '?'
   Γöé                                                                                                                         'security.token_storage' => '?'
   Γöé                                                                                                                         'serializer' => '?'
   Γöé                                                                                                                         'twig' => '?'
   Γöé                                                                                                                         'web_link.http_header_serializer' => '?'
   Γöé                                                                                                                     'Symfony\Bridge\Doctrine\Validator\Constraints\UniqueEntityValidator' => '?'
   Γöé                                                                                                                     'Symfony\Component\Security\Core\Validator\Constraints\UserPasswordValidator' => '?'
   Γöé                                                                                                                     'Symfony\Component\Validator\Constraints\EmailValidator' => '?'
   Γöé                                                                                                                     'Symfony\Component\Validator\Constraints\ExpressionValidator' => '?'
   Γöé                                                                                                                     'Symfony\Component\Validator\Constraints\NoSuspiciousCharactersValidator' => '?'
   Γöé                                                                                                                     'Symfony\Component\Validator\Constraints\NotCompromisedPasswordValidator' => '?'
   Γöé                                                                                                                     'Symfony\Component\Validator\Constraints\WhenValidator' => '?'
   Γöé                                                                                                                     'doctrine.orm.validator.unique' => '?'
   Γöé                                                                                                                     'security.validator.user_password' => '?'
   Γöé                                                                                                                     'validator.expression' => '?'
   Γöé                                                                                                                                 'domainRegexp' => '{^https?://%s$}i'
   Γöé                                                                                                                                                     'request_stack' => '?'
   Γöé                                                                                                                                                     'security.authenticator.managers_locator' => '?'
   Γöé                                                                                                                                                     'security.authorization_checker' => '?'
   Γöé                                                                                                                                                     'security.firewall.event_dispatcher_locator' => '?'
   Γöé                                                                                                                                                     'security.firewall.map' => '?'
   Γöé                                                                                                                                                     'security.token_storage' => '?'
   Γöé                                                                                                                                                     'security.user_checker_locator' => '?'
   Γöé                                                                                                                                                         'security.authenticator.form_login.main' => '?'
   Γöé                                                                                 'Symfony\Bridge\Doctrine\ArgumentResolver\EntityValueResolver' => '?'
   Γöé                                                                                 'Symfony\Component\HttpKernel\Controller\ArgumentResolver\BackedEnumValueResolver' => '?'
   Γöé                                                                                 'Symfony\Component\HttpKernel\Controller\ArgumentResolver\DateTimeValueResolver' => '?'
   Γöé                                                                                 'Symfony\Component\HttpKernel\Controller\ArgumentResolver\DefaultValueResolver' => '?'
   Γöé                                                                                 'Symfony\Component\HttpKernel\Controller\ArgumentResolver\QueryParameterValueResolver' => '?'
   Γöé                                                                                 'Symfony\Component\HttpKernel\Controller\ArgumentResolver\RequestAttributeValueResolver' => '?'
   Γöé                                                                                 'Symfony\Component\HttpKernel\Controller\ArgumentResolver\RequestPayloadValueResolver' => '?'
   Γöé                                                                                 'Symfony\Component\HttpKernel\Controller\ArgumentResolver\RequestValueResolver' => '?'
   Γöé                                                                                 'Symfony\Component\HttpKernel\Controller\ArgumentResolver\ServiceValueResolver' => '?'
   Γöé                                                                                 'Symfony\Component\HttpKernel\Controller\ArgumentResolver\SessionValueResolver' => '?'
   Γöé                                                                                 'Symfony\Component\HttpKernel\Controller\ArgumentResolver\VariadicValueResolver' => '?'
   Γöé                                                                                 'Symfony\Component\Security\Http\Controller\SecurityTokenValueResolver' => '?'
   Γöé                                                                                 'Symfony\Component\Security\Http\Controller\UserValueResolver' => '?'
   Γöé                                                                                 'argument_resolver.not_tagged_controller' => '?'
   Γöé                                                                                 'App\Repository\AnalyseRepository' => '?'
   Γöé                                                                                 'App\Repository\AnimalRepository' => '?'
   Γöé                                                                                 'App\Repository\AnimalSanteRepository' => '?'
   Γöé                                                                                 'App\Repository\ArrosageRepository' => '?'
   Γöé                                                                                 'App\Repository\ConseilRepository' => '?'
   Γöé                                                                                 'App\Repository\FermeRepository' => '?'
   Γöé                                                                                 'App\Repository\PlanteRepository' => '?'
   Γöé                                                                                 'App\Repository\SuiviSanteRepository' => '?'
   Γöé                                                                                 'App\Repository\UserFaceRepository' => '?'
   Γöé                                                                                 'App\Repository\UserLogRepository' => '?'
   Γöé                                                                                 'App\Repository\UserRepository' => '?'
   Γöé                                                                         'messenger.bus.default' => '?'
   Γöé                                                                     'form.factory' => '?'
   Γöé                                                                     'http_kernel' => '?'
   Γöé                                                                     'parameter_bag' => '?'
   Γöé                                                                     'request_stack' => '?'
   Γöé                                                                     'router' => '?'
   Γöé                                                                     'security.authorization_checker' => '?'
   Γöé                                                                     'security.token_storage' => '?'
   Γöé                                                                     'serializer' => '?'
   Γöé                                                                     'twig' => '?'
   Γöé                                                                     'web_link.http_header_serializer' => '?'
   Γöé                                                             'MESSENGER_TRANSPORT_DSN' => 'doctrine://default?auto_setup=0'
   Γöé                                     'doctrine.orm.default_listeners.attach_entity_listeners' => '?'
   Γöé                                     'doctrine.orm.listeners.doctrine_dbal_cache_adapter_schema_listener' => '?'
   Γöé                                     'doctrine.orm.listeners.doctrine_token_provider_schema_listener' => '?'
   Γöé                                     'doctrine.orm.listeners.lock_store_schema_listener' => '?'
   Γöé                                     'doctrine.orm.listeners.pdo_session_handler_schema_listener' => '?'
   Γöé                                     'doctrine.orm.messenger.doctrine_schema_listener' => '?'
   Γöé                                     'turbo.doctrine.event_listener' => '?'
   Γöé                 localStorage.getItem('symfony/profiler/theme') || (matchMedia('(prefers-color-scheme: dark)').matches ? 'theme-dark' : 'theme-light')
   Γöé                         <script> Sfdump = window.Sfdump || (function (doc) { doc.documentElement.classList.add('sf-js-enabled'); var rxEsc = /([.*+?^${}()|\[\]\/\\])/g, idRx = /\bsf-dump-\d+-ref[012]\w+\b/, keyHint = 0 <= navigator.platform.toUpperCase().indexOf('MAC') ? 'Cmd' : 'Ctrl', addEventListener = function (e, n, cb) { e.addEventListener(n, cb, false); }; if (!doc.addEventListener) { addEventListener = function (element, eventName, callback) { element.attachEvent('on' + eventName, function (e) { e.preventDefault = function () {e.returnValue = false;}; e.target = e.srcElement; callback(e); }); }; } function toggle(a, recursive) { var s = a.nextSibling || {}, oldClass = s.className, arrow, newClass; if (/\bsf-dump-compact\b/.test(oldClass)) { arrow = '&#9660;'; newClass = 'sf-dump-expanded'; } else if (/\bsf-dump-expanded\b/.test(oldClass)) { arrow = '&#9654;'; newClass = 'sf-dump-compact'; } else { return false; } if (doc.createEvent && s.dispatchEvent) { var event = doc.createEvent('Event'); event.initEvent('sf-dump-expanded' === newClass ? 'sfbeforedumpexpand' : 'sfbeforedumpcollapse', true, false); s.dispatchEvent(event); } a.lastChild.innerHTML = arrow; s.className = s.className.replace(/\bsf-dump-(compact|expanded)\b/, newClass); if (recursive) { try { a = s.querySelectorAll('.'+oldClass); for (s = 0; s < a.length; ++s) { if (-1 == a[s].className.indexOf(newClass)) { a[s].className = newClass; a[s].previousSibling.lastChild.innerHTML = arrow; } } } catch (e) { } } return true; }; function collapse(a, recursive) { var s = a.nextSibling || {}, oldClass = s.className; if (/\bsf-dump-expanded\b/.test(oldClass)) { toggle(a, recursive); return true; } return false; }; function expand(a, recursive) { var s = a.nextSibling || {}, oldClass = s.className; if (/\bsf-dump-compact\b/.test(oldClass)) { toggle(a, recursive); return true; } return false; }; function collapseAll(root) { var a = root.querySelector('a.sf-dump-toggle'); if (a) { collapse(a, true); expand(a); return true; } return false; } function reveal(node) { var previous, parents = []; while ((node = node.parentNode || {}) && (previous = node.previousSibling) && 'A' === previous.tagName) { parents.push(previous); } if (0 !== parents.length) { parents.forEach(function (parent) { expand(parent); }); return true; } return false; } function highlight(root, activeNode, nodes) { resetHighlightedNodes(root); Array.from(nodes||[]).forEach(function (node) { if (!/\bsf-dump-highlight\b/.test(node.className)) { node.className = node.className + ' sf-dump-highlight'; } }); if (!/\bsf-dump-highlight-active\b/.test(activeNode.className)) { activeNode.className = activeNode.className + ' sf-dump-highlight-active'; } } function resetHighlightedNodes(root) { Array.from(root.querySelectorAll('.sf-dump-str, .sf-dump-key, .sf-dump-public, .sf-dump-protected, .sf-dump-private')).forEach(function (strNode) { strNode.className = strNode.className.replace(/\bsf-dump-highlight\b/, ''); strNode.className = strNode.className.replace(/\bsf-dump-highlight-active\b/, ''); }); } return function (root, x) { root = doc.getElementById(root); var indentRx = new RegExp('^('+(root.getAttribute('data-indent-pad') || ' ').replace(rxEsc, '\\$1')+')+', 'm'), options = {"maxDepth":1,"maxStringLength":160,"fileLinkFormat":false}, elt = root.getElementsByTagName('A'), len = elt.length, i = 0, s, h, t = []; while (i < len) t.push(elt[i++]); for (i in x) { options[i] = x[i]; } function a(e, f) { addEventListener(root, e, function (e, n) { if ('A' == e.target.tagName) { f(e.target, e); } else if ('A' == e.target.parentNode.tagName) { f(e.target.parentNode, e); } else { n = /\bsf-dump-ellipsis\b/.test(e.target.className) ? e.target.parentNode : e.target; if ((n = n.nextElementSibling) && 'A' == n.tagName) { if (!/\bsf-dump-toggle\b/.test(n.className)) { n = n.nextElementSibling || n; } f(n, e, true); } } }); }; function isCtrlKey(e) { return e.ctrlKey || e.metaKey; } function xpathString(str) { var parts = str.match(/[^'"]+|['"]/g).map(function (part) { if ("'" == part) { return '"\'"'; } if ('"' == part) { return "'\"'"; } return "'" + part + "'"; }); return "concat(" + parts.join(",") + ", '')"; } function xpathHasClass(className) { return "contains(concat(' ', normalize-space(@class), ' '), ' " + className +" ')"; } a('mouseover', function (a, e, c) { if (c) { e.target.style.cursor = "pointer"; } }); a('click', function (a, e, c) { if (/\bsf-dump-toggle\b/.test(a.className)) { e.preventDefault(); if (!toggle(a, isCtrlKey(e))) { var r = doc.getElementById(a.getAttribute('href').slice(1)), s = r.previousSibling, f = r.parentNode, t = a.parentNode; t.replaceChild(r, a); f.replaceChild(a, s); t.insertBefore(s, r); f = f.firstChild.nodeValue.match(indentRx); t = t.firstChild.nodeValue.match(indentRx); if (f && t && f[0] !== t[0]) { r.innerHTML = r.innerHTML.replace(new RegExp('^'+f[0].replace(rxEsc, '\\$1'), 'mg'), t[0]); } if (/\bsf-dump-compact\b/.test(r.className)) { toggle(s, isCtrlKey(e)); } } if (c) { } else if (doc.getSelection) { try { doc.getSelection().removeAllRanges(); } catch (e) { doc.getSelection().empty(); } } else { doc.selection.empty(); } } else if (/\bsf-dump-str-toggle\b/.test(a.className)) { e.preventDefault(); e = a.parentNode.parentNode; e.className = e.className.replace(/\bsf-dump-str-(expand|collapse)\b/, a.parentNode.className); } }); elt = root.getElementsByTagName('SAMP'); len = elt.length; i = 0; while (i < len) t.push(elt[i++]); len = t.length; for (i = 0; i < len; ++i) { elt = t[i]; if ('SAMP' == elt.tagName) { a = elt.previousSibling || {}; if ('A' != a.tagName) { a = doc.createElement('A'); a.className = 'sf-dump-ref'; elt.parentNode.insertBefore(a, elt); } else { a.innerHTML += ' '; } a.title = (a.title ? a.title+'\n[' : '[')+keyHint+'+click] Expand all children'; a.innerHTML += elt.className == 'sf-dump-compact' ? '<span>&#9654;</span>' : '<span>&#9660;</span>'; a.className += ' sf-dump-toggle'; x = 1; if ('sf-dump' != elt.parentNode.className) { x += elt.parentNode.getAttribute('data-depth')/1; } } else if (/\bsf-dump-ref\b/.test(elt.className) && (a = elt.getAttribute('href'))) { a = a.slice(1); elt.className += ' sf-dump-hover'; elt.className += ' '+a; if (/[\[{]$/.test(elt.previousSibling.nodeValue)) { a = a != elt.nextSibling.id && doc.getElementById(a); try { s = a.nextSibling; elt.appendChild(a); s.parentNode.insertBefore(a, s); if (/^[@#]/.test(elt.innerHTML)) { elt.innerHTML += ' <span>&#9654;</span>'; } else { elt.innerHTML = '<span>&#9654;</span>'; elt.className = 'sf-dump-ref'; } elt.className += ' sf-dump-toggle'; } catch (e) { if ('&' == elt.innerHTML.charAt(0)) { elt.innerHTML = '&#8230;'; elt.className = 'sf-dump-ref'; } } } } } if (doc.evaluate && Array.from && root.children.length > 1) { root.setAttribute('tabindex', 0); SearchState = function () { this.nodes = []; this.idx = 0; }; SearchState.prototype = { next: function () { if (this.isEmpty()) { return this.current(); } this.idx = this.idx < (this.nodes.length - 1) ? this.idx + 1 : 0; return this.current(); }, previous: function () { if (this.isEmpty()) { return this.current(); } this.idx = this.idx > 0 ? this.idx - 1 : (this.nodes.length - 1); return this.current(); }, isEmpty: function () { return 0 === this.count(); }, current: function () { if (this.isEmpty()) { return null; } return this.nodes[this.idx]; }, reset: function () { this.nodes = []; this.idx = 0; }, count: function () { return this.nodes.length; }, }; function showCurrent(state) { var currentNode = state.current(), currentRect, searchRect; if (currentNode) { reveal(currentNode); highlight(root, currentNode, state.nodes); if ('scrollIntoView' in currentNode) { currentNode.scrollIntoView(true); currentRect = currentNode.getBoundingClientRect(); searchRect = search.getBoundingClientRect(); if (currentRect.top < (searchRect.top + searchRect.height)) { window.scrollBy(0, -(searchRect.top + searchRect.height + 5)); } } } counter.textContent = (state.isEmpty() ? 0 : state.idx + 1) + ' of ' + state.count(); } var search = doc.createElement('div'); search.className = 'sf-dump-search-wrapper sf-dump-search-hidden'; search.innerHTML = ' <input type="text" class="sf-dump-search-input"> <span class="sf-dump-search-count">0 of 0<\/span> <button type="button" class="sf-dump-search-input-previous" tabindex="-1"> <svg viewBox="0 0 1792 1792" xmlns="http://www.w3.org/2000/svg"><path d="M1683 1331l-166 165q-19 19-45 19t-45-19L896 965l-531 531q-19 19-45 19t-45-19l-166-165q-19-19-19-45.5t19-45.5l742-741q19-19 45-19t45 19l742 741q19 19 19 45.5t-19 45.5z"\/><\/svg> <\/button> <button type="button" class="sf-dump-search-input-next" tabindex="-1"> <svg viewBox="0 0 1792 1792" xmlns="http://www.w3.org/2000/svg"><path d="M1683 808l-742 741q-19 19-45 19t-45-19L109 808q-19-19-19-45.5t19-45.5l166-165q19-19 45-19t45 19l531 531 531-531q19-19 45-19t45 19l166 165q19 19 19 45.5t-19 45.5z"\/><\/svg> <\/button> '; root.insertBefore(search, root.firstChild); var state = new SearchState(); var searchInput = search.querySelector('.sf-dump-search-input'); var counter = search.querySelector('.sf-dump-search-count'); var searchInputTimer = 0; var previousSearchQuery = ''; addEventListener(searchInput, 'keyup', function (e) { var searchQuery = e.target.value; /* Don't perform anything if the pressed key didn't change the query */ if (searchQuery === previousSearchQuery) { return; } previousSearchQuery = searchQuery; clearTimeout(searchInputTimer); searchInputTimer = setTimeout(function () { state.reset(); collapseAll(root); resetHighlightedNodes(root); if ('' === searchQuery) { counter.textContent = '0 of 0'; return; } var classMatches = [ "sf-dump-str", "sf-dump-key", "sf-dump-public", "sf-dump-protected", "sf-dump-private", ].map(xpathHasClass).join(' or '); var xpathResult = doc.evaluate('.//span[' + classMatches + '][contains(translate(child::text(), ' + xpathString(searchQuery.toUpperCase()) + ', ' + xpathString(searchQuery.toLowerCase()) + '), ' + xpathString(searchQuery.toLowerCase()) + ')]', root, null, XPathResult.ORDERED_NODE_ITERATOR_TYPE, null); while (node = xpathResult.iterateNext()) state.nodes.push(node); showCurrent(state); }, 400); }); Array.from(search.querySelectorAll('.sf-dump-search-input-next, .sf-dump-search-input-previous')).forEach(function (btn) { addEventListener(btn, 'click', function (e) { e.preventDefault(); -1 !== e.target.className.indexOf('next') ? state.next() : state.previous(); searchInput.focus(); collapseAll(root); showCurrent(state); }) }); addEventListener(root, 'keydown', function (e) { var isSearchActive = !/\bsf-dump-search-hidden\b/.test(search.className); if ((114 === e.keyCode && !isSearchActive) || (isCtrlKey(e) && 70 === e.keyCode)) { /* F3 or CMD/CTRL + F */ if (70 === e.keyCode && document.activeElement === searchInput) { /* * If CMD/CTRL + F is hit while having focus on search input, * the user probably meant to trigger browser search instead. * Let the browser execute its behavior: */ return; } e.preventDefault(); search.className = search.className.replace(/\bsf-dump-search-hidden\b/, ''); searchInput.focus(); } else if (isSearchActive) { if (27 === e.keyCode) { /* ESC key */ search.className += ' sf-dump-search-hidden'; e.preventDefault(); resetHighlightedNodes(root); searchInput.value = ''; } else if ( (isCtrlKey(e) && 71 === e.keyCode) /* CMD/CTRL + G */ || 13 === e.keyCode /* Enter */ || 114 === e.keyCode /* F3 */ ) { e.preventDefault(); e.shiftKey ? state.previous() : state.next(); collapseAll(root); showCurrent(state); } } }); } if (0 >= options.maxStringLength) { return; } try { elt = root.querySelectorAll('.sf-dump-str'); len = elt.length; i = 0; t = []; while (i < len) t.push(elt[i++]); len = t.length; for (i = 0; i < len; ++i) { elt = t[i]; s = elt.innerText || elt.textContent; x = s.length - options.maxStringLength; if (0 < x) { h = elt.innerHTML; elt[elt.innerText ? 'innerText' : 'textContent'] = s.substring(0, options.maxStringLength); elt.className += ' sf-dump-str-collapse'; elt.innerHTML = '<span class=sf-dump-str-collapse>'+h+'<a class="sf-dump-ref sf-dump-str-toggle" title="Collapse"> &#9664;</a></span>'+ '<span class=sf-dump-str-expand>'+elt.innerHTML+'<a class="sf-dump-ref sf-dump-str-toggle" title="'+x+' remaining characters"> &#9654;</a></span>'; } } } catch (e) { } }; })(document); </script><style> .sf-js-enabled pre.sf-dump .sf-dump-compact, .sf-js-enabled .sf-dump-str-collapse .sf-dump-str-collapse, .sf-js-enabled .sf-dump-str-expand .sf-dump-str-expand { display: none; } .sf-dump-hover:hover { background-color: #B729D9; color: #FFF !important; border-radius: 2px; } pre.sf-dump { display: block; white-space: pre; padding: 5px; overflow: initial !important; } pre.sf-dump:after { content: ""; visibility: hidden; display: block; height: 0; clear: both; } pre.sf-dump .sf-dump-ellipsization { display: inline-flex; } pre.sf-dump a { text-decoration: none; cursor: pointer; border: 0; outline: none; color: inherit; } pre.sf-dump img { max-width: 50em; max-height: 50em; margin: .5em 0 0 0; padding: 0; background: url(data:image/png;base64,iVBORw0KGgoAAAANSUhEUgAAABAAAAAQCAAAAAA6mKC9AAAAHUlEQVQY02O8zAABilCaiQEN0EeA8QuUcX9g3QEAAjcC5piyhyEAAAAASUVORK5CYII=) #D3D3D3; } pre.sf-dump .sf-dump-ellipsis { text-overflow: ellipsis; white-space: nowrap; overflow: hidden; } pre.sf-dump .sf-dump-ellipsis-tail { flex-shrink: 0; } pre.sf-dump code { display:inline; padding:0; background:none; } .sf-dump-public.sf-dump-highlight, .sf-dump-protected.sf-dump-highlight, .sf-dump-private.sf-dump-highlight, .sf-dump-str.sf-dump-highlight, .sf-dump-key.sf-dump-highlight { background: rgba(111, 172, 204, 0.3); border: 1px solid #7DA0B1; border-radius: 3px; } .sf-dump-public.sf-dump-highlight-active, .sf-dump-protected.sf-dump-highlight-active, .sf-dump-private.sf-dump-highlight-active, .sf-dump-str.sf-dump-highlight-active, .sf-dump-key.sf-dump-highlight-active { background: rgba(253, 175, 0, 0.4); border: 1px solid #ffa500; border-radius: 3px; } pre.sf-dump .sf-dump-search-hidden { display: none !important; } pre.sf-dump .sf-dump-search-wrapper { font-size: 0; white-space: nowrap; margin-bottom: 5px; display: flex; position: -webkit-sticky; position: sticky; top: 5px; } pre.sf-dump .sf-dump-search-wrapper > * { vertical-align: top; box-sizing: border-box; height: 21px; font-weight: normal; border-radius: 0; background: #FFF; color: #757575; border: 1px solid #BBB; } pre.sf-dump .sf-dump-search-wrapper > input.sf-dump-search-input { padding: 3px; height: 21px; font-size: 12px; border-right: none; border-top-left-radius: 3px; border-bottom-left-radius: 3px; color: #000; min-width: 15px; width: 100%; } pre.sf-dump .sf-dump-search-wrapper > .sf-dump-search-input-next, pre.sf-dump .sf-dump-search-wrapper > .sf-dump-search-input-previous { background: #F2F2F2; outline: none; border-left: none; font-size: 0; line-height: 0; } pre.sf-dump .sf-dump-search-wrapper > .sf-dump-search-input-next { border-top-right-radius: 3px; border-bottom-right-radius: 3px; } pre.sf-dump .sf-dump-search-wrapper > .sf-dump-search-input-next > svg, pre.sf-dump .sf-dump-search-wrapper > .sf-dump-search-input-previous > svg { pointer-events: none; width: 12px; height: 12px; } pre.sf-dump .sf-dump-search-wrapper > .sf-dump-search-count { display: inline-block; padding: 0 5px; margin: 0; border-left: none; line-height: 21px; font-size: 12px; }pre.sf-dump, pre.sf-dump .sf-dump-default{background:none; color:#CC7832; line-height:1.2em; font:12px Menlo, Monaco, Consolas, monospace; word-wrap: break-word; white-space: pre-wrap; position:relative; z-index:99999; word-break: break-all}pre.sf-dump .sf-dump-num{font-weight:bold; color:#1299DA}pre.sf-dump .sf-dump-const{font-weight:bold}pre.sf-dump .sf-dump-str{font-weight:bold; color:#629755;}pre.sf-dump .sf-dump-note{color:#6897BB}pre.sf-dump .sf-dump-ref{color:#6E6E6E}pre.sf-dump .sf-dump-public{color:#262626}pre.sf-dump .sf-dump-protected{color:#262626}pre.sf-dump .sf-dump-private{color:#262626}pre.sf-dump .sf-dump-meta{color:#B729D9}pre.sf-dump .sf-dump-key{color:#789339}pre.sf-dump .sf-dump-index{color:#1299DA}pre.sf-dump .sf-dump-ellipsis{color:#CC7832}pre.sf-dump .sf-dump-ns{user-select:none;}pre.sf-dump .sf-dump-ellipsis-note{color:#6897BB}</style><pre class=sf-dump id=sf-dump-1929794397 data-indent-pad="  "><span class=sf-dump-note>Symfony\Component\HttpKernel\Exception\MethodNotAllowedHttpException</span> {<a class=sf-dump-ref>#10858</a><samp data-depth=1 class=sf-dump-expanded>
   Γöé         <ol start="111"><li><code><span style="color: var(--highlight-keyword)">&nbsp;&nbsp;&nbsp;&nbsp;&nbsp;&nbsp;&nbsp;&nbsp;</span><span style="color: var(--highlight-default)">$this</span><span style="color: var(--highlight-keyword)">-&gt;</span><span style="color: var(--highlight-default)">priority&nbsp;</span><span style="color: var(--highlight-keyword)">??=&nbsp;</span><span style="color: var(--highlight-default)">$dispatcher</span><span style="color: var(--highlight-keyword)">-&gt;</span><span style="color: var(--highlight-default)">getListenerPriority</span><span style="color: var(--highlight-keyword)">(</span><span style="color: var(--highlight-default)">$eventName</span><span style="color: var(--highlight-keyword)">,&nbsp;</span><span style="color: var(--highlight-default)">$this</span><span style="color: var(--highlight-keyword)">-&gt;</span><span style="color: var(--highlight-default)">listener</span><span style="color: var(--highlight-keyword)">);</span></code></li>
   Γöé <li class="selected"><code><span style="color: var(--highlight-keyword)">&nbsp;&nbsp;&nbsp;&nbsp;&nbsp;&nbsp;&nbsp;&nbsp;&nbsp;&nbsp;&nbsp;&nbsp;(</span><span style="color: var(--highlight-default)">$this</span><span style="color: var(--highlight-keyword)">-&gt;</span><span style="color: var(--highlight-default)">optimizedListener&nbsp;</span><span style="color: var(--highlight-keyword)">??&nbsp;</span><span style="color: var(--highlight-default)">$this</span><span style="color: var(--highlight-keyword)">-&gt;</span><span style="color: var(--highlight-default)">listener</span><span style="color: var(--highlight-keyword)">)(</span><span style="color: var(--highlight-default)">$event</span><span style="color: var(--highlight-keyword)">,&nbsp;</span><span style="color: var(--highlight-default)">$eventName</span><span style="color: var(--highlight-keyword)">,&nbsp;</span><span style="color: var(--highlight-default)">$dispatcher</span><span style="color: var(--highlight-keyword)">);</span></code></li>
   Γöé <li><code><span style="color: var(--highlight-keyword)">&nbsp;&nbsp;&nbsp;&nbsp;&nbsp;&nbsp;&nbsp;&nbsp;&nbsp;&nbsp;&nbsp;&nbsp;</span><span style="color: var(--highlight-default)">$this</span><span style="color: var(--highlight-keyword)">-&gt;</span><span style="color: var(--highlight-default)">logger</span><span style="color: var(--highlight-keyword)">?-&gt;</span><span style="color: var(--highlight-default)">info</span><span style="color: var(--highlight-keyword)">(</span><span style="color: var(--highlight-string)">'Matched&nbsp;route&nbsp;"{route}".'</span><span style="color: var(--highlight-keyword)">,&nbsp;[</span></code></li></ol>    </div>            </div>
   Γöé         <ol start="111"><li><code><span style="color: var(--highlight-keyword)">&nbsp;&nbsp;&nbsp;&nbsp;&nbsp;&nbsp;&nbsp;&nbsp;</span><span style="color: var(--highlight-default)">$this</span><span style="color: var(--highlight-keyword)">-&gt;</span><span style="color: var(--highlight-default)">priority&nbsp;</span><span style="color: var(--highlight-keyword)">??=&nbsp;</span><span style="color: var(--highlight-default)">$dispatcher</span><span style="color: var(--highlight-keyword)">-&gt;</span><span style="color: var(--highlight-default)">getListenerPriority</span><span style="color: var(--highlight-keyword)">(</span><span style="color: var(--highlight-default)">$eventName</span><span style="color: var(--highlight-keyword)">,&nbsp;</span><span style="color: var(--highlight-default)">$this</span><span style="color: var(--highlight-keyword)">-&gt;</span><span style="color: var(--highlight-default)">listener</span><span style="color: var(--highlight-keyword)">);</span></code></li>
   Γöé <li class="selected"><code><span style="color: var(--highlight-keyword)">&nbsp;&nbsp;&nbsp;&nbsp;&nbsp;&nbsp;&nbsp;&nbsp;&nbsp;&nbsp;&nbsp;&nbsp;(</span><span style="color: var(--highlight-default)">$this</span><span style="color: var(--highlight-keyword)">-&gt;</span><span style="color: var(--highlight-default)">optimizedListener&nbsp;</span><span style="color: var(--highlight-keyword)">??&nbsp;</span><span style="color: var(--highlight-default)">$this</span><span style="color: var(--highlight-keyword)">-&gt;</span><span style="color: var(--highlight-default)">listener</span><span style="color: var(--highlight-keyword)">)(</span><span style="color: var(--highlight-default)">$event</span><span style="color: var(--highlight-keyword)">,&nbsp;</span><span style="color: var(--highlight-default)">$eventName</span><span style="color: var(--highlight-keyword)">,&nbsp;</span><span style="color: var(--highlight-default)">$dispatcher</span><span style="color: var(--highlight-keyword)">);</span></code></li>
   Γöé         var toggleClass = function(el, cssClass) { hasClass(el, cssClass) ? removeClass(el, cssClass) : addClass(el, cssClass); };
   Γöé                 toggle.innerHTML = currentContent !== altContent ? altContent : originalContent;
   Γöé                     label = i in labels ? labels[i] : value,
   Γöé                 option.setAttribute('title', 1 === (matches = filters.querySelectorAll('[data-filter-'+name+'="'+value+'"]').length) ? 'Matches 1 row' : 'Matches '+matches+' rows');
   Γöé                 localStorage.getItem('symfony/profiler/theme') || (matchMedia('(prefers-color-scheme: dark)').matches ? 'theme-dark' : 'theme-light')
   Γöé                         <script> Sfdump = window.Sfdump || (function (doc) { doc.documentElement.classList.add('sf-js-enabled'); var rxEsc = /([.*+?^${}()|\[\]\/\\])/g, idRx = /\bsf-dump-\d+-ref[012]\w+\b/, keyHint = 0 <= navigator.platform.toUpperCase().indexOf('MAC') ? 'Cmd' : 'Ctrl', addEventListener = function (e, n, cb) { e.addEventListener(n, cb, false); }; if (!doc.addEventListener) { addEventListener = function (element, eventName, callback) { element.attachEvent('on' + eventName, function (e) { e.preventDefault = function () {e.returnValue = false;}; e.target = e.srcElement; callback(e); }); }; } function toggle(a, recursive) { var s = a.nextSibling || {}, oldClass = s.className, arrow, newClass; if (/\bsf-dump-compact\b/.test(oldClass)) { arrow = '&#9660;'; newClass = 'sf-dump-expanded'; } else if (/\bsf-dump-expanded\b/.test(oldClass)) { arrow = '&#9654;'; newClass = 'sf-dump-compact'; } else { return false; } if (doc.createEvent && s.dispatchEvent) { var event = doc.createEvent('Event'); event.initEvent('sf-dump-expanded' === newClass ? 'sfbeforedumpexpand' : 'sfbeforedumpcollapse', true, false); s.dispatchEvent(event); } a.lastChild.innerHTML = arrow; s.className = s.className.replace(/\bsf-dump-(compact|expanded)\b/, newClass); if (recursive) { try { a = s.querySelectorAll('.'+oldClass); for (s = 0; s < a.length; ++s) { if (-1 == a[s].className.indexOf(newClass)) { a[s].className = newClass; a[s].previousSibling.lastChild.innerHTML = arrow; } } } catch (e) { } } return true; }; function collapse(a, recursive) { var s = a.nextSibling || {}, oldClass = s.className; if (/\bsf-dump-expanded\b/.test(oldClass)) { toggle(a, recursive); return true; } return false; }; function expand(a, recursive) { var s = a.nextSibling || {}, oldClass = s.className; if (/\bsf-dump-compact\b/.test(oldClass)) { toggle(a, recursive); return true; } return false; }; function collapseAll(root) { var a = root.querySelector('a.sf-dump-toggle'); if (a) { collapse(a, true); expand(a); return true; } return false; } function reveal(node) { var previous, parents = []; while ((node = node.parentNode || {}) && (previous = node.previousSibling) && 'A' === previous.tagName) { parents.push(previous); } if (0 !== parents.length) { parents.forEach(function (parent) { expand(parent); }); return true; } return false; } function highlight(root, activeNode, nodes) { resetHighlightedNodes(root); Array.from(nodes||[]).forEach(function (node) { if (!/\bsf-dump-highlight\b/.test(node.className)) { node.className = node.className + ' sf-dump-highlight'; } }); if (!/\bsf-dump-highlight-active\b/.test(activeNode.className)) { activeNode.className = activeNode.className + ' sf-dump-highlight-active'; } } function resetHighlightedNodes(root) { Array.from(root.querySelectorAll('.sf-dump-str, .sf-dump-key, .sf-dump-public, .sf-dump-protected, .sf-dump-private')).forEach(function (strNode) { strNode.className = strNode.className.replace(/\bsf-dump-highlight\b/, ''); strNode.className = strNode.className.replace(/\bsf-dump-highlight-active\b/, ''); }); } return function (root, x) { root = doc.getElementById(root); var indentRx = new RegExp('^('+(root.getAttribute('data-indent-pad') || ' ').replace(rxEsc, '\\$1')+')+', 'm'), options = {"maxDepth":1,"maxStringLength":160,"fileLinkFormat":false}, elt = root.getElementsByTagName('A'), len = elt.length, i = 0, s, h, t = []; while (i < len) t.push(elt[i++]); for (i in x) { options[i] = x[i]; } function a(e, f) { addEventListener(root, e, function (e, n) { if ('A' == e.target.tagName) { f(e.target, e); } else if ('A' == e.target.parentNode.tagName) { f(e.target.parentNode, e); } else { n = /\bsf-dump-ellipsis\b/.test(e.target.className) ? e.target.parentNode : e.target; if ((n = n.nextElementSibling) && 'A' == n.tagName) { if (!/\bsf-dump-toggle\b/.test(n.className)) { n = n.nextElementSibling || n; } f(n, e, true); } } }); }; function isCtrlKey(e) { return e.ctrlKey || e.metaKey; } function xpathString(str) { var parts = str.match(/[^'"]+|['"]/g).map(function (part) { if ("'" == part) { return '"\'"'; } if ('"' == part) { return "'\"'"; } return "'" + part + "'"; }); return "concat(" + parts.join(",") + ", '')"; } function xpathHasClass(className) { return "contains(concat(' ', normalize-space(@class), ' '), ' " + className +" ')"; } a('mouseover', function (a, e, c) { if (c) { e.target.style.cursor = "pointer"; } }); a('click', function (a, e, c) { if (/\bsf-dump-toggle\b/.test(a.className)) { e.preventDefault(); if (!toggle(a, isCtrlKey(e))) { var r = doc.getElementById(a.getAttribute('href').slice(1)), s = r.previousSibling, f = r.parentNode, t = a.parentNode; t.replaceChild(r, a); f.replaceChild(a, s); t.insertBefore(s, r); f = f.firstChild.nodeValue.match(indentRx); t = t.firstChild.nodeValue.match(indentRx); if (f && t && f[0] !== t[0]) { r.innerHTML = r.innerHTML.replace(new RegExp('^'+f[0].replace(rxEsc, '\\$1'), 'mg'), t[0]); } if (/\bsf-dump-compact\b/.test(r.className)) { toggle(s, isCtrlKey(e)); } } if (c) { } else if (doc.getSelection) { try { doc.getSelection().removeAllRanges(); } catch (e) { doc.getSelection().empty(); } } else { doc.selection.empty(); } } else if (/\bsf-dump-str-toggle\b/.test(a.className)) { e.preventDefault(); e = a.parentNode.parentNode; e.className = e.className.replace(/\bsf-dump-str-(expand|collapse)\b/, a.parentNode.className); } }); elt = root.getElementsByTagName('SAMP'); len = elt.length; i = 0; while (i < len) t.push(elt[i++]); len = t.length; for (i = 0; i < len; ++i) { elt = t[i]; if ('SAMP' == elt.tagName) { a = elt.previousSibling || {}; if ('A' != a.tagName) { a = doc.createElement('A'); a.className = 'sf-dump-ref'; elt.parentNode.insertBefore(a, elt); } else { a.innerHTML += ' '; } a.title = (a.title ? a.title+'\n[' : '[')+keyHint+'+click] Expand all children'; a.innerHTML += elt.className == 'sf-dump-compact' ? '<span>&#9654;</span>' : '<span>&#9660;</span>'; a.className += ' sf-dump-toggle'; x = 1; if ('sf-dump' != elt.parentNode.className) { x += elt.parentNode.getAttribute('data-depth')/1; } } else if (/\bsf-dump-ref\b/.test(elt.className) && (a = elt.getAttribute('href'))) { a = a.slice(1); elt.className += ' sf-dump-hover'; elt.className += ' '+a; if (/[\[{]$/.test(elt.previousSibling.nodeValue)) { a = a != elt.nextSibling.id && doc.getElementById(a); try { s = a.nextSibling; elt.appendChild(a); s.parentNode.insertBefore(a, s); if (/^[@#]/.test(elt.innerHTML)) { elt.innerHTML += ' <span>&#9654;</span>'; } else { elt.innerHTML = '<span>&#9654;</span>'; elt.className = 'sf-dump-ref'; } elt.className += ' sf-dump-toggle'; } catch (e) { if ('&' == elt.innerHTML.charAt(0)) { elt.innerHTML = '&#8230;'; elt.className = 'sf-dump-ref'; } } } } } if (doc.evaluate && Array.from && root.children.length > 1) { root.setAttribute('tabindex', 0); SearchState = function () { this.nodes = []; this.idx = 0; }; SearchState.prototype = { next: function () { if (this.isEmpty()) { return this.current(); } this.idx = this.idx < (this.nodes.length - 1) ? this.idx + 1 : 0; return this.current(); }, previous: function () { if (this.isEmpty()) { return this.current(); } this.idx = this.idx > 0 ? this.idx - 1 : (this.nodes.length - 1); return this.current(); }, isEmpty: function () { return 0 === this.count(); }, current: function () { if (this.isEmpty()) { return null; } return this.nodes[this.idx]; }, reset: function () { this.nodes = []; this.idx = 0; }, count: function () { return this.nodes.length; }, }; function showCurrent(state) { var currentNode = state.current(), currentRect, searchRect; if (currentNode) { reveal(currentNode); highlight(root, currentNode, state.nodes); if ('scrollIntoView' in currentNode) { currentNode.scrollIntoView(true); currentRect = currentNode.getBoundingClientRect(); searchRect = search.getBoundingClientRect(); if (currentRect.top < (searchRect.top + searchRect.height)) { window.scrollBy(0, -(searchRect.top + searchRect.height + 5)); } } } counter.textContent = (state.isEmpty() ? 0 : state.idx + 1) + ' of ' + state.count(); } var search = doc.createElement('div'); search.className = 'sf-dump-search-wrapper sf-dump-search-hidden'; search.innerHTML = ' <input type="text" class="sf-dump-search-input"> <span class="sf-dump-search-count">0 of 0<\/span> <button type="button" class="sf-dump-search-input-previous" tabindex="-1"> <svg viewBox="0 0 1792 1792" xmlns="http://www.w3.org/2000/svg"><path d="M1683 1331l-166 165q-19 19-45 19t-45-19L896 965l-531 531q-19 19-45 19t-45-19l-166-165q-19-19-19-45.5t19-45.5l742-741q19-19 45-19t45 19l742 741q19 19 19 45.5t-19 45.5z"\/><\/svg> <\/button> <button type="button" class="sf-dump-search-input-next" tabindex="-1"> <svg viewBox="0 0 1792 1792" xmlns="http://www.w3.org/2000/svg"><path d="M1683 808l-742 741q-19 19-45 19t-45-19L109 808q-19-19-19-45.5t19-45.5l166-165q19-19 45-19t45 19l531 531 531-531q19-19 45-19t45 19l166 165q19 19 19 45.5t-19 45.5z"\/><\/svg> <\/button> '; root.insertBefore(search, root.firstChild); var state = new SearchState(); var searchInput = search.querySelector('.sf-dump-search-input'); var counter = search.querySelector('.sf-dump-search-count'); var searchInputTimer = 0; var previousSearchQuery = ''; addEventListener(searchInput, 'keyup', function (e) { var searchQuery = e.target.value; /* Don't perform anything if the pressed key didn't change the query */ if (searchQuery === previousSearchQuery) { return; } previousSearchQuery = searchQuery; clearTimeout(searchInputTimer); searchInputTimer = setTimeout(function () { state.reset(); collapseAll(root); resetHighlightedNodes(root); if ('' === searchQuery) { counter.textContent = '0 of 0'; return; } var classMatches = [ "sf-dump-str", "sf-dump-key", "sf-dump-public", "sf-dump-protected", "sf-dump-private", ].map(xpathHasClass).join(' or '); var xpathResult = doc.evaluate('.//span[' + classMatches + '][contains(translate(child::text(), ' + xpathString(searchQuery.toUpperCase()) + ', ' + xpathString(searchQuery.toLowerCase()) + '), ' + xpathString(searchQuery.toLowerCase()) + ')]', root, null, XPathResult.ORDERED_NODE_ITERATOR_TYPE, null); while (node = xpathResult.iterateNext()) state.nodes.push(node); showCurrent(state); }, 400); }); Array.from(search.querySelectorAll('.sf-dump-search-input-next, .sf-dump-search-input-previous')).forEach(function (btn) { addEventListener(btn, 'click', function (e) { e.preventDefault(); -1 !== e.target.className.indexOf('next') ? state.next() : state.previous(); searchInput.focus(); collapseAll(root); showCurrent(state); }) }); addEventListener(root, 'keydown', function (e) { var isSearchActive = !/\bsf-dump-search-hidden\b/.test(search.className); if ((114 === e.keyCode && !isSearchActive) || (isCtrlKey(e) && 70 === e.keyCode)) { /* F3 or CMD/CTRL + F */ if (70 === e.keyCode && document.activeElement === searchInput) { /* * If CMD/CTRL + F is hit while having focus on search input, * the user probably meant to trigger browser search instead. * Let the browser execute its behavior: */ return; } e.preventDefault(); search.className = search.className.replace(/\bsf-dump-search-hidden\b/, ''); searchInput.focus(); } else if (isSearchActive) { if (27 === e.keyCode) { /* ESC key */ search.className += ' sf-dump-search-hidden'; e.preventDefault(); resetHighlightedNodes(root); searchInput.value = ''; } else if ( (isCtrlKey(e) && 71 === e.keyCode) /* CMD/CTRL + G */ || 13 === e.keyCode /* Enter */ || 114 === e.keyCode /* F3 */ ) { e.preventDefault(); e.shiftKey ? state.previous() : state.next(); collapseAll(root); showCurrent(state); } } }); } if (0 >= options.maxStringLength) { return; } try { elt = root.querySelectorAll('.sf-dump-str'); len = elt.length; i = 0; t = []; while (i < len) t.push(elt[i++]); len = t.length; for (i = 0; i < len; ++i) { elt = t[i]; s = elt.innerText || elt.textContent; x = s.length - options.maxStringLength; if (0 < x) { h = elt.innerHTML; elt[elt.innerText ? 'innerText' : 'textContent'] = s.substring(0, options.maxStringLength); elt.className += ' sf-dump-str-collapse'; elt.innerHTML = '<span class=sf-dump-str-collapse>'+h+'<a class="sf-dump-ref sf-dump-str-toggle" title="Collapse"> &#9664;</a></span>'+ '<span class=sf-dump-str-expand>'+elt.innerHTML+'<a class="sf-dump-ref sf-dump-str-toggle" title="'+x+' remaining characters"> &#9654;</a></span>'; } } } catch (e) { } }; })(document); </script><style> .sf-js-enabled pre.sf-dump .sf-dump-compact, .sf-js-enabled .sf-dump-str-collapse .sf-dump-str-collapse, .sf-js-enabled .sf-dump-str-expand .sf-dump-str-expand { display: none; } .sf-dump-hover:hover { background-color: #B729D9; color: #FFF !important; border-radius: 2px; } pre.sf-dump { display: block; white-space: pre; padding: 5px; overflow: initial !important; } pre.sf-dump:after { content: ""; visibility: hidden; display: block; height: 0; clear: both; } pre.sf-dump .sf-dump-ellipsization { display: inline-flex; } pre.sf-dump a { text-decoration: none; cursor: pointer; border: 0; outline: none; color: inherit; } pre.sf-dump img { max-width: 50em; max-height: 50em; margin: .5em 0 0 0; padding: 0; background: url(data:image/png;base64,iVBORw0KGgoAAAANSUhEUgAAABAAAAAQCAAAAAA6mKC9AAAAHUlEQVQY02O8zAABilCaiQEN0EeA8QuUcX9g3QEAAjcC5piyhyEAAAAASUVORK5CYII=) #D3D3D3; } pre.sf-dump .sf-dump-ellipsis { text-overflow: ellipsis; white-space: nowrap; overflow: hidden; } pre.sf-dump .sf-dump-ellipsis-tail { flex-shrink: 0; } pre.sf-dump code { display:inline; padding:0; background:none; } .sf-dump-public.sf-dump-highlight, .sf-dump-protected.sf-dump-highlight, .sf-dump-private.sf-dump-highlight, .sf-dump-str.sf-dump-highlight, .sf-dump-key.sf-dump-highlight { background: rgba(111, 172, 204, 0.3); border: 1px solid #7DA0B1; border-radius: 3px; } .sf-dump-public.sf-dump-highlight-active, .sf-dump-protected.sf-dump-highlight-active, .sf-dump-private.sf-dump-highlight-active, .sf-dump-str.sf-dump-highlight-active, .sf-dump-key.sf-dump-highlight-active { background: rgba(253, 175, 0, 0.4); border: 1px solid #ffa500; border-radius: 3px; } pre.sf-dump .sf-dump-search-hidden { display: none !important; } pre.sf-dump .sf-dump-search-wrapper { font-size: 0; white-space: nowrap; margin-bottom: 5px; display: flex; position: -webkit-sticky; position: sticky; top: 5px; } pre.sf-dump .sf-dump-search-wrapper > * { vertical-align: top; box-sizing: border-box; height: 21px; font-weight: normal; border-radius: 0; background: #FFF; color: #757575; border: 1px solid #BBB; } pre.sf-dump .sf-dump-search-wrapper > input.sf-dump-search-input { padding: 3px; height: 21px; font-size: 12px; border-right: none; border-top-left-radius: 3px; border-bottom-left-radius: 3px; color: #000; min-width: 15px; width: 100%; } pre.sf-dump .sf-dump-search-wrapper > .sf-dump-search-input-next, pre.sf-dump .sf-dump-search-wrapper > .sf-dump-search-input-previous { background: #F2F2F2; outline: none; border-left: none; font-size: 0; line-height: 0; } pre.sf-dump .sf-dump-search-wrapper > .sf-dump-search-input-next { border-top-right-radius: 3px; border-bottom-right-radius: 3px; } pre.sf-dump .sf-dump-search-wrapper > .sf-dump-search-input-next > svg, pre.sf-dump .sf-dump-search-wrapper > .sf-dump-search-input-previous > svg { pointer-events: none; width: 12px; height: 12px; } pre.sf-dump .sf-dump-search-wrapper > .sf-dump-search-count { display: inline-block; padding: 0 5px; margin: 0; border-left: none; line-height: 21px; font-size: 12px; }pre.sf-dump, pre.sf-dump .sf-dump-default{background:none; color:#CC7832; line-height:1.2em; font:12px Menlo, Monaco, Consolas, monospace; word-wrap: break-word; white-space: pre-wrap; position:relative; z-index:99999; word-break: break-all}pre.sf-dump .sf-dump-num{font-weight:bold; color:#1299DA}pre.sf-dump .sf-dump-const{font-weight:bold}pre.sf-dump .sf-dump-str{font-weight:bold; color:#629755;}pre.sf-dump .sf-dump-note{color:#6897BB}pre.sf-dump .sf-dump-ref{color:#6E6E6E}pre.sf-dump .sf-dump-public{color:#262626}pre.sf-dump .sf-dump-protected{color:#262626}pre.sf-dump .sf-dump-private{color:#262626}pre.sf-dump .sf-dump-meta{color:#B729D9}pre.sf-dump .sf-dump-key{color:#789339}pre.sf-dump .sf-dump-index{color:#1299DA}pre.sf-dump .sf-dump-ellipsis{color:#CC7832}pre.sf-dump .sf-dump-ns{user-select:none;}pre.sf-dump .sf-dump-ellipsis-note{color:#6897BB}</style><pre class=sf-dump id=sf-dump-1987281942 data-indent-pad="  "><span class=sf-dump-note>Symfony\Component\HttpKernel\Exception\NotFoundHttpException</span> {<a class=sf-dump-ref>#6910</a><samp data-depth=1 class=sf-dump-expanded>
   Γöé         <ol start="111"><li><code><span style="color: var(--highlight-keyword)">&nbsp;&nbsp;&nbsp;&nbsp;&nbsp;&nbsp;&nbsp;&nbsp;</span><span style="color: var(--highlight-default)">$this</span><span style="color: var(--highlight-keyword)">-&gt;</span><span style="color: var(--highlight-default)">priority&nbsp;</span><span style="color: var(--highlight-keyword)">??=&nbsp;</span><span style="color: var(--highlight-default)">$dispatcher</span><span style="color: var(--highlight-keyword)">-&gt;</span><span style="color: var(--highlight-default)">getListenerPriority</span><span style="color: var(--highlight-keyword)">(</span><span style="color: var(--highlight-default)">$eventName</span><span style="color: var(--highlight-keyword)">,&nbsp;</span><span style="color: var(--highlight-default)">$this</span><span style="color: var(--highlight-keyword)">-&gt;</span><span style="color: var(--highlight-default)">listener</span><span style="color: var(--highlight-keyword)">);</span></code></li>
   Γöé <li class="selected"><code><span style="color: var(--highlight-keyword)">&nbsp;&nbsp;&nbsp;&nbsp;&nbsp;&nbsp;&nbsp;&nbsp;&nbsp;&nbsp;&nbsp;&nbsp;(</span><span style="color: var(--highlight-default)">$this</span><span style="color: var(--highlight-keyword)">-&gt;</span><span style="color: var(--highlight-default)">optimizedListener&nbsp;</span><span style="color: var(--highlight-keyword)">??&nbsp;</span><span style="color: var(--highlight-default)">$this</span><span style="color: var(--highlight-keyword)">-&gt;</span><span style="color: var(--highlight-default)">listener</span><span style="color: var(--highlight-keyword)">)(</span><span style="color: var(--highlight-default)">$event</span><span style="color: var(--highlight-keyword)">,&nbsp;</span><span style="color: var(--highlight-default)">$eventName</span><span style="color: var(--highlight-keyword)">,&nbsp;</span><span style="color: var(--highlight-default)">$dispatcher</span><span style="color: var(--highlight-keyword)">);</span></code></li>
   Γöé <li><code><span style="color: var(--highlight-keyword)">&nbsp;&nbsp;&nbsp;&nbsp;&nbsp;&nbsp;&nbsp;&nbsp;&nbsp;&nbsp;&nbsp;&nbsp;</span><span style="color: var(--highlight-default)">$this</span><span style="color: var(--highlight-keyword)">-&gt;</span><span style="color: var(--highlight-default)">logger</span><span style="color: var(--highlight-keyword)">?-&gt;</span><span style="color: var(--highlight-default)">info</span><span style="color: var(--highlight-keyword)">(</span><span style="color: var(--highlight-string)">'Matched&nbsp;route&nbsp;"{route}".'</span><span style="color: var(--highlight-keyword)">,&nbsp;[</span></code></li></ol>    </div>            </div>
   Γöé         <ol start="111"><li><code><span style="color: var(--highlight-keyword)">&nbsp;&nbsp;&nbsp;&nbsp;&nbsp;&nbsp;&nbsp;&nbsp;</span><span style="color: var(--highlight-default)">$this</span><span style="color: var(--highlight-keyword)">-&gt;</span><span style="color: var(--highlight-default)">priority&nbsp;</span><span style="color: var(--highlight-keyword)">??=&nbsp;</span><span style="color: var(--highlight-default)">$dispatcher</span><span style="color: var(--highlight-keyword)">-&gt;</span><span style="color: var(--highlight-default)">getListenerPriority</span><span style="color: var(--highlight-keyword)">(</span><span style="color: var(--highlight-default)">$eventName</span><span style="color: var(--highlight-keyword)">,&nbsp;</span><span style="color: var(--highlight-default)">$this</span><span style="color: var(--highlight-keyword)">-&gt;</span><span style="color: var(--highlight-default)">listener</span><span style="color: var(--highlight-keyword)">);</span></code></li>
   Γöé <li class="selected"><code><span style="color: var(--highlight-keyword)">&nbsp;&nbsp;&nbsp;&nbsp;&nbsp;&nbsp;&nbsp;&nbsp;&nbsp;&nbsp;&nbsp;&nbsp;(</span><span style="color: var(--highlight-default)">$this</span><span style="color: var(--highlight-keyword)">-&gt;</span><span style="color: var(--highlight-default)">optimizedListener&nbsp;</span><span style="color: var(--highlight-keyword)">??&nbsp;</span><span style="color: var(--highlight-default)">$this</span><span style="color: var(--highlight-keyword)">-&gt;</span><span style="color: var(--highlight-default)">listener</span><span style="color: var(--highlight-keyword)">)(</span><span style="color: var(--highlight-default)">$event</span><span style="color: var(--highlight-keyword)">,&nbsp;</span><span style="color: var(--highlight-default)">$eventName</span><span style="color: var(--highlight-keyword)">,&nbsp;</span><span style="color: var(--highlight-default)">$dispatcher</span><span style="color: var(--highlight-keyword)">);</span></code></li>
   Γöé         var toggleClass = function(el, cssClass) { hasClass(el, cssClass) ? removeClass(el, cssClass) : addClass(el, cssClass); };
   Γöé                 toggle.innerHTML = currentContent !== altContent ? altContent : originalContent;
   Γöé                     label = i in labels ? labels[i] : value,
   Γöé                 option.setAttribute('title', 1 === (matches = filters.querySelectorAll('[data-filter-'+name+'="'+value+'"]').length) ? 'Matches 1 row' : 'Matches '+matches+' rows');
   Γöé                 localStorage.getItem('symfony/profiler/theme') || (matchMedia('(prefers-color-scheme: dark)').matches ? 'theme-dark' : 'theme-light')
   Γöé                         <script> Sfdump = window.Sfdump || (function (doc) { doc.documentElement.classList.add('sf-js-enabled'); var rxEsc = /([.*+?^${}()|\[\]\/\\])/g, idRx = /\bsf-dump-\d+-ref[012]\w+\b/, keyHint = 0 <= navigator.platform.toUpperCase().indexOf('MAC') ? 'Cmd' : 'Ctrl', addEventListener = function (e, n, cb) { e.addEventListener(n, cb, false); }; if (!doc.addEventListener) { addEventListener = function (element, eventName, callback) { element.attachEvent('on' + eventName, function (e) { e.preventDefault = function () {e.returnValue = false;}; e.target = e.srcElement; callback(e); }); }; } function toggle(a, recursive) { var s = a.nextSibling || {}, oldClass = s.className, arrow, newClass; if (/\bsf-dump-compact\b/.test(oldClass)) { arrow = '&#9660;'; newClass = 'sf-dump-expanded'; } else if (/\bsf-dump-expanded\b/.test(oldClass)) { arrow = '&#9654;'; newClass = 'sf-dump-compact'; } else { return false; } if (doc.createEvent && s.dispatchEvent) { var event = doc.createEvent('Event'); event.initEvent('sf-dump-expanded' === newClass ? 'sfbeforedumpexpand' : 'sfbeforedumpcollapse', true, false); s.dispatchEvent(event); } a.lastChild.innerHTML = arrow; s.className = s.className.replace(/\bsf-dump-(compact|expanded)\b/, newClass); if (recursive) { try { a = s.querySelectorAll('.'+oldClass); for (s = 0; s < a.length; ++s) { if (-1 == a[s].className.indexOf(newClass)) { a[s].className = newClass; a[s].previousSibling.lastChild.innerHTML = arrow; } } } catch (e) { } } return true; }; function collapse(a, recursive) { var s = a.nextSibling || {}, oldClass = s.className; if (/\bsf-dump-expanded\b/.test(oldClass)) { toggle(a, recursive); return true; } return false; }; function expand(a, recursive) { var s = a.nextSibling || {}, oldClass = s.className; if (/\bsf-dump-compact\b/.test(oldClass)) { toggle(a, recursive); return true; } return false; }; function collapseAll(root) { var a = root.querySelector('a.sf-dump-toggle'); if (a) { collapse(a, true); expand(a); return true; } return false; } function reveal(node) { var previous, parents = []; while ((node = node.parentNode || {}) && (previous = node.previousSibling) && 'A' === previous.tagName) { parents.push(previous); } if (0 !== parents.length) { parents.forEach(function (parent) { expand(parent); }); return true; } return false; } function highlight(root, activeNode, nodes) { resetHighlightedNodes(root); Array.from(nodes||[]).forEach(function (node) { if (!/\bsf-dump-highlight\b/.test(node.className)) { node.className = node.className + ' sf-dump-highlight'; } }); if (!/\bsf-dump-highlight-active\b/.test(activeNode.className)) { activeNode.className = activeNode.className + ' sf-dump-highlight-active'; } } function resetHighlightedNodes(root) { Array.from(root.querySelectorAll('.sf-dump-str, .sf-dump-key, .sf-dump-public, .sf-dump-protected, .sf-dump-private')).forEach(function (strNode) { strNode.className = strNode.className.replace(/\bsf-dump-highlight\b/, ''); strNode.className = strNode.className.replace(/\bsf-dump-highlight-active\b/, ''); }); } return function (root, x) { root = doc.getElementById(root); var indentRx = new RegExp('^('+(root.getAttribute('data-indent-pad') || ' ').replace(rxEsc, '\\$1')+')+', 'm'), options = {"maxDepth":1,"maxStringLength":160,"fileLinkFormat":false}, elt = root.getElementsByTagName('A'), len = elt.length, i = 0, s, h, t = []; while (i < len) t.push(elt[i++]); for (i in x) { options[i] = x[i]; } function a(e, f) { addEventListener(root, e, function (e, n) { if ('A' == e.target.tagName) { f(e.target, e); } else if ('A' == e.target.parentNode.tagName) { f(e.target.parentNode, e); } else { n = /\bsf-dump-ellipsis\b/.test(e.target.className) ? e.target.parentNode : e.target; if ((n = n.nextElementSibling) && 'A' == n.tagName) { if (!/\bsf-dump-toggle\b/.test(n.className)) { n = n.nextElementSibling || n; } f(n, e, true); } } }); }; function isCtrlKey(e) { return e.ctrlKey || e.metaKey; } function xpathString(str) { var parts = str.match(/[^'"]+|['"]/g).map(function (part) { if ("'" == part) { return '"\'"'; } if ('"' == part) { return "'\"'"; } return "'" + part + "'"; }); return "concat(" + parts.join(",") + ", '')"; } function xpathHasClass(className) { return "contains(concat(' ', normalize-space(@class), ' '), ' " + className +" ')"; } a('mouseover', function (a, e, c) { if (c) { e.target.style.cursor = "pointer"; } }); a('click', function (a, e, c) { if (/\bsf-dump-toggle\b/.test(a.className)) { e.preventDefault(); if (!toggle(a, isCtrlKey(e))) { var r = doc.getElementById(a.getAttribute('href').slice(1)), s = r.previousSibling, f = r.parentNode, t = a.parentNode; t.replaceChild(r, a); f.replaceChild(a, s); t.insertBefore(s, r); f = f.firstChild.nodeValue.match(indentRx); t = t.firstChild.nodeValue.match(indentRx); if (f && t && f[0] !== t[0]) { r.innerHTML = r.innerHTML.replace(new RegExp('^'+f[0].replace(rxEsc, '\\$1'), 'mg'), t[0]); } if (/\bsf-dump-compact\b/.test(r.className)) { toggle(s, isCtrlKey(e)); } } if (c) { } else if (doc.getSelection) { try { doc.getSelection().removeAllRanges(); } catch (e) { doc.getSelection().empty(); } } else { doc.selection.empty(); } } else if (/\bsf-dump-str-toggle\b/.test(a.className)) { e.preventDefault(); e = a.parentNode.parentNode; e.className = e.className.replace(/\bsf-dump-str-(expand|collapse)\b/, a.parentNode.className); } }); elt = root.getElementsByTagName('SAMP'); len = elt.length; i = 0; while (i < len) t.push(elt[i++]); len = t.length; for (i = 0; i < len; ++i) { elt = t[i]; if ('SAMP' == elt.tagName) { a = elt.previousSibling || {}; if ('A' != a.tagName) { a = doc.createElement('A'); a.className = 'sf-dump-ref'; elt.parentNode.insertBefore(a, elt); } else { a.innerHTML += ' '; } a.title = (a.title ? a.title+'\n[' : '[')+keyHint+'+click] Expand all children'; a.innerHTML += elt.className == 'sf-dump-compact' ? '<span>&#9654;</span>' : '<span>&#9660;</span>'; a.className += ' sf-dump-toggle'; x = 1; if ('sf-dump' != elt.parentNode.className) { x += elt.parentNode.getAttribute('data-depth')/1; } } else if (/\bsf-dump-ref\b/.test(elt.className) && (a = elt.getAttribute('href'))) { a = a.slice(1); elt.className += ' sf-dump-hover'; elt.className += ' '+a; if (/[\[{]$/.test(elt.previousSibling.nodeValue)) { a = a != elt.nextSibling.id && doc.getElementById(a); try { s = a.nextSibling; elt.appendChild(a); s.parentNode.insertBefore(a, s); if (/^[@#]/.test(elt.innerHTML)) { elt.innerHTML += ' <span>&#9654;</span>'; } else { elt.innerHTML = '<span>&#9654;</span>'; elt.className = 'sf-dump-ref'; } elt.className += ' sf-dump-toggle'; } catch (e) { if ('&' == elt.innerHTML.charAt(0)) { elt.innerHTML = '&#8230;'; elt.className = 'sf-dump-ref'; } } } } } if (doc.evaluate && Array.from && root.children.length > 1) { root.setAttribute('tabindex', 0); SearchState = function () { this.nodes = []; this.idx = 0; }; SearchState.prototype = { next: function () { if (this.isEmpty()) { return this.current(); } this.idx = this.idx < (this.nodes.length - 1) ? this.idx + 1 : 0; return this.current(); }, previous: function () { if (this.isEmpty()) { return this.current(); } this.idx = this.idx > 0 ? this.idx - 1 : (this.nodes.length - 1); return this.current(); }, isEmpty: function () { return 0 === this.count(); }, current: function () { if (this.isEmpty()) { return null; } return this.nodes[this.idx]; }, reset: function () { this.nodes = []; this.idx = 0; }, count: function () { return this.nodes.length; }, }; function showCurrent(state) { var currentNode = state.current(), currentRect, searchRect; if (currentNode) { reveal(currentNode); highlight(root, currentNode, state.nodes); if ('scrollIntoView' in currentNode) { currentNode.scrollIntoView(true); currentRect = currentNode.getBoundingClientRect(); searchRect = search.getBoundingClientRect(); if (currentRect.top < (searchRect.top + searchRect.height)) { window.scrollBy(0, -(searchRect.top + searchRect.height + 5)); } } } counter.textContent = (state.isEmpty() ? 0 : state.idx + 1) + ' of ' + state.count(); } var search = doc.createElement('div'); search.className = 'sf-dump-search-wrapper sf-dump-search-hidden'; search.innerHTML = ' <input type="text" class="sf-dump-search-input"> <span class="sf-dump-search-count">0 of 0<\/span> <button type="button" class="sf-dump-search-input-previous" tabindex="-1"> <svg viewBox="0 0 1792 1792" xmlns="http://www.w3.org/2000/svg"><path d="M1683 1331l-166 165q-19 19-45 19t-45-19L896 965l-531 531q-19 19-45 19t-45-19l-166-165q-19-19-19-45.5t19-45.5l742-741q19-19 45-19t45 19l742 741q19 19 19 45.5t-19 45.5z"\/><\/svg> <\/button> <button type="button" class="sf-dump-search-input-next" tabindex="-1"> <svg viewBox="0 0 1792 1792" xmlns="http://www.w3.org/2000/svg"><path d="M1683 808l-742 741q-19 19-45 19t-45-19L109 808q-19-19-19-45.5t19-45.5l166-165q19-19 45-19t45 19l531 531 531-531q19-19 45-19t45 19l166 165q19 19 19 45.5t-19 45.5z"\/><\/svg> <\/button> '; root.insertBefore(search, root.firstChild); var state = new SearchState(); var searchInput = search.querySelector('.sf-dump-search-input'); var counter = search.querySelector('.sf-dump-search-count'); var searchInputTimer = 0; var previousSearchQuery = ''; addEventListener(searchInput, 'keyup', function (e) { var searchQuery = e.target.value; /* Don't perform anything if the pressed key didn't change the query */ if (searchQuery === previousSearchQuery) { return; } previousSearchQuery = searchQuery; clearTimeout(searchInputTimer); searchInputTimer = setTimeout(function () { state.reset(); collapseAll(root); resetHighlightedNodes(root); if ('' === searchQuery) { counter.textContent = '0 of 0'; return; } var classMatches = [ "sf-dump-str", "sf-dump-key", "sf-dump-public", "sf-dump-protected", "sf-dump-private", ].map(xpathHasClass).join(' or '); var xpathResult = doc.evaluate('.//span[' + classMatches + '][contains(translate(child::text(), ' + xpathString(searchQuery.toUpperCase()) + ', ' + xpathString(searchQuery.toLowerCase()) + '), ' + xpathString(searchQuery.toLowerCase()) + ')]', root, null, XPathResult.ORDERED_NODE_ITERATOR_TYPE, null); while (node = xpathResult.iterateNext()) state.nodes.push(node); showCurrent(state); }, 400); }); Array.from(search.querySelectorAll('.sf-dump-search-input-next, .sf-dump-search-input-previous')).forEach(function (btn) { addEventListener(btn, 'click', function (e) { e.preventDefault(); -1 !== e.target.className.indexOf('next') ? state.next() : state.previous(); searchInput.focus(); collapseAll(root); showCurrent(state); }) }); addEventListener(root, 'keydown', function (e) { var isSearchActive = !/\bsf-dump-search-hidden\b/.test(search.className); if ((114 === e.keyCode && !isSearchActive) || (isCtrlKey(e) && 70 === e.keyCode)) { /* F3 or CMD/CTRL + F */ if (70 === e.keyCode && document.activeElement === searchInput) { /* * If CMD/CTRL + F is hit while having focus on search input, * the user probably meant to trigger browser search instead. * Let the browser execute its behavior: */ return; } e.preventDefault(); search.className = search.className.replace(/\bsf-dump-search-hidden\b/, ''); searchInput.focus(); } else if (isSearchActive) { if (27 === e.keyCode) { /* ESC key */ search.className += ' sf-dump-search-hidden'; e.preventDefault(); resetHighlightedNodes(root); searchInput.value = ''; } else if ( (isCtrlKey(e) && 71 === e.keyCode) /* CMD/CTRL + G */ || 13 === e.keyCode /* Enter */ || 114 === e.keyCode /* F3 */ ) { e.preventDefault(); e.shiftKey ? state.previous() : state.next(); collapseAll(root); showCurrent(state); } } }); } if (0 >= options.maxStringLength) { return; } try { elt = root.querySelectorAll('.sf-dump-str'); len = elt.length; i = 0; t = []; while (i < len) t.push(elt[i++]); len = t.length; for (i = 0; i < len; ++i) { elt = t[i]; s = elt.innerText || elt.textContent; x = s.length - options.maxStringLength; if (0 < x) { h = elt.innerHTML; elt[elt.innerText ? 'innerText' : 'textContent'] = s.substring(0, options.maxStringLength); elt.className += ' sf-dump-str-collapse'; elt.innerHTML = '<span class=sf-dump-str-collapse>'+h+'<a class="sf-dump-ref sf-dump-str-toggle" title="Collapse"> &#9664;</a></span>'+ '<span class=sf-dump-str-expand>'+elt.innerHTML+'<a class="sf-dump-ref sf-dump-str-toggle" title="'+x+' remaining characters"> &#9654;</a></span>'; } } } catch (e) { } }; })(document); </script><style> .sf-js-enabled pre.sf-dump .sf-dump-compact, .sf-js-enabled .sf-dump-str-collapse .sf-dump-str-collapse, .sf-js-enabled .sf-dump-str-expand .sf-dump-str-expand { display: none; } .sf-dump-hover:hover { background-color: #B729D9; color: #FFF !important; border-radius: 2px; } pre.sf-dump { display: block; white-space: pre; padding: 5px; overflow: initial !important; } pre.sf-dump:after { content: ""; visibility: hidden; display: block; height: 0; clear: both; } pre.sf-dump .sf-dump-ellipsization { display: inline-flex; } pre.sf-dump a { text-decoration: none; cursor: pointer; border: 0; outline: none; color: inherit; } pre.sf-dump img { max-width: 50em; max-height: 50em; margin: .5em 0 0 0; padding: 0; background: url(data:image/png;base64,iVBORw0KGgoAAAANSUhEUgAAABAAAAAQCAAAAAA6mKC9AAAAHUlEQVQY02O8zAABilCaiQEN0EeA8QuUcX9g3QEAAjcC5piyhyEAAAAASUVORK5CYII=) #D3D3D3; } pre.sf-dump .sf-dump-ellipsis { text-overflow: ellipsis; white-space: nowrap; overflow: hidden; } pre.sf-dump .sf-dump-ellipsis-tail { flex-shrink: 0; } pre.sf-dump code { display:inline; padding:0; background:none; } .sf-dump-public.sf-dump-highlight, .sf-dump-protected.sf-dump-highlight, .sf-dump-private.sf-dump-highlight, .sf-dump-str.sf-dump-highlight, .sf-dump-key.sf-dump-highlight { background: rgba(111, 172, 204, 0.3); border: 1px solid #7DA0B1; border-radius: 3px; } .sf-dump-public.sf-dump-highlight-active, .sf-dump-protected.sf-dump-highlight-active, .sf-dump-private.sf-dump-highlight-active, .sf-dump-str.sf-dump-highlight-active, .sf-dump-key.sf-dump-highlight-active { background: rgba(253, 175, 0, 0.4); border: 1px solid #ffa500; border-radius: 3px; } pre.sf-dump .sf-dump-search-hidden { display: none !important; } pre.sf-dump .sf-dump-search-wrapper { font-size: 0; white-space: nowrap; margin-bottom: 5px; display: flex; position: -webkit-sticky; position: sticky; top: 5px; } pre.sf-dump .sf-dump-search-wrapper > * { vertical-align: top; box-sizing: border-box; height: 21px; font-weight: normal; border-radius: 0; background: #FFF; color: #757575; border: 1px solid #BBB; } pre.sf-dump .sf-dump-search-wrapper > input.sf-dump-search-input { padding: 3px; height: 21px; font-size: 12px; border-right: none; border-top-left-radius: 3px; border-bottom-left-radius: 3px; color: #000; min-width: 15px; width: 100%; } pre.sf-dump .sf-dump-search-wrapper > .sf-dump-search-input-next, pre.sf-dump .sf-dump-search-wrapper > .sf-dump-search-input-previous { background: #F2F2F2; outline: none; border-left: none; font-size: 0; line-height: 0; } pre.sf-dump .sf-dump-search-wrapper > .sf-dump-search-input-next { border-top-right-radius: 3px; border-bottom-right-radius: 3px; } pre.sf-dump .sf-dump-search-wrapper > .sf-dump-search-input-next > svg, pre.sf-dump .sf-dump-search-wrapper > .sf-dump-search-input-previous > svg { pointer-events: none; width: 12px; height: 12px; } pre.sf-dump .sf-dump-search-wrapper > .sf-dump-search-count { display: inline-block; padding: 0 5px; margin: 0; border-left: none; line-height: 21px; font-size: 12px; }pre.sf-dump, pre.sf-dump .sf-dump-default{background:none; color:#CC7832; line-height:1.2em; font:12px Menlo, Monaco, Consolas, monospace; word-wrap: break-word; white-space: pre-wrap; position:relative; z-index:99999; word-break: break-all}pre.sf-dump .sf-dump-num{font-weight:bold; color:#1299DA}pre.sf-dump .sf-dump-const{font-weight:bold}pre.sf-dump .sf-dump-str{font-weight:bold; color:#629755;}pre.sf-dump .sf-dump-note{color:#6897BB}pre.sf-dump .sf-dump-ref{color:#6E6E6E}pre.sf-dump .sf-dump-public{color:#262626}pre.sf-dump .sf-dump-protected{color:#262626}pre.sf-dump .sf-dump-private{color:#262626}pre.sf-dump .sf-dump-meta{color:#B729D9}pre.sf-dump .sf-dump-key{color:#789339}pre.sf-dump .sf-dump-index{color:#1299DA}pre.sf-dump .sf-dump-ellipsis{color:#CC7832}pre.sf-dump .sf-dump-ns{user-select:none;}pre.sf-dump .sf-dump-ellipsis-note{color:#6897BB}</style><pre class=sf-dump id=sf-dump-1751136534 data-indent-pad="  "><span class=sf-dump-note>Symfony\Component\HttpKernel\Exception\NotFoundHttpException</span> {<a class=sf-dump-ref>#11861</a><samp data-depth=1 class=sf-dump-expanded>
   Γöé         <ol start="111"><li><code><span style="color: var(--highlight-keyword)">&nbsp;&nbsp;&nbsp;&nbsp;&nbsp;&nbsp;&nbsp;&nbsp;</span><span style="color: var(--highlight-default)">$this</span><span style="color: var(--highlight-keyword)">-&gt;</span><span style="color: var(--highlight-default)">priority&nbsp;</span><span style="color: var(--highlight-keyword)">??=&nbsp;</span><span style="color: var(--highlight-default)">$dispatcher</span><span style="color: var(--highlight-keyword)">-&gt;</span><span style="color: var(--highlight-default)">getListenerPriority</span><span style="color: var(--highlight-keyword)">(</span><span style="color: var(--highlight-default)">$eventName</span><span style="color: var(--highlight-keyword)">,&nbsp;</span><span style="color: var(--highlight-default)">$this</span><span style="color: var(--highlight-keyword)">-&gt;</span><span style="color: var(--highlight-default)">listener</span><span style="color: var(--highlight-keyword)">);</span></code></li>
   Γöé <li class="selected"><code><span style="color: var(--highlight-keyword)">&nbsp;&nbsp;&nbsp;&nbsp;&nbsp;&nbsp;&nbsp;&nbsp;&nbsp;&nbsp;&nbsp;&nbsp;(</span><span style="color: var(--highlight-default)">$this</span><span style="color: var(--highlight-keyword)">-&gt;</span><span style="color: var(--highlight-default)">optimizedListener&nbsp;</span><span style="color: var(--highlight-keyword)">??&nbsp;</span><span style="color: var(--highlight-default)">$this</span><span style="color: var(--highlight-keyword)">-&gt;</span><span style="color: var(--highlight-default)">listener</span><span style="color: var(--highlight-keyword)">)(</span><span style="color: var(--highlight-default)">$event</span><span style="color: var(--highlight-keyword)">,&nbsp;</span><span style="color: var(--highlight-default)">$eventName</span><span style="color: var(--highlight-keyword)">,&nbsp;</span><span style="color: var(--highlight-default)">$dispatcher</span><span style="color: var(--highlight-keyword)">);</span></code></li>
   Γöé <li><code><span style="color: var(--highlight-keyword)">&nbsp;&nbsp;&nbsp;&nbsp;&nbsp;&nbsp;&nbsp;&nbsp;&nbsp;&nbsp;&nbsp;&nbsp;</span><span style="color: var(--highlight-default)">$this</span><span style="color: var(--highlight-keyword)">-&gt;</span><span style="color: var(--highlight-default)">logger</span><span style="color: var(--highlight-keyword)">?-&gt;</span><span style="color: var(--highlight-default)">info</span><span style="color: var(--highlight-keyword)">(</span><span style="color: var(--highlight-string)">'Matched&nbsp;route&nbsp;"{route}".'</span><span style="color: var(--highlight-keyword)">,&nbsp;[</span></code></li></ol>    </div>            </div>
   Γöé         <ol start="111"><li><code><span style="color: var(--highlight-keyword)">&nbsp;&nbsp;&nbsp;&nbsp;&nbsp;&nbsp;&nbsp;&nbsp;</span><span style="color: var(--highlight-default)">$this</span><span style="color: var(--highlight-keyword)">-&gt;</span><span style="color: var(--highlight-default)">priority&nbsp;</span><span style="color: var(--highlight-keyword)">??=&nbsp;</span><span style="color: var(--highlight-default)">$dispatcher</span><span style="color: var(--highlight-keyword)">-&gt;</span><span style="color: var(--highlight-default)">getListenerPriority</span><span style="color: var(--highlight-keyword)">(</span><span style="color: var(--highlight-default)">$eventName</span><span style="color: var(--highlight-keyword)">,&nbsp;</span><span style="color: var(--highlight-default)">$this</span><span style="color: var(--highlight-keyword)">-&gt;</span><span style="color: var(--highlight-default)">listener</span><span style="color: var(--highlight-keyword)">);</span></code></li>
   Γöé <li class="selected"><code><span style="color: var(--highlight-keyword)">&nbsp;&nbsp;&nbsp;&nbsp;&nbsp;&nbsp;&nbsp;&nbsp;&nbsp;&nbsp;&nbsp;&nbsp;(</span><span style="color: var(--highlight-default)">$this</span><span style="color: var(--highlight-keyword)">-&gt;</span><span style="color: var(--highlight-default)">optimizedListener&nbsp;</span><span style="color: var(--highlight-keyword)">??&nbsp;</span><span style="color: var(--highlight-default)">$this</span><span style="color: var(--highlight-keyword)">-&gt;</span><span style="color: var(--highlight-default)">listener</span><span style="color: var(--highlight-keyword)">)(</span><span style="color: var(--highlight-default)">$event</span><span style="color: var(--highlight-keyword)">,&nbsp;</span><span style="color: var(--highlight-default)">$eventName</span><span style="color: var(--highlight-keyword)">,&nbsp;</span><span style="color: var(--highlight-default)">$dispatcher</span><span style="color: var(--highlight-keyword)">);</span></code></li>
   Γöé         var toggleClass = function(el, cssClass) { hasClass(el, cssClass) ? removeClass(el, cssClass) : addClass(el, cssClass); };
   Γöé                 toggle.innerHTML = currentContent !== altContent ? altContent : originalContent;
   Γöé                     label = i in labels ? labels[i] : value,
   Γöé                 option.setAttribute('title', 1 === (matches = filters.querySelectorAll('[data-filter-'+name+'="'+value+'"]').length) ? 'Matches 1 row' : 'Matches '+matches+' rows');
   Γöé                 localStorage.getItem('symfony/profiler/theme') || (matchMedia('(prefers-color-scheme: dark)').matches ? 'theme-dark' : 'theme-light')
   Γöé                         <script> Sfdump = window.Sfdump || (function (doc) { doc.documentElement.classList.add('sf-js-enabled'); var rxEsc = /([.*+?^${}()|\[\]\/\\])/g, idRx = /\bsf-dump-\d+-ref[012]\w+\b/, keyHint = 0 <= navigator.platform.toUpperCase().indexOf('MAC') ? 'Cmd' : 'Ctrl', addEventListener = function (e, n, cb) { e.addEventListener(n, cb, false); }; if (!doc.addEventListener) { addEventListener = function (element, eventName, callback) { element.attachEvent('on' + eventName, function (e) { e.preventDefault = function () {e.returnValue = false;}; e.target = e.srcElement; callback(e); }); }; } function toggle(a, recursive) { var s = a.nextSibling || {}, oldClass = s.className, arrow, newClass; if (/\bsf-dump-compact\b/.test(oldClass)) { arrow = '&#9660;'; newClass = 'sf-dump-expanded'; } else if (/\bsf-dump-expanded\b/.test(oldClass)) { arrow = '&#9654;'; newClass = 'sf-dump-compact'; } else { return false; } if (doc.createEvent && s.dispatchEvent) { var event = doc.createEvent('Event'); event.initEvent('sf-dump-expanded' === newClass ? 'sfbeforedumpexpand' : 'sfbeforedumpcollapse', true, false); s.dispatchEvent(event); } a.lastChild.innerHTML = arrow; s.className = s.className.replace(/\bsf-dump-(compact|expanded)\b/, newClass); if (recursive) { try { a = s.querySelectorAll('.'+oldClass); for (s = 0; s < a.length; ++s) { if (-1 == a[s].className.indexOf(newClass)) { a[s].className = newClass; a[s].previousSibling.lastChild.innerHTML = arrow; } } } catch (e) { } } return true; }; function collapse(a, recursive) { var s = a.nextSibling || {}, oldClass = s.className; if (/\bsf-dump-expanded\b/.test(oldClass)) { toggle(a, recursive); return true; } return false; }; function expand(a, recursive) { var s = a.nextSibling || {}, oldClass = s.className; if (/\bsf-dump-compact\b/.test(oldClass)) { toggle(a, recursive); return true; } return false; }; function collapseAll(root) { var a = root.querySelector('a.sf-dump-toggle'); if (a) { collapse(a, true); expand(a); return true; } return false; } function reveal(node) { var previous, parents = []; while ((node = node.parentNode || {}) && (previous = node.previousSibling) && 'A' === previous.tagName) { parents.push(previous); } if (0 !== parents.length) { parents.forEach(function (parent) { expand(parent); }); return true; } return false; } function highlight(root, activeNode, nodes) { resetHighlightedNodes(root); Array.from(nodes||[]).forEach(function (node) { if (!/\bsf-dump-highlight\b/.test(node.className)) { node.className = node.className + ' sf-dump-highlight'; } }); if (!/\bsf-dump-highlight-active\b/.test(activeNode.className)) { activeNode.className = activeNode.className + ' sf-dump-highlight-active'; } } function resetHighlightedNodes(root) { Array.from(root.querySelectorAll('.sf-dump-str, .sf-dump-key, .sf-dump-public, .sf-dump-protected, .sf-dump-private')).forEach(function (strNode) { strNode.className = strNode.className.replace(/\bsf-dump-highlight\b/, ''); strNode.className = strNode.className.replace(/\bsf-dump-highlight-active\b/, ''); }); } return function (root, x) { root = doc.getElementById(root); var indentRx = new RegExp('^('+(root.getAttribute('data-indent-pad') || ' ').replace(rxEsc, '\\$1')+')+', 'm'), options = {"maxDepth":1,"maxStringLength":160,"fileLinkFormat":false}, elt = root.getElementsByTagName('A'), len = elt.length, i = 0, s, h, t = []; while (i < len) t.push(elt[i++]); for (i in x) { options[i] = x[i]; } function a(e, f) { addEventListener(root, e, function (e, n) { if ('A' == e.target.tagName) { f(e.target, e); } else if ('A' == e.target.parentNode.tagName) { f(e.target.parentNode, e); } else { n = /\bsf-dump-ellipsis\b/.test(e.target.className) ? e.target.parentNode : e.target; if ((n = n.nextElementSibling) && 'A' == n.tagName) { if (!/\bsf-dump-toggle\b/.test(n.className)) { n = n.nextElementSibling || n; } f(n, e, true); } } }); }; function isCtrlKey(e) { return e.ctrlKey || e.metaKey; } function xpathString(str) { var parts = str.match(/[^'"]+|['"]/g).map(function (part) { if ("'" == part) { return '"\'"'; } if ('"' == part) { return "'\"'"; } return "'" + part + "'"; }); return "concat(" + parts.join(",") + ", '')"; } function xpathHasClass(className) { return "contains(concat(' ', normalize-space(@class), ' '), ' " + className +" ')"; } a('mouseover', function (a, e, c) { if (c) { e.target.style.cursor = "pointer"; } }); a('click', function (a, e, c) { if (/\bsf-dump-toggle\b/.test(a.className)) { e.preventDefault(); if (!toggle(a, isCtrlKey(e))) { var r = doc.getElementById(a.getAttribute('href').slice(1)), s = r.previousSibling, f = r.parentNode, t = a.parentNode; t.replaceChild(r, a); f.replaceChild(a, s); t.insertBefore(s, r); f = f.firstChild.nodeValue.match(indentRx); t = t.firstChild.nodeValue.match(indentRx); if (f && t && f[0] !== t[0]) { r.innerHTML = r.innerHTML.replace(new RegExp('^'+f[0].replace(rxEsc, '\\$1'), 'mg'), t[0]); } if (/\bsf-dump-compact\b/.test(r.className)) { toggle(s, isCtrlKey(e)); } } if (c) { } else if (doc.getSelection) { try { doc.getSelection().removeAllRanges(); } catch (e) { doc.getSelection().empty(); } } else { doc.selection.empty(); } } else if (/\bsf-dump-str-toggle\b/.test(a.className)) { e.preventDefault(); e = a.parentNode.parentNode; e.className = e.className.replace(/\bsf-dump-str-(expand|collapse)\b/, a.parentNode.className); } }); elt = root.getElementsByTagName('SAMP'); len = elt.length; i = 0; while (i < len) t.push(elt[i++]); len = t.length; for (i = 0; i < len; ++i) { elt = t[i]; if ('SAMP' == elt.tagName) { a = elt.previousSibling || {}; if ('A' != a.tagName) { a = doc.createElement('A'); a.className = 'sf-dump-ref'; elt.parentNode.insertBefore(a, elt); } else { a.innerHTML += ' '; } a.title = (a.title ? a.title+'\n[' : '[')+keyHint+'+click] Expand all children'; a.innerHTML += elt.className == 'sf-dump-compact' ? '<span>&#9654;</span>' : '<span>&#9660;</span>'; a.className += ' sf-dump-toggle'; x = 1; if ('sf-dump' != elt.parentNode.className) { x += elt.parentNode.getAttribute('data-depth')/1; } } else if (/\bsf-dump-ref\b/.test(elt.className) && (a = elt.getAttribute('href'))) { a = a.slice(1); elt.className += ' sf-dump-hover'; elt.className += ' '+a; if (/[\[{]$/.test(elt.previousSibling.nodeValue)) { a = a != elt.nextSibling.id && doc.getElementById(a); try { s = a.nextSibling; elt.appendChild(a); s.parentNode.insertBefore(a, s); if (/^[@#]/.test(elt.innerHTML)) { elt.innerHTML += ' <span>&#9654;</span>'; } else { elt.innerHTML = '<span>&#9654;</span>'; elt.className = 'sf-dump-ref'; } elt.className += ' sf-dump-toggle'; } catch (e) { if ('&' == elt.innerHTML.charAt(0)) { elt.innerHTML = '&#8230;'; elt.className = 'sf-dump-ref'; } } } } } if (doc.evaluate && Array.from && root.children.length > 1) { root.setAttribute('tabindex', 0); SearchState = function () { this.nodes = []; this.idx = 0; }; SearchState.prototype = { next: function () { if (this.isEmpty()) { return this.current(); } this.idx = this.idx < (this.nodes.length - 1) ? this.idx + 1 : 0; return this.current(); }, previous: function () { if (this.isEmpty()) { return this.current(); } this.idx = this.idx > 0 ? this.idx - 1 : (this.nodes.length - 1); return this.current(); }, isEmpty: function () { return 0 === this.count(); }, current: function () { if (this.isEmpty()) { return null; } return this.nodes[this.idx]; }, reset: function () { this.nodes = []; this.idx = 0; }, count: function () { return this.nodes.length; }, }; function showCurrent(state) { var currentNode = state.current(), currentRect, searchRect; if (currentNode) { reveal(currentNode); highlight(root, currentNode, state.nodes); if ('scrollIntoView' in currentNode) { currentNode.scrollIntoView(true); currentRect = currentNode.getBoundingClientRect(); searchRect = search.getBoundingClientRect(); if (currentRect.top < (searchRect.top + searchRect.height)) { window.scrollBy(0, -(searchRect.top + searchRect.height + 5)); } } } counter.textContent = (state.isEmpty() ? 0 : state.idx + 1) + ' of ' + state.count(); } var search = doc.createElement('div'); search.className = 'sf-dump-search-wrapper sf-dump-search-hidden'; search.innerHTML = ' <input type="text" class="sf-dump-search-input"> <span class="sf-dump-search-count">0 of 0<\/span> <button type="button" class="sf-dump-search-input-previous" tabindex="-1"> <svg viewBox="0 0 1792 1792" xmlns="http://www.w3.org/2000/svg"><path d="M1683 1331l-166 165q-19 19-45 19t-45-19L896 965l-531 531q-19 19-45 19t-45-19l-166-165q-19-19-19-45.5t19-45.5l742-741q19-19 45-19t45 19l742 741q19 19 19 45.5t-19 45.5z"\/><\/svg> <\/button> <button type="button" class="sf-dump-search-input-next" tabindex="-1"> <svg viewBox="0 0 1792 1792" xmlns="http://www.w3.org/2000/svg"><path d="M1683 808l-742 741q-19 19-45 19t-45-19L109 808q-19-19-19-45.5t19-45.5l166-165q19-19 45-19t45 19l531 531 531-531q19-19 45-19t45 19l166 165q19 19 19 45.5t-19 45.5z"\/><\/svg> <\/button> '; root.insertBefore(search, root.firstChild); var state = new SearchState(); var searchInput = search.querySelector('.sf-dump-search-input'); var counter = search.querySelector('.sf-dump-search-count'); var searchInputTimer = 0; var previousSearchQuery = ''; addEventListener(searchInput, 'keyup', function (e) { var searchQuery = e.target.value; /* Don't perform anything if the pressed key didn't change the query */ if (searchQuery === previousSearchQuery) { return; } previousSearchQuery = searchQuery; clearTimeout(searchInputTimer); searchInputTimer = setTimeout(function () { state.reset(); collapseAll(root); resetHighlightedNodes(root); if ('' === searchQuery) { counter.textContent = '0 of 0'; return; } var classMatches = [ "sf-dump-str", "sf-dump-key", "sf-dump-public", "sf-dump-protected", "sf-dump-private", ].map(xpathHasClass).join(' or '); var xpathResult = doc.evaluate('.//span[' + classMatches + '][contains(translate(child::text(), ' + xpathString(searchQuery.toUpperCase()) + ', ' + xpathString(searchQuery.toLowerCase()) + '), ' + xpathString(searchQuery.toLowerCase()) + ')]', root, null, XPathResult.ORDERED_NODE_ITERATOR_TYPE, null); while (node = xpathResult.iterateNext()) state.nodes.push(node); showCurrent(state); }, 400); }); Array.from(search.querySelectorAll('.sf-dump-search-input-next, .sf-dump-search-input-previous')).forEach(function (btn) { addEventListener(btn, 'click', function (e) { e.preventDefault(); -1 !== e.target.className.indexOf('next') ? state.next() : state.previous(); searchInput.focus(); collapseAll(root); showCurrent(state); }) }); addEventListener(root, 'keydown', function (e) { var isSearchActive = !/\bsf-dump-search-hidden\b/.test(search.className); if ((114 === e.keyCode && !isSearchActive) || (isCtrlKey(e) && 70 === e.keyCode)) { /* F3 or CMD/CTRL + F */ if (70 === e.keyCode && document.activeElement === searchInput) { /* * If CMD/CTRL + F is hit while having focus on search input, * the user probably meant to trigger browser search instead. * Let the browser execute its behavior: */ return; } e.preventDefault(); search.className = search.className.replace(/\bsf-dump-search-hidden\b/, ''); searchInput.focus(); } else if (isSearchActive) { if (27 === e.keyCode) { /* ESC key */ search.className += ' sf-dump-search-hidden'; e.preventDefault(); resetHighlightedNodes(root); searchInput.value = ''; } else if ( (isCtrlKey(e) && 71 === e.keyCode) /* CMD/CTRL + G */ || 13 === e.keyCode /* Enter */ || 114 === e.keyCode /* F3 */ ) { e.preventDefault(); e.shiftKey ? state.previous() : state.next(); collapseAll(root); showCurrent(state); } } }); } if (0 >= options.maxStringLength) { return; } try { elt = root.querySelectorAll('.sf-dump-str'); len = elt.length; i = 0; t = []; while (i < len) t.push(elt[i++]); len = t.length; for (i = 0; i < len; ++i) { elt = t[i]; s = elt.innerText || elt.textContent; x = s.length - options.maxStringLength; if (0 < x) { h = elt.innerHTML; elt[elt.innerText ? 'innerText' : 'textContent'] = s.substring(0, options.maxStringLength); elt.className += ' sf-dump-str-collapse'; elt.innerHTML = '<span class=sf-dump-str-collapse>'+h+'<a class="sf-dump-ref sf-dump-str-toggle" title="Collapse"> &#9664;</a></span>'+ '<span class=sf-dump-str-expand>'+elt.innerHTML+'<a class="sf-dump-ref sf-dump-str-toggle" title="'+x+' remaining characters"> &#9654;</a></span>'; } } } catch (e) { } }; })(document); </script><style> .sf-js-enabled pre.sf-dump .sf-dump-compact, .sf-js-enabled .sf-dump-str-collapse .sf-dump-str-collapse, .sf-js-enabled .sf-dump-str-expand .sf-dump-str-expand { display: none; } .sf-dump-hover:hover { background-color: #B729D9; color: #FFF !important; border-radius: 2px; } pre.sf-dump { display: block; white-space: pre; padding: 5px; overflow: initial !important; } pre.sf-dump:after { content: ""; visibility: hidden; display: block; height: 0; clear: both; } pre.sf-dump .sf-dump-ellipsization { display: inline-flex; } pre.sf-dump a { text-decoration: none; cursor: pointer; border: 0; outline: none; color: inherit; } pre.sf-dump img { max-width: 50em; max-height: 50em; margin: .5em 0 0 0; padding: 0; background: url(data:image/png;base64,iVBORw0KGgoAAAANSUhEUgAAABAAAAAQCAAAAAA6mKC9AAAAHUlEQVQY02O8zAABilCaiQEN0EeA8QuUcX9g3QEAAjcC5piyhyEAAAAASUVORK5CYII=) #D3D3D3; } pre.sf-dump .sf-dump-ellipsis { text-overflow: ellipsis; white-space: nowrap; overflow: hidden; } pre.sf-dump .sf-dump-ellipsis-tail { flex-shrink: 0; } pre.sf-dump code { display:inline; padding:0; background:none; } .sf-dump-public.sf-dump-highlight, .sf-dump-protected.sf-dump-highlight, .sf-dump-private.sf-dump-highlight, .sf-dump-str.sf-dump-highlight, .sf-dump-key.sf-dump-highlight { background: rgba(111, 172, 204, 0.3); border: 1px solid #7DA0B1; border-radius: 3px; } .sf-dump-public.sf-dump-highlight-active, .sf-dump-protected.sf-dump-highlight-active, .sf-dump-private.sf-dump-highlight-active, .sf-dump-str.sf-dump-highlight-active, .sf-dump-key.sf-dump-highlight-active { background: rgba(253, 175, 0, 0.4); border: 1px solid #ffa500; border-radius: 3px; } pre.sf-dump .sf-dump-search-hidden { display: none !important; } pre.sf-dump .sf-dump-search-wrapper { font-size: 0; white-space: nowrap; margin-bottom: 5px; display: flex; position: -webkit-sticky; position: sticky; top: 5px; } pre.sf-dump .sf-dump-search-wrapper > * { vertical-align: top; box-sizing: border-box; height: 21px; font-weight: normal; border-radius: 0; background: #FFF; color: #757575; border: 1px solid #BBB; } pre.sf-dump .sf-dump-search-wrapper > input.sf-dump-search-input { padding: 3px; height: 21px; font-size: 12px; border-right: none; border-top-left-radius: 3px; border-bottom-left-radius: 3px; color: #000; min-width: 15px; width: 100%; } pre.sf-dump .sf-dump-search-wrapper > .sf-dump-search-input-next, pre.sf-dump .sf-dump-search-wrapper > .sf-dump-search-input-previous { background: #F2F2F2; outline: none; border-left: none; font-size: 0; line-height: 0; } pre.sf-dump .sf-dump-search-wrapper > .sf-dump-search-input-next { border-top-right-radius: 3px; border-bottom-right-radius: 3px; } pre.sf-dump .sf-dump-search-wrapper > .sf-dump-search-input-next > svg, pre.sf-dump .sf-dump-search-wrapper > .sf-dump-search-input-previous > svg { pointer-events: none; width: 12px; height: 12px; } pre.sf-dump .sf-dump-search-wrapper > .sf-dump-search-count { display: inline-block; padding: 0 5px; margin: 0; border-left: none; line-height: 21px; font-size: 12px; }pre.sf-dump, pre.sf-dump .sf-dump-default{background:none; color:#CC7832; line-height:1.2em; font:12px Menlo, Monaco, Consolas, monospace; word-wrap: break-word; white-space: pre-wrap; position:relative; z-index:99999; word-break: break-all}pre.sf-dump .sf-dump-num{font-weight:bold; color:#1299DA}pre.sf-dump .sf-dump-const{font-weight:bold}pre.sf-dump .sf-dump-str{font-weight:bold; color:#629755;}pre.sf-dump .sf-dump-note{color:#6897BB}pre.sf-dump .sf-dump-ref{color:#6E6E6E}pre.sf-dump .sf-dump-public{color:#262626}pre.sf-dump .sf-dump-protected{color:#262626}pre.sf-dump .sf-dump-private{color:#262626}pre.sf-dump .sf-dump-meta{color:#B729D9}pre.sf-dump .sf-dump-key{color:#789339}pre.sf-dump .sf-dump-index{color:#1299DA}pre.sf-dump .sf-dump-ellipsis{color:#CC7832}pre.sf-dump .sf-dump-ns{user-select:none;}pre.sf-dump .sf-dump-ellipsis-note{color:#6897BB}</style><pre class=sf-dump id=sf-dump-1259990295 data-indent-pad="  "><span class=sf-dump-note>Symfony\Component\HttpKernel\Exception\NotFoundHttpException</span> {<a class=sf-dump-ref>#5806</a><samp data-depth=1 class=sf-dump-expanded>
   Γöé         <ol start="111"><li><code><span style="color: var(--highlight-keyword)">&nbsp;&nbsp;&nbsp;&nbsp;&nbsp;&nbsp;&nbsp;&nbsp;</span><span style="color: var(--highlight-default)">$this</span><span style="color: var(--highlight-keyword)">-&gt;</span><span style="color: var(--highlight-default)">priority&nbsp;</span><span style="color: var(--highlight-keyword)">??=&nbsp;</span><span style="color: var(--highlight-default)">$dispatcher</span><span style="color: var(--highlight-keyword)">-&gt;</span><span style="color: var(--highlight-default)">getListenerPriority</span><span style="color: var(--highlight-keyword)">(</span><span style="color: var(--highlight-default)">$eventName</span><span style="color: var(--highlight-keyword)">,&nbsp;</span><span style="color: var(--highlight-default)">$this</span><span style="color: var(--highlight-keyword)">-&gt;</span><span style="color: var(--highlight-default)">listener</span><span style="color: var(--highlight-keyword)">);</span></code></li>
   Γöé <li class="selected"><code><span style="color: var(--highlight-keyword)">&nbsp;&nbsp;&nbsp;&nbsp;&nbsp;&nbsp;&nbsp;&nbsp;&nbsp;&nbsp;&nbsp;&nbsp;(</span><span style="color: var(--highlight-default)">$this</span><span style="color: var(--highlight-keyword)">-&gt;</span><span style="color: var(--highlight-default)">optimizedListener&nbsp;</span><span style="color: var(--highlight-keyword)">??&nbsp;</span><span style="color: var(--highlight-default)">$this</span><span style="color: var(--highlight-keyword)">-&gt;</span><span style="color: var(--highlight-default)">listener</span><span style="color: var(--highlight-keyword)">)(</span><span style="color: var(--highlight-default)">$event</span><span style="color: var(--highlight-keyword)">,&nbsp;</span><span style="color: var(--highlight-default)">$eventName</span><span style="color: var(--highlight-keyword)">,&nbsp;</span><span style="color: var(--highlight-default)">$dispatcher</span><span style="color: var(--highlight-keyword)">);</span></code></li>
   Γöé <li><code><span style="color: var(--highlight-keyword)">&nbsp;&nbsp;&nbsp;&nbsp;&nbsp;&nbsp;&nbsp;&nbsp;&nbsp;&nbsp;&nbsp;&nbsp;</span><span style="color: var(--highlight-default)">$this</span><span style="color: var(--highlight-keyword)">-&gt;</span><span style="color: var(--highlight-default)">logger</span><span style="color: var(--highlight-keyword)">?-&gt;</span><span style="color: var(--highlight-default)">info</span><span style="color: var(--highlight-keyword)">(</span><span style="color: var(--highlight-string)">'Matched&nbsp;route&nbsp;"{route}".'</span><span style="color: var(--highlight-keyword)">,&nbsp;[</span></code></li></ol>    </div>            </div>
   Γöé         <ol start="111"><li><code><span style="color: var(--highlight-keyword)">&nbsp;&nbsp;&nbsp;&nbsp;&nbsp;&nbsp;&nbsp;&nbsp;</span><span style="color: var(--highlight-default)">$this</span><span style="color: var(--highlight-keyword)">-&gt;</span><span style="color: var(--highlight-default)">priority&nbsp;</span><span style="color: var(--highlight-keyword)">??=&nbsp;</span><span style="color: var(--highlight-default)">$dispatcher</span><span style="color: var(--highlight-keyword)">-&gt;</span><span style="color: var(--highlight-default)">getListenerPriority</span><span style="color: var(--highlight-keyword)">(</span><span style="color: var(--highlight-default)">$eventName</span><span style="color: var(--highlight-keyword)">,&nbsp;</span><span style="color: var(--highlight-default)">$this</span><span style="color: var(--highlight-keyword)">-&gt;</span><span style="color: var(--highlight-default)">listener</span><span style="color: var(--highlight-keyword)">);</span></code></li>
   Γöé <li class="selected"><code><span style="color: var(--highlight-keyword)">&nbsp;&nbsp;&nbsp;&nbsp;&nbsp;&nbsp;&nbsp;&nbsp;&nbsp;&nbsp;&nbsp;&nbsp;(</span><span style="color: var(--highlight-default)">$this</span><span style="color: var(--highlight-keyword)">-&gt;</span><span style="color: var(--highlight-default)">optimizedListener&nbsp;</span><span style="color: var(--highlight-keyword)">??&nbsp;</span><span style="color: var(--highlight-default)">$this</span><span style="color: var(--highlight-keyword)">-&gt;</span><span style="color: var(--highlight-default)">listener</span><span style="color: var(--highlight-keyword)">)(</span><span style="color: var(--highlight-default)">$event</span><span style="color: var(--highlight-keyword)">,&nbsp;</span><span style="color: var(--highlight-default)">$eventName</span><span style="color: var(--highlight-keyword)">,&nbsp;</span><span style="color: var(--highlight-default)">$dispatcher</span><span style="color: var(--highlight-keyword)">);</span></code></li>
   Γöé         var toggleClass = function(el, cssClass) { hasClass(el, cssClass) ? removeClass(el, cssClass) : addClass(el, cssClass); };
   Γöé                 toggle.innerHTML = currentContent !== altContent ? altContent : originalContent;
   Γöé                     label = i in labels ? labels[i] : value,
   Γöé                 option.setAttribute('title', 1 === (matches = filters.querySelectorAll('[data-filter-'+name+'="'+value+'"]').length) ? 'Matches 1 row' : 'Matches '+matches+' rows');
   Γöé                 localStorage.getItem('symfony/profiler/theme') || (matchMedia('(prefers-color-scheme: dark)').matches ? 'theme-dark' : 'theme-light')
   Γöé                         <script> Sfdump = window.Sfdump || (function (doc) { doc.documentElement.classList.add('sf-js-enabled'); var rxEsc = /([.*+?^${}()|\[\]\/\\])/g, idRx = /\bsf-dump-\d+-ref[012]\w+\b/, keyHint = 0 <= navigator.platform.toUpperCase().indexOf('MAC') ? 'Cmd' : 'Ctrl', addEventListener = function (e, n, cb) { e.addEventListener(n, cb, false); }; if (!doc.addEventListener) { addEventListener = function (element, eventName, callback) { element.attachEvent('on' + eventName, function (e) { e.preventDefault = function () {e.returnValue = false;}; e.target = e.srcElement; callback(e); }); }; } function toggle(a, recursive) { var s = a.nextSibling || {}, oldClass = s.className, arrow, newClass; if (/\bsf-dump-compact\b/.test(oldClass)) { arrow = '&#9660;'; newClass = 'sf-dump-expanded'; } else if (/\bsf-dump-expanded\b/.test(oldClass)) { arrow = '&#9654;'; newClass = 'sf-dump-compact'; } else { return false; } if (doc.createEvent && s.dispatchEvent) { var event = doc.createEvent('Event'); event.initEvent('sf-dump-expanded' === newClass ? 'sfbeforedumpexpand' : 'sfbeforedumpcollapse', true, false); s.dispatchEvent(event); } a.lastChild.innerHTML = arrow; s.className = s.className.replace(/\bsf-dump-(compact|expanded)\b/, newClass); if (recursive) { try { a = s.querySelectorAll('.'+oldClass); for (s = 0; s < a.length; ++s) { if (-1 == a[s].className.indexOf(newClass)) { a[s].className = newClass; a[s].previousSibling.lastChild.innerHTML = arrow; } } } catch (e) { } } return true; }; function collapse(a, recursive) { var s = a.nextSibling || {}, oldClass = s.className; if (/\bsf-dump-expanded\b/.test(oldClass)) { toggle(a, recursive); return true; } return false; }; function expand(a, recursive) { var s = a.nextSibling || {}, oldClass = s.className; if (/\bsf-dump-compact\b/.test(oldClass)) { toggle(a, recursive); return true; } return false; }; function collapseAll(root) { var a = root.querySelector('a.sf-dump-toggle'); if (a) { collapse(a, true); expand(a); return true; } return false; } function reveal(node) { var previous, parents = []; while ((node = node.parentNode || {}) && (previous = node.previousSibling) && 'A' === previous.tagName) { parents.push(previous); } if (0 !== parents.length) { parents.forEach(function (parent) { expand(parent); }); return true; } return false; } function highlight(root, activeNode, nodes) { resetHighlightedNodes(root); Array.from(nodes||[]).forEach(function (node) { if (!/\bsf-dump-highlight\b/.test(node.className)) { node.className = node.className + ' sf-dump-highlight'; } }); if (!/\bsf-dump-highlight-active\b/.test(activeNode.className)) { activeNode.className = activeNode.className + ' sf-dump-highlight-active'; } } function resetHighlightedNodes(root) { Array.from(root.querySelectorAll('.sf-dump-str, .sf-dump-key, .sf-dump-public, .sf-dump-protected, .sf-dump-private')).forEach(function (strNode) { strNode.className = strNode.className.replace(/\bsf-dump-highlight\b/, ''); strNode.className = strNode.className.replace(/\bsf-dump-highlight-active\b/, ''); }); } return function (root, x) { root = doc.getElementById(root); var indentRx = new RegExp('^('+(root.getAttribute('data-indent-pad') || ' ').replace(rxEsc, '\\$1')+')+', 'm'), options = {"maxDepth":1,"maxStringLength":160,"fileLinkFormat":false}, elt = root.getElementsByTagName('A'), len = elt.length, i = 0, s, h, t = []; while (i < len) t.push(elt[i++]); for (i in x) { options[i] = x[i]; } function a(e, f) { addEventListener(root, e, function (e, n) { if ('A' == e.target.tagName) { f(e.target, e); } else if ('A' == e.target.parentNode.tagName) { f(e.target.parentNode, e); } else { n = /\bsf-dump-ellipsis\b/.test(e.target.className) ? e.target.parentNode : e.target; if ((n = n.nextElementSibling) && 'A' == n.tagName) { if (!/\bsf-dump-toggle\b/.test(n.className)) { n = n.nextElementSibling || n; } f(n, e, true); } } }); }; function isCtrlKey(e) { return e.ctrlKey || e.metaKey; } function xpathString(str) { var parts = str.match(/[^'"]+|['"]/g).map(function (part) { if ("'" == part) { return '"\'"'; } if ('"' == part) { return "'\"'"; } return "'" + part + "'"; }); return "concat(" + parts.join(",") + ", '')"; } function xpathHasClass(className) { return "contains(concat(' ', normalize-space(@class), ' '), ' " + className +" ')"; } a('mouseover', function (a, e, c) { if (c) { e.target.style.cursor = "pointer"; } }); a('click', function (a, e, c) { if (/\bsf-dump-toggle\b/.test(a.className)) { e.preventDefault(); if (!toggle(a, isCtrlKey(e))) { var r = doc.getElementById(a.getAttribute('href').slice(1)), s = r.previousSibling, f = r.parentNode, t = a.parentNode; t.replaceChild(r, a); f.replaceChild(a, s); t.insertBefore(s, r); f = f.firstChild.nodeValue.match(indentRx); t = t.firstChild.nodeValue.match(indentRx); if (f && t && f[0] !== t[0]) { r.innerHTML = r.innerHTML.replace(new RegExp('^'+f[0].replace(rxEsc, '\\$1'), 'mg'), t[0]); } if (/\bsf-dump-compact\b/.test(r.className)) { toggle(s, isCtrlKey(e)); } } if (c) { } else if (doc.getSelection) { try { doc.getSelection().removeAllRanges(); } catch (e) { doc.getSelection().empty(); } } else { doc.selection.empty(); } } else if (/\bsf-dump-str-toggle\b/.test(a.className)) { e.preventDefault(); e = a.parentNode.parentNode; e.className = e.className.replace(/\bsf-dump-str-(expand|collapse)\b/, a.parentNode.className); } }); elt = root.getElementsByTagName('SAMP'); len = elt.length; i = 0; while (i < len) t.push(elt[i++]); len = t.length; for (i = 0; i < len; ++i) { elt = t[i]; if ('SAMP' == elt.tagName) { a = elt.previousSibling || {}; if ('A' != a.tagName) { a = doc.createElement('A'); a.className = 'sf-dump-ref'; elt.parentNode.insertBefore(a, elt); } else { a.innerHTML += ' '; } a.title = (a.title ? a.title+'\n[' : '[')+keyHint+'+click] Expand all children'; a.innerHTML += elt.className == 'sf-dump-compact' ? '<span>&#9654;</span>' : '<span>&#9660;</span>'; a.className += ' sf-dump-toggle'; x = 1; if ('sf-dump' != elt.parentNode.className) { x += elt.parentNode.getAttribute('data-depth')/1; } } else if (/\bsf-dump-ref\b/.test(elt.className) && (a = elt.getAttribute('href'))) { a = a.slice(1); elt.className += ' sf-dump-hover'; elt.className += ' '+a; if (/[\[{]$/.test(elt.previousSibling.nodeValue)) { a = a != elt.nextSibling.id && doc.getElementById(a); try { s = a.nextSibling; elt.appendChild(a); s.parentNode.insertBefore(a, s); if (/^[@#]/.test(elt.innerHTML)) { elt.innerHTML += ' <span>&#9654;</span>'; } else { elt.innerHTML = '<span>&#9654;</span>'; elt.className = 'sf-dump-ref'; } elt.className += ' sf-dump-toggle'; } catch (e) { if ('&' == elt.innerHTML.charAt(0)) { elt.innerHTML = '&#8230;'; elt.className = 'sf-dump-ref'; } } } } } if (doc.evaluate && Array.from && root.children.length > 1) { root.setAttribute('tabindex', 0); SearchState = function () { this.nodes = []; this.idx = 0; }; SearchState.prototype = { next: function () { if (this.isEmpty()) { return this.current(); } this.idx = this.idx < (this.nodes.length - 1) ? this.idx + 1 : 0; return this.current(); }, previous: function () { if (this.isEmpty()) { return this.current(); } this.idx = this.idx > 0 ? this.idx - 1 : (this.nodes.length - 1); return this.current(); }, isEmpty: function () { return 0 === this.count(); }, current: function () { if (this.isEmpty()) { return null; } return this.nodes[this.idx]; }, reset: function () { this.nodes = []; this.idx = 0; }, count: function () { return this.nodes.length; }, }; function showCurrent(state) { var currentNode = state.current(), currentRect, searchRect; if (currentNode) { reveal(currentNode); highlight(root, currentNode, state.nodes); if ('scrollIntoView' in currentNode) { currentNode.scrollIntoView(true); currentRect = currentNode.getBoundingClientRect(); searchRect = search.getBoundingClientRect(); if (currentRect.top < (searchRect.top + searchRect.height)) { window.scrollBy(0, -(searchRect.top + searchRect.height + 5)); } } } counter.textContent = (state.isEmpty() ? 0 : state.idx + 1) + ' of ' + state.count(); } var search = doc.createElement('div'); search.className = 'sf-dump-search-wrapper sf-dump-search-hidden'; search.innerHTML = ' <input type="text" class="sf-dump-search-input"> <span class="sf-dump-search-count">0 of 0<\/span> <button type="button" class="sf-dump-search-input-previous" tabindex="-1"> <svg viewBox="0 0 1792 1792" xmlns="http://www.w3.org/2000/svg"><path d="M1683 1331l-166 165q-19 19-45 19t-45-19L896 965l-531 531q-19 19-45 19t-45-19l-166-165q-19-19-19-45.5t19-45.5l742-741q19-19 45-19t45 19l742 741q19 19 19 45.5t-19 45.5z"\/><\/svg> <\/button> <button type="button" class="sf-dump-search-input-next" tabindex="-1"> <svg viewBox="0 0 1792 1792" xmlns="http://www.w3.org/2000/svg"><path d="M1683 808l-742 741q-19 19-45 19t-45-19L109 808q-19-19-19-45.5t19-45.5l166-165q19-19 45-19t45 19l531 531 531-531q19-19 45-19t45 19l166 165q19 19 19 45.5t-19 45.5z"\/><\/svg> <\/button> '; root.insertBefore(search, root.firstChild); var state = new SearchState(); var searchInput = search.querySelector('.sf-dump-search-input'); var counter = search.querySelector('.sf-dump-search-count'); var searchInputTimer = 0; var previousSearchQuery = ''; addEventListener(searchInput, 'keyup', function (e) { var searchQuery = e.target.value; /* Don't perform anything if the pressed key didn't change the query */ if (searchQuery === previousSearchQuery) { return; } previousSearchQuery = searchQuery; clearTimeout(searchInputTimer); searchInputTimer = setTimeout(function () { state.reset(); collapseAll(root); resetHighlightedNodes(root); if ('' === searchQuery) { counter.textContent = '0 of 0'; return; } var classMatches = [ "sf-dump-str", "sf-dump-key", "sf-dump-public", "sf-dump-protected", "sf-dump-private", ].map(xpathHasClass).join(' or '); var xpathResult = doc.evaluate('.//span[' + classMatches + '][contains(translate(child::text(), ' + xpathString(searchQuery.toUpperCase()) + ', ' + xpathString(searchQuery.toLowerCase()) + '), ' + xpathString(searchQuery.toLowerCase()) + ')]', root, null, XPathResult.ORDERED_NODE_ITERATOR_TYPE, null); while (node = xpathResult.iterateNext()) state.nodes.push(node); showCurrent(state); }, 400); }); Array.from(search.querySelectorAll('.sf-dump-search-input-next, .sf-dump-search-input-previous')).forEach(function (btn) { addEventListener(btn, 'click', function (e) { e.preventDefault(); -1 !== e.target.className.indexOf('next') ? state.next() : state.previous(); searchInput.focus(); collapseAll(root); showCurrent(state); }) }); addEventListener(root, 'keydown', function (e) { var isSearchActive = !/\bsf-dump-search-hidden\b/.test(search.className); if ((114 === e.keyCode && !isSearchActive) || (isCtrlKey(e) && 70 === e.keyCode)) { /* F3 or CMD/CTRL + F */ if (70 === e.keyCode && document.activeElement === searchInput) { /* * If CMD/CTRL + F is hit while having focus on search input, * the user probably meant to trigger browser search instead. * Let the browser execute its behavior: */ return; } e.preventDefault(); search.className = search.className.replace(/\bsf-dump-search-hidden\b/, ''); searchInput.focus(); } else if (isSearchActive) { if (27 === e.keyCode) { /* ESC key */ search.className += ' sf-dump-search-hidden'; e.preventDefault(); resetHighlightedNodes(root); searchInput.value = ''; } else if ( (isCtrlKey(e) && 71 === e.keyCode) /* CMD/CTRL + G */ || 13 === e.keyCode /* Enter */ || 114 === e.keyCode /* F3 */ ) { e.preventDefault(); e.shiftKey ? state.previous() : state.next(); collapseAll(root); showCurrent(state); } } }); } if (0 >= options.maxStringLength) { return; } try { elt = root.querySelectorAll('.sf-dump-str'); len = elt.length; i = 0; t = []; while (i < len) t.push(elt[i++]); len = t.length; for (i = 0; i < len; ++i) { elt = t[i]; s = elt.innerText || elt.textContent; x = s.length - options.maxStringLength; if (0 < x) { h = elt.innerHTML; elt[elt.innerText ? 'innerText' : 'textContent'] = s.substring(0, options.maxStringLength); elt.className += ' sf-dump-str-collapse'; elt.innerHTML = '<span class=sf-dump-str-collapse>'+h+'<a class="sf-dump-ref sf-dump-str-toggle" title="Collapse"> &#9664;</a></span>'+ '<span class=sf-dump-str-expand>'+elt.innerHTML+'<a class="sf-dump-ref sf-dump-str-toggle" title="'+x+' remaining characters"> &#9654;</a></span>'; } } } catch (e) { } }; })(document); </script><style> .sf-js-enabled pre.sf-dump .sf-dump-compact, .sf-js-enabled .sf-dump-str-collapse .sf-dump-str-collapse, .sf-js-enabled .sf-dump-str-expand .sf-dump-str-expand { display: none; } .sf-dump-hover:hover { background-color: #B729D9; color: #FFF !important; border-radius: 2px; } pre.sf-dump { display: block; white-space: pre; padding: 5px; overflow: initial !important; } pre.sf-dump:after { content: ""; visibility: hidden; display: block; height: 0; clear: both; } pre.sf-dump .sf-dump-ellipsization { display: inline-flex; } pre.sf-dump a { text-decoration: none; cursor: pointer; border: 0; outline: none; color: inherit; } pre.sf-dump img { max-width: 50em; max-height: 50em; margin: .5em 0 0 0; padding: 0; background: url(data:image/png;base64,iVBORw0KGgoAAAANSUhEUgAAABAAAAAQCAAAAAA6mKC9AAAAHUlEQVQY02O8zAABilCaiQEN0EeA8QuUcX9g3QEAAjcC5piyhyEAAAAASUVORK5CYII=) #D3D3D3; } pre.sf-dump .sf-dump-ellipsis { text-overflow: ellipsis; white-space: nowrap; overflow: hidden; } pre.sf-dump .sf-dump-ellipsis-tail { flex-shrink: 0; } pre.sf-dump code { display:inline; padding:0; background:none; } .sf-dump-public.sf-dump-highlight, .sf-dump-protected.sf-dump-highlight, .sf-dump-private.sf-dump-highlight, .sf-dump-str.sf-dump-highlight, .sf-dump-key.sf-dump-highlight { background: rgba(111, 172, 204, 0.3); border: 1px solid #7DA0B1; border-radius: 3px; } .sf-dump-public.sf-dump-highlight-active, .sf-dump-protected.sf-dump-highlight-active, .sf-dump-private.sf-dump-highlight-active, .sf-dump-str.sf-dump-highlight-active, .sf-dump-key.sf-dump-highlight-active { background: rgba(253, 175, 0, 0.4); border: 1px solid #ffa500; border-radius: 3px; } pre.sf-dump .sf-dump-search-hidden { display: none !important; } pre.sf-dump .sf-dump-search-wrapper { font-size: 0; white-space: nowrap; margin-bottom: 5px; display: flex; position: -webkit-sticky; position: sticky; top: 5px; } pre.sf-dump .sf-dump-search-wrapper > * { vertical-align: top; box-sizing: border-box; height: 21px; font-weight: normal; border-radius: 0; background: #FFF; color: #757575; border: 1px solid #BBB; } pre.sf-dump .sf-dump-search-wrapper > input.sf-dump-search-input { padding: 3px; height: 21px; font-size: 12px; border-right: none; border-top-left-radius: 3px; border-bottom-left-radius: 3px; color: #000; min-width: 15px; width: 100%; } pre.sf-dump .sf-dump-search-wrapper > .sf-dump-search-input-next, pre.sf-dump .sf-dump-search-wrapper > .sf-dump-search-input-previous { background: #F2F2F2; outline: none; border-left: none; font-size: 0; line-height: 0; } pre.sf-dump .sf-dump-search-wrapper > .sf-dump-search-input-next { border-top-right-radius: 3px; border-bottom-right-radius: 3px; } pre.sf-dump .sf-dump-search-wrapper > .sf-dump-search-input-next > svg, pre.sf-dump .sf-dump-search-wrapper > .sf-dump-search-input-previous > svg { pointer-events: none; width: 12px; height: 12px; } pre.sf-dump .sf-dump-search-wrapper > .sf-dump-search-count { display: inline-block; padding: 0 5px; margin: 0; border-left: none; line-height: 21px; font-size: 12px; }pre.sf-dump, pre.sf-dump .sf-dump-default{background:none; color:#CC7832; line-height:1.2em; font:12px Menlo, Monaco, Consolas, monospace; word-wrap: break-word; white-space: pre-wrap; position:relative; z-index:99999; word-break: break-all}pre.sf-dump .sf-dump-num{font-weight:bold; color:#1299DA}pre.sf-dump .sf-dump-const{font-weight:bold}pre.sf-dump .sf-dump-str{font-weight:bold; color:#629755;}pre.sf-dump .sf-dump-note{color:#6897BB}pre.sf-dump .sf-dump-ref{color:#6E6E6E}pre.sf-dump .sf-dump-public{color:#262626}pre.sf-dump .sf-dump-protected{color:#262626}pre.sf-dump .sf-dump-private{color:#262626}pre.sf-dump .sf-dump-meta{color:#B729D9}pre.sf-dump .sf-dump-key{color:#789339}pre.sf-dump .sf-dump-index{color:#1299DA}pre.sf-dump .sf-dump-ellipsis{color:#CC7832}pre.sf-dump .sf-dump-ns{user-select:none;}pre.sf-dump .sf-dump-ellipsis-note{color:#6897BB}</style><pre class=sf-dump id=sf-dump-1226335610 data-indent-pad="  "><span class=sf-dump-note>Twig\Error\RuntimeError</span> {<a class=sf-dump-ref>#10101</a><samp data-depth=1 class=sf-dump-expanded>
   Γöé       <span class=sf-dump-str title="15155 characters">                &lt;i class=&quot;fa-solid {{ ferme_edit|default(null) ? &#039;fa-pen-to-square&#039; : &#039;fa-plus-circle&#039; }}&quot; style=&quot;color: #2d7a36; margin-right: 10px;&quot;&gt;&lt;/i&gt;<span class="sf-dump-default sf-dump-ns">\r\n</span></span>
   Γöé       <span class=sf-dump-str title="15155 characters">                {{ ferme_edit|default(null) ? &#039;Modifier la ferme&#039; : &#039;Nouvelle ferme&#039; }}<span class="sf-dump-default sf-dump-ns">\r\n</span></span>
   Γöé       <span class=sf-dump-str title="15155 characters">            {% set action_url = ferme_edit|default(null) ? path(&#039;app_ferme_update&#039;, {&#039;id_ferme&#039;: ferme_edit.idFerme}) : path(&#039;app_ferme_index&#039;) %}<span class="sf-dump-default sf-dump-ns">\r\n</span></span>
   Γöé       <span class=sf-dump-str title="15155 characters">                    &lt;input type=&quot;text&quot; name=&quot;nom_ferme&quot; required placeholder=&quot;Ex: Domaine de l&#039;Olivier&quot; value=&quot;{{ ferme_edit|default(null) ? ferme_edit.nomFerme : &#039;&#039; }}&quot; <span class="sf-dump-default sf-dump-ns">\r\n</span></span>
   Γöé       <span class=sf-dump-str title="15155 characters">                           style=&quot;width: 100%; padding: 12px; border: 1px solid {{ errors.nom_ferme is defined ? &#039;#dc2626&#039; : &#039;#e2e8f0&#039; }}; border-radius: 10px; outline-color: #2d7a36;&quot;&gt;<span class="sf-dump-default sf-dump-ns">\r\n</span></span>
   Γöé       <span class=sf-dump-str title="15155 characters">                    &lt;input type=&quot;text&quot; name=&quot;lieu&quot; required placeholder=&quot;Ex: Bizerte&quot; value=&quot;{{ ferme_edit|default(null) ? ferme_edit.lieu : &#039;&#039; }}&quot; <span class="sf-dump-default sf-dump-ns">\r\n</span></span>
   Γöé       <span class=sf-dump-str title="15155 characters">                           style=&quot;width: 100%; padding: 12px; border: 1px solid {{ errors.lieu is defined ? &#039;#dc2626&#039; : &#039;#e2e8f0&#039; }}; border-radius: 10px; outline-color: #2d7a36;&quot;&gt;<span class="sf-dump-default sf-dump-ns">\r\n</span></span>
   Γöé       <span class=sf-dump-str title="15155 characters">                    &lt;input type=&quot;number&quot; step=&quot;0.1&quot; name=&quot;surface&quot; required placeholder=&quot;Ex: 5000&quot; value=&quot;{{ ferme_edit|default(null) ? ferme_edit.surface : &#039;&#039; }}&quot; <span class="sf-dump-default sf-dump-ns">\r\n</span></span>
   Γöé       <span class=sf-dump-str title="15155 characters">                           style=&quot;width: 100%; padding: 12px; border: 1px solid {{ errors.surface is defined ? &#039;#dc2626&#039; : &#039;#e2e8f0&#039; }}; border-radius: 10px; outline-color: #2d7a36;&quot;&gt;<span class="sf-dump-default sf-dump-ns">\r\n</span></span>
   Γöé       <span class=sf-dump-str title="15155 characters">                        &lt;input type=&quot;number&quot; step=&quot;any&quot; name=&quot;latitude&quot; value=&quot;{{ ferme_edit|default(null) ? ferme_edit.latitude : &#039;&#039; }}&quot; style=&quot;width: 100%; padding: 10px; border: 1px solid #e2e8f0; border-radius: 10px;&quot;&gt;<span class="sf-dump-default sf-dump-ns">\r\n</span></span>
   Γöé       <span class=sf-dump-str title="15155 characters">                        &lt;input type=&quot;number&quot; step=&quot;any&quot; name=&quot;longitude&quot; value=&quot;{{ ferme_edit|default(null) ? ferme_edit.longitude : &#039;&#039; }}&quot; style=&quot;width: 100%; padding: 10px; border: 1px solid #e2e8f0; border-radius: 10px;&quot;&gt;<span class="sf-dump-default sf-dump-ns">\r\n</span></span>
   Γöé       <span class=sf-dump-str title="15155 characters">                    {{ ferme_edit|default(null) ? &#039;Mettre &#224; jour la ferme&#039; : &#039;Enregistrer la ferme&#039; }}<span class="sf-dump-default sf-dump-ns">\r\n</span></span>
   Γöé       <span class=sf-dump-str title="15155 characters">                                &lt;form method=&quot;post&quot; action=&quot;{{ path(&#039;app_ferme_delete&#039;, {&#039;id_ferme&#039;: ferme.idFerme}) }}&quot; onsubmit=&quot;return confirm(&#039;&#202;tes-vous s&#251;r ?&#039;);&quot;&gt;<span class="sf-dump-default sf-dump-ns">\r\n</span></span>
   Γöé <li><code>&nbsp;&nbsp;&nbsp;&nbsp;&nbsp;&nbsp;&nbsp;&nbsp;&nbsp;&nbsp;&nbsp;&nbsp;&nbsp;&nbsp;&nbsp;&nbsp;&nbsp;&nbsp;&nbsp;&nbsp;&nbsp;&nbsp;&nbsp;&nbsp;&nbsp;&nbsp;&nbsp;&nbsp;&nbsp;&nbsp;&nbsp;&nbsp;&lt;form&nbsp;method="post"&nbsp;action="{{&nbsp;path('app_ferme_delete',&nbsp;{'id_ferme':&nbsp;ferme.idFerme})&nbsp;}}"&nbsp;onsubmit="return&nbsp;confirm('├ètes-vous&nbsp;s├╗r&nbsp;?');"&gt;</code></li>
   Γöé <li><code><span style="color: var(--highlight-keyword)">&nbsp;&nbsp;&nbsp;&nbsp;private&nbsp;function&nbsp;</span><span style="color: var(--highlight-default)">doRender</span><span style="color: var(--highlight-keyword)">(</span><span style="color: var(--highlight-default)">string&nbsp;$view</span><span style="color: var(--highlight-keyword)">,&nbsp;?</span><span style="color: var(--highlight-default)">string&nbsp;$block</span><span style="color: var(--highlight-keyword)">,&nbsp;array&nbsp;</span><span style="color: var(--highlight-default)">$parameters</span><span style="color: var(--highlight-keyword)">,&nbsp;?</span><span style="color: var(--highlight-default)">Response&nbsp;$response</span><span style="color: var(--highlight-keyword)">,&nbsp;</span><span style="color: var(--highlight-default)">string&nbsp;$method</span><span style="color: var(--highlight-keyword)">):&nbsp;</span><span style="color: var(--highlight-default)">Response</span></code></li>
   Γöé <li><code><span style="color: var(--highlight-keyword)">&nbsp;&nbsp;&nbsp;&nbsp;private&nbsp;function&nbsp;</span><span style="color: var(--highlight-default)">doRender</span><span style="color: var(--highlight-keyword)">(</span><span style="color: var(--highlight-default)">string&nbsp;$view</span><span style="color: var(--highlight-keyword)">,&nbsp;?</span><span style="color: var(--highlight-default)">string&nbsp;$block</span><span style="color: var(--highlight-keyword)">,&nbsp;array&nbsp;</span><span style="color: var(--highlight-default)">$parameters</span><span style="color: var(--highlight-keyword)">,&nbsp;?</span><span style="color: var(--highlight-default)">Response&nbsp;$response</span><span style="color: var(--highlight-keyword)">,&nbsp;</span><span style="color: var(--highlight-default)">string&nbsp;$method</span><span style="color: var(--highlight-keyword)">):&nbsp;</span><span style="color: var(--highlight-default)">Response</span></code></li>
   Γöé <li><code><span style="color: var(--highlight-keyword)">&nbsp;&nbsp;&nbsp;&nbsp;&nbsp;&nbsp;&nbsp;&nbsp;</span><span style="color: var(--highlight-default)">$response&nbsp;</span><span style="color: var(--highlight-keyword)">??=&nbsp;new&nbsp;</span><span style="color: var(--highlight-default)">Response</span><span style="color: var(--highlight-keyword)">();</span></code></li>
   Γöé <li><code><span style="color: var(--highlight-comment)">&nbsp;&nbsp;&nbsp;&nbsp;</span><span style="color: var(--highlight-keyword)">protected&nbsp;function&nbsp;</span><span style="color: var(--highlight-default)">render</span><span style="color: var(--highlight-keyword)">(</span><span style="color: var(--highlight-default)">string&nbsp;$view</span><span style="color: var(--highlight-keyword)">,&nbsp;array&nbsp;</span><span style="color: var(--highlight-default)">$parameters&nbsp;</span><span style="color: var(--highlight-keyword)">=&nbsp;[],&nbsp;?</span><span style="color: var(--highlight-default)">Response&nbsp;$response&nbsp;</span><span style="color: var(--highlight-keyword)">=&nbsp;</span><span style="color: var(--highlight-default)">null</span><span style="color: var(--highlight-keyword)">):&nbsp;</span><span style="color: var(--highlight-default)">Response</span></code></li>
   Γöé <li><code><span style="color: var(--highlight-keyword)">&nbsp;&nbsp;&nbsp;&nbsp;&nbsp;&nbsp;&nbsp;&nbsp;&nbsp;&nbsp;&nbsp;&nbsp;yield&nbsp;</span><span style="color: var(--highlight-string)">"\"&nbsp;onsubmit=\"return&nbsp;confirm('├ètes-vous&nbsp;s├╗r&nbsp;?');\"&gt;</span></code></li>
   Γöé <li><code><span style="color: var(--highlight-keyword)">&nbsp;&nbsp;&nbsp;&nbsp;private&nbsp;function&nbsp;</span><span style="color: var(--highlight-default)">doRender</span><span style="color: var(--highlight-keyword)">(</span><span style="color: var(--highlight-default)">string&nbsp;$view</span><span style="color: var(--highlight-keyword)">,&nbsp;?</span><span style="color: var(--highlight-default)">string&nbsp;$block</span><span style="color: var(--highlight-keyword)">,&nbsp;array&nbsp;</span><span style="color: var(--highlight-default)">$parameters</span><span style="color: var(--highlight-keyword)">,&nbsp;?</span><span style="color: var(--highlight-default)">Response&nbsp;$response</span><span style="color: var(--highlight-keyword)">,&nbsp;</span><span style="color: var(--highlight-default)">string&nbsp;$method</span><span style="color: var(--highlight-keyword)">):&nbsp;</span><span style="color: var(--highlight-default)">Response</span></code></li>
   Γöé <li><code><span style="color: var(--highlight-keyword)">&nbsp;&nbsp;&nbsp;&nbsp;private&nbsp;function&nbsp;</span><span style="color: var(--highlight-default)">doRender</span><span style="color: var(--highlight-keyword)">(</span><span style="color: var(--highlight-default)">string&nbsp;$view</span><span style="color: var(--highlight-keyword)">,&nbsp;?</span><span style="color: var(--highlight-default)">string&nbsp;$block</span><span style="color: var(--highlight-keyword)">,&nbsp;array&nbsp;</span><span style="color: var(--highlight-default)">$parameters</span><span style="color: var(--highlight-keyword)">,&nbsp;?</span><span style="color: var(--highlight-default)">Response&nbsp;$response</span><span style="color: var(--highlight-keyword)">,&nbsp;</span><span style="color: var(--highlight-default)">string&nbsp;$method</span><span style="color: var(--highlight-keyword)">):&nbsp;</span><span style="color: var(--highlight-default)">Response</span></code></li>
   Γöé <li><code><span style="color: var(--highlight-keyword)">&nbsp;&nbsp;&nbsp;&nbsp;&nbsp;&nbsp;&nbsp;&nbsp;</span><span style="color: var(--highlight-default)">$response&nbsp;</span><span style="color: var(--highlight-keyword)">??=&nbsp;new&nbsp;</span><span style="color: var(--highlight-default)">Response</span><span style="color: var(--highlight-keyword)">();</span></code></li>
   Γöé <li><code><span style="color: var(--highlight-comment)">&nbsp;&nbsp;&nbsp;&nbsp;</span><span style="color: var(--highlight-keyword)">protected&nbsp;function&nbsp;</span><span style="color: var(--highlight-default)">render</span><span style="color: var(--highlight-keyword)">(</span><span style="color: var(--highlight-default)">string&nbsp;$view</span><span style="color: var(--highlight-keyword)">,&nbsp;array&nbsp;</span><span style="color: var(--highlight-default)">$parameters&nbsp;</span><span style="color: var(--highlight-keyword)">=&nbsp;[],&nbsp;?</span><span style="color: var(--highlight-default)">Response&nbsp;$response&nbsp;</span><span style="color: var(--highlight-keyword)">=&nbsp;</span><span style="color: var(--highlight-default)">null</span><span style="color: var(--highlight-keyword)">):&nbsp;</span><span style="color: var(--highlight-default)">Response</span></code></li>
   Γöé         var toggleClass = function(el, cssClass) { hasClass(el, cssClass) ? removeClass(el, cssClass) : addClass(el, cssClass); };
   Γöé                 toggle.innerHTML = currentContent !== altContent ? altContent : originalContent;
   Γöé                     label = i in labels ? labels[i] : value,
   Γöé                 option.setAttribute('title', 1 === (matches = filters.querySelectorAll('[data-filter-'+name+'="'+value+'"]').length) ? 'Matches 1 row' : 'Matches '+matches+' rows');
   Γöé                 localStorage.getItem('symfony/profiler/theme') || (matchMedia('(prefers-color-scheme: dark)').matches ? 'theme-dark' : 'theme-light')
   Γöé                         <script> Sfdump = window.Sfdump || (function (doc) { doc.documentElement.classList.add('sf-js-enabled'); var rxEsc = /([.*+?^${}()|\[\]\/\\])/g, idRx = /\bsf-dump-\d+-ref[012]\w+\b/, keyHint = 0 <= navigator.platform.toUpperCase().indexOf('MAC') ? 'Cmd' : 'Ctrl', addEventListener = function (e, n, cb) { e.addEventListener(n, cb, false); }; if (!doc.addEventListener) { addEventListener = function (element, eventName, callback) { element.attachEvent('on' + eventName, function (e) { e.preventDefault = function () {e.returnValue = false;}; e.target = e.srcElement; callback(e); }); }; } function toggle(a, recursive) { var s = a.nextSibling || {}, oldClass = s.className, arrow, newClass; if (/\bsf-dump-compact\b/.test(oldClass)) { arrow = '&#9660;'; newClass = 'sf-dump-expanded'; } else if (/\bsf-dump-expanded\b/.test(oldClass)) { arrow = '&#9654;'; newClass = 'sf-dump-compact'; } else { return false; } if (doc.createEvent && s.dispatchEvent) { var event = doc.createEvent('Event'); event.initEvent('sf-dump-expanded' === newClass ? 'sfbeforedumpexpand' : 'sfbeforedumpcollapse', true, false); s.dispatchEvent(event); } a.lastChild.innerHTML = arrow; s.className = s.className.replace(/\bsf-dump-(compact|expanded)\b/, newClass); if (recursive) { try { a = s.querySelectorAll('.'+oldClass); for (s = 0; s < a.length; ++s) { if (-1 == a[s].className.indexOf(newClass)) { a[s].className = newClass; a[s].previousSibling.lastChild.innerHTML = arrow; } } } catch (e) { } } return true; }; function collapse(a, recursive) { var s = a.nextSibling || {}, oldClass = s.className; if (/\bsf-dump-expanded\b/.test(oldClass)) { toggle(a, recursive); return true; } return false; }; function expand(a, recursive) { var s = a.nextSibling || {}, oldClass = s.className; if (/\bsf-dump-compact\b/.test(oldClass)) { toggle(a, recursive); return true; } return false; }; function collapseAll(root) { var a = root.querySelector('a.sf-dump-toggle'); if (a) { collapse(a, true); expand(a); return true; } return false; } function reveal(node) { var previous, parents = []; while ((node = node.parentNode || {}) && (previous = node.previousSibling) && 'A' === previous.tagName) { parents.push(previous); } if (0 !== parents.length) { parents.forEach(function (parent) { expand(parent); }); return true; } return false; } function highlight(root, activeNode, nodes) { resetHighlightedNodes(root); Array.from(nodes||[]).forEach(function (node) { if (!/\bsf-dump-highlight\b/.test(node.className)) { node.className = node.className + ' sf-dump-highlight'; } }); if (!/\bsf-dump-highlight-active\b/.test(activeNode.className)) { activeNode.className = activeNode.className + ' sf-dump-highlight-active'; } } function resetHighlightedNodes(root) { Array.from(root.querySelectorAll('.sf-dump-str, .sf-dump-key, .sf-dump-public, .sf-dump-protected, .sf-dump-private')).forEach(function (strNode) { strNode.className = strNode.className.replace(/\bsf-dump-highlight\b/, ''); strNode.className = strNode.className.replace(/\bsf-dump-highlight-active\b/, ''); }); } return function (root, x) { root = doc.getElementById(root); var indentRx = new RegExp('^('+(root.getAttribute('data-indent-pad') || ' ').replace(rxEsc, '\\$1')+')+', 'm'), options = {"maxDepth":1,"maxStringLength":160,"fileLinkFormat":false}, elt = root.getElementsByTagName('A'), len = elt.length, i = 0, s, h, t = []; while (i < len) t.push(elt[i++]); for (i in x) { options[i] = x[i]; } function a(e, f) { addEventListener(root, e, function (e, n) { if ('A' == e.target.tagName) { f(e.target, e); } else if ('A' == e.target.parentNode.tagName) { f(e.target.parentNode, e); } else { n = /\bsf-dump-ellipsis\b/.test(e.target.className) ? e.target.parentNode : e.target; if ((n = n.nextElementSibling) && 'A' == n.tagName) { if (!/\bsf-dump-toggle\b/.test(n.className)) { n = n.nextElementSibling || n; } f(n, e, true); } } }); }; function isCtrlKey(e) { return e.ctrlKey || e.metaKey; } function xpathString(str) { var parts = str.match(/[^'"]+|['"]/g).map(function (part) { if ("'" == part) { return '"\'"'; } if ('"' == part) { return "'\"'"; } return "'" + part + "'"; }); return "concat(" + parts.join(",") + ", '')"; } function xpathHasClass(className) { return "contains(concat(' ', normalize-space(@class), ' '), ' " + className +" ')"; } a('mouseover', function (a, e, c) { if (c) { e.target.style.cursor = "pointer"; } }); a('click', function (a, e, c) { if (/\bsf-dump-toggle\b/.test(a.className)) { e.preventDefault(); if (!toggle(a, isCtrlKey(e))) { var r = doc.getElementById(a.getAttribute('href').slice(1)), s = r.previousSibling, f = r.parentNode, t = a.parentNode; t.replaceChild(r, a); f.replaceChild(a, s); t.insertBefore(s, r); f = f.firstChild.nodeValue.match(indentRx); t = t.firstChild.nodeValue.match(indentRx); if (f && t && f[0] !== t[0]) { r.innerHTML = r.innerHTML.replace(new RegExp('^'+f[0].replace(rxEsc, '\\$1'), 'mg'), t[0]); } if (/\bsf-dump-compact\b/.test(r.className)) { toggle(s, isCtrlKey(e)); } } if (c) { } else if (doc.getSelection) { try { doc.getSelection().removeAllRanges(); } catch (e) { doc.getSelection().empty(); } } else { doc.selection.empty(); } } else if (/\bsf-dump-str-toggle\b/.test(a.className)) { e.preventDefault(); e = a.parentNode.parentNode; e.className = e.className.replace(/\bsf-dump-str-(expand|collapse)\b/, a.parentNode.className); } }); elt = root.getElementsByTagName('SAMP'); len = elt.length; i = 0; while (i < len) t.push(elt[i++]); len = t.length; for (i = 0; i < len; ++i) { elt = t[i]; if ('SAMP' == elt.tagName) { a = elt.previousSibling || {}; if ('A' != a.tagName) { a = doc.createElement('A'); a.className = 'sf-dump-ref'; elt.parentNode.insertBefore(a, elt); } else { a.innerHTML += ' '; } a.title = (a.title ? a.title+'\n[' : '[')+keyHint+'+click] Expand all children'; a.innerHTML += elt.className == 'sf-dump-compact' ? '<span>&#9654;</span>' : '<span>&#9660;</span>'; a.className += ' sf-dump-toggle'; x = 1; if ('sf-dump' != elt.parentNode.className) { x += elt.parentNode.getAttribute('data-depth')/1; } } else if (/\bsf-dump-ref\b/.test(elt.className) && (a = elt.getAttribute('href'))) { a = a.slice(1); elt.className += ' sf-dump-hover'; elt.className += ' '+a; if (/[\[{]$/.test(elt.previousSibling.nodeValue)) { a = a != elt.nextSibling.id && doc.getElementById(a); try { s = a.nextSibling; elt.appendChild(a); s.parentNode.insertBefore(a, s); if (/^[@#]/.test(elt.innerHTML)) { elt.innerHTML += ' <span>&#9654;</span>'; } else { elt.innerHTML = '<span>&#9654;</span>'; elt.className = 'sf-dump-ref'; } elt.className += ' sf-dump-toggle'; } catch (e) { if ('&' == elt.innerHTML.charAt(0)) { elt.innerHTML = '&#8230;'; elt.className = 'sf-dump-ref'; } } } } } if (doc.evaluate && Array.from && root.children.length > 1) { root.setAttribute('tabindex', 0); SearchState = function () { this.nodes = []; this.idx = 0; }; SearchState.prototype = { next: function () { if (this.isEmpty()) { return this.current(); } this.idx = this.idx < (this.nodes.length - 1) ? this.idx + 1 : 0; return this.current(); }, previous: function () { if (this.isEmpty()) { return this.current(); } this.idx = this.idx > 0 ? this.idx - 1 : (this.nodes.length - 1); return this.current(); }, isEmpty: function () { return 0 === this.count(); }, current: function () { if (this.isEmpty()) { return null; } return this.nodes[this.idx]; }, reset: function () { this.nodes = []; this.idx = 0; }, count: function () { return this.nodes.length; }, }; function showCurrent(state) { var currentNode = state.current(), currentRect, searchRect; if (currentNode) { reveal(currentNode); highlight(root, currentNode, state.nodes); if ('scrollIntoView' in currentNode) { currentNode.scrollIntoView(true); currentRect = currentNode.getBoundingClientRect(); searchRect = search.getBoundingClientRect(); if (currentRect.top < (searchRect.top + searchRect.height)) { window.scrollBy(0, -(searchRect.top + searchRect.height + 5)); } } } counter.textContent = (state.isEmpty() ? 0 : state.idx + 1) + ' of ' + state.count(); } var search = doc.createElement('div'); search.className = 'sf-dump-search-wrapper sf-dump-search-hidden'; search.innerHTML = ' <input type="text" class="sf-dump-search-input"> <span class="sf-dump-search-count">0 of 0<\/span> <button type="button" class="sf-dump-search-input-previous" tabindex="-1"> <svg viewBox="0 0 1792 1792" xmlns="http://www.w3.org/2000/svg"><path d="M1683 1331l-166 165q-19 19-45 19t-45-19L896 965l-531 531q-19 19-45 19t-45-19l-166-165q-19-19-19-45.5t19-45.5l742-741q19-19 45-19t45 19l742 741q19 19 19 45.5t-19 45.5z"\/><\/svg> <\/button> <button type="button" class="sf-dump-search-input-next" tabindex="-1"> <svg viewBox="0 0 1792 1792" xmlns="http://www.w3.org/2000/svg"><path d="M1683 808l-742 741q-19 19-45 19t-45-19L109 808q-19-19-19-45.5t19-45.5l166-165q19-19 45-19t45 19l531 531 531-531q19-19 45-19t45 19l166 165q19 19 19 45.5t-19 45.5z"\/><\/svg> <\/button> '; root.insertBefore(search, root.firstChild); var state = new SearchState(); var searchInput = search.querySelector('.sf-dump-search-input'); var counter = search.querySelector('.sf-dump-search-count'); var searchInputTimer = 0; var previousSearchQuery = ''; addEventListener(searchInput, 'keyup', function (e) { var searchQuery = e.target.value; /* Don't perform anything if the pressed key didn't change the query */ if (searchQuery === previousSearchQuery) { return; } previousSearchQuery = searchQuery; clearTimeout(searchInputTimer); searchInputTimer = setTimeout(function () { state.reset(); collapseAll(root); resetHighlightedNodes(root); if ('' === searchQuery) { counter.textContent = '0 of 0'; return; } var classMatches = [ "sf-dump-str", "sf-dump-key", "sf-dump-public", "sf-dump-protected", "sf-dump-private", ].map(xpathHasClass).join(' or '); var xpathResult = doc.evaluate('.//span[' + classMatches + '][contains(translate(child::text(), ' + xpathString(searchQuery.toUpperCase()) + ', ' + xpathString(searchQuery.toLowerCase()) + '), ' + xpathString(searchQuery.toLowerCase()) + ')]', root, null, XPathResult.ORDERED_NODE_ITERATOR_TYPE, null); while (node = xpathResult.iterateNext()) state.nodes.push(node); showCurrent(state); }, 400); }); Array.from(search.querySelectorAll('.sf-dump-search-input-next, .sf-dump-search-input-previous')).forEach(function (btn) { addEventListener(btn, 'click', function (e) { e.preventDefault(); -1 !== e.target.className.indexOf('next') ? state.next() : state.previous(); searchInput.focus(); collapseAll(root); showCurrent(state); }) }); addEventListener(root, 'keydown', function (e) { var isSearchActive = !/\bsf-dump-search-hidden\b/.test(search.className); if ((114 === e.keyCode && !isSearchActive) || (isCtrlKey(e) && 70 === e.keyCode)) { /* F3 or CMD/CTRL + F */ if (70 === e.keyCode && document.activeElement === searchInput) { /* * If CMD/CTRL + F is hit while having focus on search input, * the user probably meant to trigger browser search instead. * Let the browser execute its behavior: */ return; } e.preventDefault(); search.className = search.className.replace(/\bsf-dump-search-hidden\b/, ''); searchInput.focus(); } else if (isSearchActive) { if (27 === e.keyCode) { /* ESC key */ search.className += ' sf-dump-search-hidden'; e.preventDefault(); resetHighlightedNodes(root); searchInput.value = ''; } else if ( (isCtrlKey(e) && 71 === e.keyCode) /* CMD/CTRL + G */ || 13 === e.keyCode /* Enter */ || 114 === e.keyCode /* F3 */ ) { e.preventDefault(); e.shiftKey ? state.previous() : state.next(); collapseAll(root); showCurrent(state); } } }); } if (0 >= options.maxStringLength) { return; } try { elt = root.querySelectorAll('.sf-dump-str'); len = elt.length; i = 0; t = []; while (i < len) t.push(elt[i++]); len = t.length; for (i = 0; i < len; ++i) { elt = t[i]; s = elt.innerText || elt.textContent; x = s.length - options.maxStringLength; if (0 < x) { h = elt.innerHTML; elt[elt.innerText ? 'innerText' : 'textContent'] = s.substring(0, options.maxStringLength); elt.className += ' sf-dump-str-collapse'; elt.innerHTML = '<span class=sf-dump-str-collapse>'+h+'<a class="sf-dump-ref sf-dump-str-toggle" title="Collapse"> &#9664;</a></span>'+ '<span class=sf-dump-str-expand>'+elt.innerHTML+'<a class="sf-dump-ref sf-dump-str-toggle" title="'+x+' remaining characters"> &#9654;</a></span>'; } } } catch (e) { } }; })(document); </script><style> .sf-js-enabled pre.sf-dump .sf-dump-compact, .sf-js-enabled .sf-dump-str-collapse .sf-dump-str-collapse, .sf-js-enabled .sf-dump-str-expand .sf-dump-str-expand { display: none; } .sf-dump-hover:hover { background-color: #B729D9; color: #FFF !important; border-radius: 2px; } pre.sf-dump { display: block; white-space: pre; padding: 5px; overflow: initial !important; } pre.sf-dump:after { content: ""; visibility: hidden; display: block; height: 0; clear: both; } pre.sf-dump .sf-dump-ellipsization { display: inline-flex; } pre.sf-dump a { text-decoration: none; cursor: pointer; border: 0; outline: none; color: inherit; } pre.sf-dump img { max-width: 50em; max-height: 50em; margin: .5em 0 0 0; padding: 0; background: url(data:image/png;base64,iVBORw0KGgoAAAANSUhEUgAAABAAAAAQCAAAAAA6mKC9AAAAHUlEQVQY02O8zAABilCaiQEN0EeA8QuUcX9g3QEAAjcC5piyhyEAAAAASUVORK5CYII=) #D3D3D3; } pre.sf-dump .sf-dump-ellipsis { text-overflow: ellipsis; white-space: nowrap; overflow: hidden; } pre.sf-dump .sf-dump-ellipsis-tail { flex-shrink: 0; } pre.sf-dump code { display:inline; padding:0; background:none; } .sf-dump-public.sf-dump-highlight, .sf-dump-protected.sf-dump-highlight, .sf-dump-private.sf-dump-highlight, .sf-dump-str.sf-dump-highlight, .sf-dump-key.sf-dump-highlight { background: rgba(111, 172, 204, 0.3); border: 1px solid #7DA0B1; border-radius: 3px; } .sf-dump-public.sf-dump-highlight-active, .sf-dump-protected.sf-dump-highlight-active, .sf-dump-private.sf-dump-highlight-active, .sf-dump-str.sf-dump-highlight-active, .sf-dump-key.sf-dump-highlight-active { background: rgba(253, 175, 0, 0.4); border: 1px solid #ffa500; border-radius: 3px; } pre.sf-dump .sf-dump-search-hidden { display: none !important; } pre.sf-dump .sf-dump-search-wrapper { font-size: 0; white-space: nowrap; margin-bottom: 5px; display: flex; position: -webkit-sticky; position: sticky; top: 5px; } pre.sf-dump .sf-dump-search-wrapper > * { vertical-align: top; box-sizing: border-box; height: 21px; font-weight: normal; border-radius: 0; background: #FFF; color: #757575; border: 1px solid #BBB; } pre.sf-dump .sf-dump-search-wrapper > input.sf-dump-search-input { padding: 3px; height: 21px; font-size: 12px; border-right: none; border-top-left-radius: 3px; border-bottom-left-radius: 3px; color: #000; min-width: 15px; width: 100%; } pre.sf-dump .sf-dump-search-wrapper > .sf-dump-search-input-next, pre.sf-dump .sf-dump-search-wrapper > .sf-dump-search-input-previous { background: #F2F2F2; outline: none; border-left: none; font-size: 0; line-height: 0; } pre.sf-dump .sf-dump-search-wrapper > .sf-dump-search-input-next { border-top-right-radius: 3px; border-bottom-right-radius: 3px; } pre.sf-dump .sf-dump-search-wrapper > .sf-dump-search-input-next > svg, pre.sf-dump .sf-dump-search-wrapper > .sf-dump-search-input-previous > svg { pointer-events: none; width: 12px; height: 12px; } pre.sf-dump .sf-dump-search-wrapper > .sf-dump-search-count { display: inline-block; padding: 0 5px; margin: 0; border-left: none; line-height: 21px; font-size: 12px; }pre.sf-dump, pre.sf-dump .sf-dump-default{background:none; color:#CC7832; line-height:1.2em; font:12px Menlo, Monaco, Consolas, monospace; word-wrap: break-word; white-space: pre-wrap; position:relative; z-index:99999; word-break: break-all}pre.sf-dump .sf-dump-num{font-weight:bold; color:#1299DA}pre.sf-dump .sf-dump-const{font-weight:bold}pre.sf-dump .sf-dump-str{font-weight:bold; color:#629755;}pre.sf-dump .sf-dump-note{color:#6897BB}pre.sf-dump .sf-dump-ref{color:#6E6E6E}pre.sf-dump .sf-dump-public{color:#262626}pre.sf-dump .sf-dump-protected{color:#262626}pre.sf-dump .sf-dump-private{color:#262626}pre.sf-dump .sf-dump-meta{color:#B729D9}pre.sf-dump .sf-dump-key{color:#789339}pre.sf-dump .sf-dump-index{color:#1299DA}pre.sf-dump .sf-dump-ellipsis{color:#CC7832}pre.sf-dump .sf-dump-ns{user-select:none;}pre.sf-dump .sf-dump-ellipsis-note{color:#6897BB}</style><pre class=sf-dump id=sf-dump-570248761 data-indent-pad="  "><span class=sf-dump-note>Twig\Error\RuntimeError</span> {<a class=sf-dump-ref>#7811</a><samp data-depth=1 class=sf-dump-expanded>
   Γöé       <span class=sf-dump-str title="15155 characters">                &lt;i class=&quot;fa-solid {{ ferme_edit|default(null) ? &#039;fa-pen-to-square&#039; : &#039;fa-plus-circle&#039; }}&quot; style=&quot;color: #2d7a36; margin-right: 10px;&quot;&gt;&lt;/i&gt;<span class="sf-dump-default sf-dump-ns">\r\n</span></span>
   Γöé       <span class=sf-dump-str title="15155 characters">                {{ ferme_edit|default(null) ? &#039;Modifier la ferme&#039; : &#039;Nouvelle ferme&#039; }}<span class="sf-dump-default sf-dump-ns">\r\n</span></span>
   Γöé       <span class=sf-dump-str title="15155 characters">            {% set action_url = ferme_edit|default(null) ? path(&#039;app_ferme_update&#039;, {&#039;id_ferme&#039;: ferme_edit.idFerme}) : path(&#039;app_ferme_index&#039;) %}<span class="sf-dump-default sf-dump-ns">\r\n</span></span>
   Γöé       <span class=sf-dump-str title="15155 characters">                    &lt;input type=&quot;text&quot; name=&quot;nom_ferme&quot; required placeholder=&quot;Ex: Domaine de l&#039;Olivier&quot; value=&quot;{{ ferme_edit|default(null) ? ferme_edit.nomFerme : &#039;&#039; }}&quot; <span class="sf-dump-default sf-dump-ns">\r\n</span></span>
   Γöé       <span class=sf-dump-str title="15155 characters">                           style=&quot;width: 100%; padding: 12px; border: 1px solid {{ errors.nom_ferme is defined ? &#039;#dc2626&#039; : &#039;#e2e8f0&#039; }}; border-radius: 10px; outline-color: #2d7a36;&quot;&gt;<span class="sf-dump-default sf-dump-ns">\r\n</span></span>
   Γöé       <span class=sf-dump-str title="15155 characters">                    &lt;input type=&quot;text&quot; name=&quot;lieu&quot; required placeholder=&quot;Ex: Bizerte&quot; value=&quot;{{ ferme_edit|default(null) ? ferme_edit.lieu : &#039;&#039; }}&quot; <span class="sf-dump-default sf-dump-ns">\r\n</span></span>
   Γöé       <span class=sf-dump-str title="15155 characters">                           style=&quot;width: 100%; padding: 12px; border: 1px solid {{ errors.lieu is defined ? &#039;#dc2626&#039; : &#039;#e2e8f0&#039; }}; border-radius: 10px; outline-color: #2d7a36;&quot;&gt;<span class="sf-dump-default sf-dump-ns">\r\n</span></span>
   Γöé       <span class=sf-dump-str title="15155 characters">                    &lt;input type=&quot;number&quot; step=&quot;0.1&quot; name=&quot;surface&quot; required placeholder=&quot;Ex: 5000&quot; value=&quot;{{ ferme_edit|default(null) ? ferme_edit.surface : &#039;&#039; }}&quot; <span class="sf-dump-default sf-dump-ns">\r\n</span></span>
   Γöé       <span class=sf-dump-str title="15155 characters">                           style=&quot;width: 100%; padding: 12px; border: 1px solid {{ errors.surface is defined ? &#039;#dc2626&#039; : &#039;#e2e8f0&#039; }}; border-radius: 10px; outline-color: #2d7a36;&quot;&gt;<span class="sf-dump-default sf-dump-ns">\r\n</span></span>
   Γöé       <span class=sf-dump-str title="15155 characters">                        &lt;input type=&quot;number&quot; step=&quot;any&quot; name=&quot;latitude&quot; value=&quot;{{ ferme_edit|default(null) ? ferme_edit.latitude : &#039;&#039; }}&quot; style=&quot;width: 100%; padding: 10px; border: 1px solid #e2e8f0; border-radius: 10px;&quot;&gt;<span class="sf-dump-default sf-dump-ns">\r\n</span></span>
   Γöé       <span class=sf-dump-str title="15155 characters">                        &lt;input type=&quot;number&quot; step=&quot;any&quot; name=&quot;longitude&quot; value=&quot;{{ ferme_edit|default(null) ? ferme_edit.longitude : &#039;&#039; }}&quot; style=&quot;width: 100%; padding: 10px; border: 1px solid #e2e8f0; border-radius: 10px;&quot;&gt;<span class="sf-dump-default sf-dump-ns">\r\n</span></span>
   Γöé       <span class=sf-dump-str title="15155 characters">                    {{ ferme_edit|default(null) ? &#039;Mettre &#224; jour la ferme&#039; : &#039;Enregistrer la ferme&#039; }}<span class="sf-dump-default sf-dump-ns">\r\n</span></span>
   Γöé       <span class=sf-dump-str title="15155 characters">                                &lt;form method=&quot;post&quot; action=&quot;{{ path(&#039;app_ferme_delete&#039;, {&#039;id_ferme&#039;: ferme.idFerme}) }}&quot; onsubmit=&quot;return confirm(&#039;&#202;tes-vous s&#251;r ?&#039;);&quot;&gt;<span class="sf-dump-default sf-dump-ns">\r\n</span></span>
   Γöé <li><code>&nbsp;&nbsp;&nbsp;&nbsp;&nbsp;&nbsp;&nbsp;&nbsp;&nbsp;&nbsp;&nbsp;&nbsp;&nbsp;&nbsp;&nbsp;&nbsp;&nbsp;&nbsp;&nbsp;&nbsp;&nbsp;&nbsp;&nbsp;&nbsp;&nbsp;&nbsp;&nbsp;&nbsp;&nbsp;&nbsp;&nbsp;&nbsp;&lt;form&nbsp;method="post"&nbsp;action="{{&nbsp;path('app_ferme_delete',&nbsp;{'id_ferme':&nbsp;ferme.idFerme})&nbsp;}}"&nbsp;onsubmit="return&nbsp;confirm('├ètes-vous&nbsp;s├╗r&nbsp;?');"&gt;</code></li>
   Γöé <li><code><span style="color: var(--highlight-keyword)">&nbsp;&nbsp;&nbsp;&nbsp;private&nbsp;function&nbsp;</span><span style="color: var(--highlight-default)">doRender</span><span style="color: var(--highlight-keyword)">(</span><span style="color: var(--highlight-default)">string&nbsp;$view</span><span style="color: var(--highlight-keyword)">,&nbsp;?</span><span style="color: var(--highlight-default)">string&nbsp;$block</span><span style="color: var(--highlight-keyword)">,&nbsp;array&nbsp;</span><span style="color: var(--highlight-default)">$parameters</span><span style="color: var(--highlight-keyword)">,&nbsp;?</span><span style="color: var(--highlight-default)">Response&nbsp;$response</span><span style="color: var(--highlight-keyword)">,&nbsp;</span><span style="color: var(--highlight-default)">string&nbsp;$method</span><span style="color: var(--highlight-keyword)">):&nbsp;</span><span style="color: var(--highlight-default)">Response</span></code></li>
   Γöé <li><code><span style="color: var(--highlight-keyword)">&nbsp;&nbsp;&nbsp;&nbsp;private&nbsp;function&nbsp;</span><span style="color: var(--highlight-default)">doRender</span><span style="color: var(--highlight-keyword)">(</span><span style="color: var(--highlight-default)">string&nbsp;$view</span><span style="color: var(--highlight-keyword)">,&nbsp;?</span><span style="color: var(--highlight-default)">string&nbsp;$block</span><span style="color: var(--highlight-keyword)">,&nbsp;array&nbsp;</span><span style="color: var(--highlight-default)">$parameters</span><span style="color: var(--highlight-keyword)">,&nbsp;?</span><span style="color: var(--highlight-default)">Response&nbsp;$response</span><span style="color: var(--highlight-keyword)">,&nbsp;</span><span style="color: var(--highlight-default)">string&nbsp;$method</span><span style="color: var(--highlight-keyword)">):&nbsp;</span><span style="color: var(--highlight-default)">Response</span></code></li>
   Γöé <li><code><span style="color: var(--highlight-keyword)">&nbsp;&nbsp;&nbsp;&nbsp;&nbsp;&nbsp;&nbsp;&nbsp;</span><span style="color: var(--highlight-default)">$response&nbsp;</span><span style="color: var(--highlight-keyword)">??=&nbsp;new&nbsp;</span><span style="color: var(--highlight-default)">Response</span><span style="color: var(--highlight-keyword)">();</span></code></li>
   Γöé <li><code><span style="color: var(--highlight-comment)">&nbsp;&nbsp;&nbsp;&nbsp;</span><span style="color: var(--highlight-keyword)">protected&nbsp;function&nbsp;</span><span style="color: var(--highlight-default)">render</span><span style="color: var(--highlight-keyword)">(</span><span style="color: var(--highlight-default)">string&nbsp;$view</span><span style="color: var(--highlight-keyword)">,&nbsp;array&nbsp;</span><span style="color: var(--highlight-default)">$parameters&nbsp;</span><span style="color: var(--highlight-keyword)">=&nbsp;[],&nbsp;?</span><span style="color: var(--highlight-default)">Response&nbsp;$response&nbsp;</span><span style="color: var(--highlight-keyword)">=&nbsp;</span><span style="color: var(--highlight-default)">null</span><span style="color: var(--highlight-keyword)">):&nbsp;</span><span style="color: var(--highlight-default)">Response</span></code></li>
   Γöé <li><code><span style="color: var(--highlight-keyword)">&nbsp;&nbsp;&nbsp;&nbsp;&nbsp;&nbsp;&nbsp;&nbsp;&nbsp;&nbsp;&nbsp;&nbsp;?&nbsp;</span><span style="color: var(--highlight-default)">$fermeRepository</span><span style="color: var(--highlight-keyword)">-&gt;</span><span style="color: var(--highlight-default)">findBySearchAndSort</span><span style="color: var(--highlight-keyword)">(</span><span style="color: var(--highlight-default)">$search</span><span style="color: var(--highlight-keyword)">,&nbsp;</span><span style="color: var(--highlight-default)">$sort</span><span style="color: var(--highlight-keyword)">,&nbsp;</span><span style="color: var(--highlight-default)">$direction</span><span style="color: var(--highlight-keyword)">)
   Γöé <li><code><span style="color: var(--highlight-keyword)">&nbsp;&nbsp;&nbsp;&nbsp;&nbsp;&nbsp;&nbsp;&nbsp;&nbsp;&nbsp;&nbsp;&nbsp;yield&nbsp;</span><span style="color: var(--highlight-string)">"\"&nbsp;onsubmit=\"return&nbsp;confirm('├ètes-vous&nbsp;s├╗r&nbsp;?');\"&gt;</span></code></li>
   Γöé <li><code><span style="color: var(--highlight-keyword)">&nbsp;&nbsp;&nbsp;&nbsp;private&nbsp;function&nbsp;</span><span style="color: var(--highlight-default)">doRender</span><span style="color: var(--highlight-keyword)">(</span><span style="color: var(--highlight-default)">string&nbsp;$view</span><span style="color: var(--highlight-keyword)">,&nbsp;?</span><span style="color: var(--highlight-default)">string&nbsp;$block</span><span style="color: var(--highlight-keyword)">,&nbsp;array&nbsp;</span><span style="color: var(--highlight-default)">$parameters</span><span style="color: var(--highlight-keyword)">,&nbsp;?</span><span style="color: var(--highlight-default)">Response&nbsp;$response</span><span style="color: var(--highlight-keyword)">,&nbsp;</span><span style="color: var(--highlight-default)">string&nbsp;$method</span><span style="color: var(--highlight-keyword)">):&nbsp;</span><span style="color: var(--highlight-default)">Response</span></code></li>
   Γöé <li><code><span style="color: var(--highlight-keyword)">&nbsp;&nbsp;&nbsp;&nbsp;private&nbsp;function&nbsp;</span><span style="color: var(--highlight-default)">doRender</span><span style="color: var(--highlight-keyword)">(</span><span style="color: var(--highlight-default)">string&nbsp;$view</span><span style="color: var(--highlight-keyword)">,&nbsp;?</span><span style="color: var(--highlight-default)">string&nbsp;$block</span><span style="color: var(--highlight-keyword)">,&nbsp;array&nbsp;</span><span style="color: var(--highlight-default)">$parameters</span><span style="color: var(--highlight-keyword)">,&nbsp;?</span><span style="color: var(--highlight-default)">Response&nbsp;$response</span><span style="color: var(--highlight-keyword)">,&nbsp;</span><span style="color: var(--highlight-default)">string&nbsp;$method</span><span style="color: var(--highlight-keyword)">):&nbsp;</span><span style="color: var(--highlight-default)">Response</span></code></li>
   Γöé <li><code><span style="color: var(--highlight-keyword)">&nbsp;&nbsp;&nbsp;&nbsp;&nbsp;&nbsp;&nbsp;&nbsp;</span><span style="color: var(--highlight-default)">$response&nbsp;</span><span style="color: var(--highlight-keyword)">??=&nbsp;new&nbsp;</span><span style="color: var(--highlight-default)">Response</span><span style="color: var(--highlight-keyword)">();</span></code></li>
   Γöé <li><code><span style="color: var(--highlight-comment)">&nbsp;&nbsp;&nbsp;&nbsp;</span><span style="color: var(--highlight-keyword)">protected&nbsp;function&nbsp;</span><span style="color: var(--highlight-default)">render</span><span style="color: var(--highlight-keyword)">(</span><span style="color: var(--highlight-default)">string&nbsp;$view</span><span style="color: var(--highlight-keyword)">,&nbsp;array&nbsp;</span><span style="color: var(--highlight-default)">$parameters&nbsp;</span><span style="color: var(--highlight-keyword)">=&nbsp;[],&nbsp;?</span><span style="color: var(--highlight-default)">Response&nbsp;$response&nbsp;</span><span style="color: var(--highlight-keyword)">=&nbsp;</span><span style="color: var(--highlight-default)">null</span><span style="color: var(--highlight-keyword)">):&nbsp;</span><span style="color: var(--highlight-default)">Response</span></code></li>
   Γöé <li><code><span style="color: var(--highlight-keyword)">&nbsp;&nbsp;&nbsp;&nbsp;&nbsp;&nbsp;&nbsp;&nbsp;&nbsp;&nbsp;&nbsp;&nbsp;?&nbsp;</span><span style="color: var(--highlight-default)">$fermeRepository</span><span style="color: var(--highlight-keyword)">-&gt;</span><span style="color: var(--highlight-default)">findBySearchAndSort</span><span style="color: var(--highlight-keyword)">(</span><span style="color: var(--highlight-default)">$search</span><span style="color: var(--highlight-keyword)">,&nbsp;</span><span style="color: var(--highlight-default)">$sort</span><span style="color: var(--highlight-keyword)">,&nbsp;</span><span style="color: var(--highlight-default)">$direction</span><span style="color: var(--highlight-keyword)">)
   Γöé         var toggleClass = function(el, cssClass) { hasClass(el, cssClass) ? removeClass(el, cssClass) : addClass(el, cssClass); };
   Γöé                 toggle.innerHTML = currentContent !== altContent ? altContent : originalContent;
   Γöé                     label = i in labels ? labels[i] : value,
   Γöé                 option.setAttribute('title', 1 === (matches = filters.querySelectorAll('[data-filter-'+name+'="'+value+'"]').length) ? 'Matches 1 row' : 'Matches '+matches+' rows');
   Γöé                 localStorage.getItem('symfony/profiler/theme') || (matchMedia('(prefers-color-scheme: dark)').matches ? 'theme-dark' : 'theme-light')
   Γöé                         <script> Sfdump = window.Sfdump || (function (doc) { doc.documentElement.classList.add('sf-js-enabled'); var rxEsc = /([.*+?^${}()|\[\]\/\\])/g, idRx = /\bsf-dump-\d+-ref[012]\w+\b/, keyHint = 0 <= navigator.platform.toUpperCase().indexOf('MAC') ? 'Cmd' : 'Ctrl', addEventListener = function (e, n, cb) { e.addEventListener(n, cb, false); }; if (!doc.addEventListener) { addEventListener = function (element, eventName, callback) { element.attachEvent('on' + eventName, function (e) { e.preventDefault = function () {e.returnValue = false;}; e.target = e.srcElement; callback(e); }); }; } function toggle(a, recursive) { var s = a.nextSibling || {}, oldClass = s.className, arrow, newClass; if (/\bsf-dump-compact\b/.test(oldClass)) { arrow = '&#9660;'; newClass = 'sf-dump-expanded'; } else if (/\bsf-dump-expanded\b/.test(oldClass)) { arrow = '&#9654;'; newClass = 'sf-dump-compact'; } else { return false; } if (doc.createEvent && s.dispatchEvent) { var event = doc.createEvent('Event'); event.initEvent('sf-dump-expanded' === newClass ? 'sfbeforedumpexpand' : 'sfbeforedumpcollapse', true, false); s.dispatchEvent(event); } a.lastChild.innerHTML = arrow; s.className = s.className.replace(/\bsf-dump-(compact|expanded)\b/, newClass); if (recursive) { try { a = s.querySelectorAll('.'+oldClass); for (s = 0; s < a.length; ++s) { if (-1 == a[s].className.indexOf(newClass)) { a[s].className = newClass; a[s].previousSibling.lastChild.innerHTML = arrow; } } } catch (e) { } } return true; }; function collapse(a, recursive) { var s = a.nextSibling || {}, oldClass = s.className; if (/\bsf-dump-expanded\b/.test(oldClass)) { toggle(a, recursive); return true; } return false; }; function expand(a, recursive) { var s = a.nextSibling || {}, oldClass = s.className; if (/\bsf-dump-compact\b/.test(oldClass)) { toggle(a, recursive); return true; } return false; }; function collapseAll(root) { var a = root.querySelector('a.sf-dump-toggle'); if (a) { collapse(a, true); expand(a); return true; } return false; } function reveal(node) { var previous, parents = []; while ((node = node.parentNode || {}) && (previous = node.previousSibling) && 'A' === previous.tagName) { parents.push(previous); } if (0 !== parents.length) { parents.forEach(function (parent) { expand(parent); }); return true; } return false; } function highlight(root, activeNode, nodes) { resetHighlightedNodes(root); Array.from(nodes||[]).forEach(function (node) { if (!/\bsf-dump-highlight\b/.test(node.className)) { node.className = node.className + ' sf-dump-highlight'; } }); if (!/\bsf-dump-highlight-active\b/.test(activeNode.className)) { activeNode.className = activeNode.className + ' sf-dump-highlight-active'; } } function resetHighlightedNodes(root) { Array.from(root.querySelectorAll('.sf-dump-str, .sf-dump-key, .sf-dump-public, .sf-dump-protected, .sf-dump-private')).forEach(function (strNode) { strNode.className = strNode.className.replace(/\bsf-dump-highlight\b/, ''); strNode.className = strNode.className.replace(/\bsf-dump-highlight-active\b/, ''); }); } return function (root, x) { root = doc.getElementById(root); var indentRx = new RegExp('^('+(root.getAttribute('data-indent-pad') || ' ').replace(rxEsc, '\\$1')+')+', 'm'), options = {"maxDepth":1,"maxStringLength":160,"fileLinkFormat":false}, elt = root.getElementsByTagName('A'), len = elt.length, i = 0, s, h, t = []; while (i < len) t.push(elt[i++]); for (i in x) { options[i] = x[i]; } function a(e, f) { addEventListener(root, e, function (e, n) { if ('A' == e.target.tagName) { f(e.target, e); } else if ('A' == e.target.parentNode.tagName) { f(e.target.parentNode, e); } else { n = /\bsf-dump-ellipsis\b/.test(e.target.className) ? e.target.parentNode : e.target; if ((n = n.nextElementSibling) && 'A' == n.tagName) { if (!/\bsf-dump-toggle\b/.test(n.className)) { n = n.nextElementSibling || n; } f(n, e, true); } } }); }; function isCtrlKey(e) { return e.ctrlKey || e.metaKey; } function xpathString(str) { var parts = str.match(/[^'"]+|['"]/g).map(function (part) { if ("'" == part) { return '"\'"'; } if ('"' == part) { return "'\"'"; } return "'" + part + "'"; }); return "concat(" + parts.join(",") + ", '')"; } function xpathHasClass(className) { return "contains(concat(' ', normalize-space(@class), ' '), ' " + className +" ')"; } a('mouseover', function (a, e, c) { if (c) { e.target.style.cursor = "pointer"; } }); a('click', function (a, e, c) { if (/\bsf-dump-toggle\b/.test(a.className)) { e.preventDefault(); if (!toggle(a, isCtrlKey(e))) { var r = doc.getElementById(a.getAttribute('href').slice(1)), s = r.previousSibling, f = r.parentNode, t = a.parentNode; t.replaceChild(r, a); f.replaceChild(a, s); t.insertBefore(s, r); f = f.firstChild.nodeValue.match(indentRx); t = t.firstChild.nodeValue.match(indentRx); if (f && t && f[0] !== t[0]) { r.innerHTML = r.innerHTML.replace(new RegExp('^'+f[0].replace(rxEsc, '\\$1'), 'mg'), t[0]); } if (/\bsf-dump-compact\b/.test(r.className)) { toggle(s, isCtrlKey(e)); } } if (c) { } else if (doc.getSelection) { try { doc.getSelection().removeAllRanges(); } catch (e) { doc.getSelection().empty(); } } else { doc.selection.empty(); } } else if (/\bsf-dump-str-toggle\b/.test(a.className)) { e.preventDefault(); e = a.parentNode.parentNode; e.className = e.className.replace(/\bsf-dump-str-(expand|collapse)\b/, a.parentNode.className); } }); elt = root.getElementsByTagName('SAMP'); len = elt.length; i = 0; while (i < len) t.push(elt[i++]); len = t.length; for (i = 0; i < len; ++i) { elt = t[i]; if ('SAMP' == elt.tagName) { a = elt.previousSibling || {}; if ('A' != a.tagName) { a = doc.createElement('A'); a.className = 'sf-dump-ref'; elt.parentNode.insertBefore(a, elt); } else { a.innerHTML += ' '; } a.title = (a.title ? a.title+'\n[' : '[')+keyHint+'+click] Expand all children'; a.innerHTML += elt.className == 'sf-dump-compact' ? '<span>&#9654;</span>' : '<span>&#9660;</span>'; a.className += ' sf-dump-toggle'; x = 1; if ('sf-dump' != elt.parentNode.className) { x += elt.parentNode.getAttribute('data-depth')/1; } } else if (/\bsf-dump-ref\b/.test(elt.className) && (a = elt.getAttribute('href'))) { a = a.slice(1); elt.className += ' sf-dump-hover'; elt.className += ' '+a; if (/[\[{]$/.test(elt.previousSibling.nodeValue)) { a = a != elt.nextSibling.id && doc.getElementById(a); try { s = a.nextSibling; elt.appendChild(a); s.parentNode.insertBefore(a, s); if (/^[@#]/.test(elt.innerHTML)) { elt.innerHTML += ' <span>&#9654;</span>'; } else { elt.innerHTML = '<span>&#9654;</span>'; elt.className = 'sf-dump-ref'; } elt.className += ' sf-dump-toggle'; } catch (e) { if ('&' == elt.innerHTML.charAt(0)) { elt.innerHTML = '&#8230;'; elt.className = 'sf-dump-ref'; } } } } } if (doc.evaluate && Array.from && root.children.length > 1) { root.setAttribute('tabindex', 0); SearchState = function () { this.nodes = []; this.idx = 0; }; SearchState.prototype = { next: function () { if (this.isEmpty()) { return this.current(); } this.idx = this.idx < (this.nodes.length - 1) ? this.idx + 1 : 0; return this.current(); }, previous: function () { if (this.isEmpty()) { return this.current(); } this.idx = this.idx > 0 ? this.idx - 1 : (this.nodes.length - 1); return this.current(); }, isEmpty: function () { return 0 === this.count(); }, current: function () { if (this.isEmpty()) { return null; } return this.nodes[this.idx]; }, reset: function () { this.nodes = []; this.idx = 0; }, count: function () { return this.nodes.length; }, }; function showCurrent(state) { var currentNode = state.current(), currentRect, searchRect; if (currentNode) { reveal(currentNode); highlight(root, currentNode, state.nodes); if ('scrollIntoView' in currentNode) { currentNode.scrollIntoView(true); currentRect = currentNode.getBoundingClientRect(); searchRect = search.getBoundingClientRect(); if (currentRect.top < (searchRect.top + searchRect.height)) { window.scrollBy(0, -(searchRect.top + searchRect.height + 5)); } } } counter.textContent = (state.isEmpty() ? 0 : state.idx + 1) + ' of ' + state.count(); } var search = doc.createElement('div'); search.className = 'sf-dump-search-wrapper sf-dump-search-hidden'; search.innerHTML = ' <input type="text" class="sf-dump-search-input"> <span class="sf-dump-search-count">0 of 0<\/span> <button type="button" class="sf-dump-search-input-previous" tabindex="-1"> <svg viewBox="0 0 1792 1792" xmlns="http://www.w3.org/2000/svg"><path d="M1683 1331l-166 165q-19 19-45 19t-45-19L896 965l-531 531q-19 19-45 19t-45-19l-166-165q-19-19-19-45.5t19-45.5l742-741q19-19 45-19t45 19l742 741q19 19 19 45.5t-19 45.5z"\/><\/svg> <\/button> <button type="button" class="sf-dump-search-input-next" tabindex="-1"> <svg viewBox="0 0 1792 1792" xmlns="http://www.w3.org/2000/svg"><path d="M1683 808l-742 741q-19 19-45 19t-45-19L109 808q-19-19-19-45.5t19-45.5l166-165q19-19 45-19t45 19l531 531 531-531q19-19 45-19t45 19l166 165q19 19 19 45.5t-19 45.5z"\/><\/svg> <\/button> '; root.insertBefore(search, root.firstChild); var state = new SearchState(); var searchInput = search.querySelector('.sf-dump-search-input'); var counter = search.querySelector('.sf-dump-search-count'); var searchInputTimer = 0; var previousSearchQuery = ''; addEventListener(searchInput, 'keyup', function (e) { var searchQuery = e.target.value; /* Don't perform anything if the pressed key didn't change the query */ if (searchQuery === previousSearchQuery) { return; } previousSearchQuery = searchQuery; clearTimeout(searchInputTimer); searchInputTimer = setTimeout(function () { state.reset(); collapseAll(root); resetHighlightedNodes(root); if ('' === searchQuery) { counter.textContent = '0 of 0'; return; } var classMatches = [ "sf-dump-str", "sf-dump-key", "sf-dump-public", "sf-dump-protected", "sf-dump-private", ].map(xpathHasClass).join(' or '); var xpathResult = doc.evaluate('.//span[' + classMatches + '][contains(translate(child::text(), ' + xpathString(searchQuery.toUpperCase()) + ', ' + xpathString(searchQuery.toLowerCase()) + '), ' + xpathString(searchQuery.toLowerCase()) + ')]', root, null, XPathResult.ORDERED_NODE_ITERATOR_TYPE, null); while (node = xpathResult.iterateNext()) state.nodes.push(node); showCurrent(state); }, 400); }); Array.from(search.querySelectorAll('.sf-dump-search-input-next, .sf-dump-search-input-previous')).forEach(function (btn) { addEventListener(btn, 'click', function (e) { e.preventDefault(); -1 !== e.target.className.indexOf('next') ? state.next() : state.previous(); searchInput.focus(); collapseAll(root); showCurrent(state); }) }); addEventListener(root, 'keydown', function (e) { var isSearchActive = !/\bsf-dump-search-hidden\b/.test(search.className); if ((114 === e.keyCode && !isSearchActive) || (isCtrlKey(e) && 70 === e.keyCode)) { /* F3 or CMD/CTRL + F */ if (70 === e.keyCode && document.activeElement === searchInput) { /* * If CMD/CTRL + F is hit while having focus on search input, * the user probably meant to trigger browser search instead. * Let the browser execute its behavior: */ return; } e.preventDefault(); search.className = search.className.replace(/\bsf-dump-search-hidden\b/, ''); searchInput.focus(); } else if (isSearchActive) { if (27 === e.keyCode) { /* ESC key */ search.className += ' sf-dump-search-hidden'; e.preventDefault(); resetHighlightedNodes(root); searchInput.value = ''; } else if ( (isCtrlKey(e) && 71 === e.keyCode) /* CMD/CTRL + G */ || 13 === e.keyCode /* Enter */ || 114 === e.keyCode /* F3 */ ) { e.preventDefault(); e.shiftKey ? state.previous() : state.next(); collapseAll(root); showCurrent(state); } } }); } if (0 >= options.maxStringLength) { return; } try { elt = root.querySelectorAll('.sf-dump-str'); len = elt.length; i = 0; t = []; while (i < len) t.push(elt[i++]); len = t.length; for (i = 0; i < len; ++i) { elt = t[i]; s = elt.innerText || elt.textContent; x = s.length - options.maxStringLength; if (0 < x) { h = elt.innerHTML; elt[elt.innerText ? 'innerText' : 'textContent'] = s.substring(0, options.maxStringLength); elt.className += ' sf-dump-str-collapse'; elt.innerHTML = '<span class=sf-dump-str-collapse>'+h+'<a class="sf-dump-ref sf-dump-str-toggle" title="Collapse"> &#9664;</a></span>'+ '<span class=sf-dump-str-expand>'+elt.innerHTML+'<a class="sf-dump-ref sf-dump-str-toggle" title="'+x+' remaining characters"> &#9654;</a></span>'; } } } catch (e) { } }; })(document); </script><style> .sf-js-enabled pre.sf-dump .sf-dump-compact, .sf-js-enabled .sf-dump-str-collapse .sf-dump-str-collapse, .sf-js-enabled .sf-dump-str-expand .sf-dump-str-expand { display: none; } .sf-dump-hover:hover { background-color: #B729D9; color: #FFF !important; border-radius: 2px; } pre.sf-dump { display: block; white-space: pre; padding: 5px; overflow: initial !important; } pre.sf-dump:after { content: ""; visibility: hidden; display: block; height: 0; clear: both; } pre.sf-dump .sf-dump-ellipsization { display: inline-flex; } pre.sf-dump a { text-decoration: none; cursor: pointer; border: 0; outline: none; color: inherit; } pre.sf-dump img { max-width: 50em; max-height: 50em; margin: .5em 0 0 0; padding: 0; background: url(data:image/png;base64,iVBORw0KGgoAAAANSUhEUgAAABAAAAAQCAAAAAA6mKC9AAAAHUlEQVQY02O8zAABilCaiQEN0EeA8QuUcX9g3QEAAjcC5piyhyEAAAAASUVORK5CYII=) #D3D3D3; } pre.sf-dump .sf-dump-ellipsis { text-overflow: ellipsis; white-space: nowrap; overflow: hidden; } pre.sf-dump .sf-dump-ellipsis-tail { flex-shrink: 0; } pre.sf-dump code { display:inline; padding:0; background:none; } .sf-dump-public.sf-dump-highlight, .sf-dump-protected.sf-dump-highlight, .sf-dump-private.sf-dump-highlight, .sf-dump-str.sf-dump-highlight, .sf-dump-key.sf-dump-highlight { background: rgba(111, 172, 204, 0.3); border: 1px solid #7DA0B1; border-radius: 3px; } .sf-dump-public.sf-dump-highlight-active, .sf-dump-protected.sf-dump-highlight-active, .sf-dump-private.sf-dump-highlight-active, .sf-dump-str.sf-dump-highlight-active, .sf-dump-key.sf-dump-highlight-active { background: rgba(253, 175, 0, 0.4); border: 1px solid #ffa500; border-radius: 3px; } pre.sf-dump .sf-dump-search-hidden { display: none !important; } pre.sf-dump .sf-dump-search-wrapper { font-size: 0; white-space: nowrap; margin-bottom: 5px; display: flex; position: -webkit-sticky; position: sticky; top: 5px; } pre.sf-dump .sf-dump-search-wrapper > * { vertical-align: top; box-sizing: border-box; height: 21px; font-weight: normal; border-radius: 0; background: #FFF; color: #757575; border: 1px solid #BBB; } pre.sf-dump .sf-dump-search-wrapper > input.sf-dump-search-input { padding: 3px; height: 21px; font-size: 12px; border-right: none; border-top-left-radius: 3px; border-bottom-left-radius: 3px; color: #000; min-width: 15px; width: 100%; } pre.sf-dump .sf-dump-search-wrapper > .sf-dump-search-input-next, pre.sf-dump .sf-dump-search-wrapper > .sf-dump-search-input-previous { background: #F2F2F2; outline: none; border-left: none; font-size: 0; line-height: 0; } pre.sf-dump .sf-dump-search-wrapper > .sf-dump-search-input-next { border-top-right-radius: 3px; border-bottom-right-radius: 3px; } pre.sf-dump .sf-dump-search-wrapper > .sf-dump-search-input-next > svg, pre.sf-dump .sf-dump-search-wrapper > .sf-dump-search-input-previous > svg { pointer-events: none; width: 12px; height: 12px; } pre.sf-dump .sf-dump-search-wrapper > .sf-dump-search-count { display: inline-block; padding: 0 5px; margin: 0; border-left: none; line-height: 21px; font-size: 12px; }pre.sf-dump, pre.sf-dump .sf-dump-default{background:none; color:#CC7832; line-height:1.2em; font:12px Menlo, Monaco, Consolas, monospace; word-wrap: break-word; white-space: pre-wrap; position:relative; z-index:99999; word-break: break-all}pre.sf-dump .sf-dump-num{font-weight:bold; color:#1299DA}pre.sf-dump .sf-dump-const{font-weight:bold}pre.sf-dump .sf-dump-str{font-weight:bold; color:#629755;}pre.sf-dump .sf-dump-note{color:#6897BB}pre.sf-dump .sf-dump-ref{color:#6E6E6E}pre.sf-dump .sf-dump-public{color:#262626}pre.sf-dump .sf-dump-protected{color:#262626}pre.sf-dump .sf-dump-private{color:#262626}pre.sf-dump .sf-dump-meta{color:#B729D9}pre.sf-dump .sf-dump-key{color:#789339}pre.sf-dump .sf-dump-index{color:#1299DA}pre.sf-dump .sf-dump-ellipsis{color:#CC7832}pre.sf-dump .sf-dump-ns{user-select:none;}pre.sf-dump .sf-dump-ellipsis-note{color:#6897BB}</style><pre class=sf-dump id=sf-dump-61050673 data-indent-pad="  "><span class=sf-dump-note>Twig\Error\RuntimeError</span> {<a class=sf-dump-ref>#9914</a><samp data-depth=1 class=sf-dump-expanded>
   Γöé <li class="selected"><code><span style="color: var(--highlight-comment)">&nbsp;&nbsp;&nbsp;&nbsp;&nbsp;&nbsp;&nbsp;&nbsp;</span><span style="color: var(--highlight-keyword)">if&nbsp;(((</span><span style="color: var(--highlight-default)">$tmp&nbsp;</span><span style="color: var(--highlight-keyword)">=&nbsp;</span><span style="color: var(--highlight-default)">CoreExtension</span><span style="color: var(--highlight-keyword)">::</span><span style="color: var(--highlight-default)">getAttribute</span><span style="color: var(--highlight-keyword)">(</span><span style="color: var(--highlight-default)">$this</span><span style="color: var(--highlight-keyword)">-&gt;</span><span style="color: var(--highlight-default)">env</span><span style="color: var(--highlight-keyword)">,&nbsp;</span><span style="color: var(--highlight-default)">$this</span><span style="color: var(--highlight-keyword)">-&gt;</span><span style="color: var(--highlight-default)">source</span><span style="color: var(--highlight-keyword)">,&nbsp;(isset(</span><span style="color: var(--highlight-default)">$context</span><span style="color: var(--highlight-keyword)">[</span><span style="color: var(--highlight-string)">"user"</span><span style="color: var(--highlight-keyword)">])&nbsp;||&nbsp;</span><span style="color: var(--highlight-default)">array_key_exists</span><span style="color: var(--highlight-keyword)">(</span><span style="color: var(--highlight-string)">"user"</span><span style="color: var(--highlight-keyword)">,&nbsp;</span><span style="color: var(--highlight-default)">$context</span><span style="color: var(--highlight-keyword)">)&nbsp;?&nbsp;</span><span style="color: var(--highlight-default)">$context</span><span style="color: var(--highlight-keyword)">[</span><span style="color: var(--highlight-string)">"user"</span><span style="color: var(--highlight-keyword)">]&nbsp;:&nbsp;(function&nbsp;()&nbsp;{&nbsp;throw&nbsp;new&nbsp;</span><span style="color: var(--highlight-default)">RuntimeError</span><span style="color: var(--highlight-keyword)">(</span><span style="color: var(--highlight-string)">'Variable&nbsp;"user"&nbsp;does&nbsp;not&nbsp;exist.'</span><span style="color: var(--highlight-keyword)">,&nbsp;</span><span style="color: var(--highlight-default)">20</span><span style="color: var(--highlight-keyword)">,&nbsp;</span><span style="color: var(--highlight-default)">$this</span><span style="color: var(--highlight-keyword)">-&gt;</span><span style="color: var(--highlight-default)">source</span><span style="color: var(--highlight-keyword)">);&nbsp;})()),&nbsp;</span><span style="color: var(--highlight-string)">"imageUrl"</span><span style="color: var(--highlight-keyword)">,&nbsp;[],&nbsp;</span><span style="color: var(--highlight-string)">"any"</span><span style="color: var(--highlight-keyword)">,&nbsp;</span><span style="color: var(--highlight-default)">false</span><span style="color: var(--highlight-keyword)">,&nbsp;</span><span style="color: var(--highlight-default)">false</span><span style="color: var(--highlight-keyword)">,&nbsp;</span><span style="color: var(--highlight-default)">false</span><span style="color: var(--highlight-keyword)">,&nbsp;</span><span style="color: var(--highlight-default)">20</span><span style="color: var(--highlight-keyword)">))&nbsp;&amp;&amp;&nbsp;</span><span style="color: var(--highlight-default)">$tmp&nbsp;</span><span style="color: var(--highlight-keyword)">instanceof&nbsp;</span><span style="color: var(--highlight-default)">Markup&nbsp;</span><span style="color: var(--highlight-keyword)">?&nbsp;(string)&nbsp;</span><span style="color: var(--highlight-default)">$tmp&nbsp;</span><span style="color: var(--highlight-keyword)">:&nbsp;</span><span style="color: var(--highlight-default)">$tmp</span><span style="color: var(--highlight-keyword)">))&nbsp;{</span></code></li>
   Γöé <li><code><span style="color: var(--highlight-keyword)">&nbsp;&nbsp;&nbsp;&nbsp;&nbsp;&nbsp;&nbsp;&nbsp;&nbsp;&nbsp;&nbsp;&nbsp;yield&nbsp;</span><span style="color: var(--highlight-default)">$this</span><span style="color: var(--highlight-keyword)">-&gt;</span><span style="color: var(--highlight-default)">env</span><span style="color: var(--highlight-keyword)">-&gt;</span><span style="color: var(--highlight-default)">getRuntime</span><span style="color: var(--highlight-keyword)">(</span><span style="color: var(--highlight-string)">'Twig\Runtime\EscaperRuntime'</span><span style="color: var(--highlight-keyword)">)-&gt;</span><span style="color: var(--highlight-default)">escape</span><span style="color: var(--highlight-keyword)">(</span><span style="color: var(--highlight-default)">$this</span><span style="color: var(--highlight-keyword)">-&gt;</span><span style="color: var(--highlight-default)">extensions</span><span style="color: var(--highlight-keyword)">[</span><span style="color: var(--highlight-string)">'Symfony\Bridge\Twig\Extension\AssetExtension'</span><span style="color: var(--highlight-keyword)">]-&gt;</span><span style="color: var(--highlight-default)">getAssetUrl</span><span style="color: var(--highlight-keyword)">(</span><span style="color: var(--highlight-default)">CoreExtension</span><span style="color: var(--highlight-keyword)">::</span><span style="color: var(--highlight-default)">getAttribute</span><span style="color: var(--highlight-keyword)">(</span><span style="color: var(--highlight-default)">$this</span><span style="color: var(--highlight-keyword)">-&gt;</span><span style="color: var(--highlight-default)">env</span><span style="color: var(--highlight-keyword)">,&nbsp;</span><span style="color: var(--highlight-default)">$this</span><span style="color: var(--highlight-keyword)">-&gt;</span><span style="color: var(--highlight-default)">source</span><span style="color: var(--highlight-keyword)">,&nbsp;(isset(</span><span style="color: var(--highlight-default)">$context</span><span style="color: var(--highlight-keyword)">[</span><span style="color: var(--highlight-string)">"user"</span><span style="color: var(--highlight-keyword)">])&nbsp;||&nbsp;</span><span style="color: var(--highlight-default)">array_key_exists</span><span style="color: var(--highlight-keyword)">(</span><span style="color: var(--highlight-string)">"user"</span><span style="color: var(--highlight-keyword)">,&nbsp;</span><span style="color: var(--highlight-default)">$context</span><span style="color: var(--highlight-keyword)">)&nbsp;?&nbsp;</span><span style="color: var(--highlight-default)">$context</span><span style="color: var(--highlight-keyword)">[</span><span style="color: var(--highlight-string)">"user"</span><span style="color: var(--highlight-keyword)">]&nbsp;:&nbsp;(function&nbsp;()&nbsp;{&nbsp;throw&nbsp;new&nbsp;</span><span style="color: var(--highlight-default)">RuntimeError</span><span style="color: var(--highlight-keyword)">(</span><span style="color: var(--highlight-string)">'Variable&nbsp;"user"&nbsp;does&nbsp;not&nbsp;exist.'</span><span style="color: var(--highlight-keyword)">,&nbsp;</span><span style="color: var(--highlight-default)">21</span><span style="color: var(--highlight-keyword)">,&nbsp;</span><span style="color: var(--highlight-default)">$this</span><span style="color: var(--highlight-keyword)">-&gt;</span><span style="color: var(--highlight-default)">source</span><span style="color: var(--highlight-keyword)">);&nbsp;})()),&nbsp;</span><span style="color: var(--highlight-string)">"imageUrl"</span><span style="color: var(--highlight-keyword)">,&nbsp;[],&nbsp;</span><span style="color: var(--highlight-string)">"any"</span><span style="color: var(--highlight-keyword)">,&nbsp;</span><span style="color: var(--highlight-default)">false</span><span style="color: var(--highlight-keyword)">,&nbsp;</span><span style="color: var(--highlight-default)">false</span><span style="color: var(--highlight-keyword)">,&nbsp;</span><span style="color: var(--highlight-default)">false</span><span style="color: var(--highlight-keyword)">,&nbsp;</span><span style="color: var(--highlight-default)">21</span><span style="color: var(--highlight-keyword)">)),&nbsp;</span><span style="color: var(--highlight-string)">"html"</span><span style="color: var(--highlight-keyword)">,&nbsp;</span><span style="color: var(--highlight-default)">null</span><span style="color: var(--highlight-keyword)">,&nbsp;</span><span style="color: var(--highlight-default)">true</span><span style="color: var(--highlight-keyword)">);</span></code></li>
   Γöé <li><code><span style="color: var(--highlight-keyword)">&nbsp;&nbsp;&nbsp;&nbsp;&nbsp;&nbsp;&nbsp;&nbsp;&nbsp;&nbsp;&nbsp;&nbsp;yield&nbsp;</span><span style="color: var(--highlight-default)">$this</span><span style="color: var(--highlight-keyword)">-&gt;</span><span style="color: var(--highlight-default)">env</span><span style="color: var(--highlight-keyword)">-&gt;</span><span style="color: var(--highlight-default)">getRuntime</span><span style="color: var(--highlight-keyword)">(</span><span style="color: var(--highlight-string)">'Twig\Runtime\EscaperRuntime'</span><span style="color: var(--highlight-keyword)">)-&gt;</span><span style="color: var(--highlight-default)">escape</span><span style="color: var(--highlight-keyword)">(((</span><span style="color: var(--highlight-default)">array_key_exists</span><span style="color: var(--highlight-keyword)">(</span><span style="color: var(--highlight-string)">"customClass"</span><span style="color: var(--highlight-keyword)">,&nbsp;</span><span style="color: var(--highlight-default)">$context</span><span style="color: var(--highlight-keyword)">))&nbsp;?&nbsp;(</span><span style="color: var(--highlight-default)">Twig\Extension\CoreExtension</span><span style="color: var(--highlight-keyword)">::default((isset(</span><span style="color: var(--highlight-default)">$context</span><span style="color: var(--highlight-keyword)">[</span><span style="color: var(--highlight-string)">"customClass"</span><span style="color: var(--highlight-keyword)">])&nbsp;||&nbsp;</span><span style="color: var(--highlight-default)">array_key_exists</span><span style="color: var(--highlight-keyword)">(</span><span style="color: var(--highlight-string)">"customClass"</span><span style="color: var(--highlight-keyword)">,&nbsp;</span><span style="color: var(--highlight-default)">$context</span><span style="color: var(--highlight-keyword)">)&nbsp;?&nbsp;</span><span style="color: var(--highlight-default)">$context</span><span style="color: var(--highlight-keyword)">[</span><span style="color: var(--highlight-string)">"customClass"</span><span style="color: var(--highlight-keyword)">]&nbsp;:&nbsp;(function&nbsp;()&nbsp;{&nbsp;throw&nbsp;new&nbsp;</span><span style="color: var(--highlight-default)">RuntimeError</span><span style="color: var(--highlight-keyword)">(</span><span style="color: var(--highlight-string)">'Variable&nbsp;"customClass"&nbsp;does&nbsp;not&nbsp;exist.'</span><span style="color: var(--highlight-keyword)">,&nbsp;</span><span style="color: var(--highlight-default)">21</span><span style="color: var(--highlight-keyword)">,&nbsp;</span><span style="color: var(--highlight-default)">$this</span><span style="color: var(--highlight-keyword)">-&gt;</span><span style="color: var(--highlight-default)">source</span><span style="color: var(--highlight-keyword)">);&nbsp;})()),&nbsp;</span><span style="color: var(--highlight-string)">""</span><span style="color: var(--highlight-keyword)">))&nbsp;:&nbsp;(</span><span style="color: var(--highlight-string)">""</span><span style="color: var(--highlight-keyword)">)),&nbsp;</span><span style="color: var(--highlight-string)">"html"</span><span style="color: var(--highlight-keyword)">,&nbsp;</span><span style="color: var(--highlight-default)">null</span><span style="color: var(--highlight-keyword)">,&nbsp;</span><span style="color: var(--highlight-default)">true</span><span style="color: var(--highlight-keyword)">);</span></code></li></ol>    </div>            </div>
   Γöé <li class="selected"><code><span style="color: var(--highlight-comment)">&nbsp;&nbsp;&nbsp;&nbsp;&nbsp;&nbsp;&nbsp;&nbsp;</span><span style="color: var(--highlight-keyword)">yield&nbsp;from&nbsp;</span><span style="color: var(--highlight-default)">$this</span><span style="color: var(--highlight-keyword)">-&gt;</span><span style="color: var(--highlight-default)">load</span><span style="color: var(--highlight-keyword)">(</span><span style="color: var(--highlight-string)">"components/_avatar.html.twig"</span><span style="color: var(--highlight-keyword)">,&nbsp;</span><span style="color: var(--highlight-default)">71</span><span style="color: var(--highlight-keyword)">)-&gt;</span><span style="color: var(--highlight-default)">unwrap</span><span style="color: var(--highlight-keyword)">()-&gt;</span><span style="color: var(--highlight-default)">yield</span><span style="color: var(--highlight-keyword)">(</span><span style="color: var(--highlight-default)">CoreExtension</span><span style="color: var(--highlight-keyword)">::</span><span style="color: var(--highlight-default)">merge</span><span style="color: var(--highlight-keyword)">(</span><span style="color: var(--highlight-default)">$context</span><span style="color: var(--highlight-keyword)">,&nbsp;[</span><span style="color: var(--highlight-string)">"user"&nbsp;</span><span style="color: var(--highlight-keyword)">=&gt;&nbsp;</span><span style="color: var(--highlight-default)">CoreExtension</span><span style="color: var(--highlight-keyword)">::</span><span style="color: var(--highlight-default)">getAttribute</span><span style="color: var(--highlight-keyword)">(</span><span style="color: var(--highlight-default)">$this</span><span style="color: var(--highlight-keyword)">-&gt;</span><span style="color: var(--highlight-default)">env</span><span style="color: var(--highlight-keyword)">,&nbsp;</span><span style="color: var(--highlight-default)">$this</span><span style="color: var(--highlight-keyword)">-&gt;</span><span style="color: var(--highlight-default)">source</span><span style="color: var(--highlight-keyword)">,&nbsp;(isset(</span><span style="color: var(--highlight-default)">$context</span><span style="color: var(--highlight-keyword)">[</span><span style="color: var(--highlight-string)">"app"</span><span style="color: var(--highlight-keyword)">])&nbsp;||&nbsp;</span><span style="color: var(--highlight-default)">array_key_exists</span><span style="color: var(--highlight-keyword)">(</span><span style="color: var(--highlight-string)">"app"</span><span style="color: var(--highlight-keyword)">,&nbsp;</span><span style="color: var(--highlight-default)">$context</span><span style="color: var(--highlight-keyword)">)&nbsp;?&nbsp;</span><span style="color: var(--highlight-default)">$context</span><span style="color: var(--highlight-keyword)">[</span><span style="color: var(--highlight-string)">"app"</span><span style="color: var(--highlight-keyword)">]&nbsp;:&nbsp;(function&nbsp;()&nbsp;{&nbsp;throw&nbsp;new&nbsp;</span><span style="color: var(--highlight-default)">RuntimeError</span><span style="color: var(--highlight-keyword)">(</span><span style="color: var(--highlight-string)">'Variable&nbsp;"app"&nbsp;does&nbsp;not&nbsp;exist.'</span><span style="color: var(--highlight-keyword)">,&nbsp;</span><span style="color: var(--highlight-default)">71</span><span style="color: var(--highlight-keyword)">,&nbsp;</span><span style="color: var(--highlight-default)">$this</span><span style="color: var(--highlight-keyword)">-&gt;</span><span style="color: var(--highlight-default)">source</span><span style="color: var(--highlight-keyword)">);&nbsp;})()),&nbsp;</span><span style="color: var(--highlight-string)">"user"</span><span style="color: var(--highlight-keyword)">,&nbsp;[],&nbsp;</span><span style="color: var(--highlight-string)">"any"</span><span style="color: var(--highlight-keyword)">,&nbsp;</span><span style="color: var(--highlight-default)">false</span><span style="color: var(--highlight-keyword)">,&nbsp;</span><span style="color: var(--highlight-default)">false</span><span style="color: var(--highlight-keyword)">,&nbsp;</span><span style="color: var(--highlight-default)">false</span><span style="color: var(--highlight-keyword)">,&nbsp;</span><span style="color: var(--highlight-default)">71</span><span style="color: var(--highlight-keyword)">),&nbsp;</span><span style="color: var(--highlight-string)">"size"&nbsp;</span><span style="color: var(--highlight-keyword)">=&gt;&nbsp;</span><span style="color: var(--highlight-string)">"100%"</span><span style="color: var(--highlight-keyword)">,&nbsp;</span><span style="color: var(--highlight-string)">"fontSize"&nbsp;</span><span style="color: var(--highlight-keyword)">=&gt;&nbsp;</span><span style="color: var(--highlight-string)">"1.2rem"</span><span style="color: var(--highlight-keyword)">]));</span></code></li>
   Γöé <li><code><span style="color: var(--highlight-keyword)">&nbsp;&nbsp;&nbsp;&nbsp;private&nbsp;function&nbsp;</span><span style="color: var(--highlight-default)">doRender</span><span style="color: var(--highlight-keyword)">(</span><span style="color: var(--highlight-default)">string&nbsp;$view</span><span style="color: var(--highlight-keyword)">,&nbsp;?</span><span style="color: var(--highlight-default)">string&nbsp;$block</span><span style="color: var(--highlight-keyword)">,&nbsp;array&nbsp;</span><span style="color: var(--highlight-default)">$parameters</span><span style="color: var(--highlight-keyword)">,&nbsp;?</span><span style="color: var(--highlight-default)">Response&nbsp;$response</span><span style="color: var(--highlight-keyword)">,&nbsp;</span><span style="color: var(--highlight-default)">string&nbsp;$method</span><span style="color: var(--highlight-keyword)">):&nbsp;</span><span style="color: var(--highlight-default)">Response</span></code></li>
   Γöé <li><code><span style="color: var(--highlight-keyword)">&nbsp;&nbsp;&nbsp;&nbsp;private&nbsp;function&nbsp;</span><span style="color: var(--highlight-default)">doRender</span><span style="color: var(--highlight-keyword)">(</span><span style="color: var(--highlight-default)">string&nbsp;$view</span><span style="color: var(--highlight-keyword)">,&nbsp;?</span><span style="color: var(--highlight-default)">string&nbsp;$block</span><span style="color: var(--highlight-keyword)">,&nbsp;array&nbsp;</span><span style="color: var(--highlight-default)">$parameters</span><span style="color: var(--highlight-keyword)">,&nbsp;?</span><span style="color: var(--highlight-default)">Response&nbsp;$response</span><span style="color: var(--highlight-keyword)">,&nbsp;</span><span style="color: var(--highlight-default)">string&nbsp;$method</span><span style="color: var(--highlight-keyword)">):&nbsp;</span><span style="color: var(--highlight-default)">Response</span></code></li>
   Γöé <li><code><span style="color: var(--highlight-keyword)">&nbsp;&nbsp;&nbsp;&nbsp;&nbsp;&nbsp;&nbsp;&nbsp;</span><span style="color: var(--highlight-default)">$response&nbsp;</span><span style="color: var(--highlight-keyword)">??=&nbsp;new&nbsp;</span><span style="color: var(--highlight-default)">Response</span><span style="color: var(--highlight-keyword)">();</span></code></li>
   Γöé <li><code><span style="color: var(--highlight-comment)">&nbsp;&nbsp;&nbsp;&nbsp;</span><span style="color: var(--highlight-keyword)">protected&nbsp;function&nbsp;</span><span style="color: var(--highlight-default)">render</span><span style="color: var(--highlight-keyword)">(</span><span style="color: var(--highlight-default)">string&nbsp;$view</span><span style="color: var(--highlight-keyword)">,&nbsp;array&nbsp;</span><span style="color: var(--highlight-default)">$parameters&nbsp;</span><span style="color: var(--highlight-keyword)">=&nbsp;[],&nbsp;?</span><span style="color: var(--highlight-default)">Response&nbsp;$response&nbsp;</span><span style="color: var(--highlight-keyword)">=&nbsp;</span><span style="color: var(--highlight-default)">null</span><span style="color: var(--highlight-keyword)">):&nbsp;</span><span style="color: var(--highlight-default)">Response</span></code></li>
   Γöé <li><code><span style="color: var(--highlight-keyword)">&nbsp;&nbsp;&nbsp;&nbsp;&nbsp;&nbsp;&nbsp;&nbsp;&nbsp;&nbsp;&nbsp;&nbsp;?&nbsp;</span><span style="color: var(--highlight-default)">$fermeRepository</span><span style="color: var(--highlight-keyword)">-&gt;</span><span style="color: var(--highlight-default)">findBySearchAndSort</span><span style="color: var(--highlight-keyword)">(</span><span style="color: var(--highlight-default)">$search</span><span style="color: var(--highlight-keyword)">,&nbsp;</span><span style="color: var(--highlight-default)">$sort</span><span style="color: var(--highlight-keyword)">,&nbsp;</span><span style="color: var(--highlight-default)">$direction</span><span style="color: var(--highlight-keyword)">)
   Γöé         var toggleClass = function(el, cssClass) { hasClass(el, cssClass) ? removeClass(el, cssClass) : addClass(el, cssClass); };
   Γöé                 toggle.innerHTML = currentContent !== altContent ? altContent : originalContent;
   Γöé                     label = i in labels ? labels[i] : value,
   Γöé                 option.setAttribute('title', 1 === (matches = filters.querySelectorAll('[data-filter-'+name+'="'+value+'"]').length) ? 'Matches 1 row' : 'Matches '+matches+' rows');
   Γöé                 localStorage.getItem('symfony/profiler/theme') || (matchMedia('(prefers-color-scheme: dark)').matches ? 'theme-dark' : 'theme-light')
   Γöé                         <script> Sfdump = window.Sfdump || (function (doc) { doc.documentElement.classList.add('sf-js-enabled'); var rxEsc = /([.*+?^${}()|\[\]\/\\])/g, idRx = /\bsf-dump-\d+-ref[012]\w+\b/, keyHint = 0 <= navigator.platform.toUpperCase().indexOf('MAC') ? 'Cmd' : 'Ctrl', addEventListener = function (e, n, cb) { e.addEventListener(n, cb, false); }; if (!doc.addEventListener) { addEventListener = function (element, eventName, callback) { element.attachEvent('on' + eventName, function (e) { e.preventDefault = function () {e.returnValue = false;}; e.target = e.srcElement; callback(e); }); }; } function toggle(a, recursive) { var s = a.nextSibling || {}, oldClass = s.className, arrow, newClass; if (/\bsf-dump-compact\b/.test(oldClass)) { arrow = '&#9660;'; newClass = 'sf-dump-expanded'; } else if (/\bsf-dump-expanded\b/.test(oldClass)) { arrow = '&#9654;'; newClass = 'sf-dump-compact'; } else { return false; } if (doc.createEvent && s.dispatchEvent) { var event = doc.createEvent('Event'); event.initEvent('sf-dump-expanded' === newClass ? 'sfbeforedumpexpand' : 'sfbeforedumpcollapse', true, false); s.dispatchEvent(event); } a.lastChild.innerHTML = arrow; s.className = s.className.replace(/\bsf-dump-(compact|expanded)\b/, newClass); if (recursive) { try { a = s.querySelectorAll('.'+oldClass); for (s = 0; s < a.length; ++s) { if (-1 == a[s].className.indexOf(newClass)) { a[s].className = newClass; a[s].previousSibling.lastChild.innerHTML = arrow; } } } catch (e) { } } return true; }; function collapse(a, recursive) { var s = a.nextSibling || {}, oldClass = s.className; if (/\bsf-dump-expanded\b/.test(oldClass)) { toggle(a, recursive); return true; } return false; }; function expand(a, recursive) { var s = a.nextSibling || {}, oldClass = s.className; if (/\bsf-dump-compact\b/.test(oldClass)) { toggle(a, recursive); return true; } return false; }; function collapseAll(root) { var a = root.querySelector('a.sf-dump-toggle'); if (a) { collapse(a, true); expand(a); return true; } return false; } function reveal(node) { var previous, parents = []; while ((node = node.parentNode || {}) && (previous = node.previousSibling) && 'A' === previous.tagName) { parents.push(previous); } if (0 !== parents.length) { parents.forEach(function (parent) { expand(parent); }); return true; } return false; } function highlight(root, activeNode, nodes) { resetHighlightedNodes(root); Array.from(nodes||[]).forEach(function (node) { if (!/\bsf-dump-highlight\b/.test(node.className)) { node.className = node.className + ' sf-dump-highlight'; } }); if (!/\bsf-dump-highlight-active\b/.test(activeNode.className)) { activeNode.className = activeNode.className + ' sf-dump-highlight-active'; } } function resetHighlightedNodes(root) { Array.from(root.querySelectorAll('.sf-dump-str, .sf-dump-key, .sf-dump-public, .sf-dump-protected, .sf-dump-private')).forEach(function (strNode) { strNode.className = strNode.className.replace(/\bsf-dump-highlight\b/, ''); strNode.className = strNode.className.replace(/\bsf-dump-highlight-active\b/, ''); }); } return function (root, x) { root = doc.getElementById(root); var indentRx = new RegExp('^('+(root.getAttribute('data-indent-pad') || ' ').replace(rxEsc, '\\$1')+')+', 'm'), options = {"maxDepth":1,"maxStringLength":160,"fileLinkFormat":false}, elt = root.getElementsByTagName('A'), len = elt.length, i = 0, s, h, t = []; while (i < len) t.push(elt[i++]); for (i in x) { options[i] = x[i]; } function a(e, f) { addEventListener(root, e, function (e, n) { if ('A' == e.target.tagName) { f(e.target, e); } else if ('A' == e.target.parentNode.tagName) { f(e.target.parentNode, e); } else { n = /\bsf-dump-ellipsis\b/.test(e.target.className) ? e.target.parentNode : e.target; if ((n = n.nextElementSibling) && 'A' == n.tagName) { if (!/\bsf-dump-toggle\b/.test(n.className)) { n = n.nextElementSibling || n; } f(n, e, true); } } }); }; function isCtrlKey(e) { return e.ctrlKey || e.metaKey; } function xpathString(str) { var parts = str.match(/[^'"]+|['"]/g).map(function (part) { if ("'" == part) { return '"\'"'; } if ('"' == part) { return "'\"'"; } return "'" + part + "'"; }); return "concat(" + parts.join(",") + ", '')"; } function xpathHasClass(className) { return "contains(concat(' ', normalize-space(@class), ' '), ' " + className +" ')"; } a('mouseover', function (a, e, c) { if (c) { e.target.style.cursor = "pointer"; } }); a('click', function (a, e, c) { if (/\bsf-dump-toggle\b/.test(a.className)) { e.preventDefault(); if (!toggle(a, isCtrlKey(e))) { var r = doc.getElementById(a.getAttribute('href').slice(1)), s = r.previousSibling, f = r.parentNode, t = a.parentNode; t.replaceChild(r, a); f.replaceChild(a, s); t.insertBefore(s, r); f = f.firstChild.nodeValue.match(indentRx); t = t.firstChild.nodeValue.match(indentRx); if (f && t && f[0] !== t[0]) { r.innerHTML = r.innerHTML.replace(new RegExp('^'+f[0].replace(rxEsc, '\\$1'), 'mg'), t[0]); } if (/\bsf-dump-compact\b/.test(r.className)) { toggle(s, isCtrlKey(e)); } } if (c) { } else if (doc.getSelection) { try { doc.getSelection().removeAllRanges(); } catch (e) { doc.getSelection().empty(); } } else { doc.selection.empty(); } } else if (/\bsf-dump-str-toggle\b/.test(a.className)) { e.preventDefault(); e = a.parentNode.parentNode; e.className = e.className.replace(/\bsf-dump-str-(expand|collapse)\b/, a.parentNode.className); } }); elt = root.getElementsByTagName('SAMP'); len = elt.length; i = 0; while (i < len) t.push(elt[i++]); len = t.length; for (i = 0; i < len; ++i) { elt = t[i]; if ('SAMP' == elt.tagName) { a = elt.previousSibling || {}; if ('A' != a.tagName) { a = doc.createElement('A'); a.className = 'sf-dump-ref'; elt.parentNode.insertBefore(a, elt); } else { a.innerHTML += ' '; } a.title = (a.title ? a.title+'\n[' : '[')+keyHint+'+click] Expand all children'; a.innerHTML += elt.className == 'sf-dump-compact' ? '<span>&#9654;</span>' : '<span>&#9660;</span>'; a.className += ' sf-dump-toggle'; x = 1; if ('sf-dump' != elt.parentNode.className) { x += elt.parentNode.getAttribute('data-depth')/1; } } else if (/\bsf-dump-ref\b/.test(elt.className) && (a = elt.getAttribute('href'))) { a = a.slice(1); elt.className += ' sf-dump-hover'; elt.className += ' '+a; if (/[\[{]$/.test(elt.previousSibling.nodeValue)) { a = a != elt.nextSibling.id && doc.getElementById(a); try { s = a.nextSibling; elt.appendChild(a); s.parentNode.insertBefore(a, s); if (/^[@#]/.test(elt.innerHTML)) { elt.innerHTML += ' <span>&#9654;</span>'; } else { elt.innerHTML = '<span>&#9654;</span>'; elt.className = 'sf-dump-ref'; } elt.className += ' sf-dump-toggle'; } catch (e) { if ('&' == elt.innerHTML.charAt(0)) { elt.innerHTML = '&#8230;'; elt.className = 'sf-dump-ref'; } } } } } if (doc.evaluate && Array.from && root.children.length > 1) { root.setAttribute('tabindex', 0); SearchState = function () { this.nodes = []; this.idx = 0; }; SearchState.prototype = { next: function () { if (this.isEmpty()) { return this.current(); } this.idx = this.idx < (this.nodes.length - 1) ? this.idx + 1 : 0; return this.current(); }, previous: function () { if (this.isEmpty()) { return this.current(); } this.idx = this.idx > 0 ? this.idx - 1 : (this.nodes.length - 1); return this.current(); }, isEmpty: function () { return 0 === this.count(); }, current: function () { if (this.isEmpty()) { return null; } return this.nodes[this.idx]; }, reset: function () { this.nodes = []; this.idx = 0; }, count: function () { return this.nodes.length; }, }; function showCurrent(state) { var currentNode = state.current(), currentRect, searchRect; if (currentNode) { reveal(currentNode); highlight(root, currentNode, state.nodes); if ('scrollIntoView' in currentNode) { currentNode.scrollIntoView(true); currentRect = currentNode.getBoundingClientRect(); searchRect = search.getBoundingClientRect(); if (currentRect.top < (searchRect.top + searchRect.height)) { window.scrollBy(0, -(searchRect.top + searchRect.height + 5)); } } } counter.textContent = (state.isEmpty() ? 0 : state.idx + 1) + ' of ' + state.count(); } var search = doc.createElement('div'); search.className = 'sf-dump-search-wrapper sf-dump-search-hidden'; search.innerHTML = ' <input type="text" class="sf-dump-search-input"> <span class="sf-dump-search-count">0 of 0<\/span> <button type="button" class="sf-dump-search-input-previous" tabindex="-1"> <svg viewBox="0 0 1792 1792" xmlns="http://www.w3.org/2000/svg"><path d="M1683 1331l-166 165q-19 19-45 19t-45-19L896 965l-531 531q-19 19-45 19t-45-19l-166-165q-19-19-19-45.5t19-45.5l742-741q19-19 45-19t45 19l742 741q19 19 19 45.5t-19 45.5z"\/><\/svg> <\/button> <button type="button" class="sf-dump-search-input-next" tabindex="-1"> <svg viewBox="0 0 1792 1792" xmlns="http://www.w3.org/2000/svg"><path d="M1683 808l-742 741q-19 19-45 19t-45-19L109 808q-19-19-19-45.5t19-45.5l166-165q19-19 45-19t45 19l531 531 531-531q19-19 45-19t45 19l166 165q19 19 19 45.5t-19 45.5z"\/><\/svg> <\/button> '; root.insertBefore(search, root.firstChild); var state = new SearchState(); var searchInput = search.querySelector('.sf-dump-search-input'); var counter = search.querySelector('.sf-dump-search-count'); var searchInputTimer = 0; var previousSearchQuery = ''; addEventListener(searchInput, 'keyup', function (e) { var searchQuery = e.target.value; /* Don't perform anything if the pressed key didn't change the query */ if (searchQuery === previousSearchQuery) { return; } previousSearchQuery = searchQuery; clearTimeout(searchInputTimer); searchInputTimer = setTimeout(function () { state.reset(); collapseAll(root); resetHighlightedNodes(root); if ('' === searchQuery) { counter.textContent = '0 of 0'; return; } var classMatches = [ "sf-dump-str", "sf-dump-key", "sf-dump-public", "sf-dump-protected", "sf-dump-private", ].map(xpathHasClass).join(' or '); var xpathResult = doc.evaluate('.//span[' + classMatches + '][contains(translate(child::text(), ' + xpathString(searchQuery.toUpperCase()) + ', ' + xpathString(searchQuery.toLowerCase()) + '), ' + xpathString(searchQuery.toLowerCase()) + ')]', root, null, XPathResult.ORDERED_NODE_ITERATOR_TYPE, null); while (node = xpathResult.iterateNext()) state.nodes.push(node); showCurrent(state); }, 400); }); Array.from(search.querySelectorAll('.sf-dump-search-input-next, .sf-dump-search-input-previous')).forEach(function (btn) { addEventListener(btn, 'click', function (e) { e.preventDefault(); -1 !== e.target.className.indexOf('next') ? state.next() : state.previous(); searchInput.focus(); collapseAll(root); showCurrent(state); }) }); addEventListener(root, 'keydown', function (e) { var isSearchActive = !/\bsf-dump-search-hidden\b/.test(search.className); if ((114 === e.keyCode && !isSearchActive) || (isCtrlKey(e) && 70 === e.keyCode)) { /* F3 or CMD/CTRL + F */ if (70 === e.keyCode && document.activeElement === searchInput) { /* * If CMD/CTRL + F is hit while having focus on search input, * the user probably meant to trigger browser search instead. * Let the browser execute its behavior: */ return; } e.preventDefault(); search.className = search.className.replace(/\bsf-dump-search-hidden\b/, ''); searchInput.focus(); } else if (isSearchActive) { if (27 === e.keyCode) { /* ESC key */ search.className += ' sf-dump-search-hidden'; e.preventDefault(); resetHighlightedNodes(root); searchInput.value = ''; } else if ( (isCtrlKey(e) && 71 === e.keyCode) /* CMD/CTRL + G */ || 13 === e.keyCode /* Enter */ || 114 === e.keyCode /* F3 */ ) { e.preventDefault(); e.shiftKey ? state.previous() : state.next(); collapseAll(root); showCurrent(state); } } }); } if (0 >= options.maxStringLength) { return; } try { elt = root.querySelectorAll('.sf-dump-str'); len = elt.length; i = 0; t = []; while (i < len) t.push(elt[i++]); len = t.length; for (i = 0; i < len; ++i) { elt = t[i]; s = elt.innerText || elt.textContent; x = s.length - options.maxStringLength; if (0 < x) { h = elt.innerHTML; elt[elt.innerText ? 'innerText' : 'textContent'] = s.substring(0, options.maxStringLength); elt.className += ' sf-dump-str-collapse'; elt.innerHTML = '<span class=sf-dump-str-collapse>'+h+'<a class="sf-dump-ref sf-dump-str-toggle" title="Collapse"> &#9664;</a></span>'+ '<span class=sf-dump-str-expand>'+elt.innerHTML+'<a class="sf-dump-ref sf-dump-str-toggle" title="'+x+' remaining characters"> &#9654;</a></span>'; } } } catch (e) { } }; })(document); </script><style> .sf-js-enabled pre.sf-dump .sf-dump-compact, .sf-js-enabled .sf-dump-str-collapse .sf-dump-str-collapse, .sf-js-enabled .sf-dump-str-expand .sf-dump-str-expand { display: none; } .sf-dump-hover:hover { background-color: #B729D9; color: #FFF !important; border-radius: 2px; } pre.sf-dump { display: block; white-space: pre; padding: 5px; overflow: initial !important; } pre.sf-dump:after { content: ""; visibility: hidden; display: block; height: 0; clear: both; } pre.sf-dump .sf-dump-ellipsization { display: inline-flex; } pre.sf-dump a { text-decoration: none; cursor: pointer; border: 0; outline: none; color: inherit; } pre.sf-dump img { max-width: 50em; max-height: 50em; margin: .5em 0 0 0; padding: 0; background: url(data:image/png;base64,iVBORw0KGgoAAAANSUhEUgAAABAAAAAQCAAAAAA6mKC9AAAAHUlEQVQY02O8zAABilCaiQEN0EeA8QuUcX9g3QEAAjcC5piyhyEAAAAASUVORK5CYII=) #D3D3D3; } pre.sf-dump .sf-dump-ellipsis { text-overflow: ellipsis; white-space: nowrap; overflow: hidden; } pre.sf-dump .sf-dump-ellipsis-tail { flex-shrink: 0; } pre.sf-dump code { display:inline; padding:0; background:none; } .sf-dump-public.sf-dump-highlight, .sf-dump-protected.sf-dump-highlight, .sf-dump-private.sf-dump-highlight, .sf-dump-str.sf-dump-highlight, .sf-dump-key.sf-dump-highlight { background: rgba(111, 172, 204, 0.3); border: 1px solid #7DA0B1; border-radius: 3px; } .sf-dump-public.sf-dump-highlight-active, .sf-dump-protected.sf-dump-highlight-active, .sf-dump-private.sf-dump-highlight-active, .sf-dump-str.sf-dump-highlight-active, .sf-dump-key.sf-dump-highlight-active { background: rgba(253, 175, 0, 0.4); border: 1px solid #ffa500; border-radius: 3px; } pre.sf-dump .sf-dump-search-hidden { display: none !important; } pre.sf-dump .sf-dump-search-wrapper { font-size: 0; white-space: nowrap; margin-bottom: 5px; display: flex; position: -webkit-sticky; position: sticky; top: 5px; } pre.sf-dump .sf-dump-search-wrapper > * { vertical-align: top; box-sizing: border-box; height: 21px; font-weight: normal; border-radius: 0; background: #FFF; color: #757575; border: 1px solid #BBB; } pre.sf-dump .sf-dump-search-wrapper > input.sf-dump-search-input { padding: 3px; height: 21px; font-size: 12px; border-right: none; border-top-left-radius: 3px; border-bottom-left-radius: 3px; color: #000; min-width: 15px; width: 100%; } pre.sf-dump .sf-dump-search-wrapper > .sf-dump-search-input-next, pre.sf-dump .sf-dump-search-wrapper > .sf-dump-search-input-previous { background: #F2F2F2; outline: none; border-left: none; font-size: 0; line-height: 0; } pre.sf-dump .sf-dump-search-wrapper > .sf-dump-search-input-next { border-top-right-radius: 3px; border-bottom-right-radius: 3px; } pre.sf-dump .sf-dump-search-wrapper > .sf-dump-search-input-next > svg, pre.sf-dump .sf-dump-search-wrapper > .sf-dump-search-input-previous > svg { pointer-events: none; width: 12px; height: 12px; } pre.sf-dump .sf-dump-search-wrapper > .sf-dump-search-count { display: inline-block; padding: 0 5px; margin: 0; border-left: none; line-height: 21px; font-size: 12px; }pre.sf-dump, pre.sf-dump .sf-dump-default{background:none; color:#CC7832; line-height:1.2em; font:12px Menlo, Monaco, Consolas, monospace; word-wrap: break-word; white-space: pre-wrap; position:relative; z-index:99999; word-break: break-all}pre.sf-dump .sf-dump-num{font-weight:bold; color:#1299DA}pre.sf-dump .sf-dump-const{font-weight:bold}pre.sf-dump .sf-dump-str{font-weight:bold; color:#629755;}pre.sf-dump .sf-dump-note{color:#6897BB}pre.sf-dump .sf-dump-ref{color:#6E6E6E}pre.sf-dump .sf-dump-public{color:#262626}pre.sf-dump .sf-dump-protected{color:#262626}pre.sf-dump .sf-dump-private{color:#262626}pre.sf-dump .sf-dump-meta{color:#B729D9}pre.sf-dump .sf-dump-key{color:#789339}pre.sf-dump .sf-dump-index{color:#1299DA}pre.sf-dump .sf-dump-ellipsis{color:#CC7832}pre.sf-dump .sf-dump-ns{user-select:none;}pre.sf-dump .sf-dump-ellipsis-note{color:#6897BB}</style><pre class=sf-dump id=sf-dump-433858068 data-indent-pad="  "><span class=sf-dump-note>Twig\Error\RuntimeError</span> {<a class=sf-dump-ref>#9738</a><samp data-depth=1 class=sf-dump-expanded>
   Γöé       <span class=sf-dump-str title="8805 characters">            &lt;label for=&quot;password&quot;&gt;Mot de passe &lt;a href=&quot;{{ path(&#039;app_forgot_password&#039;) }}&quot;&gt;Mot de passe oubli&#233; ?&lt;/a&gt;&lt;/label&gt;<span class="sf-dump-default sf-dump-ns">\r\n</span></span>
   Γöé       <span class=sf-dump-str title="8805 characters">                    &lt;img src=&quot;{{ path(&#039;captcha_image&#039;) }}?t={{ &#039;now&#039;|date(&#039;U&#039;) }}&quot; alt=&quot;CAPTCHA&quot; id=&quot;captchaImage&quot; class=&quot;captcha-img&quot;&gt;<span class="sf-dump-default sf-dump-ns">\r\n</span></span>
   Γöé       <span class=sf-dump-str title="8805 characters">        Pas encore de compte ? &lt;a href=&quot;{{ path(&#039;app_signup&#039;) }}&quot;&gt;S&#039;inscrire&lt;/a&gt;<span class="sf-dump-default sf-dump-ns">\r\n</span></span>
   Γöé       <span class=sf-dump-str title="8805 characters">            captchaImg.src = &#039;{{ path(&quot;captcha_image&quot;) }}?t=&#039; + Date.now();<span class="sf-dump-default sf-dump-ns">\r\n</span></span>
   Γöé <li><code><span style="color: var(--highlight-keyword)">&nbsp;&nbsp;&nbsp;&nbsp;private&nbsp;function&nbsp;</span><span style="color: var(--highlight-default)">doRender</span><span style="color: var(--highlight-keyword)">(</span><span style="color: var(--highlight-default)">string&nbsp;$view</span><span style="color: var(--highlight-keyword)">,&nbsp;?</span><span style="color: var(--highlight-default)">string&nbsp;$block</span><span style="color: var(--highlight-keyword)">,&nbsp;array&nbsp;</span><span style="color: var(--highlight-default)">$parameters</span><span style="color: var(--highlight-keyword)">,&nbsp;?</span><span style="color: var(--highlight-default)">Response&nbsp;$response</span><span style="color: var(--highlight-keyword)">,&nbsp;</span><span style="color: var(--highlight-default)">string&nbsp;$method</span><span style="color: var(--highlight-keyword)">):&nbsp;</span><span style="color: var(--highlight-default)">Response</span></code></li>
   Γöé <li><code><span style="color: var(--highlight-keyword)">&nbsp;&nbsp;&nbsp;&nbsp;private&nbsp;function&nbsp;</span><span style="color: var(--highlight-default)">doRender</span><span style="color: var(--highlight-keyword)">(</span><span style="color: var(--highlight-default)">string&nbsp;$view</span><span style="color: var(--highlight-keyword)">,&nbsp;?</span><span style="color: var(--highlight-default)">string&nbsp;$block</span><span style="color: var(--highlight-keyword)">,&nbsp;array&nbsp;</span><span style="color: var(--highlight-default)">$parameters</span><span style="color: var(--highlight-keyword)">,&nbsp;?</span><span style="color: var(--highlight-default)">Response&nbsp;$response</span><span style="color: var(--highlight-keyword)">,&nbsp;</span><span style="color: var(--highlight-default)">string&nbsp;$method</span><span style="color: var(--highlight-keyword)">):&nbsp;</span><span style="color: var(--highlight-default)">Response</span></code></li>
   Γöé <li><code><span style="color: var(--highlight-keyword)">&nbsp;&nbsp;&nbsp;&nbsp;&nbsp;&nbsp;&nbsp;&nbsp;</span><span style="color: var(--highlight-default)">$response&nbsp;</span><span style="color: var(--highlight-keyword)">??=&nbsp;new&nbsp;</span><span style="color: var(--highlight-default)">Response</span><span style="color: var(--highlight-keyword)">();</span></code></li>
   Γöé <li><code><span style="color: var(--highlight-comment)">&nbsp;&nbsp;&nbsp;&nbsp;</span><span style="color: var(--highlight-keyword)">protected&nbsp;function&nbsp;</span><span style="color: var(--highlight-default)">render</span><span style="color: var(--highlight-keyword)">(</span><span style="color: var(--highlight-default)">string&nbsp;$view</span><span style="color: var(--highlight-keyword)">,&nbsp;array&nbsp;</span><span style="color: var(--highlight-default)">$parameters&nbsp;</span><span style="color: var(--highlight-keyword)">=&nbsp;[],&nbsp;?</span><span style="color: var(--highlight-default)">Response&nbsp;$response&nbsp;</span><span style="color: var(--highlight-keyword)">=&nbsp;</span><span style="color: var(--highlight-default)">null</span><span style="color: var(--highlight-keyword)">):&nbsp;</span><span style="color: var(--highlight-default)">Response</span></code></li>
   Γöé <li><code><span style="color: var(--highlight-keyword)">&nbsp;&nbsp;&nbsp;&nbsp;private&nbsp;function&nbsp;</span><span style="color: var(--highlight-default)">doRender</span><span style="color: var(--highlight-keyword)">(</span><span style="color: var(--highlight-default)">string&nbsp;$view</span><span style="color: var(--highlight-keyword)">,&nbsp;?</span><span style="color: var(--highlight-default)">string&nbsp;$block</span><span style="color: var(--highlight-keyword)">,&nbsp;array&nbsp;</span><span style="color: var(--highlight-default)">$parameters</span><span style="color: var(--highlight-keyword)">,&nbsp;?</span><span style="color: var(--highlight-default)">Response&nbsp;$response</span><span style="color: var(--highlight-keyword)">,&nbsp;</span><span style="color: var(--highlight-default)">string&nbsp;$method</span><span style="color: var(--highlight-keyword)">):&nbsp;</span><span style="color: var(--highlight-default)">Response</span></code></li>
   Γöé <li><code><span style="color: var(--highlight-keyword)">&nbsp;&nbsp;&nbsp;&nbsp;private&nbsp;function&nbsp;</span><span style="color: var(--highlight-default)">doRender</span><span style="color: var(--highlight-keyword)">(</span><span style="color: var(--highlight-default)">string&nbsp;$view</span><span style="color: var(--highlight-keyword)">,&nbsp;?</span><span style="color: var(--highlight-default)">string&nbsp;$block</span><span style="color: var(--highlight-keyword)">,&nbsp;array&nbsp;</span><span style="color: var(--highlight-default)">$parameters</span><span style="color: var(--highlight-keyword)">,&nbsp;?</span><span style="color: var(--highlight-default)">Response&nbsp;$response</span><span style="color: var(--highlight-keyword)">,&nbsp;</span><span style="color: var(--highlight-default)">string&nbsp;$method</span><span style="color: var(--highlight-keyword)">):&nbsp;</span><span style="color: var(--highlight-default)">Response</span></code></li>
   Γöé <li><code><span style="color: var(--highlight-keyword)">&nbsp;&nbsp;&nbsp;&nbsp;&nbsp;&nbsp;&nbsp;&nbsp;</span><span style="color: var(--highlight-default)">$response&nbsp;</span><span style="color: var(--highlight-keyword)">??=&nbsp;new&nbsp;</span><span style="color: var(--highlight-default)">Response</span><span style="color: var(--highlight-keyword)">();</span></code></li>
   Γöé <li><code><span style="color: var(--highlight-comment)">&nbsp;&nbsp;&nbsp;&nbsp;</span><span style="color: var(--highlight-keyword)">protected&nbsp;function&nbsp;</span><span style="color: var(--highlight-default)">render</span><span style="color: var(--highlight-keyword)">(</span><span style="color: var(--highlight-default)">string&nbsp;$view</span><span style="color: var(--highlight-keyword)">,&nbsp;array&nbsp;</span><span style="color: var(--highlight-default)">$parameters&nbsp;</span><span style="color: var(--highlight-keyword)">=&nbsp;[],&nbsp;?</span><span style="color: var(--highlight-default)">Response&nbsp;$response&nbsp;</span><span style="color: var(--highlight-keyword)">=&nbsp;</span><span style="color: var(--highlight-default)">null</span><span style="color: var(--highlight-keyword)">):&nbsp;</span><span style="color: var(--highlight-default)">Response</span></code></li>
   Γöé         var toggleClass = function(el, cssClass) { hasClass(el, cssClass) ? removeClass(el, cssClass) : addClass(el, cssClass); };
   Γöé                 toggle.innerHTML = currentContent !== altContent ? altContent : originalContent;
   Γöé                     label = i in labels ? labels[i] : value,
   Γöé                 option.setAttribute('title', 1 === (matches = filters.querySelectorAll('[data-filter-'+name+'="'+value+'"]').length) ? 'Matches 1 row' : 'Matches '+matches+' rows');
   Γöé                 localStorage.getItem('symfony/profiler/theme') || (matchMedia('(prefers-color-scheme: dark)').matches ? 'theme-dark' : 'theme-light')\n
   Γöé                         <script> Sfdump = window.Sfdump || (function (doc) { doc.documentElement.classList.add('sf-js-enabled'); var rxEsc = /([.*+?^${}()|\[\]\/\\])/g, idRx = /\bsf-dump-\d+-ref[012]\w+\b/, keyHint = 0 <= navigator.platform.toUpperCase().indexOf('MAC') ? 'Cmd' : 'Ctrl', addEventListener = function (e, n, cb) { e.addEventListener(n, cb, false); }; if (!doc.addEventListener) { addEventListener = function (element, eventName, callback) { element.attachEvent('on' + eventName, function (e) { e.preventDefault = function () {e.returnValue = false;}; e.target = e.srcElement; callback(e); }); }; } function toggle(a, recursive) { var s = a.nextSibling || {}, oldClass = s.className, arrow, newClass; if (/\bsf-dump-compact\b/.test(oldClass)) { arrow = '&#9660;'; newClass = 'sf-dump-expanded'; } else if (/\bsf-dump-expanded\b/.test(oldClass)) { arrow = '&#9654;'; newClass = 'sf-dump-compact'; } else { return false; } if (doc.createEvent && s.dispatchEvent) { var event = doc.createEvent('Event'); event.initEvent('sf-dump-expanded' === newClass ? 'sfbeforedumpexpand' : 'sfbeforedumpcollapse', true, false); s.dispatchEvent(event); } a.lastChild.innerHTML = arrow; s.className = s.className.replace(/\bsf-dump-(compact|expanded)\b/, newClass); if (recursive) { try { a = s.querySelectorAll('.'+oldClass); for (s = 0; s < a.length; ++s) { if (-1 == a[s].className.indexOf(newClass)) { a[s].className = newClass; a[s].previousSibling.lastChild.innerHTML = arrow; } } } catch (e) { } } return true; }; function collapse(a, recursive) { var s = a.nextSibling || {}, oldClass = s.className; if (/\bsf-dump-expanded\b/.test(oldClass)) { toggle(a, recursive); return true; } return false; }; function expand(a, recursive) { var s = a.nextSibling || {}, oldClass = s.className; if (/\bsf-dump-compact\b/.test(oldClass)) { toggle(a, recursive); return true; } return false; }; function collapseAll(root) { var a = root.querySelector('a.sf-dump-toggle'); if (a) { collapse(a, true); expand(a); return true; } return false; } function reveal(node) { var previous, parents = []; while ((node = node.parentNode || {}) && (previous = node.previousSibling) && 'A' === previous.tagName) { parents.push(previous); } if (0 !== parents.length) { parents.forEach(function (parent) { expand(parent); }); return true; } return false; } function highlight(root, activeNode, nodes) { resetHighlightedNodes(root); Array.from(nodes||[]).forEach(function (node) { if (!/\bsf-dump-highlight\b/.test(node.className)) { node.className = node.className + ' sf-dump-highlight'; } }); if (!/\bsf-dump-highlight-active\b/.test(activeNode.className)) { activeNode.className = activeNode.className + ' sf-dump-highlight-active'; } } function resetHighlightedNodes(root) { Array.from(root.querySelectorAll('.sf-dump-str, .sf-dump-key, .sf-dump-public, .sf-dump-protected, .sf-dump-private')).forEach(function (strNode) { strNode.className = strNode.className.replace(/\bsf-dump-highlight\b/, ''); strNode.className = strNode.className.replace(/\bsf-dump-highlight-active\b/, ''); }); } return function (root, x) { root = doc.getElementById(root); var indentRx = new RegExp('^('+(root.getAttribute('data-indent-pad') || ' ').replace(rxEsc, '\\$1')+')+', 'm'), options = {"maxDepth":1,"maxStringLength":160,"fileLinkFormat":false}, elt = root.getElementsByTagName('A'), len = elt.length, i = 0, s, h, t = []; while (i < len) t.push(elt[i++]); for (i in x) { options[i] = x[i]; } function a(e, f) { addEventListener(root, e, function (e, n) { if ('A' == e.target.tagName) { f(e.target, e); } else if ('A' == e.target.parentNode.tagName) { f(e.target.parentNode, e); } else { n = /\bsf-dump-ellipsis\b/.test(e.target.className) ? e.target.parentNode : e.target; if ((n = n.nextElementSibling) && 'A' == n.tagName) { if (!/\bsf-dump-toggle\b/.test(n.className)) { n = n.nextElementSibling || n; } f(n, e, true); } } }); }; function isCtrlKey(e) { return e.ctrlKey || e.metaKey; } function xpathString(str) { var parts = str.match(/[^'"]+|['"]/g).map(function (part) { if ("'" == part) { return '"\'"'; } if ('"' == part) { return "'\"'"; } return "'" + part + "'"; }); return "concat(" + parts.join(",") + ", '')"; } function xpathHasClass(className) { return "contains(concat(' ', normalize-space(@class), ' '), ' " + className +" ')"; } a('mouseover', function (a, e, c) { if (c) { e.target.style.cursor = "pointer"; } }); a('click', function (a, e, c) { if (/\bsf-dump-toggle\b/.test(a.className)) { e.preventDefault(); if (!toggle(a, isCtrlKey(e))) { var r = doc.getElementById(a.getAttribute('href').slice(1)), s = r.previousSibling, f = r.parentNode, t = a.parentNode; t.replaceChild(r, a); f.replaceChild(a, s); t.insertBefore(s, r); f = f.firstChild.nodeValue.match(indentRx); t = t.firstChild.nodeValue.match(indentRx); if (f && t && f[0] !== t[0]) { r.innerHTML = r.innerHTML.replace(new RegExp('^'+f[0].replace(rxEsc, '\\$1'), 'mg'), t[0]); } if (/\bsf-dump-compact\b/.test(r.className)) { toggle(s, isCtrlKey(e)); } } if (c) { } else if (doc.getSelection) { try { doc.getSelection().removeAllRanges(); } catch (e) { doc.getSelection().empty(); } } else { doc.selection.empty(); } } else if (/\bsf-dump-str-toggle\b/.test(a.className)) { e.preventDefault(); e = a.parentNode.parentNode; e.className = e.className.replace(/\bsf-dump-str-(expand|collapse)\b/, a.parentNode.className); } }); elt = root.getElementsByTagName('SAMP'); len = elt.length; i = 0; while (i < len) t.push(elt[i++]); len = t.length; for (i = 0; i < len; ++i) { elt = t[i]; if ('SAMP' == elt.tagName) { a = elt.previousSibling || {}; if ('A' != a.tagName) { a = doc.createElement('A'); a.className = 'sf-dump-ref'; elt.parentNode.insertBefore(a, elt); } else { a.innerHTML += ' '; } a.title = (a.title ? a.title+'\n[' : '[')+keyHint+'+click] Expand all children'; a.innerHTML += elt.className == 'sf-dump-compact' ? '<span>&#9654;</span>' : '<span>&#9660;</span>'; a.className += ' sf-dump-toggle'; x = 1; if ('sf-dump' != elt.parentNode.className) { x += elt.parentNode.getAttribute('data-depth')/1; } } else if (/\bsf-dump-ref\b/.test(elt.className) && (a = elt.getAttribute('href'))) { a = a.slice(1); elt.className += ' sf-dump-hover'; elt.className += ' '+a; if (/[\[{]$/.test(elt.previousSibling.nodeValue)) { a = a != elt.nextSibling.id && doc.getElementById(a); try { s = a.nextSibling; elt.appendChild(a); s.parentNode.insertBefore(a, s); if (/^[@#]/.test(elt.innerHTML)) { elt.innerHTML += ' <span>&#9654;</span>'; } else { elt.innerHTML = '<span>&#9654;</span>'; elt.className = 'sf-dump-ref'; } elt.className += ' sf-dump-toggle'; } catch (e) { if ('&' == elt.innerHTML.charAt(0)) { elt.innerHTML = '&#8230;'; elt.className = 'sf-dump-ref'; } } } } } if (doc.evaluate && Array.from && root.children.length > 1) { root.setAttribute('tabindex', 0); SearchState = function () { this.nodes = []; this.idx = 0; }; SearchState.prototype = { next: function () { if (this.isEmpty()) { return this.current(); } this.idx = this.idx < (this.nodes.length - 1) ? this.idx + 1 : 0; return this.current(); }, previous: function () { if (this.isEmpty()) { return this.current(); } this.idx = this.idx > 0 ? this.idx - 1 : (this.nodes.length - 1); return this.current(); }, isEmpty: function () { return 0 === this.count(); }, current: function () { if (this.isEmpty()) { return null; } return this.nodes[this.idx]; }, reset: function () { this.nodes = []; this.idx = 0; }, count: function () { return this.nodes.length; }, }; function showCurrent(state) { var currentNode = state.current(), currentRect, searchRect; if (currentNode) { reveal(currentNode); highlight(root, currentNode, state.nodes); if ('scrollIntoView' in currentNode) { currentNode.scrollIntoView(true); currentRect = currentNode.getBoundingClientRect(); searchRect = search.getBoundingClientRect(); if (currentRect.top < (searchRect.top + searchRect.height)) { window.scrollBy(0, -(searchRect.top + searchRect.height + 5)); } } } counter.textContent = (state.isEmpty() ? 0 : state.idx + 1) + ' of ' + state.count(); } var search = doc.createElement('div'); search.className = 'sf-dump-search-wrapper sf-dump-search-hidden'; search.innerHTML = ' <input type="text" class="sf-dump-search-input"> <span class="sf-dump-search-count">0 of 0<\/span> <button type="button" class="sf-dump-search-input-previous" tabindex="-1"> <svg viewBox="0 0 1792 1792" xmlns="http://www.w3.org/2000/svg"><path d="M1683 1331l-166 165q-19 19-45 19t-45-19L896 965l-531 531q-19 19-45 19t-45-19l-166-165q-19-19-19-45.5t19-45.5l742-741q19-19 45-19t45 19l742 741q19 19 19 45.5t-19 45.5z"\/><\/svg> <\/button> <button type="button" class="sf-dump-search-input-next" tabindex="-1"> <svg viewBox="0 0 1792 1792" xmlns="http://www.w3.org/2000/svg"><path d="M1683 808l-742 741q-19 19-45 19t-45-19L109 808q-19-19-19-45.5t19-45.5l166-165q19-19 45-19t45 19l531 531 531-531q19-19 45-19t45 19l166 165q19 19 19 45.5t-19 45.5z"\/><\/svg> <\/button> '; root.insertBefore(search, root.firstChild); var state = new SearchState(); var searchInput = search.querySelector('.sf-dump-search-input'); var counter = search.querySelector('.sf-dump-search-count'); var searchInputTimer = 0; var previousSearchQuery = ''; addEventListener(searchInput, 'keyup', function (e) { var searchQuery = e.target.value; /* Don't perform anything if the pressed key didn't change the query */ if (searchQuery === previousSearchQuery) { return; } previousSearchQuery = searchQuery; clearTimeout(searchInputTimer); searchInputTimer = setTimeout(function () { state.reset(); collapseAll(root); resetHighlightedNodes(root); if ('' === searchQuery) { counter.textContent = '0 of 0'; return; } var classMatches = [ "sf-dump-str", "sf-dump-key", "sf-dump-public", "sf-dump-protected", "sf-dump-private", ].map(xpathHasClass).join(' or '); var xpathResult = doc.evaluate('.//span[' + classMatches + '][contains(translate(child::text(), ' + xpathString(searchQuery.toUpperCase()) + ', ' + xpathString(searchQuery.toLowerCase()) + '), ' + xpathString(searchQuery.toLowerCase()) + ')]', root, null, XPathResult.ORDERED_NODE_ITERATOR_TYPE, null); while (node = xpathResult.iterateNext()) state.nodes.push(node); showCurrent(state); }, 400); }); Array.from(search.querySelectorAll('.sf-dump-search-input-next, .sf-dump-search-input-previous')).forEach(function (btn) { addEventListener(btn, 'click', function (e) { e.preventDefault(); -1 !== e.target.className.indexOf('next') ? state.next() : state.previous(); searchInput.focus(); collapseAll(root); showCurrent(state); }) }); addEventListener(root, 'keydown', function (e) { var isSearchActive = !/\bsf-dump-search-hidden\b/.test(search.className); if ((114 === e.keyCode && !isSearchActive) || (isCtrlKey(e) && 70 === e.keyCode)) { /* F3 or CMD/CTRL + F */ if (70 === e.keyCode && document.activeElement === searchInput) { /* * If CMD/CTRL + F is hit while having focus on search input, * the user probably meant to trigger browser search instead. * Let the browser execute its behavior: */ return; } e.preventDefault(); search.className = search.className.replace(/\bsf-dump-search-hidden\b/, ''); searchInput.focus(); } else if (isSearchActive) { if (27 === e.keyCode) { /* ESC key */ search.className += ' sf-dump-search-hidden'; e.preventDefault(); resetHighlightedNodes(root); searchInput.value = ''; } else if ( (isCtrlKey(e) && 71 === e.keyCode) /* CMD/CTRL + G */ || 13 === e.keyCode /* Enter */ || 114 === e.keyCode /* F3 */ ) { e.preventDefault(); e.shiftKey ? state.previous() : state.next(); collapseAll(root); showCurrent(state); } } }); } if (0 >= options.maxStringLength) { return; } try { elt = root.querySelectorAll('.sf-dump-str'); len = elt.length; i = 0; t = []; while (i < len) t.push(elt[i++]); len = t.length; for (i = 0; i < len; ++i) { elt = t[i]; s = elt.innerText || elt.textContent; x = s.length - options.maxStringLength; if (0 < x) { h = elt.innerHTML; elt[elt.innerText ? 'innerText' : 'textContent'] = s.substring(0, options.maxStringLength); elt.className += ' sf-dump-str-collapse'; elt.innerHTML = '<span class=sf-dump-str-collapse>'+h+'<a class="sf-dump-ref sf-dump-str-toggle" title="Collapse"> &#9664;</a></span>'+ '<span class=sf-dump-str-expand>'+elt.innerHTML+'<a class="sf-dump-ref sf-dump-str-toggle" title="'+x+' remaining characters"> &#9654;</a></span>'; } } } catch (e) { } }; })(document); </script><style> .sf-js-enabled pre.sf-dump .sf-dump-compact, .sf-js-enabled .sf-dump-str-collapse .sf-dump-str-collapse, .sf-js-enabled .sf-dump-str-expand .sf-dump-str-expand { display: none; } .sf-dump-hover:hover { background-color: #B729D9; color: #FFF !important; border-radius: 2px; } pre.sf-dump { display: block; white-space: pre; padding: 5px; overflow: initial !important; } pre.sf-dump:after { content: ""; visibility: hidden; display: block; height: 0; clear: both; } pre.sf-dump .sf-dump-ellipsization { display: inline-flex; } pre.sf-dump a { text-decoration: none; cursor: pointer; border: 0; outline: none; color: inherit; } pre.sf-dump img { max-width: 50em; max-height: 50em; margin: .5em 0 0 0; padding: 0; background: url(data:image/png;base64,iVBORw0KGgoAAAANSUhEUgAAABAAAAAQCAAAAAA6mKC9AAAAHUlEQVQY02O8zAABilCaiQEN0EeA8QuUcX9g3QEAAjcC5piyhyEAAAAASUVORK5CYII=) #D3D3D3; } pre.sf-dump .sf-dump-ellipsis { text-overflow: ellipsis; white-space: nowrap; overflow: hidden; } pre.sf-dump .sf-dump-ellipsis-tail { flex-shrink: 0; } pre.sf-dump code { display:inline; padding:0; background:none; } .sf-dump-public.sf-dump-highlight, .sf-dump-protected.sf-dump-highlight, .sf-dump-private.sf-dump-highlight, .sf-dump-str.sf-dump-highlight, .sf-dump-key.sf-dump-highlight { background: rgba(111, 172, 204, 0.3); border: 1px solid #7DA0B1; border-radius: 3px; } .sf-dump-public.sf-dump-highlight-active, .sf-dump-protected.sf-dump-highlight-active, .sf-dump-private.sf-dump-highlight-active, .sf-dump-str.sf-dump-highlight-active, .sf-dump-key.sf-dump-highlight-active { background: rgba(253, 175, 0, 0.4); border: 1px solid #ffa500; border-radius: 3px; } pre.sf-dump .sf-dump-search-hidden { display: none !important; } pre.sf-dump .sf-dump-search-wrapper { font-size: 0; white-space: nowrap; margin-bottom: 5px; display: flex; position: -webkit-sticky; position: sticky; top: 5px; } pre.sf-dump .sf-dump-search-wrapper > * { vertical-align: top; box-sizing: border-box; height: 21px; font-weight: normal; border-radius: 0; background: #FFF; color: #757575; border: 1px solid #BBB; } pre.sf-dump .sf-dump-search-wrapper > input.sf-dump-search-input { padding: 3px; height: 21px; font-size: 12px; border-right: none; border-top-left-radius: 3px; border-bottom-left-radius: 3px; color: #000; min-width: 15px; width: 100%; } pre.sf-dump .sf-dump-search-wrapper > .sf-dump-search-input-next, pre.sf-dump .sf-dump-search-wrapper > .sf-dump-search-input-previous { background: #F2F2F2; outline: none; border-left: none; font-size: 0; line-height: 0; } pre.sf-dump .sf-dump-search-wrapper > .sf-dump-search-input-next { border-top-right-radius: 3px; border-bottom-right-radius: 3px; } pre.sf-dump .sf-dump-search-wrapper > .sf-dump-search-input-next > svg, pre.sf-dump .sf-dump-search-wrapper > .sf-dump-search-input-previous > svg { pointer-events: none; width: 12px; height: 12px; } pre.sf-dump .sf-dump-search-wrapper > .sf-dump-search-count { display: inline-block; padding: 0 5px; margin: 0; border-left: none; line-height: 21px; font-size: 12px; }pre.sf-dump, pre.sf-dump .sf-dump-default{background:none; color:#CC7832; line-height:1.2em; font:12px Menlo, Monaco, Consolas, monospace; word-wrap: break-word; white-space: pre-wrap; position:relative; z-index:99999; word-break: break-all}pre.sf-dump .sf-dump-num{font-weight:bold; color:#1299DA}pre.sf-dump .sf-dump-const{font-weight:bold}pre.sf-dump .sf-dump-str{font-weight:bold; color:#629755;}pre.sf-dump .sf-dump-note{color:#6897BB}pre.sf-dump .sf-dump-ref{color:#6E6E6E}pre.sf-dump .sf-dump-public{color:#262626}pre.sf-dump .sf-dump-protected{color:#262626}pre.sf-dump .sf-dump-private{color:#262626}pre.sf-dump .sf-dump-meta{color:#B729D9}pre.sf-dump .sf-dump-key{color:#789339}pre.sf-dump .sf-dump-index{color:#1299DA}pre.sf-dump .sf-dump-ellipsis{color:#CC7832}pre.sf-dump .sf-dump-ns{user-select:none;}pre.sf-dump .sf-dump-ellipsis-note{color:#6897BB}</style><pre class=sf-dump id=sf-dump-611958619 data-indent-pad="  "><span class=sf-dump-note>Twig\Error\RuntimeError</span> {<a class=sf-dump-ref>#9516</a><samp data-depth=1 class=sf-dump-expanded>\n
   Γöé <li class="selected"><code><span style="color: var(--highlight-comment)">&nbsp;&nbsp;&nbsp;&nbsp;&nbsp;&nbsp;&nbsp;&nbsp;</span><span style="color: var(--highlight-keyword)">if&nbsp;(((</span><span style="color: var(--highlight-default)">$tmp&nbsp;</span><span style="color: var(--highlight-keyword)">=&nbsp;</span><span style="color: var(--highlight-default)">CoreExtension</span><span style="color: var(--highlight-keyword)">::</span><span style="color: var(--highlight-default)">getAttribute</span><span style="color: var(--highlight-keyword)">(</span><span style="color: var(--highlight-default)">$this</span><span style="color: var(--highlight-keyword)">-&gt;</span><span style="color: var(--highlight-default)">env</span><span style="color: var(--highlight-keyword)">,&nbsp;</span><span style="color: var(--highlight-default)">$this</span><span style="color: var(--highlight-keyword)">-&gt;</span><span style="color: var(--highlight-default)">source</span><span style="color: var(--highlight-keyword)">,&nbsp;(isset(</span><span style="color: var(--highlight-default)">$context</span><span style="color: var(--highlight-keyword)">[</span><span style="color: var(--highlight-string)">"user"</span><span style="color: var(--highlight-keyword)">])&nbsp;||&nbsp;</span><span style="color: var(--highlight-default)">array_key_exists</span><span style="color: var(--highlight-keyword)">(</span><span style="color: var(--highlight-string)">"user"</span><span style="color: var(--highlight-keyword)">,&nbsp;</span><span style="color: var(--highlight-default)">$context</span><span style="color: var(--highlight-keyword)">)&nbsp;?&nbsp;</span><span style="color: var(--highlight-default)">$context</span><span style="color: var(--highlight-keyword)">[</span><span style="color: var(--highlight-string)">"user"</span><span style="color: var(--highlight-keyword)">]&nbsp;:&nbsp;(function&nbsp;()&nbsp;{&nbsp;throw&nbsp;new&nbsp;</span><span style="color: var(--highlight-default)">RuntimeError</span><span style="color: var(--highlight-keyword)">(</span><span style="color: var(--highlight-string)">'Variable&nbsp;"user"&nbsp;does&nbsp;not&nbsp;exist.'</span><span style="color: var(--highlight-keyword)">,&nbsp;</span><span style="color: var(--highlight-default)">20</span><span style="color: var(--highlight-keyword)">,&nbsp;</span><span style="color: var(--highlight-default)">$this</span><span style="color: var(--highlight-keyword)">-&gt;</span><span style="color: var(--highlight-default)">source</span><span style="color: var(--highlight-keyword)">);&nbsp;})()),&nbsp;</span><span style="color: var(--highlight-string)">"imageUrl"</span><span style="color: var(--highlight-keyword)">,&nbsp;[],&nbsp;</span><span style="color: var(--highlight-string)">"any"</span><span style="color: var(--highlight-keyword)">,&nbsp;</span><span style="color: var(--highlight-default)">false</span><span style="color: var(--highlight-keyword)">,&nbsp;</span><span style="color: var(--highlight-default)">false</span><span style="color: var(--highlight-keyword)">,&nbsp;</span><span style="color: var(--highlight-default)">false</span><span style="color: var(--highlight-keyword)">,&nbsp;</span><span style="color: var(--highlight-default)">20</span><span style="color: var(--highlight-keyword)">))&nbsp;&amp;&amp;&nbsp;</span><span style="color: var(--highlight-default)">$tmp&nbsp;</span><span style="color: var(--highlight-keyword)">instanceof&nbsp;</span><span style="color: var(--highlight-default)">Markup&nbsp;</span><span style="color: var(--highlight-keyword)">?&nbsp;(string)&nbsp;</span><span style="color: var(--highlight-default)">$tmp&nbsp;</span><span style="color: var(--highlight-keyword)">:&nbsp;</span><span style="color: var(--highlight-default)">$tmp</span><span style="color: var(--highlight-keyword)">))&nbsp;{</span></code></li>\n
   Γöé <li><code><span style="color: var(--highlight-keyword)">&nbsp;&nbsp;&nbsp;&nbsp;&nbsp;&nbsp;&nbsp;&nbsp;&nbsp;&nbsp;&nbsp;&nbsp;yield&nbsp;</span><span style="color: var(--highlight-default)">$this</span><span style="color: var(--highlight-keyword)">-&gt;</span><span style="color: var(--highlight-default)">env</span><span style="color: var(--highlight-keyword)">-&gt;</span><span style="color: var(--highlight-default)">getRuntime</span><span style="color: var(--highlight-keyword)">(</span><span style="color: var(--highlight-string)">'Twig\Runtime\EscaperRuntime'</span><span style="color: var(--highlight-keyword)">)-&gt;</span><span style="color: var(--highlight-default)">escape</span><span style="color: var(--highlight-keyword)">(</span><span style="color: var(--highlight-default)">$this</span><span style="color: var(--highlight-keyword)">-&gt;</span><span style="color: var(--highlight-default)">extensions</span><span style="color: var(--highlight-keyword)">[</span><span style="color: var(--highlight-string)">'Symfony\Bridge\Twig\Extension\AssetExtension'</span><span style="color: var(--highlight-keyword)">]-&gt;</span><span style="color: var(--highlight-default)">getAssetUrl</span><span style="color: var(--highlight-keyword)">(</span><span style="color: var(--highlight-default)">CoreExtension</span><span style="color: var(--highlight-keyword)">::</span><span style="color: var(--highlight-default)">getAttribute</span><span style="color: var(--highlight-keyword)">(</span><span style="color: var(--highlight-default)">$this</span><span style="color: var(--highlight-keyword)">-&gt;</span><span style="color: var(--highlight-default)">env</span><span style="color: var(--highlight-keyword)">,&nbsp;</span><span style="color: var(--highlight-default)">$this</span><span style="color: var(--highlight-keyword)">-&gt;</span><span style="color: var(--highlight-default)">source</span><span style="color: var(--highlight-keyword)">,&nbsp;(isset(</span><span style="color: var(--highlight-default)">$context</span><span style="color: var(--highlight-keyword)">[</span><span style="color: var(--highlight-string)">"user"</span><span style="color: var(--highlight-keyword)">])&nbsp;||&nbsp;</span><span style="color: var(--highlight-default)">array_key_exists</span><span style="color: var(--highlight-keyword)">(</span><span style="color: var(--highlight-string)">"user"</span><span style="color: var(--highlight-keyword)">,&nbsp;</span><span style="color: var(--highlight-default)">$context</span><span style="color: var(--highlight-keyword)">)&nbsp;?&nbsp;</span><span style="color: var(--highlight-default)">$context</span><span style="color: var(--highlight-keyword)">[</span><span style="color: var(--highlight-string)">"user"</span><span style="color: var(--highlight-keyword)">]&nbsp;:&nbsp;(function&nbsp;()&nbsp;{&nbsp;throw&nbsp;new&nbsp;</span><span style="color: var(--highlight-default)">RuntimeError</span><span style="color: var(--highlight-keyword)">(</span><span style="color: var(--highlight-string)">'Variable&nbsp;"user"&nbsp;does&nbsp;not&nbsp;exist.'</span><span style="color: var(--highlight-keyword)">,&nbsp;</span><span style="color: var(--highlight-default)">21</span><span style="color: var(--highlight-keyword)">,&nbsp;</span><span style="color: var(--highlight-default)">$this</span><span style="color: var(--highlight-keyword)">-&gt;</span><span style="color: var(--highlight-default)">source</span><span style="color: var(--highlight-keyword)">);&nbsp;})()),&nbsp;</span><span style="color: var(--highlight-string)">"imageUrl"</span><span style="color: var(--highlight-keyword)">,&nbsp;[],&nbsp;</span><span style="color: var(--highlight-string)">"any"</span><span style="color: var(--highlight-keyword)">,&nbsp;</span><span style="color: var(--highlight-default)">false</span><span style="color: var(--highlight-keyword)">,&nbsp;</span><span style="color: var(--highlight-default)">false</span><span style="color: var(--highlight-keyword)">,&nbsp;</span><span style="color: var(--highlight-default)">false</span><span style="color: var(--highlight-keyword)">,&nbsp;</span><span style="color: var(--highlight-default)">21</span><span style="color: var(--highlight-keyword)">)),&nbsp;</span><span style="color: var(--highlight-string)">"html"</span><span style="color: var(--highlight-keyword)">,&nbsp;</span><span style="color: var(--highlight-default)">null</span><span style="color: var(--highlight-keyword)">,&nbsp;</span><span style="color: var(--highlight-default)">true</span><span style="color: var(--highlight-keyword)">);</span></code></li>\n
   Γöé <li><code><span style="color: var(--highlight-keyword)">&nbsp;&nbsp;&nbsp;&nbsp;&nbsp;&nbsp;&nbsp;&nbsp;&nbsp;&nbsp;&nbsp;&nbsp;yield&nbsp;</span><span style="color: var(--highlight-default)">$this</span><span style="color: var(--highlight-keyword)">-&gt;</span><span style="color: var(--highlight-default)">env</span><span style="color: var(--highlight-keyword)">-&gt;</span><span style="color: var(--highlight-default)">getRuntime</span><span style="color: var(--highlight-keyword)">(</span><span style="color: var(--highlight-string)">'Twig\Runtime\EscaperRuntime'</span><span style="color: var(--highlight-keyword)">)-&gt;</span><span style="color: var(--highlight-default)">escape</span><span style="color: var(--highlight-keyword)">(((</span><span style="color: var(--highlight-default)">array_key_exists</span><span style="color: var(--highlight-keyword)">(</span><span style="color: var(--highlight-string)">"customClass"</span><span style="color: var(--highlight-keyword)">,&nbsp;</span><span style="color: var(--highlight-default)">$context</span><span style="color: var(--highlight-keyword)">))&nbsp;?&nbsp;(</span><span style="color: var(--highlight-default)">Twig\Extension\CoreExtension</span><span style="color: var(--highlight-keyword)">::default((isset(</span><span style="color: var(--highlight-default)">$context</span><span style="color: var(--highlight-keyword)">[</span><span style="color: var(--highlight-string)">"customClass"</span><span style="color: var(--highlight-keyword)">])&nbsp;||&nbsp;</span><span style="color: var(--highlight-default)">array_key_exists</span><span style="color: var(--highlight-keyword)">(</span><span style="color: var(--highlight-string)">"customClass"</span><span style="color: var(--highlight-keyword)">,&nbsp;</span><span style="color: var(--highlight-default)">$context</span><span style="color: var(--highlight-keyword)">)&nbsp;?&nbsp;</span><span style="color: var(--highlight-default)">$context</span><span style="color: var(--highlight-keyword)">[</span><span style="color: var(--highlight-string)">"customClass"</span><span style="color: var(--highlight-keyword)">]&nbsp;:&nbsp;(function&nbsp;()&nbsp;{&nbsp;throw&nbsp;new&nbsp;</span><span style="color: var(--highlight-default)">RuntimeError</span><span style="color: var(--highlight-keyword)">(</span><span style="color: var(--highlight-string)">'Variable&nbsp;"customClass"&nbsp;does&nbsp;not&nbsp;exist.'</span><span style="color: var(--highlight-keyword)">,&nbsp;</span><span style="color: var(--highlight-default)">21</span><span style="color: var(--highlight-keyword)">,&nbsp;</span><span style="color: var(--highlight-default)">$this</span><span style="color: var(--highlight-keyword)">-&gt;</span><span style="color: var(--highlight-default)">source</span><span style="color: var(--highlight-keyword)">);&nbsp;})()),&nbsp;</span><span style="color: var(--highlight-string)">""</span><span style="color: var(--highlight-keyword)">))&nbsp;:&nbsp;(</span><span style="color: var(--highlight-string)">""</span><span style="color: var(--highlight-keyword)">)),&nbsp;</span><span style="color: var(--highlight-string)">"html"</span><span style="color: var(--highlight-keyword)">,&nbsp;</span><span style="color: var(--highlight-default)">null</span><span style="color: var(--highlight-keyword)">,&nbsp;</span><span style="color: var(--highlight-default)">true</span><span style="color: var(--highlight-keyword)">);</span></code></li></ol>    </div>            </div>\n
   Γöé <li class="selected"><code><span style="color: var(--highlight-comment)">&nbsp;&nbsp;&nbsp;&nbsp;&nbsp;&nbsp;&nbsp;&nbsp;</span><span style="color: var(--highlight-keyword)">yield&nbsp;from&nbsp;</span><span style="color: var(--highlight-default)">$this</span><span style="color: var(--highlight-keyword)">-&gt;</span><span style="color: var(--highlight-default)">load</span><span style="color: var(--highlight-keyword)">(</span><span style="color: var(--highlight-string)">"components/_avatar.html.twig"</span><span style="color: var(--highlight-keyword)">,&nbsp;</span><span style="color: var(--highlight-default)">71</span><span style="color: var(--highlight-keyword)">)-&gt;</span><span style="color: var(--highlight-default)">unwrap</span><span style="color: var(--highlight-keyword)">()-&gt;</span><span style="color: var(--highlight-default)">yield</span><span style="color: var(--highlight-keyword)">(</span><span style="color: var(--highlight-default)">CoreExtension</span><span style="color: var(--highlight-keyword)">::</span><span style="color: var(--highlight-default)">merge</span><span style="color: var(--highlight-keyword)">(</span><span style="color: var(--highlight-default)">$context</span><span style="color: var(--highlight-keyword)">,&nbsp;[</span><span style="color: var(--highlight-string)">"user"&nbsp;</span><span style="color: var(--highlight-keyword)">=&gt;&nbsp;</span><span style="color: var(--highlight-default)">CoreExtension</span><span style="color: var(--highlight-keyword)">::</span><span style="color: var(--highlight-default)">getAttribute</span><span style="color: var(--highlight-keyword)">(</span><span style="color: var(--highlight-default)">$this</span><span style="color: var(--highlight-keyword)">-&gt;</span><span style="color: var(--highlight-default)">env</span><span style="color: var(--highlight-keyword)">,&nbsp;</span><span style="color: var(--highlight-default)">$this</span><span style="color: var(--highlight-keyword)">-&gt;</span><span style="color: var(--highlight-default)">source</span><span style="color: var(--highlight-keyword)">,&nbsp;(isset(</span><span style="color: var(--highlight-default)">$context</span><span style="color: var(--highlight-keyword)">[</span><span style="color: var(--highlight-string)">"app"</span><span style="color: var(--highlight-keyword)">])&nbsp;||&nbsp;</span><span style="color: var(--highlight-default)">array_key_exists</span><span style="color: var(--highlight-keyword)">(</span><span style="color: var(--highlight-string)">"app"</span><span style="color: var(--highlight-keyword)">,&nbsp;</span><span style="color: var(--highlight-default)">$context</span><span style="color: var(--highlight-keyword)">)&nbsp;?&nbsp;</span><span style="color: var(--highlight-default)">$context</span><span style="color: var(--highlight-keyword)">[</span><span style="color: var(--highlight-string)">"app"</span><span style="color: var(--highlight-keyword)">]&nbsp;:&nbsp;(function&nbsp;()&nbsp;{&nbsp;throw&nbsp;new&nbsp;</span><span style="color: var(--highlight-default)">RuntimeError</span><span style="color: var(--highlight-keyword)">(</span><span style="color: var(--highlight-string)">'Variable&nbsp;"app"&nbsp;does&nbsp;not&nbsp;exist.'</span><span style="color: var(--highlight-keyword)">,&nbsp;</span><span style="color: var(--highlight-default)">71</span><span style="color: var(--highlight-keyword)">,&nbsp;</span><span style="color: var(--highlight-default)">$this</span><span style="color: var(--highlight-keyword)">-&gt;</span><span style="color: var(--highlight-default)">source</span><span style="color: var(--highlight-keyword)">);&nbsp;})()),&nbsp;</span><span style="color: var(--highlight-string)">"user"</span><span style="color: var(--highlight-keyword)">,&nbsp;[],&nbsp;</span><span style="color: var(--highlight-string)">"any"</span><span style="color: var(--highlight-keyword)">,&nbsp;</span><span style="color: var(--highlight-default)">false</span><span style="color: var(--highlight-keyword)">,&nbsp;</span><span style="color: var(--highlight-default)">false</span><span style="color: var(--highlight-keyword)">,&nbsp;</span><span style="color: var(--highlight-default)">false</span><span style="color: var(--highlight-keyword)">,&nbsp;</span><span style="color: var(--highlight-default)">71</span><span style="color: var(--highlight-keyword)">),&nbsp;</span><span style="color: var(--highlight-string)">"size"&nbsp;</span><span style="color: var(--highlight-keyword)">=&gt;&nbsp;</span><span style="color: var(--highlight-string)">"100%"</span><span style="color: var(--highlight-keyword)">,&nbsp;</span><span style="color: var(--highlight-string)">"fontSize"&nbsp;</span><span style="color: var(--highlight-keyword)">=&gt;&nbsp;</span><span style="color: var(--highlight-string)">"1.2rem"</span><span style="color: var(--highlight-keyword)">]));</span></code></li>\n
   Γöé <li><code><span style="color: var(--highlight-keyword)">&nbsp;&nbsp;&nbsp;&nbsp;private&nbsp;function&nbsp;</span><span style="color: var(--highlight-default)">doRender</span><span style="color: var(--highlight-keyword)">(</span><span style="color: var(--highlight-default)">string&nbsp;$view</span><span style="color: var(--highlight-keyword)">,&nbsp;?</span><span style="color: var(--highlight-default)">string&nbsp;$block</span><span style="color: var(--highlight-keyword)">,&nbsp;array&nbsp;</span><span style="color: var(--highlight-default)">$parameters</span><span style="color: var(--highlight-keyword)">,&nbsp;?</span><span style="color: var(--highlight-default)">Response&nbsp;$response</span><span style="color: var(--highlight-keyword)">,&nbsp;</span><span style="color: var(--highlight-default)">string&nbsp;$method</span><span style="color: var(--highlight-keyword)">):&nbsp;</span><span style="color: var(--highlight-default)">Response</span></code></li>\n
   Γöé <li><code><span style="color: var(--highlight-keyword)">&nbsp;&nbsp;&nbsp;&nbsp;private&nbsp;function&nbsp;</span><span style="color: var(--highlight-default)">doRender</span><span style="color: var(--highlight-keyword)">(</span><span style="color: var(--highlight-default)">string&nbsp;$view</span><span style="color: var(--highlight-keyword)">,&nbsp;?</span><span style="color: var(--highlight-default)">string&nbsp;$block</span><span style="color: var(--highlight-keyword)">,&nbsp;array&nbsp;</span><span style="color: var(--highlight-default)">$parameters</span><span style="color: var(--highlight-keyword)">,&nbsp;?</span><span style="color: var(--highlight-default)">Response&nbsp;$response</span><span style="color: var(--highlight-keyword)">,&nbsp;</span><span style="color: var(--highlight-default)">string&nbsp;$method</span><span style="color: var(--highlight-keyword)">):&nbsp;</span><span style="color: var(--highlight-default)">Response</span></code></li>\n
   Γöé <li><code><span style="color: var(--highlight-keyword)">&nbsp;&nbsp;&nbsp;&nbsp;&nbsp;&nbsp;&nbsp;&nbsp;</span><span style="color: var(--highlight-default)">$response&nbsp;</span><span style="color: var(--highlight-keyword)">??=&nbsp;new&nbsp;</span><span style="color: var(--highlight-default)">Response</span><span style="color: var(--highlight-keyword)">();</span></code></li>\n
   Γöé <li><code><span style="color: var(--highlight-comment)">&nbsp;&nbsp;&nbsp;&nbsp;</span><span style="color: var(--highlight-keyword)">protected&nbsp;function&nbsp;</span><span style="color: var(--highlight-default)">render</span><span style="color: var(--highlight-keyword)">(</span><span style="color: var(--highlight-default)">string&nbsp;$view</span><span style="color: var(--highlight-keyword)">,&nbsp;array&nbsp;</span><span style="color: var(--highlight-default)">$parameters&nbsp;</span><span style="color: var(--highlight-keyword)">=&nbsp;[],&nbsp;?</span><span style="color: var(--highlight-default)">Response&nbsp;$response&nbsp;</span><span style="color: var(--highlight-keyword)">=&nbsp;</span><span style="color: var(--highlight-default)">null</span><span style="color: var(--highlight-keyword)">):&nbsp;</span><span style="color: var(--highlight-default)">Response</span></code></li>\n
   Γöé <li><code><span style="color: var(--highlight-keyword)">&nbsp;&nbsp;&nbsp;&nbsp;&nbsp;&nbsp;&nbsp;&nbsp;&nbsp;&nbsp;&nbsp;&nbsp;?&nbsp;</span><span style="color: var(--highlight-default)">$fermeRepository</span><span style="color: var(--highlight-keyword)">-&gt;</span><span style="color: var(--highlight-default)">findBySearchAndSort</span><span style="color: var(--highlight-keyword)">(</span><span style="color: var(--highlight-default)">$search</span><span style="color: var(--highlight-keyword)">,&nbsp;</span><span style="color: var(--highlight-default)">$sort</span><span style="color: var(--highlight-keyword)">,&nbsp;</span><span style="color: var(--highlight-default)">$direction</span><span style="color: var(--highlight-keyword)">)\r
   Γöé         var toggleClass = function(el, cssClass) { hasClass(el, cssClass) ? removeClass(el, cssClass) : addClass(el, cssClass); };\n
   Γöé                 toggle.innerHTML = currentContent !== altContent ? altContent : originalContent;\n
   Γöé                     label = i in labels ? labels[i] : value,\n
   Γöé                 option.setAttribute('title', 1 === (matches = filters.querySelectorAll('[data-filter-'+name+'="'+value+'"]').length) ? 'Matches 1 row' : 'Matches '+matches+' rows');\n
   Γöé                 localStorage.getItem('symfony/profiler/theme') || (matchMedia('(prefers-color-scheme: dark)').matches ? 'theme-dark' : 'theme-light')
   Γöé                         <script> Sfdump = window.Sfdump || (function (doc) { doc.documentElement.classList.add('sf-js-enabled'); var rxEsc = /([.*+?^${}()|\[\]\/\\])/g, idRx = /\bsf-dump-\d+-ref[012]\w+\b/, keyHint = 0 <= navigator.platform.toUpperCase().indexOf('MAC') ? 'Cmd' : 'Ctrl', addEventListener = function (e, n, cb) { e.addEventListener(n, cb, false); }; if (!doc.addEventListener) { addEventListener = function (element, eventName, callback) { element.attachEvent('on' + eventName, function (e) { e.preventDefault = function () {e.returnValue = false;}; e.target = e.srcElement; callback(e); }); }; } function toggle(a, recursive) { var s = a.nextSibling || {}, oldClass = s.className, arrow, newClass; if (/\bsf-dump-compact\b/.test(oldClass)) { arrow = '&#9660;'; newClass = 'sf-dump-expanded'; } else if (/\bsf-dump-expanded\b/.test(oldClass)) { arrow = '&#9654;'; newClass = 'sf-dump-compact'; } else { return false; } if (doc.createEvent && s.dispatchEvent) { var event = doc.createEvent('Event'); event.initEvent('sf-dump-expanded' === newClass ? 'sfbeforedumpexpand' : 'sfbeforedumpcollapse', true, false); s.dispatchEvent(event); } a.lastChild.innerHTML = arrow; s.className = s.className.replace(/\bsf-dump-(compact|expanded)\b/, newClass); if (recursive) { try { a = s.querySelectorAll('.'+oldClass); for (s = 0; s < a.length; ++s) { if (-1 == a[s].className.indexOf(newClass)) { a[s].className = newClass; a[s].previousSibling.lastChild.innerHTML = arrow; } } } catch (e) { } } return true; }; function collapse(a, recursive) { var s = a.nextSibling || {}, oldClass = s.className; if (/\bsf-dump-expanded\b/.test(oldClass)) { toggle(a, recursive); return true; } return false; }; function expand(a, recursive) { var s = a.nextSibling || {}, oldClass = s.className; if (/\bsf-dump-compact\b/.test(oldClass)) { toggle(a, recursive); return true; } return false; }; function collapseAll(root) { var a = root.querySelector('a.sf-dump-toggle'); if (a) { collapse(a, true); expand(a); return true; } return false; } function reveal(node) { var previous, parents = []; while ((node = node.parentNode || {}) && (previous = node.previousSibling) && 'A' === previous.tagName) { parents.push(previous); } if (0 !== parents.length) { parents.forEach(function (parent) { expand(parent); }); return true; } return false; } function highlight(root, activeNode, nodes) { resetHighlightedNodes(root); Array.from(nodes||[]).forEach(function (node) { if (!/\bsf-dump-highlight\b/.test(node.className)) { node.className = node.className + ' sf-dump-highlight'; } }); if (!/\bsf-dump-highlight-active\b/.test(activeNode.className)) { activeNode.className = activeNode.className + ' sf-dump-highlight-active'; } } function resetHighlightedNodes(root) { Array.from(root.querySelectorAll('.sf-dump-str, .sf-dump-key, .sf-dump-public, .sf-dump-protected, .sf-dump-private')).forEach(function (strNode) { strNode.className = strNode.className.replace(/\bsf-dump-highlight\b/, ''); strNode.className = strNode.className.replace(/\bsf-dump-highlight-active\b/, ''); }); } return function (root, x) { root = doc.getElementById(root); var indentRx = new RegExp('^('+(root.getAttribute('data-indent-pad') || ' ').replace(rxEsc, '\\$1')+')+', 'm'), options = {"maxDepth":1,"maxStringLength":160,"fileLinkFormat":false}, elt = root.getElementsByTagName('A'), len = elt.length, i = 0, s, h, t = []; while (i < len) t.push(elt[i++]); for (i in x) { options[i] = x[i]; } function a(e, f) { addEventListener(root, e, function (e, n) { if ('A' == e.target.tagName) { f(e.target, e); } else if ('A' == e.target.parentNode.tagName) { f(e.target.parentNode, e); } else { n = /\bsf-dump-ellipsis\b/.test(e.target.className) ? e.target.parentNode : e.target; if ((n = n.nextElementSibling) && 'A' == n.tagName) { if (!/\bsf-dump-toggle\b/.test(n.className)) { n = n.nextElementSibling || n; } f(n, e, true); } } }); }; function isCtrlKey(e) { return e.ctrlKey || e.metaKey; } function xpathString(str) { var parts = str.match(/[^'"]+|['"]/g).map(function (part) { if ("'" == part) { return '"\'"'; } if ('"' == part) { return "'\"'"; } return "'" + part + "'"; }); return "concat(" + parts.join(",") + ", '')"; } function xpathHasClass(className) { return "contains(concat(' ', normalize-space(@class), ' '), ' " + className +" ')"; } a('mouseover', function (a, e, c) { if (c) { e.target.style.cursor = "pointer"; } }); a('click', function (a, e, c) { if (/\bsf-dump-toggle\b/.test(a.className)) { e.preventDefault(); if (!toggle(a, isCtrlKey(e))) { var r = doc.getElementById(a.getAttribute('href').slice(1)), s = r.previousSibling, f = r.parentNode, t = a.parentNode; t.replaceChild(r, a); f.replaceChild(a, s); t.insertBefore(s, r); f = f.firstChild.nodeValue.match(indentRx); t = t.firstChild.nodeValue.match(indentRx); if (f && t && f[0] !== t[0]) { r.innerHTML = r.innerHTML.replace(new RegExp('^'+f[0].replace(rxEsc, '\\$1'), 'mg'), t[0]); } if (/\bsf-dump-compact\b/.test(r.className)) { toggle(s, isCtrlKey(e)); } } if (c) { } else if (doc.getSelection) { try { doc.getSelection().removeAllRanges(); } catch (e) { doc.getSelection().empty(); } } else { doc.selection.empty(); } } else if (/\bsf-dump-str-toggle\b/.test(a.className)) { e.preventDefault(); e = a.parentNode.parentNode; e.className = e.className.replace(/\bsf-dump-str-(expand|collapse)\b/, a.parentNode.className); } }); elt = root.getElementsByTagName('SAMP'); len = elt.length; i = 0; while (i < len) t.push(elt[i++]); len = t.length; for (i = 0; i < len; ++i) { elt = t[i]; if ('SAMP' == elt.tagName) { a = elt.previousSibling || {}; if ('A' != a.tagName) { a = doc.createElement('A'); a.className = 'sf-dump-ref'; elt.parentNode.insertBefore(a, elt); } else { a.innerHTML += ' '; } a.title = (a.title ? a.title+'\n[' : '[')+keyHint+'+click] Expand all children'; a.innerHTML += elt.className == 'sf-dump-compact' ? '<span>&#9654;</span>' : '<span>&#9660;</span>'; a.className += ' sf-dump-toggle'; x = 1; if ('sf-dump' != elt.parentNode.className) { x += elt.parentNode.getAttribute('data-depth')/1; } } else if (/\bsf-dump-ref\b/.test(elt.className) && (a = elt.getAttribute('href'))) { a = a.slice(1); elt.className += ' sf-dump-hover'; elt.className += ' '+a; if (/[\[{]$/.test(elt.previousSibling.nodeValue)) { a = a != elt.nextSibling.id && doc.getElementById(a); try { s = a.nextSibling; elt.appendChild(a); s.parentNode.insertBefore(a, s); if (/^[@#]/.test(elt.innerHTML)) { elt.innerHTML += ' <span>&#9654;</span>'; } else { elt.innerHTML = '<span>&#9654;</span>'; elt.className = 'sf-dump-ref'; } elt.className += ' sf-dump-toggle'; } catch (e) { if ('&' == elt.innerHTML.charAt(0)) { elt.innerHTML = '&#8230;'; elt.className = 'sf-dump-ref'; } } } } } if (doc.evaluate && Array.from && root.children.length > 1) { root.setAttribute('tabindex', 0); SearchState = function () { this.nodes = []; this.idx = 0; }; SearchState.prototype = { next: function () { if (this.isEmpty()) { return this.current(); } this.idx = this.idx < (this.nodes.length - 1) ? this.idx + 1 : 0; return this.current(); }, previous: function () { if (this.isEmpty()) { return this.current(); } this.idx = this.idx > 0 ? this.idx - 1 : (this.nodes.length - 1); return this.current(); }, isEmpty: function () { return 0 === this.count(); }, current: function () { if (this.isEmpty()) { return null; } return this.nodes[this.idx]; }, reset: function () { this.nodes = []; this.idx = 0; }, count: function () { return this.nodes.length; }, }; function showCurrent(state) { var currentNode = state.current(), currentRect, searchRect; if (currentNode) { reveal(currentNode); highlight(root, currentNode, state.nodes); if ('scrollIntoView' in currentNode) { currentNode.scrollIntoView(true); currentRect = currentNode.getBoundingClientRect(); searchRect = search.getBoundingClientRect(); if (currentRect.top < (searchRect.top + searchRect.height)) { window.scrollBy(0, -(searchRect.top + searchRect.height + 5)); } } } counter.textContent = (state.isEmpty() ? 0 : state.idx + 1) + ' of ' + state.count(); } var search = doc.createElement('div'); search.className = 'sf-dump-search-wrapper sf-dump-search-hidden'; search.innerHTML = ' <input type="text" class="sf-dump-search-input"> <span class="sf-dump-search-count">0 of 0<\/span> <button type="button" class="sf-dump-search-input-previous" tabindex="-1"> <svg viewBox="0 0 1792 1792" xmlns="http://www.w3.org/2000/svg"><path d="M1683 1331l-166 165q-19 19-45 19t-45-19L896 965l-531 531q-19 19-45 19t-45-19l-166-165q-19-19-19-45.5t19-45.5l742-741q19-19 45-19t45 19l742 741q19 19 19 45.5t-19 45.5z"\/><\/svg> <\/button> <button type="button" class="sf-dump-search-input-next" tabindex="-1"> <svg viewBox="0 0 1792 1792" xmlns="http://www.w3.org/2000/svg"><path d="M1683 808l-742 741q-19 19-45 19t-45-19L109 808q-19-19-19-45.5t19-45.5l166-165q19-19 45-19t45 19l531 531 531-531q19-19 45-19t45 19l166 165q19 19 19 45.5t-19 45.5z"\/><\/svg> <\/button> '; root.insertBefore(search, root.firstChild); var state = new SearchState(); var searchInput = search.querySelector('.sf-dump-search-input'); var counter = search.querySelector('.sf-dump-search-count'); var searchInputTimer = 0; var previousSearchQuery = ''; addEventListener(searchInput, 'keyup', function (e) { var searchQuery = e.target.value; /* Don't perform anything if the pressed key didn't change the query */ if (searchQuery === previousSearchQuery) { return; } previousSearchQuery = searchQuery; clearTimeout(searchInputTimer); searchInputTimer = setTimeout(function () { state.reset(); collapseAll(root); resetHighlightedNodes(root); if ('' === searchQuery) { counter.textContent = '0 of 0'; return; } var classMatches = [ "sf-dump-str", "sf-dump-key", "sf-dump-public", "sf-dump-protected", "sf-dump-private", ].map(xpathHasClass).join(' or '); var xpathResult = doc.evaluate('.//span[' + classMatches + '][contains(translate(child::text(), ' + xpathString(searchQuery.toUpperCase()) + ', ' + xpathString(searchQuery.toLowerCase()) + '), ' + xpathString(searchQuery.toLowerCase()) + ')]', root, null, XPathResult.ORDERED_NODE_ITERATOR_TYPE, null); while (node = xpathResult.iterateNext()) state.nodes.push(node); showCurrent(state); }, 400); }); Array.from(search.querySelectorAll('.sf-dump-search-input-next, .sf-dump-search-input-previous')).forEach(function (btn) { addEventListener(btn, 'click', function (e) { e.preventDefault(); -1 !== e.target.className.indexOf('next') ? state.next() : state.previous(); searchInput.focus(); collapseAll(root); showCurrent(state); }) }); addEventListener(root, 'keydown', function (e) { var isSearchActive = !/\bsf-dump-search-hidden\b/.test(search.className); if ((114 === e.keyCode && !isSearchActive) || (isCtrlKey(e) && 70 === e.keyCode)) { /* F3 or CMD/CTRL + F */ if (70 === e.keyCode && document.activeElement === searchInput) { /* * If CMD/CTRL + F is hit while having focus on search input, * the user probably meant to trigger browser search instead. * Let the browser execute its behavior: */ return; } e.preventDefault(); search.className = search.className.replace(/\bsf-dump-search-hidden\b/, ''); searchInput.focus(); } else if (isSearchActive) { if (27 === e.keyCode) { /* ESC key */ search.className += ' sf-dump-search-hidden'; e.preventDefault(); resetHighlightedNodes(root); searchInput.value = ''; } else if ( (isCtrlKey(e) && 71 === e.keyCode) /* CMD/CTRL + G */ || 13 === e.keyCode /* Enter */ || 114 === e.keyCode /* F3 */ ) { e.preventDefault(); e.shiftKey ? state.previous() : state.next(); collapseAll(root); showCurrent(state); } } }); } if (0 >= options.maxStringLength) { return; } try { elt = root.querySelectorAll('.sf-dump-str'); len = elt.length; i = 0; t = []; while (i < len) t.push(elt[i++]); len = t.length; for (i = 0; i < len; ++i) { elt = t[i]; s = elt.innerText || elt.textContent; x = s.length - options.maxStringLength; if (0 < x) { h = elt.innerHTML; elt[elt.innerText ? 'innerText' : 'textContent'] = s.substring(0, options.maxStringLength); elt.className += ' sf-dump-str-collapse'; elt.innerHTML = '<span class=sf-dump-str-collapse>'+h+'<a class="sf-dump-ref sf-dump-str-toggle" title="Collapse"> &#9664;</a></span>'+ '<span class=sf-dump-str-expand>'+elt.innerHTML+'<a class="sf-dump-ref sf-dump-str-toggle" title="'+x+' remaining characters"> &#9654;</a></span>'; } } } catch (e) { } }; })(document); </script><style> .sf-js-enabled pre.sf-dump .sf-dump-compact, .sf-js-enabled .sf-dump-str-collapse .sf-dump-str-collapse, .sf-js-enabled .sf-dump-str-expand .sf-dump-str-expand { display: none; } .sf-dump-hover:hover { background-color: #B729D9; color: #FFF !important; border-radius: 2px; } pre.sf-dump { display: block; white-space: pre; padding: 5px; overflow: initial !important; } pre.sf-dump:after { content: ""; visibility: hidden; display: block; height: 0; clear: both; } pre.sf-dump .sf-dump-ellipsization { display: inline-flex; } pre.sf-dump a { text-decoration: none; cursor: pointer; border: 0; outline: none; color: inherit; } pre.sf-dump img { max-width: 50em; max-height: 50em; margin: .5em 0 0 0; padding: 0; background: url(data:image/png;base64,iVBORw0KGgoAAAANSUhEUgAAABAAAAAQCAAAAAA6mKC9AAAAHUlEQVQY02O8zAABilCaiQEN0EeA8QuUcX9g3QEAAjcC5piyhyEAAAAASUVORK5CYII=) #D3D3D3; } pre.sf-dump .sf-dump-ellipsis { text-overflow: ellipsis; white-space: nowrap; overflow: hidden; } pre.sf-dump .sf-dump-ellipsis-tail { flex-shrink: 0; } pre.sf-dump code { display:inline; padding:0; background:none; } .sf-dump-public.sf-dump-highlight, .sf-dump-protected.sf-dump-highlight, .sf-dump-private.sf-dump-highlight, .sf-dump-str.sf-dump-highlight, .sf-dump-key.sf-dump-highlight { background: rgba(111, 172, 204, 0.3); border: 1px solid #7DA0B1; border-radius: 3px; } .sf-dump-public.sf-dump-highlight-active, .sf-dump-protected.sf-dump-highlight-active, .sf-dump-private.sf-dump-highlight-active, .sf-dump-str.sf-dump-highlight-active, .sf-dump-key.sf-dump-highlight-active { background: rgba(253, 175, 0, 0.4); border: 1px solid #ffa500; border-radius: 3px; } pre.sf-dump .sf-dump-search-hidden { display: none !important; } pre.sf-dump .sf-dump-search-wrapper { font-size: 0; white-space: nowrap; margin-bottom: 5px; display: flex; position: -webkit-sticky; position: sticky; top: 5px; } pre.sf-dump .sf-dump-search-wrapper > * { vertical-align: top; box-sizing: border-box; height: 21px; font-weight: normal; border-radius: 0; background: #FFF; color: #757575; border: 1px solid #BBB; } pre.sf-dump .sf-dump-search-wrapper > input.sf-dump-search-input { padding: 3px; height: 21px; font-size: 12px; border-right: none; border-top-left-radius: 3px; border-bottom-left-radius: 3px; color: #000; min-width: 15px; width: 100%; } pre.sf-dump .sf-dump-search-wrapper > .sf-dump-search-input-next, pre.sf-dump .sf-dump-search-wrapper > .sf-dump-search-input-previous { background: #F2F2F2; outline: none; border-left: none; font-size: 0; line-height: 0; } pre.sf-dump .sf-dump-search-wrapper > .sf-dump-search-input-next { border-top-right-radius: 3px; border-bottom-right-radius: 3px; } pre.sf-dump .sf-dump-search-wrapper > .sf-dump-search-input-next > svg, pre.sf-dump .sf-dump-search-wrapper > .sf-dump-search-input-previous > svg { pointer-events: none; width: 12px; height: 12px; } pre.sf-dump .sf-dump-search-wrapper > .sf-dump-search-count { display: inline-block; padding: 0 5px; margin: 0; border-left: none; line-height: 21px; font-size: 12px; }pre.sf-dump, pre.sf-dump .sf-dump-default{background:none; color:#CC7832; line-height:1.2em; font:12px Menlo, Monaco, Consolas, monospace; word-wrap: break-word; white-space: pre-wrap; position:relative; z-index:99999; word-break: break-all}pre.sf-dump .sf-dump-num{font-weight:bold; color:#1299DA}pre.sf-dump .sf-dump-const{font-weight:bold}pre.sf-dump .sf-dump-str{font-weight:bold; color:#629755;}pre.sf-dump .sf-dump-note{color:#6897BB}pre.sf-dump .sf-dump-ref{color:#6E6E6E}pre.sf-dump .sf-dump-public{color:#262626}pre.sf-dump .sf-dump-protected{color:#262626}pre.sf-dump .sf-dump-private{color:#262626}pre.sf-dump .sf-dump-meta{color:#B729D9}pre.sf-dump .sf-dump-key{color:#789339}pre.sf-dump .sf-dump-index{color:#1299DA}pre.sf-dump .sf-dump-ellipsis{color:#CC7832}pre.sf-dump .sf-dump-ns{user-select:none;}pre.sf-dump .sf-dump-ellipsis-note{color:#6897BB}</style><pre class=sf-dump id=sf-dump-1310775392 data-indent-pad="  "><span class=sf-dump-note>Twig\Error\RuntimeError</span> {<a class=sf-dump-ref>#2109</a><samp data-depth=1 class=sf-dump-expanded>
   Γöé       <span class=sf-dump-str title="8805 characters">            &lt;label for=&quot;password&quot;&gt;Mot de passe &lt;a href=&quot;{{ path(&#039;app_forgot_password&#039;) }}&quot;&gt;Mot de passe oubli&#233; ?&lt;/a&gt;&lt;/label&gt;<span class="sf-dump-default sf-dump-ns">\r\n</span></span>
   Γöé       <span class=sf-dump-str title="8805 characters">                    &lt;img src=&quot;{{ path(&#039;captcha_image&#039;) }}?t={{ &#039;now&#039;|date(&#039;U&#039;) }}&quot; alt=&quot;CAPTCHA&quot; id=&quot;captchaImage&quot; class=&quot;captcha-img&quot;&gt;<span class="sf-dump-default sf-dump-ns">\r\n</span></span>
   Γöé       <span class=sf-dump-str title="8805 characters">        Pas encore de compte ? &lt;a href=&quot;{{ path(&#039;app_signup&#039;) }}&quot;&gt;S&#039;inscrire&lt;/a&gt;<span class="sf-dump-default sf-dump-ns">\r\n</span></span>
   Γöé       <span class=sf-dump-str title="8805 characters">            captchaImg.src = &#039;{{ path(&quot;captcha_image&quot;) }}?t=&#039; + Date.now();<span class="sf-dump-default sf-dump-ns">\r\n</span></span>
   Γöé <li><code><span style="color: var(--highlight-keyword)">&nbsp;&nbsp;&nbsp;&nbsp;private&nbsp;function&nbsp;</span><span style="color: var(--highlight-default)">doRender</span><span style="color: var(--highlight-keyword)">(</span><span style="color: var(--highlight-default)">string&nbsp;$view</span><span style="color: var(--highlight-keyword)">,&nbsp;?</span><span style="color: var(--highlight-default)">string&nbsp;$block</span><span style="color: var(--highlight-keyword)">,&nbsp;array&nbsp;</span><span style="color: var(--highlight-default)">$parameters</span><span style="color: var(--highlight-keyword)">,&nbsp;?</span><span style="color: var(--highlight-default)">Response&nbsp;$response</span><span style="color: var(--highlight-keyword)">,&nbsp;</span><span style="color: var(--highlight-default)">string&nbsp;$method</span><span style="color: var(--highlight-keyword)">):&nbsp;</span><span style="color: var(--highlight-default)">Response</span></code></li>
   Γöé <li><code><span style="color: var(--highlight-keyword)">&nbsp;&nbsp;&nbsp;&nbsp;private&nbsp;function&nbsp;</span><span style="color: var(--highlight-default)">doRender</span><span style="color: var(--highlight-keyword)">(</span><span style="color: var(--highlight-default)">string&nbsp;$view</span><span style="color: var(--highlight-keyword)">,&nbsp;?</span><span style="color: var(--highlight-default)">string&nbsp;$block</span><span style="color: var(--highlight-keyword)">,&nbsp;array&nbsp;</span><span style="color: var(--highlight-default)">$parameters</span><span style="color: var(--highlight-keyword)">,&nbsp;?</span><span style="color: var(--highlight-default)">Response&nbsp;$response</span><span style="color: var(--highlight-keyword)">,&nbsp;</span><span style="color: var(--highlight-default)">string&nbsp;$method</span><span style="color: var(--highlight-keyword)">):&nbsp;</span><span style="color: var(--highlight-default)">Response</span></code></li>
   Γöé <li><code><span style="color: var(--highlight-keyword)">&nbsp;&nbsp;&nbsp;&nbsp;&nbsp;&nbsp;&nbsp;&nbsp;</span><span style="color: var(--highlight-default)">$response&nbsp;</span><span style="color: var(--highlight-keyword)">??=&nbsp;new&nbsp;</span><span style="color: var(--highlight-default)">Response</span><span style="color: var(--highlight-keyword)">();</span></code></li>
   Γöé <li><code><span style="color: var(--highlight-comment)">&nbsp;&nbsp;&nbsp;&nbsp;</span><span style="color: var(--highlight-keyword)">protected&nbsp;function&nbsp;</span><span style="color: var(--highlight-default)">render</span><span style="color: var(--highlight-keyword)">(</span><span style="color: var(--highlight-default)">string&nbsp;$view</span><span style="color: var(--highlight-keyword)">,&nbsp;array&nbsp;</span><span style="color: var(--highlight-default)">$parameters&nbsp;</span><span style="color: var(--highlight-keyword)">=&nbsp;[],&nbsp;?</span><span style="color: var(--highlight-default)">Response&nbsp;$response&nbsp;</span><span style="color: var(--highlight-keyword)">=&nbsp;</span><span style="color: var(--highlight-default)">null</span><span style="color: var(--highlight-keyword)">):&nbsp;</span><span style="color: var(--highlight-default)">Response</span></code></li>
   Γöé <li><code><span style="color: var(--highlight-keyword)">&nbsp;&nbsp;&nbsp;&nbsp;private&nbsp;function&nbsp;</span><span style="color: var(--highlight-default)">doRender</span><span style="color: var(--highlight-keyword)">(</span><span style="color: var(--highlight-default)">string&nbsp;$view</span><span style="color: var(--highlight-keyword)">,&nbsp;?</span><span style="color: var(--highlight-default)">string&nbsp;$block</span><span style="color: var(--highlight-keyword)">,&nbsp;array&nbsp;</span><span style="color: var(--highlight-default)">$parameters</span><span style="color: var(--highlight-keyword)">,&nbsp;?</span><span style="color: var(--highlight-default)">Response&nbsp;$response</span><span style="color: var(--highlight-keyword)">,&nbsp;</span><span style="color: var(--highlight-default)">string&nbsp;$method</span><span style="color: var(--highlight-keyword)">):&nbsp;</span><span style="color: var(--highlight-default)">Response</span></code></li>
   Γöé <li><code><span style="color: var(--highlight-keyword)">&nbsp;&nbsp;&nbsp;&nbsp;private&nbsp;function&nbsp;</span><span style="color: var(--highlight-default)">doRender</span><span style="color: var(--highlight-keyword)">(</span><span style="color: var(--highlight-default)">string&nbsp;$view</span><span style="color: var(--highlight-keyword)">,&nbsp;?</span><span style="color: var(--highlight-default)">string&nbsp;$block</span><span style="color: var(--highlight-keyword)">,&nbsp;array&nbsp;</span><span style="color: var(--highlight-default)">$parameters</span><span style="color: var(--highlight-keyword)">,&nbsp;?</span><span style="color: var(--highlight-default)">Response&nbsp;$response</span><span style="color: var(--highlight-keyword)">,&nbsp;</span><span style="color: var(--highlight-default)">string&nbsp;$method</span><span style="color: var(--highlight-keyword)">):&nbsp;</span><span style="color: var(--highlight-default)">Response</span></code></li>
   Γöé <li><code><span style="color: var(--highlight-keyword)">&nbsp;&nbsp;&nbsp;&nbsp;&nbsp;&nbsp;&nbsp;&nbsp;</span><span style="color: var(--highlight-default)">$response&nbsp;</span><span style="color: var(--highlight-keyword)">??=&nbsp;new&nbsp;</span><span style="color: var(--highlight-default)">Response</span><span style="color: var(--highlight-keyword)">();</span></code></li>
   Γöé <li><code><span style="color: var(--highlight-comment)">&nbsp;&nbsp;&nbsp;&nbsp;</span><span style="color: var(--highlight-keyword)">protected&nbsp;function&nbsp;</span><span style="color: var(--highlight-default)">render</span><span style="color: var(--highlight-keyword)">(</span><span style="color: var(--highlight-default)">string&nbsp;$view</span><span style="color: var(--highlight-keyword)">,&nbsp;array&nbsp;</span><span style="color: var(--highlight-default)">$parameters&nbsp;</span><span style="color: var(--highlight-keyword)">=&nbsp;[],&nbsp;?</span><span style="color: var(--highlight-default)">Response&nbsp;$response&nbsp;</span><span style="color: var(--highlight-keyword)">=&nbsp;</span><span style="color: var(--highlight-default)">null</span><span style="color: var(--highlight-keyword)">):&nbsp;</span><span style="color: var(--highlight-default)">Response</span></code></li>
   Γöé         var toggleClass = function(el, cssClass) { hasClass(el, cssClass) ? removeClass(el, cssClass) : addClass(el, cssClass); };
   Γöé                 toggle.innerHTML = currentContent !== altContent ? altContent : originalContent;
   Γöé                     label = i in labels ? labels[i] : value,
   Γöé                 option.setAttribute('title', 1 === (matches = filters.querySelectorAll('[data-filter-'+name+'="'+value+'"]').length) ? 'Matches 1 row' : 'Matches '+matches+' rows');
   Γöé                 localStorage.getItem('symfony/profiler/theme') || (matchMedia('(prefers-color-scheme: dark)').matches ? 'theme-dark' : 'theme-light')
   Γöé                         <script> Sfdump = window.Sfdump || (function (doc) { doc.documentElement.classList.add('sf-js-enabled'); var rxEsc = /([.*+?^${}()|\[\]\/\\])/g, idRx = /\bsf-dump-\d+-ref[012]\w+\b/, keyHint = 0 <= navigator.platform.toUpperCase().indexOf('MAC') ? 'Cmd' : 'Ctrl', addEventListener = function (e, n, cb) { e.addEventListener(n, cb, false); }; if (!doc.addEventListener) { addEventListener = function (element, eventName, callback) { element.attachEvent('on' + eventName, function (e) { e.preventDefault = function () {e.returnValue = false;}; e.target = e.srcElement; callback(e); }); }; } function toggle(a, recursive) { var s = a.nextSibling || {}, oldClass = s.className, arrow, newClass; if (/\bsf-dump-compact\b/.test(oldClass)) { arrow = '&#9660;'; newClass = 'sf-dump-expanded'; } else if (/\bsf-dump-expanded\b/.test(oldClass)) { arrow = '&#9654;'; newClass = 'sf-dump-compact'; } else { return false; } if (doc.createEvent && s.dispatchEvent) { var event = doc.createEvent('Event'); event.initEvent('sf-dump-expanded' === newClass ? 'sfbeforedumpexpand' : 'sfbeforedumpcollapse', true, false); s.dispatchEvent(event); } a.lastChild.innerHTML = arrow; s.className = s.className.replace(/\bsf-dump-(compact|expanded)\b/, newClass); if (recursive) { try { a = s.querySelectorAll('.'+oldClass); for (s = 0; s < a.length; ++s) { if (-1 == a[s].className.indexOf(newClass)) { a[s].className = newClass; a[s].previousSibling.lastChild.innerHTML = arrow; } } } catch (e) { } } return true; }; function collapse(a, recursive) { var s = a.nextSibling || {}, oldClass = s.className; if (/\bsf-dump-expanded\b/.test(oldClass)) { toggle(a, recursive); return true; } return false; }; function expand(a, recursive) { var s = a.nextSibling || {}, oldClass = s.className; if (/\bsf-dump-compact\b/.test(oldClass)) { toggle(a, recursive); return true; } return false; }; function collapseAll(root) { var a = root.querySelector('a.sf-dump-toggle'); if (a) { collapse(a, true); expand(a); return true; } return false; } function reveal(node) { var previous, parents = []; while ((node = node.parentNode || {}) && (previous = node.previousSibling) && 'A' === previous.tagName) { parents.push(previous); } if (0 !== parents.length) { parents.forEach(function (parent) { expand(parent); }); return true; } return false; } function highlight(root, activeNode, nodes) { resetHighlightedNodes(root); Array.from(nodes||[]).forEach(function (node) { if (!/\bsf-dump-highlight\b/.test(node.className)) { node.className = node.className + ' sf-dump-highlight'; } }); if (!/\bsf-dump-highlight-active\b/.test(activeNode.className)) { activeNode.className = activeNode.className + ' sf-dump-highlight-active'; } } function resetHighlightedNodes(root) { Array.from(root.querySelectorAll('.sf-dump-str, .sf-dump-key, .sf-dump-public, .sf-dump-protected, .sf-dump-private')).forEach(function (strNode) { strNode.className = strNode.className.replace(/\bsf-dump-highlight\b/, ''); strNode.className = strNode.className.replace(/\bsf-dump-highlight-active\b/, ''); }); } return function (root, x) { root = doc.getElementById(root); var indentRx = new RegExp('^('+(root.getAttribute('data-indent-pad') || ' ').replace(rxEsc, '\\$1')+')+', 'm'), options = {"maxDepth":1,"maxStringLength":160,"fileLinkFormat":false}, elt = root.getElementsByTagName('A'), len = elt.length, i = 0, s, h, t = []; while (i < len) t.push(elt[i++]); for (i in x) { options[i] = x[i]; } function a(e, f) { addEventListener(root, e, function (e, n) { if ('A' == e.target.tagName) { f(e.target, e); } else if ('A' == e.target.parentNode.tagName) { f(e.target.parentNode, e); } else { n = /\bsf-dump-ellipsis\b/.test(e.target.className) ? e.target.parentNode : e.target; if ((n = n.nextElementSibling) && 'A' == n.tagName) { if (!/\bsf-dump-toggle\b/.test(n.className)) { n = n.nextElementSibling || n; } f(n, e, true); } } }); }; function isCtrlKey(e) { return e.ctrlKey || e.metaKey; } function xpathString(str) { var parts = str.match(/[^'"]+|['"]/g).map(function (part) { if ("'" == part) { return '"\'"'; } if ('"' == part) { return "'\"'"; } return "'" + part + "'"; }); return "concat(" + parts.join(",") + ", '')"; } function xpathHasClass(className) { return "contains(concat(' ', normalize-space(@class), ' '), ' " + className +" ')"; } a('mouseover', function (a, e, c) { if (c) { e.target.style.cursor = "pointer"; } }); a('click', function (a, e, c) { if (/\bsf-dump-toggle\b/.test(a.className)) { e.preventDefault(); if (!toggle(a, isCtrlKey(e))) { var r = doc.getElementById(a.getAttribute('href').slice(1)), s = r.previousSibling, f = r.parentNode, t = a.parentNode; t.replaceChild(r, a); f.replaceChild(a, s); t.insertBefore(s, r); f = f.firstChild.nodeValue.match(indentRx); t = t.firstChild.nodeValue.match(indentRx); if (f && t && f[0] !== t[0]) { r.innerHTML = r.innerHTML.replace(new RegExp('^'+f[0].replace(rxEsc, '\\$1'), 'mg'), t[0]); } if (/\bsf-dump-compact\b/.test(r.className)) { toggle(s, isCtrlKey(e)); } } if (c) { } else if (doc.getSelection) { try { doc.getSelection().removeAllRanges(); } catch (e) { doc.getSelection().empty(); } } else { doc.selection.empty(); } } else if (/\bsf-dump-str-toggle\b/.test(a.className)) { e.preventDefault(); e = a.parentNode.parentNode; e.className = e.className.replace(/\bsf-dump-str-(expand|collapse)\b/, a.parentNode.className); } }); elt = root.getElementsByTagName('SAMP'); len = elt.length; i = 0; while (i < len) t.push(elt[i++]); len = t.length; for (i = 0; i < len; ++i) { elt = t[i]; if ('SAMP' == elt.tagName) { a = elt.previousSibling || {}; if ('A' != a.tagName) { a = doc.createElement('A'); a.className = 'sf-dump-ref'; elt.parentNode.insertBefore(a, elt); } else { a.innerHTML += ' '; } a.title = (a.title ? a.title+'\n[' : '[')+keyHint+'+click] Expand all children'; a.innerHTML += elt.className == 'sf-dump-compact' ? '<span>&#9654;</span>' : '<span>&#9660;</span>'; a.className += ' sf-dump-toggle'; x = 1; if ('sf-dump' != elt.parentNode.className) { x += elt.parentNode.getAttribute('data-depth')/1; } } else if (/\bsf-dump-ref\b/.test(elt.className) && (a = elt.getAttribute('href'))) { a = a.slice(1); elt.className += ' sf-dump-hover'; elt.className += ' '+a; if (/[\[{]$/.test(elt.previousSibling.nodeValue)) { a = a != elt.nextSibling.id && doc.getElementById(a); try { s = a.nextSibling; elt.appendChild(a); s.parentNode.insertBefore(a, s); if (/^[@#]/.test(elt.innerHTML)) { elt.innerHTML += ' <span>&#9654;</span>'; } else { elt.innerHTML = '<span>&#9654;</span>'; elt.className = 'sf-dump-ref'; } elt.className += ' sf-dump-toggle'; } catch (e) { if ('&' == elt.innerHTML.charAt(0)) { elt.innerHTML = '&#8230;'; elt.className = 'sf-dump-ref'; } } } } } if (doc.evaluate && Array.from && root.children.length > 1) { root.setAttribute('tabindex', 0); SearchState = function () { this.nodes = []; this.idx = 0; }; SearchState.prototype = { next: function () { if (this.isEmpty()) { return this.current(); } this.idx = this.idx < (this.nodes.length - 1) ? this.idx + 1 : 0; return this.current(); }, previous: function () { if (this.isEmpty()) { return this.current(); } this.idx = this.idx > 0 ? this.idx - 1 : (this.nodes.length - 1); return this.current(); }, isEmpty: function () { return 0 === this.count(); }, current: function () { if (this.isEmpty()) { return null; } return this.nodes[this.idx]; }, reset: function () { this.nodes = []; this.idx = 0; }, count: function () { return this.nodes.length; }, }; function showCurrent(state) { var currentNode = state.current(), currentRect, searchRect; if (currentNode) { reveal(currentNode); highlight(root, currentNode, state.nodes); if ('scrollIntoView' in currentNode) { currentNode.scrollIntoView(true); currentRect = currentNode.getBoundingClientRect(); searchRect = search.getBoundingClientRect(); if (currentRect.top < (searchRect.top + searchRect.height)) { window.scrollBy(0, -(searchRect.top + searchRect.height + 5)); } } } counter.textContent = (state.isEmpty() ? 0 : state.idx + 1) + ' of ' + state.count(); } var search = doc.createElement('div'); search.className = 'sf-dump-search-wrapper sf-dump-search-hidden'; search.innerHTML = ' <input type="text" class="sf-dump-search-input"> <span class="sf-dump-search-count">0 of 0<\/span> <button type="button" class="sf-dump-search-input-previous" tabindex="-1"> <svg viewBox="0 0 1792 1792" xmlns="http://www.w3.org/2000/svg"><path d="M1683 1331l-166 165q-19 19-45 19t-45-19L896 965l-531 531q-19 19-45 19t-45-19l-166-165q-19-19-19-45.5t19-45.5l742-741q19-19 45-19t45 19l742 741q19 19 19 45.5t-19 45.5z"\/><\/svg> <\/button> <button type="button" class="sf-dump-search-input-next" tabindex="-1"> <svg viewBox="0 0 1792 1792" xmlns="http://www.w3.org/2000/svg"><path d="M1683 808l-742 741q-19 19-45 19t-45-19L109 808q-19-19-19-45.5t19-45.5l166-165q19-19 45-19t45 19l531 531 531-531q19-19 45-19t45 19l166 165q19 19 19 45.5t-19 45.5z"\/><\/svg> <\/button> '; root.insertBefore(search, root.firstChild); var state = new SearchState(); var searchInput = search.querySelector('.sf-dump-search-input'); var counter = search.querySelector('.sf-dump-search-count'); var searchInputTimer = 0; var previousSearchQuery = ''; addEventListener(searchInput, 'keyup', function (e) { var searchQuery = e.target.value; /* Don't perform anything if the pressed key didn't change the query */ if (searchQuery === previousSearchQuery) { return; } previousSearchQuery = searchQuery; clearTimeout(searchInputTimer); searchInputTimer = setTimeout(function () { state.reset(); collapseAll(root); resetHighlightedNodes(root); if ('' === searchQuery) { counter.textContent = '0 of 0'; return; } var classMatches = [ "sf-dump-str", "sf-dump-key", "sf-dump-public", "sf-dump-protected", "sf-dump-private", ].map(xpathHasClass).join(' or '); var xpathResult = doc.evaluate('.//span[' + classMatches + '][contains(translate(child::text(), ' + xpathString(searchQuery.toUpperCase()) + ', ' + xpathString(searchQuery.toLowerCase()) + '), ' + xpathString(searchQuery.toLowerCase()) + ')]', root, null, XPathResult.ORDERED_NODE_ITERATOR_TYPE, null); while (node = xpathResult.iterateNext()) state.nodes.push(node); showCurrent(state); }, 400); }); Array.from(search.querySelectorAll('.sf-dump-search-input-next, .sf-dump-search-input-previous')).forEach(function (btn) { addEventListener(btn, 'click', function (e) { e.preventDefault(); -1 !== e.target.className.indexOf('next') ? state.next() : state.previous(); searchInput.focus(); collapseAll(root); showCurrent(state); }) }); addEventListener(root, 'keydown', function (e) { var isSearchActive = !/\bsf-dump-search-hidden\b/.test(search.className); if ((114 === e.keyCode && !isSearchActive) || (isCtrlKey(e) && 70 === e.keyCode)) { /* F3 or CMD/CTRL + F */ if (70 === e.keyCode && document.activeElement === searchInput) { /* * If CMD/CTRL + F is hit while having focus on search input, * the user probably meant to trigger browser search instead. * Let the browser execute its behavior: */ return; } e.preventDefault(); search.className = search.className.replace(/\bsf-dump-search-hidden\b/, ''); searchInput.focus(); } else if (isSearchActive) { if (27 === e.keyCode) { /* ESC key */ search.className += ' sf-dump-search-hidden'; e.preventDefault(); resetHighlightedNodes(root); searchInput.value = ''; } else if ( (isCtrlKey(e) && 71 === e.keyCode) /* CMD/CTRL + G */ || 13 === e.keyCode /* Enter */ || 114 === e.keyCode /* F3 */ ) { e.preventDefault(); e.shiftKey ? state.previous() : state.next(); collapseAll(root); showCurrent(state); } } }); } if (0 >= options.maxStringLength) { return; } try { elt = root.querySelectorAll('.sf-dump-str'); len = elt.length; i = 0; t = []; while (i < len) t.push(elt[i++]); len = t.length; for (i = 0; i < len; ++i) { elt = t[i]; s = elt.innerText || elt.textContent; x = s.length - options.maxStringLength; if (0 < x) { h = elt.innerHTML; elt[elt.innerText ? 'innerText' : 'textContent'] = s.substring(0, options.maxStringLength); elt.className += ' sf-dump-str-collapse'; elt.innerHTML = '<span class=sf-dump-str-collapse>'+h+'<a class="sf-dump-ref sf-dump-str-toggle" title="Collapse"> &#9664;</a></span>'+ '<span class=sf-dump-str-expand>'+elt.innerHTML+'<a class="sf-dump-ref sf-dump-str-toggle" title="'+x+' remaining characters"> &#9654;</a></span>'; } } } catch (e) { } }; })(document); </script><style> .sf-js-enabled pre.sf-dump .sf-dump-compact, .sf-js-enabled .sf-dump-str-collapse .sf-dump-str-collapse, .sf-js-enabled .sf-dump-str-expand .sf-dump-str-expand { display: none; } .sf-dump-hover:hover { background-color: #B729D9; color: #FFF !important; border-radius: 2px; } pre.sf-dump { display: block; white-space: pre; padding: 5px; overflow: initial !important; } pre.sf-dump:after { content: ""; visibility: hidden; display: block; height: 0; clear: both; } pre.sf-dump .sf-dump-ellipsization { display: inline-flex; } pre.sf-dump a { text-decoration: none; cursor: pointer; border: 0; outline: none; color: inherit; } pre.sf-dump img { max-width: 50em; max-height: 50em; margin: .5em 0 0 0; padding: 0; background: url(data:image/png;base64,iVBORw0KGgoAAAANSUhEUgAAABAAAAAQCAAAAAA6mKC9AAAAHUlEQVQY02O8zAABilCaiQEN0EeA8QuUcX9g3QEAAjcC5piyhyEAAAAASUVORK5CYII=) #D3D3D3; } pre.sf-dump .sf-dump-ellipsis { text-overflow: ellipsis; white-space: nowrap; overflow: hidden; } pre.sf-dump .sf-dump-ellipsis-tail { flex-shrink: 0; } pre.sf-dump code { display:inline; padding:0; background:none; } .sf-dump-public.sf-dump-highlight, .sf-dump-protected.sf-dump-highlight, .sf-dump-private.sf-dump-highlight, .sf-dump-str.sf-dump-highlight, .sf-dump-key.sf-dump-highlight { background: rgba(111, 172, 204, 0.3); border: 1px solid #7DA0B1; border-radius: 3px; } .sf-dump-public.sf-dump-highlight-active, .sf-dump-protected.sf-dump-highlight-active, .sf-dump-private.sf-dump-highlight-active, .sf-dump-str.sf-dump-highlight-active, .sf-dump-key.sf-dump-highlight-active { background: rgba(253, 175, 0, 0.4); border: 1px solid #ffa500; border-radius: 3px; } pre.sf-dump .sf-dump-search-hidden { display: none !important; } pre.sf-dump .sf-dump-search-wrapper { font-size: 0; white-space: nowrap; margin-bottom: 5px; display: flex; position: -webkit-sticky; position: sticky; top: 5px; } pre.sf-dump .sf-dump-search-wrapper > * { vertical-align: top; box-sizing: border-box; height: 21px; font-weight: normal; border-radius: 0; background: #FFF; color: #757575; border: 1px solid #BBB; } pre.sf-dump .sf-dump-search-wrapper > input.sf-dump-search-input { padding: 3px; height: 21px; font-size: 12px; border-right: none; border-top-left-radius: 3px; border-bottom-left-radius: 3px; color: #000; min-width: 15px; width: 100%; } pre.sf-dump .sf-dump-search-wrapper > .sf-dump-search-input-next, pre.sf-dump .sf-dump-search-wrapper > .sf-dump-search-input-previous { background: #F2F2F2; outline: none; border-left: none; font-size: 0; line-height: 0; } pre.sf-dump .sf-dump-search-wrapper > .sf-dump-search-input-next { border-top-right-radius: 3px; border-bottom-right-radius: 3px; } pre.sf-dump .sf-dump-search-wrapper > .sf-dump-search-input-next > svg, pre.sf-dump .sf-dump-search-wrapper > .sf-dump-search-input-previous > svg { pointer-events: none; width: 12px; height: 12px; } pre.sf-dump .sf-dump-search-wrapper > .sf-dump-search-count { display: inline-block; padding: 0 5px; margin: 0; border-left: none; line-height: 21px; font-size: 12px; }pre.sf-dump, pre.sf-dump .sf-dump-default{background:none; color:#CC7832; line-height:1.2em; font:12px Menlo, Monaco, Consolas, monospace; word-wrap: break-word; white-space: pre-wrap; position:relative; z-index:99999; word-break: break-all}pre.sf-dump .sf-dump-num{font-weight:bold; color:#1299DA}pre.sf-dump .sf-dump-const{font-weight:bold}pre.sf-dump .sf-dump-str{font-weight:bold; color:#629755;}pre.sf-dump .sf-dump-note{color:#6897BB}pre.sf-dump .sf-dump-ref{color:#6E6E6E}pre.sf-dump .sf-dump-public{color:#262626}pre.sf-dump .sf-dump-protected{color:#262626}pre.sf-dump .sf-dump-private{color:#262626}pre.sf-dump .sf-dump-meta{color:#B729D9}pre.sf-dump .sf-dump-key{color:#789339}pre.sf-dump .sf-dump-index{color:#1299DA}pre.sf-dump .sf-dump-ellipsis{color:#CC7832}pre.sf-dump .sf-dump-ns{user-select:none;}pre.sf-dump .sf-dump-ellipsis-note{color:#6897BB}</style><pre class=sf-dump id=sf-dump-1201839900 data-indent-pad="  "><span class=sf-dump-note>Twig\Error\RuntimeError</span> {<a class=sf-dump-ref>#7325</a><samp data-depth=1 class=sf-dump-expanded>
   Γöé       <span class=sf-dump-str title="8805 characters">            &lt;label for=&quot;password&quot;&gt;Mot de passe &lt;a href=&quot;{{ path(&#039;app_forgot_password&#039;) }}&quot;&gt;Mot de passe oubli&#233; ?&lt;/a&gt;&lt;/label&gt;<span class="sf-dump-default sf-dump-ns">\r\n</span></span>
   Γöé       <span class=sf-dump-str title="8805 characters">                    &lt;img src=&quot;{{ path(&#039;captcha_image&#039;) }}?t={{ &#039;now&#039;|date(&#039;U&#039;) }}&quot; alt=&quot;CAPTCHA&quot; id=&quot;captchaImage&quot; class=&quot;captcha-img&quot;&gt;<span class="sf-dump-default sf-dump-ns">\r\n</span></span>
   Γöé       <span class=sf-dump-str title="8805 characters">        Pas encore de compte ? &lt;a href=&quot;{{ path(&#039;app_signup&#039;) }}&quot;&gt;S&#039;inscrire&lt;/a&gt;<span class="sf-dump-default sf-dump-ns">\r\n</span></span>
   Γöé       <span class=sf-dump-str title="8805 characters">            captchaImg.src = &#039;{{ path(&quot;captcha_image&quot;) }}?t=&#039; + Date.now();<span class="sf-dump-default sf-dump-ns">\r\n</span></span>
   Γöé <li><code><span style="color: var(--highlight-keyword)">&nbsp;&nbsp;&nbsp;&nbsp;private&nbsp;function&nbsp;</span><span style="color: var(--highlight-default)">doRender</span><span style="color: var(--highlight-keyword)">(</span><span style="color: var(--highlight-default)">string&nbsp;$view</span><span style="color: var(--highlight-keyword)">,&nbsp;?</span><span style="color: var(--highlight-default)">string&nbsp;$block</span><span style="color: var(--highlight-keyword)">,&nbsp;array&nbsp;</span><span style="color: var(--highlight-default)">$parameters</span><span style="color: var(--highlight-keyword)">,&nbsp;?</span><span style="color: var(--highlight-default)">Response&nbsp;$response</span><span style="color: var(--highlight-keyword)">,&nbsp;</span><span style="color: var(--highlight-default)">string&nbsp;$method</span><span style="color: var(--highlight-keyword)">):&nbsp;</span><span style="color: var(--highlight-default)">Response</span></code></li>
   Γöé <li><code><span style="color: var(--highlight-keyword)">&nbsp;&nbsp;&nbsp;&nbsp;private&nbsp;function&nbsp;</span><span style="color: var(--highlight-default)">doRender</span><span style="color: var(--highlight-keyword)">(</span><span style="color: var(--highlight-default)">string&nbsp;$view</span><span style="color: var(--highlight-keyword)">,&nbsp;?</span><span style="color: var(--highlight-default)">string&nbsp;$block</span><span style="color: var(--highlight-keyword)">,&nbsp;array&nbsp;</span><span style="color: var(--highlight-default)">$parameters</span><span style="color: var(--highlight-keyword)">,&nbsp;?</span><span style="color: var(--highlight-default)">Response&nbsp;$response</span><span style="color: var(--highlight-keyword)">,&nbsp;</span><span style="color: var(--highlight-default)">string&nbsp;$method</span><span style="color: var(--highlight-keyword)">):&nbsp;</span><span style="color: var(--highlight-default)">Response</span></code></li>
   Γöé <li><code><span style="color: var(--highlight-keyword)">&nbsp;&nbsp;&nbsp;&nbsp;&nbsp;&nbsp;&nbsp;&nbsp;</span><span style="color: var(--highlight-default)">$response&nbsp;</span><span style="color: var(--highlight-keyword)">??=&nbsp;new&nbsp;</span><span style="color: var(--highlight-default)">Response</span><span style="color: var(--highlight-keyword)">();</span></code></li>
   Γöé <li><code><span style="color: var(--highlight-comment)">&nbsp;&nbsp;&nbsp;&nbsp;</span><span style="color: var(--highlight-keyword)">protected&nbsp;function&nbsp;</span><span style="color: var(--highlight-default)">render</span><span style="color: var(--highlight-keyword)">(</span><span style="color: var(--highlight-default)">string&nbsp;$view</span><span style="color: var(--highlight-keyword)">,&nbsp;array&nbsp;</span><span style="color: var(--highlight-default)">$parameters&nbsp;</span><span style="color: var(--highlight-keyword)">=&nbsp;[],&nbsp;?</span><span style="color: var(--highlight-default)">Response&nbsp;$response&nbsp;</span><span style="color: var(--highlight-keyword)">=&nbsp;</span><span style="color: var(--highlight-default)">null</span><span style="color: var(--highlight-keyword)">):&nbsp;</span><span style="color: var(--highlight-default)">Response</span></code></li>
   Γöé <li><code><span style="color: var(--highlight-keyword)">&nbsp;&nbsp;&nbsp;&nbsp;private&nbsp;function&nbsp;</span><span style="color: var(--highlight-default)">doRender</span><span style="color: var(--highlight-keyword)">(</span><span style="color: var(--highlight-default)">string&nbsp;$view</span><span style="color: var(--highlight-keyword)">,&nbsp;?</span><span style="color: var(--highlight-default)">string&nbsp;$block</span><span style="color: var(--highlight-keyword)">,&nbsp;array&nbsp;</span><span style="color: var(--highlight-default)">$parameters</span><span style="color: var(--highlight-keyword)">,&nbsp;?</span><span style="color: var(--highlight-default)">Response&nbsp;$response</span><span style="color: var(--highlight-keyword)">,&nbsp;</span><span style="color: var(--highlight-default)">string&nbsp;$method</span><span style="color: var(--highlight-keyword)">):&nbsp;</span><span style="color: var(--highlight-default)">Response</span></code></li>
   Γöé <li><code><span style="color: var(--highlight-keyword)">&nbsp;&nbsp;&nbsp;&nbsp;private&nbsp;function&nbsp;</span><span style="color: var(--highlight-default)">doRender</span><span style="color: var(--highlight-keyword)">(</span><span style="color: var(--highlight-default)">string&nbsp;$view</span><span style="color: var(--highlight-keyword)">,&nbsp;?</span><span style="color: var(--highlight-default)">string&nbsp;$block</span><span style="color: var(--highlight-keyword)">,&nbsp;array&nbsp;</span><span style="color: var(--highlight-default)">$parameters</span><span style="color: var(--highlight-keyword)">,&nbsp;?</span><span style="color: var(--highlight-default)">Response&nbsp;$response</span><span style="color: var(--highlight-keyword)">,&nbsp;</span><span style="color: var(--highlight-default)">string&nbsp;$method</span><span style="color: var(--highlight-keyword)">):&nbsp;</span><span style="color: var(--highlight-default)">Response</span></code></li>
   Γöé <li><code><span style="color: var(--highlight-keyword)">&nbsp;&nbsp;&nbsp;&nbsp;&nbsp;&nbsp;&nbsp;&nbsp;</span><span style="color: var(--highlight-default)">$response&nbsp;</span><span style="color: var(--highlight-keyword)">??=&nbsp;new&nbsp;</span><span style="color: var(--highlight-default)">Response</span><span style="color: var(--highlight-keyword)">();</span></code></li>
   Γöé <li><code><span style="color: var(--highlight-comment)">&nbsp;&nbsp;&nbsp;&nbsp;</span><span style="color: var(--highlight-keyword)">protected&nbsp;function&nbsp;</span><span style="color: var(--highlight-default)">render</span><span style="color: var(--highlight-keyword)">(</span><span style="color: var(--highlight-default)">string&nbsp;$view</span><span style="color: var(--highlight-keyword)">,&nbsp;array&nbsp;</span><span style="color: var(--highlight-default)">$parameters&nbsp;</span><span style="color: var(--highlight-keyword)">=&nbsp;[],&nbsp;?</span><span style="color: var(--highlight-default)">Response&nbsp;$response&nbsp;</span><span style="color: var(--highlight-keyword)">=&nbsp;</span><span style="color: var(--highlight-default)">null</span><span style="color: var(--highlight-keyword)">):&nbsp;</span><span style="color: var(--highlight-default)">Response</span></code></li>
   Γöé         var toggleClass = function(el, cssClass) { hasClass(el, cssClass) ? removeClass(el, cssClass) : addClass(el, cssClass); };
   Γöé                 toggle.innerHTML = currentContent !== altContent ? altContent : originalContent;
   Γöé                     label = i in labels ? labels[i] : value,
   Γöé                 option.setAttribute('title', 1 === (matches = filters.querySelectorAll('[data-filter-'+name+'="'+value+'"]').length) ? 'Matches 1 row' : 'Matches '+matches+' rows');
Tests: 124, Assertions: 232, Errors: 9, Failures: 31.
